[2025-08-22T14:16:52.603+0000][175][info][gc,init] CardTable entry size: 512
[2025-08-22T14:16:52.606+0000][175][info][gc     ] Using G1
[2025-08-22T14:16:52.742+0000][175][info][gc,init] Version: 21.0.1+12-29 (release)
[2025-08-22T14:16:52.742+0000][175][info][gc,init] CPUs: 8 total, 8 available
[2025-08-22T14:16:52.742+0000][175][info][gc,init] Memory: 32281M
[2025-08-22T14:16:52.742+0000][175][info][gc,init] Large Page Support: Disabled
[2025-08-22T14:16:52.742+0000][175][info][gc,init] NUMA Support: Disabled
[2025-08-22T14:16:52.742+0000][175][info][gc,init] Compressed Oops: Enabled (32-bit)
[2025-08-22T14:16:52.742+0000][175][info][gc,init] Heap Region Size: 4M
[2025-08-22T14:16:52.742+0000][175][info][gc,init] Heap Min Capacity: 2G
[2025-08-22T14:16:52.742+0000][175][info][gc,init] Heap Initial Capacity: 2G
[2025-08-22T14:16:52.742+0000][175][info][gc,init] Heap Max Capacity: 2G
[2025-08-22T14:16:52.742+0000][175][info][gc,init] Pre-touch: Enabled
[2025-08-22T14:16:52.742+0000][175][info][gc,init] Parallel Workers: 8
[2025-08-22T14:16:52.742+0000][175][info][gc,init] Concurrent Workers: 2
[2025-08-22T14:16:52.742+0000][175][info][gc,init] Concurrent Refinement Workers: 8
[2025-08-22T14:16:52.742+0000][175][info][gc,init] Periodic GC: Disabled
[2025-08-22T14:16:52.749+0000][175][info][gc,metaspace] CDS archive(s) mapped at: [0x00007182fb000000-0x00007182fbca5000-0x00007182fbca5000), size 13258752, SharedBaseAddress: 0x00007182fb000000, ArchiveRelocationMode: 1.
[2025-08-22T14:16:52.749+0000][175][info][gc,metaspace] Compressed class space mapped at: 0x00007182fc000000-0x000071833c000000, reserved size: 1073741824
[2025-08-22T14:16:52.749+0000][175][info][gc,metaspace] Narrow klass base: 0x00007182fb000000, Narrow klass shift: 0, Narrow klass range: 0x100000000
[2025-08-22T14:16:52.905+0000][175][info][safepoint   ] Safepoint "ICBufferFull", Time since last: 150822411 ns, Reaching safepoint: 72001 ns, Cleanup: 96389 ns, At safepoint: 3851 ns, Total: 172241 ns
[2025-08-22T14:16:53.125+0000][175][info][safepoint   ] Safepoint "ICBufferFull", Time since last: 220483107 ns, Reaching safepoint: 70967 ns, Cleanup: 113175 ns, At safepoint: 3473 ns, Total: 187615 ns
[2025-08-22T14:16:53.287+0000][175][info][safepoint   ] Safepoint "ICBufferFull", Time since last: 161107532 ns, Reaching safepoint: 2730 ns, Cleanup: 116217 ns, At safepoint: 1279 ns, Total: 120226 ns
[2025-08-22T14:16:53.691+0000][175][info][safepoint   ] Safepoint "ICBufferFull", Time since last: 403864140 ns, Reaching safepoint: 3083 ns, Cleanup: 139677 ns, At safepoint: 1736 ns, Total: 144496 ns
[2025-08-22T14:16:53.880+0000][175][info][gc,start    ] GC(0) Pause Young (Normal) (G1 Evacuation Pause)
[2025-08-22T14:16:53.880+0000][175][info][gc,task     ] GC(0) Using 8 workers of 8 for evacuation
[2025-08-22T14:16:53.880+0000][175][debug][gc,age      ] GC(0) Desired survivor size 8388608 bytes, new threshold 15 (max threshold 15)
[2025-08-22T14:16:53.884+0000][175][info ][gc,phases   ] GC(0)   Pre Evacuate Collection Set: 0.1ms
[2025-08-22T14:16:53.884+0000][175][info ][gc,phases   ] GC(0)   Merge Heap Roots: 0.0ms
[2025-08-22T14:16:53.884+0000][175][info ][gc,phases   ] GC(0)   Evacuate Collection Set: 3.4ms
[2025-08-22T14:16:53.884+0000][175][info ][gc,phases   ] GC(0)   Post Evacuate Collection Set: 0.6ms
[2025-08-22T14:16:53.884+0000][175][info ][gc,phases   ] GC(0)   Other: 0.0ms
[2025-08-22T14:16:53.884+0000][175][trace][gc,age      ] GC(0) Age table with threshold 15 (max threshold 15)
[2025-08-22T14:16:53.884+0000][175][trace][gc,age      ] GC(0) - age   1:    8564712 bytes,    8564712 total
[2025-08-22T14:16:53.884+0000][175][info ][gc,heap     ] GC(0) Eden regions: 25->0(22)
[2025-08-22T14:16:53.884+0000][175][info ][gc,heap     ] GC(0) Survivor regions: 0->3(4)
[2025-08-22T14:16:53.884+0000][175][info ][gc,heap     ] GC(0) Old regions: 1->1
[2025-08-22T14:16:53.884+0000][175][info ][gc,heap     ] GC(0) Humongous regions: 0->0
[2025-08-22T14:16:53.884+0000][175][info ][gc,metaspace] GC(0) Metaspace: 17985K(18432K)->17985K(18432K) NonClass: 16015K(16256K)->16015K(16256K) Class: 1969K(2176K)->1969K(2176K)
[2025-08-22T14:16:53.884+0000][175][info ][gc          ] GC(0) Pause Young (Normal) (G1 Evacuation Pause) 101M->9M(2048M) 4.292ms
[2025-08-22T14:16:53.884+0000][175][info ][gc,cpu      ] GC(0) User=0.02s Sys=0.01s Real=0.00s
[2025-08-22T14:16:53.884+0000][175][info ][safepoint   ] Safepoint "G1CollectForAllocation", Time since last: 189011653 ns, Reaching safepoint: 72018 ns, Cleanup: 106254 ns, At safepoint: 4332760 ns, Total: 4511032 ns
[2025-08-22T14:16:54.215+0000][175][info ][safepoint   ] Safepoint "ICBufferFull", Time since last: 330498663 ns, Reaching safepoint: 72553 ns, Cleanup: 142690 ns, At safepoint: 7225 ns, Total: 222468 ns
[2025-08-22T14:16:54.317+0000][175][info ][gc,start    ] GC(1) Pause Young (Normal) (G1 Evacuation Pause)
[2025-08-22T14:16:54.317+0000][175][info ][gc,task     ] GC(1) Using 8 workers of 8 for evacuation
[2025-08-22T14:16:54.317+0000][175][debug][gc,age      ] GC(1) Desired survivor size 8388608 bytes, new threshold 1 (max threshold 15)
[2025-08-22T14:16:54.322+0000][175][info ][gc,phases   ] GC(1)   Pre Evacuate Collection Set: 0.2ms
[2025-08-22T14:16:54.322+0000][175][info ][gc,phases   ] GC(1)   Merge Heap Roots: 0.0ms
[2025-08-22T14:16:54.322+0000][175][info ][gc,phases   ] GC(1)   Evacuate Collection Set: 4.1ms
[2025-08-22T14:16:54.322+0000][175][info ][gc,phases   ] GC(1)   Post Evacuate Collection Set: 0.4ms
[2025-08-22T14:16:54.322+0000][175][info ][gc,phases   ] GC(1)   Other: 0.1ms
[2025-08-22T14:16:54.322+0000][175][trace][gc,age      ] GC(1) Age table with threshold 1 (max threshold 15)
[2025-08-22T14:16:54.322+0000][175][trace][gc,age      ] GC(1) - age   1:    1559920 bytes,    1559920 total
[2025-08-22T14:16:54.322+0000][175][info ][gc,heap     ] GC(1) Eden regions: 22->0(60)
[2025-08-22T14:16:54.322+0000][175][info ][gc,heap     ] GC(1) Survivor regions: 3->1(4)
[2025-08-22T14:16:54.322+0000][175][info ][gc,heap     ] GC(1) Old regions: 1->3
[2025-08-22T14:16:54.322+0000][175][info ][gc,heap     ] GC(1) Humongous regions: 0->0
[2025-08-22T14:16:54.322+0000][175][info ][gc,metaspace] GC(1) Metaspace: 19990K(20416K)->19990K(20416K) NonClass: 17823K(18048K)->17823K(18048K) Class: 2166K(2368K)->2166K(2368K)
[2025-08-22T14:16:54.322+0000][175][info ][gc          ] GC(1) Pause Young (Normal) (G1 Evacuation Pause) 97M->10M(2048M) 4.927ms
[2025-08-22T14:16:54.322+0000][175][info ][gc,cpu      ] GC(1) User=0.03s Sys=0.00s Real=0.00s
[2025-08-22T14:16:54.322+0000][175][info ][safepoint   ] Safepoint "G1CollectForAllocation", Time since last: 102299402 ns, Reaching safepoint: 78555 ns, Cleanup: 80346 ns, At safepoint: 4975548 ns, Total: 5134449 ns
[2025-08-22T14:16:54.480+0000][175][info ][gc,start    ] GC(2) Pause Young (Concurrent Start) (Metadata GC Threshold)
[2025-08-22T14:16:54.480+0000][175][info ][gc,task     ] GC(2) Using 8 workers of 8 for evacuation
[2025-08-22T14:16:54.480+0000][175][debug][gc,age      ] GC(2) Desired survivor size 16777216 bytes, new threshold 15 (max threshold 15)
[2025-08-22T14:16:54.482+0000][175][info ][gc,phases   ] GC(2)   Pre Evacuate Collection Set: 0.2ms
[2025-08-22T14:16:54.482+0000][175][info ][gc,phases   ] GC(2)   Merge Heap Roots: 0.1ms
[2025-08-22T14:16:54.482+0000][175][info ][gc,phases   ] GC(2)   Evacuate Collection Set: 1.5ms
[2025-08-22T14:16:54.482+0000][175][info ][gc,phases   ] GC(2)   Post Evacuate Collection Set: 0.3ms
[2025-08-22T14:16:54.482+0000][175][info ][gc,phases   ] GC(2)   Other: 0.1ms
[2025-08-22T14:16:54.482+0000][175][trace][gc,age      ] GC(2) Age table with threshold 15 (max threshold 15)
[2025-08-22T14:16:54.482+0000][175][trace][gc,age      ] GC(2) - age   1:    2200392 bytes,    2200392 total
[2025-08-22T14:16:54.482+0000][175][trace][gc,age      ] GC(2) - age   2:    1535608 bytes,    3736000 total
[2025-08-22T14:16:54.482+0000][175][info ][gc,heap     ] GC(2) Eden regions: 26->0(306)
[2025-08-22T14:16:54.482+0000][175][info ][gc,heap     ] GC(2) Survivor regions: 1->1(8)
[2025-08-22T14:16:54.482+0000][175][info ][gc,heap     ] GC(2) Old regions: 3->3
[2025-08-22T14:16:54.482+0000][175][info ][gc,heap     ] GC(2) Humongous regions: 0->0
[2025-08-22T14:16:54.482+0000][175][info ][gc,metaspace] GC(2) Metaspace: 20945K(21504K)->20945K(21504K) NonClass: 18702K(19008K)->18702K(19008K) Class: 2243K(2496K)->2243K(2496K)
[2025-08-22T14:16:54.482+0000][175][info ][gc          ] GC(2) Pause Young (Concurrent Start) (Metadata GC Threshold) 112M->12M(2048M) 2.249ms
[2025-08-22T14:16:54.482+0000][175][info ][gc,cpu      ] GC(2) User=0.01s Sys=0.00s Real=0.00s
[2025-08-22T14:16:54.482+0000][175][info ][gc          ] GC(3) Concurrent Mark Cycle
[2025-08-22T14:16:54.482+0000][175][info ][gc,marking  ] GC(3) Concurrent Scan Root Regions
[2025-08-22T14:16:54.482+0000][175][info ][safepoint   ] Safepoint "CollectForMetadataAllocation", Time since last: 157574960 ns, Reaching safepoint: 4733 ns, Cleanup: 87380 ns, At safepoint: 2342050 ns, Total: 2434163 ns
[2025-08-22T14:16:54.484+0000][175][info ][gc,marking  ] GC(3) Concurrent Scan Root Regions 1.302ms
[2025-08-22T14:16:54.484+0000][175][info ][gc,marking  ] GC(3) Concurrent Mark
[2025-08-22T14:16:54.484+0000][175][info ][gc,marking  ] GC(3) Concurrent Mark From Roots
[2025-08-22T14:16:54.484+0000][175][info ][gc,task     ] GC(3) Using 2 workers of 2 for marking
[2025-08-22T14:16:54.489+0000][175][info ][gc,marking  ] GC(3) Concurrent Mark From Roots 5.161ms
[2025-08-22T14:16:54.489+0000][175][info ][gc,marking  ] GC(3) Concurrent Preclean
[2025-08-22T14:16:54.489+0000][175][info ][gc,marking  ] GC(3) Concurrent Preclean 0.020ms
[2025-08-22T14:16:54.489+0000][175][info ][gc,start    ] GC(3) Pause Remark
[2025-08-22T14:16:54.493+0000][175][info ][gc          ] GC(3) Pause Remark 16M->16M(2048M) 4.263ms
[2025-08-22T14:16:54.493+0000][175][info ][gc,cpu      ] GC(3) User=0.02s Sys=0.00s Real=0.00s
[2025-08-22T14:16:54.493+0000][175][info ][safepoint   ] Safepoint "G1PauseRemark", Time since last: 6521050 ns, Reaching safepoint: 4325 ns, Cleanup: 2556 ns, At safepoint: 4315209 ns, Total: 4322090 ns
[2025-08-22T14:16:54.493+0000][175][info ][gc,marking  ] GC(3) Concurrent Mark 9.590ms
[2025-08-22T14:16:54.493+0000][175][info ][gc,marking  ] GC(3) Concurrent Rebuild Remembered Sets and Scrub Regions
[2025-08-22T14:16:54.496+0000][175][info ][gc,marking  ] GC(3) Concurrent Rebuild Remembered Sets and Scrub Regions 2.405ms
[2025-08-22T14:16:54.497+0000][175][info ][gc,start    ] GC(3) Pause Cleanup
[2025-08-22T14:16:54.497+0000][175][info ][gc          ] GC(3) Pause Cleanup 16M->16M(2048M) 0.113ms
[2025-08-22T14:16:54.497+0000][175][info ][gc,cpu      ] GC(3) User=0.00s Sys=0.00s Real=0.00s
[2025-08-22T14:16:54.497+0000][175][info ][safepoint   ] Safepoint "G1PauseCleanup", Time since last: 3193798 ns, Reaching safepoint: 141385 ns, Cleanup: 6536 ns, At safepoint: 155896 ns, Total: 303817 ns
[2025-08-22T14:16:54.497+0000][175][info ][gc,marking  ] GC(3) Concurrent Clear Claimed Marks
[2025-08-22T14:16:54.497+0000][175][info ][gc,marking  ] GC(3) Concurrent Clear Claimed Marks 0.020ms
[2025-08-22T14:16:54.497+0000][175][info ][gc,marking  ] GC(3) Concurrent Cleanup for Next Mark
[2025-08-22T14:16:54.499+0000][175][info ][gc,marking  ] GC(3) Concurrent Cleanup for Next Mark 1.935ms
[2025-08-22T14:16:54.499+0000][175][info ][gc          ] GC(3) Concurrent Mark Cycle 16.392ms
[2025-08-22T14:16:54.760+0000][175][info ][safepoint   ] Safepoint "ICBufferFull", Time since last: 263161941 ns, Reaching safepoint: 4248 ns, Cleanup: 126012 ns, At safepoint: 1790 ns, Total: 132050 ns
[2025-08-22T14:16:55.025+0000][175][info ][safepoint   ] Safepoint "ICBufferFull", Time since last: 264888867 ns, Reaching safepoint: 4262 ns, Cleanup: 161803 ns, At safepoint: 2001 ns, Total: 168066 ns
[2025-08-22T14:16:55.426+0000][175][info ][safepoint   ] Safepoint "ICBufferFull", Time since last: 401048064 ns, Reaching safepoint: 2813 ns, Cleanup: 124299 ns, At safepoint: 3473 ns, Total: 130585 ns
[2025-08-22T14:16:55.832+0000][175][info ][gc,start    ] GC(4) Pause Young (Prepare Mixed) (Metadata GC Threshold)
[2025-08-22T14:16:55.832+0000][175][info ][gc,task     ] GC(4) Using 8 workers of 8 for evacuation
[2025-08-22T14:16:55.832+0000][175][debug][gc,age      ] GC(4) Desired survivor size 81788928 bytes, new threshold 15 (max threshold 15)
[2025-08-22T14:16:55.837+0000][175][info ][gc,phases   ] GC(4)   Pre Evacuate Collection Set: 0.1ms
[2025-08-22T14:16:55.837+0000][175][info ][gc,phases   ] GC(4)   Merge Heap Roots: 0.1ms
[2025-08-22T14:16:55.837+0000][175][info ][gc,phases   ] GC(4)   Evacuate Collection Set: 4.0ms
[2025-08-22T14:16:55.837+0000][175][info ][gc,phases   ] GC(4)   Post Evacuate Collection Set: 0.6ms
[2025-08-22T14:16:55.837+0000][175][info ][gc,phases   ] GC(4)   Other: 0.1ms
[2025-08-22T14:16:55.837+0000][175][trace][gc,age      ] GC(4) Age table with threshold 15 (max threshold 15)
[2025-08-22T14:16:55.837+0000][175][trace][gc,age      ] GC(4) - age   1:   16640472 bytes,   16640472 total
[2025-08-22T14:16:55.837+0000][175][trace][gc,age      ] GC(4) - age   2:    2004080 bytes,   18644552 total
[2025-08-22T14:16:55.837+0000][175][trace][gc,age      ] GC(4) - age   3:    1534696 bytes,   20179248 total
[2025-08-22T14:16:55.837+0000][175][info ][gc,heap     ] GC(4) Eden regions: 217->0(200)
[2025-08-22T14:16:55.837+0000][175][info ][gc,heap     ] GC(4) Survivor regions: 1->6(39)
[2025-08-22T14:16:55.837+0000][175][info ][gc,heap     ] GC(4) Old regions: 3->3
[2025-08-22T14:16:55.837+0000][175][info ][gc,heap     ] GC(4) Humongous regions: 0->0
[2025-08-22T14:16:55.837+0000][175][info ][gc,metaspace] GC(4) Metaspace: 35375K(36160K)->35375K(36160K) NonClass: 31378K(31808K)->31378K(31808K) Class: 3997K(4352K)->3997K(4352K)
[2025-08-22T14:16:55.837+0000][175][info ][gc          ] GC(4) Pause Young (Prepare Mixed) (Metadata GC Threshold) 878M->28M(2048M) 5.025ms
[2025-08-22T14:16:55.837+0000][175][info ][gc,cpu      ] GC(4) User=0.02s Sys=0.00s Real=0.01s
[2025-08-22T14:16:55.837+0000][175][info ][safepoint   ] Safepoint "CollectForMetadataAllocation", Time since last: 405698095 ns, Reaching safepoint: 4310 ns, Cleanup: 112197 ns, At safepoint: 5128028 ns, Total: 5244535 ns
[2025-08-22T14:16:55.944+0000][175][info ][gc,start    ] GC(5) Pause Young (Mixed) (Metadata GC Threshold)
[2025-08-22T14:16:55.944+0000][175][info ][gc,task     ] GC(5) Using 8 workers of 8 for evacuation
[2025-08-22T14:16:55.944+0000][175][debug][gc,age      ] GC(5) Desired survivor size 54525952 bytes, new threshold 15 (max threshold 15)
[2025-08-22T14:16:55.951+0000][175][info ][gc,phases   ] GC(5)   Pre Evacuate Collection Set: 0.1ms
[2025-08-22T14:16:55.951+0000][175][info ][gc,phases   ] GC(5)   Merge Heap Roots: 0.1ms
[2025-08-22T14:16:55.951+0000][175][info ][gc,phases   ] GC(5)   Evacuate Collection Set: 6.6ms
[2025-08-22T14:16:55.951+0000][175][info ][gc,phases   ] GC(5)   Post Evacuate Collection Set: 0.6ms
[2025-08-22T14:16:55.951+0000][175][info ][gc,phases   ] GC(5)   Other: 0.0ms
[2025-08-22T14:16:55.951+0000][175][trace][gc,age      ] GC(5) Age table with threshold 15 (max threshold 15)
[2025-08-22T14:16:55.951+0000][175][trace][gc,age      ] GC(5) - age   1:     789480 bytes,     789480 total
[2025-08-22T14:16:55.951+0000][175][trace][gc,age      ] GC(5) - age   2:   16593200 bytes,   17382680 total
[2025-08-22T14:16:55.951+0000][175][trace][gc,age      ] GC(5) - age   3:    2004080 bytes,   19386760 total
[2025-08-22T14:16:55.951+0000][175][trace][gc,age      ] GC(5) - age   4:    1534696 bytes,   20921456 total
[2025-08-22T14:16:55.951+0000][175][info ][gc,heap     ] GC(5) Eden regions: 30->0(174)
[2025-08-22T14:16:55.951+0000][175][info ][gc,heap     ] GC(5) Survivor regions: 6->6(26)
[2025-08-22T14:16:55.951+0000][175][info ][gc,heap     ] GC(5) Old regions: 3->3
[2025-08-22T14:16:55.951+0000][175][info ][gc,heap     ] GC(5) Humongous regions: 0->0
[2025-08-22T14:16:55.951+0000][175][info ][gc,metaspace] GC(5) Metaspace: 35731K(36480K)->35731K(36480K) NonClass: 31696K(32128K)->31696K(32128K) Class: 4035K(4352K)->4035K(4352K)
[2025-08-22T14:16:55.951+0000][175][info ][gc          ] GC(5) Pause Young (Mixed) (Metadata GC Threshold) 148M->30M(2048M) 7.652ms
[2025-08-22T14:16:55.951+0000][175][info ][gc,cpu      ] GC(5) User=0.04s Sys=0.00s Real=0.01s
[2025-08-22T14:16:55.951+0000][175][info ][safepoint   ] Safepoint "CollectForMetadataAllocation", Time since last: 106485974 ns, Reaching safepoint: 4571 ns, Cleanup: 48766 ns, At safepoint: 7764229 ns, Total: 7817566 ns
[2025-08-22T14:16:55.977+0000][175][info ][gc,start    ] GC(6) Pause Young (Concurrent Start) (Metadata GC Threshold)
[2025-08-22T14:16:55.977+0000][175][info ][gc,task     ] GC(6) Using 8 workers of 8 for evacuation
[2025-08-22T14:16:55.977+0000][175][debug][gc,age      ] GC(6) Desired survivor size 48234496 bytes, new threshold 15 (max threshold 15)
[2025-08-22T14:16:55.981+0000][175][info ][gc,phases   ] GC(6)   Pre Evacuate Collection Set: 0.1ms
[2025-08-22T14:16:55.981+0000][175][info ][gc,phases   ] GC(6)   Merge Heap Roots: 0.0ms
[2025-08-22T14:16:55.981+0000][175][info ][gc,phases   ] GC(6)   Evacuate Collection Set: 3.2ms
[2025-08-22T14:16:55.981+0000][175][info ][gc,phases   ] GC(6)   Post Evacuate Collection Set: 0.4ms
[2025-08-22T14:16:55.981+0000][175][info ][gc,phases   ] GC(6)   Other: 0.1ms
[2025-08-22T14:16:55.981+0000][175][trace][gc,age      ] GC(6) Age table with threshold 15 (max threshold 15)
[2025-08-22T14:16:55.981+0000][175][trace][gc,age      ] GC(6) - age   1:     114024 bytes,     114024 total
[2025-08-22T14:16:55.981+0000][175][trace][gc,age      ] GC(6) - age   2:     733712 bytes,     847736 total
[2025-08-22T14:16:55.981+0000][175][trace][gc,age      ] GC(6) - age   3:   16593200 bytes,   17440936 total
[2025-08-22T14:16:55.981+0000][175][trace][gc,age      ] GC(6) - age   4:    2004080 bytes,   19445016 total
[2025-08-22T14:16:55.981+0000][175][trace][gc,age      ] GC(6) - age   5:    1534696 bytes,   20979712 total
[2025-08-22T14:16:55.981+0000][175][info ][gc,heap     ] GC(6) Eden regions: 6->0(301)
[2025-08-22T14:16:55.981+0000][175][info ][gc,heap     ] GC(6) Survivor regions: 6->6(23)
[2025-08-22T14:16:55.981+0000][175][info ][gc,heap     ] GC(6) Old regions: 3->3
[2025-08-22T14:16:55.981+0000][175][info ][gc,heap     ] GC(6) Humongous regions: 0->0
[2025-08-22T14:16:55.981+0000][175][info ][gc,metaspace] GC(6) Metaspace: 35997K(36800K)->35997K(36800K) NonClass: 31926K(32384K)->31926K(32384K) Class: 4070K(4416K)->4070K(4416K)
[2025-08-22T14:16:55.981+0000][175][info ][gc          ] GC(6) Pause Young (Concurrent Start) (Metadata GC Threshold) 52M->29M(2048M) 3.889ms
[2025-08-22T14:16:55.981+0000][175][info ][gc,cpu      ] GC(6) User=0.03s Sys=0.01s Real=0.00s
[2025-08-22T14:16:55.981+0000][175][info ][gc          ] GC(7) Concurrent Mark Cycle
[2025-08-22T14:16:55.981+0000][175][info ][gc,marking  ] GC(7) Concurrent Scan Root Regions
[2025-08-22T14:16:55.981+0000][175][info ][safepoint   ] Safepoint "CollectForMetadataAllocation", Time since last: 25355004 ns, Reaching safepoint: 2846 ns, Cleanup: 8057 ns, At safepoint: 3976521 ns, Total: 3987424 ns
[2025-08-22T14:16:55.984+0000][175][info ][gc,marking  ] GC(7) Concurrent Scan Root Regions 3.378ms
[2025-08-22T14:16:55.984+0000][175][info ][gc,marking  ] GC(7) Concurrent Mark
[2025-08-22T14:16:55.984+0000][175][info ][gc,marking  ] GC(7) Concurrent Mark From Roots
[2025-08-22T14:16:55.984+0000][175][info ][gc,task     ] GC(7) Using 2 workers of 2 for marking
[2025-08-22T14:16:55.989+0000][175][info ][gc,marking  ] GC(7) Concurrent Mark From Roots 4.549ms
[2025-08-22T14:16:55.989+0000][175][info ][gc,marking  ] GC(7) Concurrent Preclean
[2025-08-22T14:16:55.989+0000][175][info ][gc,marking  ] GC(7) Concurrent Preclean 0.022ms
[2025-08-22T14:16:55.989+0000][175][info ][gc,start    ] GC(7) Pause Remark
[2025-08-22T14:16:55.992+0000][175][info ][gc          ] GC(7) Pause Remark 37M->37M(2048M) 3.036ms
[2025-08-22T14:16:55.992+0000][175][info ][gc,cpu      ] GC(7) User=0.01s Sys=0.00s Real=0.00s
[2025-08-22T14:16:55.992+0000][175][info ][safepoint   ] Safepoint "G1PauseRemark", Time since last: 7982469 ns, Reaching safepoint: 72323 ns, Cleanup: 2917 ns, At safepoint: 3077091 ns, Total: 3152331 ns
[2025-08-22T14:16:55.992+0000][175][info ][gc,marking  ] GC(7) Concurrent Mark 7.782ms
[2025-08-22T14:16:55.992+0000][175][info ][gc,marking  ] GC(7) Concurrent Rebuild Remembered Sets and Scrub Regions
[2025-08-22T14:16:55.994+0000][175][info ][gc,marking  ] GC(7) Concurrent Rebuild Remembered Sets and Scrub Regions 1.773ms
[2025-08-22T14:16:55.994+0000][175][info ][gc,start    ] GC(7) Pause Cleanup
[2025-08-22T14:16:55.994+0000][175][info ][gc          ] GC(7) Pause Cleanup 41M->41M(2048M) 0.074ms
[2025-08-22T14:16:55.994+0000][175][info ][gc,cpu      ] GC(7) User=0.00s Sys=0.00s Real=0.00s
[2025-08-22T14:16:55.994+0000][175][info ][safepoint   ] Safepoint "G1PauseCleanup", Time since last: 1832177 ns, Reaching safepoint: 70630 ns, Cleanup: 8396 ns, At safepoint: 110459 ns, Total: 189485 ns
[2025-08-22T14:16:55.994+0000][175][info ][gc,marking  ] GC(7) Concurrent Clear Claimed Marks
[2025-08-22T14:16:55.994+0000][175][info ][gc,marking  ] GC(7) Concurrent Clear Claimed Marks 0.025ms
[2025-08-22T14:16:55.994+0000][175][info ][gc,marking  ] GC(7) Concurrent Cleanup for Next Mark
[2025-08-22T14:16:55.996+0000][175][info ][gc,marking  ] GC(7) Concurrent Cleanup for Next Mark 1.974ms
[2025-08-22T14:16:55.996+0000][175][info ][gc          ] GC(7) Concurrent Mark Cycle 15.254ms
[2025-08-22T14:16:56.567+0000][175][info ][safepoint   ] Safepoint "ICBufferFull", Time since last: 572499780 ns, Reaching safepoint: 3608 ns, Cleanup: 153953 ns, At safepoint: 5784 ns, Total: 163345 ns
[2025-08-22T14:16:57.306+0000][175][info ][safepoint   ] Safepoint "ICBufferFull", Time since last: 739140716 ns, Reaching safepoint: 4681 ns, Cleanup: 159066 ns, At safepoint: 6171 ns, Total: 169918 ns
[2025-08-22T14:16:58.082+0000][175][info ][safepoint   ] Safepoint "ICBufferFull", Time since last: 775376783 ns, Reaching safepoint: 71861 ns, Cleanup: 121990 ns, At safepoint: 4902 ns, Total: 198753 ns
[2025-08-22T14:16:58.289+0000][175][info ][safepoint   ] Safepoint "ICBufferFull", Time since last: 207502740 ns, Reaching safepoint: 72194 ns, Cleanup: 130125 ns, At safepoint: 7795 ns, Total: 210114 ns
[2025-08-22T14:16:58.548+0000][175][info ][gc,start    ] GC(8) Pause Young (Concurrent Start) (Metadata GC Threshold)
[2025-08-22T14:16:58.548+0000][175][info ][gc,task     ] GC(8) Using 8 workers of 8 for evacuation
[2025-08-22T14:16:58.548+0000][175][debug][gc,age      ] GC(8) Desired survivor size 81788928 bytes, new threshold 15 (max threshold 15)
[2025-08-22T14:16:58.559+0000][175][info ][gc,phases   ] GC(8)   Pre Evacuate Collection Set: 0.2ms
[2025-08-22T14:16:58.559+0000][175][info ][gc,phases   ] GC(8)   Merge Heap Roots: 0.1ms
[2025-08-22T14:16:58.559+0000][175][info ][gc,phases   ] GC(8)   Evacuate Collection Set: 9.6ms
[2025-08-22T14:16:58.559+0000][175][info ][gc,phases   ] GC(8)   Post Evacuate Collection Set: 1.3ms
[2025-08-22T14:16:58.559+0000][175][info ][gc,phases   ] GC(8)   Other: 0.1ms
[2025-08-22T14:16:58.559+0000][175][trace][gc,age      ] GC(8) Age table with threshold 15 (max threshold 15)
[2025-08-22T14:16:58.559+0000][175][trace][gc,age      ] GC(8) - age   1:   28823368 bytes,   28823368 total
[2025-08-22T14:16:58.560+0000][175][trace][gc,age      ] GC(8) - age   2:     102592 bytes,   28925960 total
[2025-08-22T14:16:58.560+0000][175][trace][gc,age      ] GC(8) - age   3:     721280 bytes,   29647240 total
[2025-08-22T14:16:58.560+0000][175][trace][gc,age      ] GC(8) - age   4:   16480744 bytes,   46127984 total
[2025-08-22T14:16:58.560+0000][175][trace][gc,age      ] GC(8) - age   5:    1995240 bytes,   48123224 total
[2025-08-22T14:16:58.560+0000][175][trace][gc,age      ] GC(8) - age   6:    1374912 bytes,   49498136 total
[2025-08-22T14:16:58.560+0000][175][info ][gc,heap     ] GC(8) Eden regions: 207->0(294)
[2025-08-22T14:16:58.560+0000][175][info ][gc,heap     ] GC(8) Survivor regions: 6->13(39)
[2025-08-22T14:16:58.560+0000][175][info ][gc,heap     ] GC(8) Old regions: 3->3
[2025-08-22T14:16:58.560+0000][175][info ][gc,heap     ] GC(8) Humongous regions: 0->0
[2025-08-22T14:16:58.560+0000][175][info ][gc,metaspace] GC(8) Metaspace: 60132K(61568K)->60132K(61568K) NonClass: 52741K(53568K)->52741K(53568K) Class: 7390K(8000K)->7390K(8000K)
[2025-08-22T14:16:58.560+0000][175][info ][gc          ] GC(8) Pause Young (Concurrent Start) (Metadata GC Threshold) 855M->58M(2048M) 11.333ms
[2025-08-22T14:16:58.560+0000][175][info ][gc,cpu      ] GC(8) User=0.08s Sys=0.00s Real=0.01s
[2025-08-22T14:16:58.560+0000][175][info ][gc          ] GC(9) Concurrent Mark Cycle
[2025-08-22T14:16:58.560+0000][175][info ][gc,marking  ] GC(9) Concurrent Scan Root Regions
[2025-08-22T14:16:58.560+0000][175][info ][safepoint   ] Safepoint "CollectForMetadataAllocation", Time since last: 258902207 ns, Reaching safepoint: 3742 ns, Cleanup: 73254 ns, At safepoint: 11439611 ns, Total: 11516607 ns
[2025-08-22T14:16:58.571+0000][175][info ][gc,marking  ] GC(9) Concurrent Scan Root Regions 11.286ms
[2025-08-22T14:16:58.571+0000][175][info ][gc,marking  ] GC(9) Concurrent Mark
[2025-08-22T14:16:58.571+0000][175][info ][gc,marking  ] GC(9) Concurrent Mark From Roots
[2025-08-22T14:16:58.571+0000][175][info ][gc,task     ] GC(9) Using 2 workers of 2 for marking
[2025-08-22T14:16:58.574+0000][175][info ][safepoint   ] Safepoint "CollectForMetadataAllocation", Time since last: 14184951 ns, Reaching safepoint: 21307 ns, Cleanup: 2320 ns, At safepoint: 47376 ns, Total: 71003 ns
[2025-08-22T14:16:58.575+0000][175][info ][gc,marking  ] GC(9) Concurrent Mark From Roots 4.286ms
[2025-08-22T14:16:58.575+0000][175][info ][gc,marking  ] GC(9) Concurrent Preclean
[2025-08-22T14:16:58.575+0000][175][info ][gc,marking  ] GC(9) Concurrent Preclean 0.035ms
[2025-08-22T14:16:58.575+0000][175][info ][gc,start    ] GC(9) Pause Remark
[2025-08-22T14:16:58.579+0000][175][info ][gc          ] GC(9) Pause Remark 64M->64M(2048M) 3.307ms
[2025-08-22T14:16:58.579+0000][175][info ][gc,cpu      ] GC(9) User=0.02s Sys=0.01s Real=0.00s
[2025-08-22T14:16:58.579+0000][175][info ][safepoint   ] Safepoint "G1PauseRemark", Time since last: 1377570 ns, Reaching safepoint: 70507 ns, Cleanup: 1954 ns, At safepoint: 3354806 ns, Total: 3427267 ns
[2025-08-22T14:16:58.579+0000][175][info ][gc,marking  ] GC(9) Concurrent Mark 7.805ms
[2025-08-22T14:16:58.579+0000][175][info ][gc,marking  ] GC(9) Concurrent Rebuild Remembered Sets and Scrub Regions
[2025-08-22T14:16:58.581+0000][175][info ][gc,marking  ] GC(9) Concurrent Rebuild Remembered Sets and Scrub Regions 1.838ms
[2025-08-22T14:16:58.581+0000][175][info ][gc,start    ] GC(9) Pause Cleanup
[2025-08-22T14:16:58.581+0000][175][info ][gc          ] GC(9) Pause Cleanup 66M->66M(2048M) 0.090ms
[2025-08-22T14:16:58.581+0000][175][info ][gc,cpu      ] GC(9) User=0.00s Sys=0.00s Real=0.00s
[2025-08-22T14:16:58.581+0000][175][info ][safepoint   ] Safepoint "G1PauseCleanup", Time since last: 1878643 ns, Reaching safepoint: 69605 ns, Cleanup: 7904 ns, At safepoint: 109675 ns, Total: 187184 ns
[2025-08-22T14:16:58.581+0000][175][info ][gc,marking  ] GC(9) Concurrent Clear Claimed Marks
[2025-08-22T14:16:58.581+0000][175][info ][gc,marking  ] GC(9) Concurrent Clear Claimed Marks 0.051ms
[2025-08-22T14:16:58.581+0000][175][info ][gc,marking  ] GC(9) Concurrent Cleanup for Next Mark
[2025-08-22T14:16:58.583+0000][175][info ][gc,marking  ] GC(9) Concurrent Cleanup for Next Mark 1.876ms
[2025-08-22T14:16:58.583+0000][175][info ][gc          ] GC(9) Concurrent Mark Cycle 23.170ms
[2025-08-22T14:16:59.581+0000][175][info ][safepoint   ] Safepoint "Cleanup", Time since last: 1000080945 ns, Reaching safepoint: 72790 ns, Cleanup: 140955 ns, At safepoint: 8660 ns, Total: 222405 ns
[2025-08-22T14:17:00.500+0000][175][info ][safepoint   ] Safepoint "ICBufferFull", Time since last: 918380022 ns, Reaching safepoint: 4476 ns, Cleanup: 156259 ns, At safepoint: 1996 ns, Total: 162731 ns
[2025-08-22T14:17:01.408+0000][175][info ][safepoint   ] Safepoint "ICBufferFull", Time since last: 907992202 ns, Reaching safepoint: 5060 ns, Cleanup: 142000 ns, At safepoint: 1727 ns, Total: 148787 ns
[2025-08-22T14:17:01.658+0000][175][info ][gc,start    ] GC(10) Pause Young (Concurrent Start) (Metadata GC Threshold)
[2025-08-22T14:17:01.658+0000][175][info ][gc,task     ] GC(10) Using 8 workers of 8 for evacuation
[2025-08-22T14:17:01.658+0000][175][debug][gc,age      ] GC(10) Desired survivor size 81788928 bytes, new threshold 15 (max threshold 15)
[2025-08-22T14:17:01.675+0000][175][info ][gc,phases   ] GC(10)   Pre Evacuate Collection Set: 0.2ms
[2025-08-22T14:17:01.675+0000][175][info ][gc,phases   ] GC(10)   Merge Heap Roots: 0.1ms
[2025-08-22T14:17:01.675+0000][175][info ][gc,phases   ] GC(10)   Evacuate Collection Set: 15.3ms
[2025-08-22T14:17:01.675+0000][175][info ][gc,phases   ] GC(10)   Post Evacuate Collection Set: 1.6ms
[2025-08-22T14:17:01.675+0000][175][info ][gc,phases   ] GC(10)   Other: 0.1ms
[2025-08-22T14:17:01.675+0000][175][trace][gc,age      ] GC(10) Age table with threshold 15 (max threshold 15)
[2025-08-22T14:17:01.675+0000][175][trace][gc,age      ] GC(10) - age   1:   16438808 bytes,   16438808 total
[2025-08-22T14:17:01.675+0000][175][trace][gc,age      ] GC(10) - age   2:   28148328 bytes,   44587136 total
[2025-08-22T14:17:01.675+0000][175][trace][gc,age      ] GC(10) - age   3:     101408 bytes,   44688544 total
[2025-08-22T14:17:01.675+0000][175][trace][gc,age      ] GC(10) - age   4:     717144 bytes,   45405688 total
[2025-08-22T14:17:01.675+0000][175][trace][gc,age      ] GC(10) - age   5:   16429104 bytes,   61834792 total
[2025-08-22T14:17:01.675+0000][175][trace][gc,age      ] GC(10) - age   6:    1993208 bytes,   63828000 total
[2025-08-22T14:17:01.675+0000][175][trace][gc,age      ] GC(10) - age   7:    1365728 bytes,   65193728 total
[2025-08-22T14:17:01.675+0000][175][info ][gc,heap     ] GC(10) Eden regions: 171->0(289)
[2025-08-22T14:17:01.675+0000][175][info ][gc,heap     ] GC(10) Survivor regions: 13->18(39)
[2025-08-22T14:17:01.675+0000][175][info ][gc,heap     ] GC(10) Old regions: 3->3
[2025-08-22T14:17:01.675+0000][175][info ][gc,heap     ] GC(10) Humongous regions: 0->0
[2025-08-22T14:17:01.675+0000][175][info ][gc,metaspace] GC(10) Metaspace: 101635K(103360K)->101635K(103360K) NonClass: 88340K(89280K)->88340K(89280K) Class: 13295K(14080K)->13295K(14080K)
[2025-08-22T14:17:01.675+0000][175][info ][gc          ] GC(10) Pause Young (Concurrent Start) (Metadata GC Threshold) 742M->77M(2048M) 17.408ms
[2025-08-22T14:17:01.675+0000][175][info ][gc,cpu      ] GC(10) User=0.12s Sys=0.01s Real=0.01s
[2025-08-22T14:17:01.675+0000][175][info ][gc          ] GC(11) Concurrent Mark Cycle
[2025-08-22T14:17:01.675+0000][175][info ][gc,marking  ] GC(11) Concurrent Scan Root Regions
[2025-08-22T14:17:01.675+0000][175][info ][safepoint   ] Safepoint "CollectForMetadataAllocation", Time since last: 249766363 ns, Reaching safepoint: 6535 ns, Cleanup: 100010 ns, At safepoint: 17528555 ns, Total: 17635100 ns
[2025-08-22T14:17:01.693+0000][175][info ][gc,marking  ] GC(11) Concurrent Scan Root Regions 18.090ms
[2025-08-22T14:17:01.693+0000][175][info ][gc,marking  ] GC(11) Concurrent Mark
[2025-08-22T14:17:01.693+0000][175][info ][gc,marking  ] GC(11) Concurrent Mark From Roots
[2025-08-22T14:17:01.693+0000][175][info ][gc,task     ] GC(11) Using 2 workers of 2 for marking
[2025-08-22T14:17:01.698+0000][175][info ][safepoint   ] Safepoint "CollectForMetadataAllocation", Time since last: 22232008 ns, Reaching safepoint: 49407 ns, Cleanup: 11612 ns, At safepoint: 47293 ns, Total: 108312 ns
[2025-08-22T14:17:01.698+0000][175][info ][gc,marking  ] GC(11) Concurrent Mark From Roots 4.995ms
[2025-08-22T14:17:01.698+0000][175][info ][gc,marking  ] GC(11) Concurrent Preclean
[2025-08-22T14:17:01.698+0000][175][info ][gc,marking  ] GC(11) Concurrent Preclean 0.044ms
[2025-08-22T14:17:01.698+0000][175][info ][gc,start    ] GC(11) Pause Remark
[2025-08-22T14:17:01.703+0000][175][info ][gc          ] GC(11) Pause Remark 85M->85M(2048M) 4.552ms
[2025-08-22T14:17:01.703+0000][175][info ][gc,cpu      ] GC(11) User=0.02s Sys=0.00s Real=0.00s
[2025-08-22T14:17:01.703+0000][175][info ][safepoint   ] Safepoint "G1PauseRemark", Time since last: 828796 ns, Reaching safepoint: 74504 ns, Cleanup: 2498 ns, At safepoint: 4600151 ns, Total: 4677153 ns
[2025-08-22T14:17:01.703+0000][175][info ][gc,marking  ] GC(11) Concurrent Mark 9.795ms
[2025-08-22T14:17:01.703+0000][175][info ][gc,marking  ] GC(11) Concurrent Rebuild Remembered Sets and Scrub Regions
[2025-08-22T14:17:01.705+0000][175][info ][gc,marking  ] GC(11) Concurrent Rebuild Remembered Sets and Scrub Regions 1.913ms
[2025-08-22T14:17:01.705+0000][175][info ][gc,start    ] GC(11) Pause Cleanup
[2025-08-22T14:17:01.705+0000][175][info ][gc          ] GC(11) Pause Cleanup 85M->85M(2048M) 0.080ms
[2025-08-22T14:17:01.705+0000][175][info ][gc,cpu      ] GC(11) User=0.00s Sys=0.00s Real=0.00s
[2025-08-22T14:17:01.705+0000][175][info ][safepoint   ] Safepoint "G1PauseCleanup", Time since last: 1991289 ns, Reaching safepoint: 73994 ns, Cleanup: 11747 ns, At safepoint: 108070 ns, Total: 193811 ns
[2025-08-22T14:17:01.705+0000][175][info ][gc,marking  ] GC(11) Concurrent Clear Claimed Marks
[2025-08-22T14:17:01.705+0000][175][info ][gc,marking  ] GC(11) Concurrent Clear Claimed Marks 0.066ms
[2025-08-22T14:17:01.705+0000][175][info ][gc,marking  ] GC(11) Concurrent Cleanup for Next Mark
[2025-08-22T14:17:01.707+0000][175][info ][gc,marking  ] GC(11) Concurrent Cleanup for Next Mark 1.940ms
[2025-08-22T14:17:01.707+0000][175][info ][gc          ] GC(11) Concurrent Mark Cycle 32.165ms
[2025-08-22T14:17:02.378+0000][175][info ][safepoint   ] Safepoint "ICBufferFull", Time since last: 672873409 ns, Reaching safepoint: 4709 ns, Cleanup: 134661 ns, At safepoint: 1761 ns, Total: 141131 ns
[2025-08-22T14:17:02.808+0000][175][info ][safepoint   ] Safepoint "ICBufferFull", Time since last: 429622581 ns, Reaching safepoint: 74669 ns, Cleanup: 154707 ns, At safepoint: 5028 ns, Total: 234404 ns
[2025-08-22T14:17:02.947+0000][175][info ][safepoint   ] Safepoint "ICBufferFull", Time since last: 139160095 ns, Reaching safepoint: 7001 ns, Cleanup: 142754 ns, At safepoint: 7079 ns, Total: 156834 ns
[2025-08-22T14:17:03.120+0000][175][info ][safepoint   ] Safepoint "ICBufferFull", Time since last: 171999272 ns, Reaching safepoint: 8793 ns, Cleanup: 132281 ns, At safepoint: 6783 ns, Total: 147857 ns
[2025-08-22T14:17:03.354+0000][175][info ][safepoint   ] Safepoint "ICBufferFull", Time since last: 234533175 ns, Reaching safepoint: 8411 ns, Cleanup: 130093 ns, At safepoint: 3350 ns, Total: 141854 ns
[2025-08-22T14:17:03.881+0000][175][info ][safepoint   ] Safepoint "ICBufferFull", Time since last: 526197305 ns, Reaching safepoint: 5667 ns, Cleanup: 152687 ns, At safepoint: 4512 ns, Total: 162866 ns
[2025-08-22T14:17:04.181+0000][175][info ][safepoint   ] Safepoint "ICBufferFull", Time since last: 300058136 ns, Reaching safepoint: 4013 ns, Cleanup: 142071 ns, At safepoint: 3918 ns, Total: 150002 ns
[2025-08-22T14:17:04.414+0000][175][info ][safepoint   ] Safepoint "ICBufferFull", Time since last: 233271582 ns, Reaching safepoint: 5735 ns, Cleanup: 138034 ns, At safepoint: 6091 ns, Total: 149860 ns
[2025-08-22T14:17:04.578+0000][175][info ][safepoint   ] Safepoint "ICBufferFull", Time since last: 163532285 ns, Reaching safepoint: 6592 ns, Cleanup: 136126 ns, At safepoint: 5909 ns, Total: 148627 ns
[2025-08-22T14:17:04.761+0000][175][info ][safepoint   ] Safepoint "ICBufferFull", Time since last: 183056609 ns, Reaching safepoint: 9034 ns, Cleanup: 137149 ns, At safepoint: 3668 ns, Total: 149851 ns
[2025-08-22T14:17:04.910+0000][175][info ][safepoint   ] Safepoint "ICBufferFull", Time since last: 148426716 ns, Reaching safepoint: 75510 ns, Cleanup: 115964 ns, At safepoint: 8565 ns, Total: 200039 ns
[2025-08-22T14:17:05.118+0000][175][info ][safepoint   ] Safepoint "ICBufferFull", Time since last: 208163449 ns, Reaching safepoint: 11513 ns, Cleanup: 135416 ns, At safepoint: 4810 ns, Total: 151739 ns
[2025-08-22T14:17:05.265+0000][175][info ][safepoint   ] Safepoint "ICBufferFull", Time since last: 146461604 ns, Reaching safepoint: 12441 ns, Cleanup: 150719 ns, At safepoint: 9257 ns, Total: 172417 ns
[2025-08-22T14:17:05.425+0000][175][info ][gc,start    ] GC(12) Pause Young (Normal) (G1 Evacuation Pause)
[2025-08-22T14:17:05.425+0000][175][info ][gc,task     ] GC(12) Using 8 workers of 8 for evacuation
[2025-08-22T14:17:05.425+0000][175][debug][gc,age      ] GC(12) Desired survivor size 81788928 bytes, new threshold 15 (max threshold 15)
[2025-08-22T14:17:05.451+0000][175][info ][gc,phases   ] GC(12)   Pre Evacuate Collection Set: 0.1ms
[2025-08-22T14:17:05.451+0000][175][info ][gc,phases   ] GC(12)   Merge Heap Roots: 0.1ms
[2025-08-22T14:17:05.451+0000][175][info ][gc,phases   ] GC(12)   Evacuate Collection Set: 23.7ms
[2025-08-22T14:17:05.451+0000][175][info ][gc,phases   ] GC(12)   Post Evacuate Collection Set: 2.1ms
[2025-08-22T14:17:05.451+0000][175][info ][gc,phases   ] GC(12)   Other: 0.1ms
[2025-08-22T14:17:05.451+0000][175][trace][gc,age      ] GC(12) Age table with threshold 15 (max threshold 15)
[2025-08-22T14:17:05.451+0000][175][trace][gc,age      ] GC(12) - age   1:   38324984 bytes,   38324984 total
[2025-08-22T14:17:05.451+0000][175][trace][gc,age      ] GC(12) - age   2:   15396048 bytes,   53721032 total
[2025-08-22T14:17:05.451+0000][175][trace][gc,age      ] GC(12) - age   3:   28008840 bytes,   81729872 total
[2025-08-22T14:17:05.451+0000][175][trace][gc,age      ] GC(12) - age   4:     101216 bytes,   81831088 total
[2025-08-22T14:17:05.451+0000][175][trace][gc,age      ] GC(12) - age   5:     716296 bytes,   82547384 total
[2025-08-22T14:17:05.451+0000][175][trace][gc,age      ] GC(12) - age   6:   16414064 bytes,   98961448 total
[2025-08-22T14:17:05.451+0000][175][trace][gc,age      ] GC(12) - age   7:    1991248 bytes,  100952696 total
[2025-08-22T14:17:05.451+0000][175][trace][gc,age      ] GC(12) - age   8:    1365024 bytes,  102317720 total
[2025-08-22T14:17:05.451+0000][175][info ][gc,heap     ] GC(12) Eden regions: 289->0(262)
[2025-08-22T14:17:05.451+0000][175][info ][gc,heap     ] GC(12) Survivor regions: 18->27(39)
[2025-08-22T14:17:05.451+0000][175][info ][gc,heap     ] GC(12) Old regions: 3->3
[2025-08-22T14:17:05.451+0000][175][info ][gc,heap     ] GC(12) Humongous regions: 2->2
[2025-08-22T14:17:05.451+0000][175][info ][gc,metaspace] GC(12) Metaspace: 132816K(136384K)->132816K(136384K) NonClass: 114462K(116352K)->114462K(116352K) Class: 18353K(20032K)->18353K(20032K)
[2025-08-22T14:17:05.451+0000][175][info ][gc          ] GC(12) Pause Young (Normal) (G1 Evacuation Pause) 1241M->122M(2048M) 26.361ms
[2025-08-22T14:17:05.451+0000][175][info ][gc,cpu      ] GC(12) User=0.18s Sys=0.00s Real=0.03s
[2025-08-22T14:17:05.451+0000][175][info ][safepoint   ] Safepoint "G1CollectForAllocation", Time since last: 160237121 ns, Reaching safepoint: 14375 ns, Cleanup: 79275 ns, At safepoint: 26442179 ns, Total: 26535829 ns
[2025-08-22T14:17:05.630+0000][175][info ][safepoint   ] Safepoint "ICBufferFull", Time since last: 177892996 ns, Reaching safepoint: 8740 ns, Cleanup: 156571 ns, At safepoint: 6035 ns, Total: 171346 ns
[2025-08-22T14:17:05.719+0000][175][info ][safepoint   ] Safepoint "ICBufferFull", Time since last: 89477729 ns, Reaching safepoint: 76535 ns, Cleanup: 135608 ns, At safepoint: 9530 ns, Total: 221673 ns
[2025-08-22T14:17:05.820+0000][175][info ][safepoint   ] Safepoint "ICBufferFull", Time since last: 100430656 ns, Reaching safepoint: 17781 ns, Cleanup: 152078 ns, At safepoint: 1977 ns, Total: 171836 ns
[2025-08-22T14:17:06.019+0000][175][info ][safepoint   ] Safepoint "ICBufferFull", Time since last: 198796132 ns, Reaching safepoint: 87789 ns, Cleanup: 129008 ns, At safepoint: 9901 ns, Total: 226698 ns
[2025-08-22T14:17:06.267+0000][175][info ][safepoint   ] Safepoint "ICBufferFull", Time since last: 248457444 ns, Reaching safepoint: 14515 ns, Cleanup: 154871 ns, At safepoint: 6532 ns, Total: 175918 ns
[2025-08-22T14:17:06.601+0000][175][info ][safepoint   ] Safepoint "ICBufferFull", Time since last: 332880310 ns, Reaching safepoint: 13206 ns, Cleanup: 167028 ns, At safepoint: 2035 ns, Total: 182269 ns
[2025-08-22T14:17:07.176+0000][175][info ][safepoint   ] Safepoint "ICBufferFull", Time since last: 574950250 ns, Reaching safepoint: 8196 ns, Cleanup: 144828 ns, At safepoint: 5635 ns, Total: 158659 ns
[2025-08-22T14:17:09.169+0000][175][info ][safepoint   ] Safepoint "Cleanup", Time since last: 1993424797 ns, Reaching safepoint: 19173 ns, Cleanup: 71928 ns, At safepoint: 2592 ns, Total: 93693 ns
[2025-08-22T14:17:10.169+0000][175][info ][safepoint   ] Safepoint "Cleanup", Time since last: 1000125334 ns, Reaching safepoint: 18569 ns, Cleanup: 18977 ns, At safepoint: 2777 ns, Total: 40323 ns
[2025-08-22T14:17:11.170+0000][175][info ][safepoint   ] Safepoint "Cleanup", Time since last: 1000118228 ns, Reaching safepoint: 24107 ns, Cleanup: 54281 ns, At safepoint: 2431 ns, Total: 80819 ns
[2025-08-22T14:17:12.170+0000][175][info ][safepoint   ] Safepoint "Cleanup", Time since last: 1000102902 ns, Reaching safepoint: 17501 ns, Cleanup: 9587 ns, At safepoint: 2504 ns, Total: 29592 ns
[2025-08-22T14:17:12.789+0000][175][info ][safepoint   ] Safepoint "ICBufferFull", Time since last: 619220134 ns, Reaching safepoint: 83700 ns, Cleanup: 135087 ns, At safepoint: 4891 ns, Total: 223678 ns
[2025-08-22T14:17:12.893+0000][175][info ][safepoint   ] Safepoint "ICBufferFull", Time since last: 103261050 ns, Reaching safepoint: 34944 ns, Cleanup: 141947 ns, At safepoint: 6463 ns, Total: 183354 ns
[2025-08-22T14:17:14.613+0000][175][info ][safepoint   ] Safepoint "Cleanup", Time since last: 1720007288 ns, Reaching safepoint: 22472 ns, Cleanup: 99076 ns, At safepoint: 3074 ns, Total: 124622 ns
[2025-08-22T14:17:16.613+0000][175][info ][safepoint   ] Safepoint "Cleanup", Time since last: 2000173770 ns, Reaching safepoint: 23111 ns, Cleanup: 22867 ns, At safepoint: 2234 ns, Total: 48212 ns
[2025-08-22T14:17:18.613+0000][175][info ][safepoint   ] Safepoint "Cleanup", Time since last: 2000173084 ns, Reaching safepoint: 24834 ns, Cleanup: 13932 ns, At safepoint: 2828 ns, Total: 41594 ns
[2025-08-22T14:17:19.613+0000][175][info ][safepoint   ] Safepoint "Cleanup", Time since last: 1000135518 ns, Reaching safepoint: 22496 ns, Cleanup: 45929 ns, At safepoint: 2766 ns, Total: 71191 ns
[2025-08-22T14:17:20.059+0000][175][info ][safepoint   ] Safepoint "ICBufferFull", Time since last: 445150702 ns, Reaching safepoint: 18319 ns, Cleanup: 173800 ns, At safepoint: 4798 ns, Total: 196917 ns
[2025-08-22T14:17:20.371+0000][175][info ][safepoint   ] Safepoint "ICBufferFull", Time since last: 312168095 ns, Reaching safepoint: 65717 ns, Cleanup: 236291 ns, At safepoint: 12079 ns, Total: 314087 ns
[2025-08-22T14:17:20.372+0000][175][info ][safepoint   ] Safepoint "ICBufferFull", Time since last: 129305 ns, Reaching safepoint: 289248 ns, Cleanup: 3027 ns, At safepoint: 11232 ns, Total: 303507 ns
[2025-08-22T14:17:20.629+0000][175][info ][safepoint   ] Safepoint "ICBufferFull", Time since last: 257445036 ns, Reaching safepoint: 18579 ns, Cleanup: 136322 ns, At safepoint: 2144 ns, Total: 157045 ns
[2025-08-22T14:17:20.799+0000][175][info ][safepoint   ] Safepoint "ICBufferFull", Time since last: 169524266 ns, Reaching safepoint: 19087 ns, Cleanup: 132094 ns, At safepoint: 10283 ns, Total: 161464 ns
[2025-08-22T14:17:21.055+0000][175][info ][safepoint   ] Safepoint "ICBufferFull", Time since last: 249521659 ns, Reaching safepoint: 6345459 ns, Cleanup: 149295 ns, At safepoint: 15922 ns, Total: 6510676 ns
[2025-08-22T14:17:21.104+0000][175][info ][gc,start    ] GC(13) Pause Young (Concurrent Start) (CodeCache GC Threshold)
[2025-08-22T14:17:21.104+0000][175][info ][gc,task     ] GC(13) Using 8 workers of 8 for evacuation
[2025-08-22T14:17:21.104+0000][175][debug][gc,age      ] GC(13) Desired survivor size 77594624 bytes, new threshold 3 (max threshold 15)
[2025-08-22T14:17:21.181+0000][175][info ][gc,phases   ] GC(13)   Pre Evacuate Collection Set: 0.2ms
[2025-08-22T14:17:21.181+0000][175][info ][gc,phases   ] GC(13)   Merge Heap Roots: 0.1ms
[2025-08-22T14:17:21.181+0000][175][info ][gc,phases   ] GC(13)   Evacuate Collection Set: 71.9ms
[2025-08-22T14:17:21.181+0000][175][info ][gc,phases   ] GC(13)   Post Evacuate Collection Set: 4.5ms
[2025-08-22T14:17:21.181+0000][175][info ][gc,phases   ] GC(13)   Other: 0.2ms
[2025-08-22T14:17:21.181+0000][175][trace][gc,age      ] GC(13) Age table with threshold 3 (max threshold 15)
[2025-08-22T14:17:21.181+0000][175][trace][gc,age      ] GC(13) - age   1:   62102496 bytes,   62102496 total
[2025-08-22T14:17:21.181+0000][175][trace][gc,age      ] GC(13) - age   2:   35947264 bytes,   98049760 total
[2025-08-22T14:17:21.181+0000][175][trace][gc,age      ] GC(13) - age   3:   15386720 bytes,  113436480 total
[2025-08-22T14:17:21.181+0000][175][info ][gc,heap     ] GC(13) Eden regions: 210->0(93)
[2025-08-22T14:17:21.181+0000][175][info ][gc,heap     ] GC(13) Survivor regions: 27->30(37)
[2025-08-22T14:17:21.181+0000][175][info ][gc,heap     ] GC(13) Old regions: 3->15
[2025-08-22T14:17:21.181+0000][175][info ][gc,heap     ] GC(13) Humongous regions: 2->2
[2025-08-22T14:17:21.181+0000][175][info ][gc,metaspace] GC(13) Metaspace: 143024K(146624K)->143024K(146624K) NonClass: 123360K(125248K)->123360K(125248K) Class: 19664K(21376K)->19664K(21376K)
[2025-08-22T14:17:21.181+0000][175][info ][gc          ] GC(13) Pause Young (Concurrent Start) (CodeCache GC Threshold) 959M->184M(2048M) 77.058ms
[2025-08-22T14:17:21.181+0000][175][info ][gc,cpu      ] GC(13) User=0.27s Sys=0.01s Real=0.08s
[2025-08-22T14:17:21.181+0000][175][info ][safepoint   ] Safepoint "G1TryInitiateConcMark", Time since last: 48978651 ns, Reaching safepoint: 94397 ns, Cleanup: 40421 ns, At safepoint: 77166992 ns, Total: 77301810 ns
[2025-08-22T14:17:21.181+0000][175][info ][gc          ] GC(14) Concurrent Mark Cycle
[2025-08-22T14:17:21.181+0000][175][info ][gc,marking  ] GC(14) Concurrent Scan Root Regions
[2025-08-22T14:17:21.223+0000][175][info ][gc,marking  ] GC(14) Concurrent Scan Root Regions 41.799ms
[2025-08-22T14:17:21.223+0000][175][info ][gc,marking  ] GC(14) Concurrent Mark
[2025-08-22T14:17:21.223+0000][175][info ][gc,marking  ] GC(14) Concurrent Mark From Roots
[2025-08-22T14:17:21.223+0000][175][info ][gc,task     ] GC(14) Using 2 workers of 2 for marking
[2025-08-22T14:17:21.228+0000][175][info ][gc,marking  ] GC(14) Concurrent Mark From Roots 4.746ms
[2025-08-22T14:17:21.228+0000][175][info ][gc,marking  ] GC(14) Concurrent Preclean
[2025-08-22T14:17:21.228+0000][175][info ][gc,marking  ] GC(14) Concurrent Preclean 0.039ms
[2025-08-22T14:17:21.231+0000][175][info ][gc,start    ] GC(14) Pause Remark
[2025-08-22T14:17:21.251+0000][175][info ][gc          ] GC(14) Pause Remark 189M->189M(2048M) 20.157ms
[2025-08-22T14:17:21.251+0000][175][info ][gc,cpu      ] GC(14) User=0.05s Sys=0.00s Real=0.02s
[2025-08-22T14:17:21.252+0000][175][info ][safepoint   ] Safepoint "G1PauseRemark", Time since last: 46711607 ns, Reaching safepoint: 2826907 ns, Cleanup: 16210 ns, At safepoint: 20915323 ns, Total: 23758440 ns
[2025-08-22T14:17:21.252+0000][175][info ][gc,marking  ] GC(14) Concurrent Mark 28.638ms
[2025-08-22T14:17:21.252+0000][175][info ][gc,marking  ] GC(14) Concurrent Rebuild Remembered Sets and Scrub Regions
[2025-08-22T14:17:21.270+0000][175][info ][gc,marking  ] GC(14) Concurrent Rebuild Remembered Sets and Scrub Regions 18.291ms
[2025-08-22T14:17:21.270+0000][175][info ][gc,start    ] GC(14) Pause Cleanup
[2025-08-22T14:17:21.270+0000][175][info ][gc          ] GC(14) Pause Cleanup 190M->190M(2048M) 0.122ms
[2025-08-22T14:17:21.270+0000][175][info ][gc,cpu      ] GC(14) User=0.00s Sys=0.00s Real=0.00s
[2025-08-22T14:17:21.270+0000][175][info ][safepoint   ] Safepoint "G1PauseCleanup", Time since last: 18395470 ns, Reaching safepoint: 17635 ns, Cleanup: 22649 ns, At safepoint: 182312 ns, Total: 222596 ns
[2025-08-22T14:17:21.270+0000][175][info ][gc,marking  ] GC(14) Concurrent Clear Claimed Marks
[2025-08-22T14:17:21.273+0000][175][info ][gc,marking  ] GC(14) Concurrent Clear Claimed Marks 2.434ms
[2025-08-22T14:17:21.273+0000][175][info ][gc,marking  ] GC(14) Concurrent Cleanup for Next Mark
[2025-08-22T14:17:21.277+0000][175][info ][gc,marking  ] GC(14) Concurrent Cleanup for Next Mark 3.954ms
[2025-08-22T14:17:21.277+0000][175][info ][gc          ] GC(14) Concurrent Mark Cycle 95.529ms
[2025-08-22T14:17:21.905+0000][175][info ][safepoint   ] Safepoint "ICBufferFull", Time since last: 634070408 ns, Reaching safepoint: 20208 ns, Cleanup: 169384 ns, At safepoint: 4892 ns, Total: 194484 ns
[2025-08-22T14:17:22.525+0000][175][info ][safepoint   ] Safepoint "ICBufferFull", Time since last: 619783277 ns, Reaching safepoint: 20388 ns, Cleanup: 171719 ns, At safepoint: 9123 ns, Total: 201230 ns
[2025-08-22T14:17:22.741+0000][175][info ][safepoint   ] Safepoint "ICBufferFull", Time since last: 215876296 ns, Reaching safepoint: 20000 ns, Cleanup: 162964 ns, At safepoint: 13451 ns, Total: 196415 ns
[2025-08-22T14:17:22.742+0000][175][info ][safepoint   ] Safepoint "ICBufferFull", Time since last: 1761803 ns, Reaching safepoint: 25792 ns, Cleanup: 7178 ns, At safepoint: 3965 ns, Total: 36935 ns
[2025-08-22T14:17:22.910+0000][175][info ][safepoint   ] Safepoint "ICBufferFull", Time since last: 167100921 ns, Reaching safepoint: 21438 ns, Cleanup: 138027 ns, At safepoint: 7801 ns, Total: 167266 ns
[2025-08-22T14:17:23.483+0000][175][info ][safepoint   ] Safepoint "ICBufferFull", Time since last: 573497993 ns, Reaching safepoint: 22268 ns, Cleanup: 139125 ns, At safepoint: 2435 ns, Total: 163828 ns
[2025-08-22T14:17:24.665+0000][175][info ][safepoint   ] Safepoint "Cleanup", Time since last: 1181756533 ns, Reaching safepoint: 20913 ns, Cleanup: 149968 ns, At safepoint: 6897 ns, Total: 177778 ns
[2025-08-22T14:17:25.812+0000][175][info ][safepoint   ] Safepoint "Cleanup", Time since last: 1146480022 ns, Reaching safepoint: 9320 ns, Cleanup: 148693 ns, At safepoint: 2097 ns, Total: 160110 ns
[2025-08-22T14:17:25.992+0000][175][info ][gc,start    ] GC(15) Pause Young (Normal) (G1 Evacuation Pause)
[2025-08-22T14:17:25.992+0000][175][info ][gc,task     ] GC(15) Using 8 workers of 8 for evacuation
[2025-08-22T14:17:25.992+0000][175][debug][gc,age      ] GC(15) Desired survivor size 33554432 bytes, new threshold 1 (max threshold 15)
[2025-08-22T14:17:26.098+0000][175][info ][gc,phases   ] GC(15)   Pre Evacuate Collection Set: 0.8ms
[2025-08-22T14:17:26.098+0000][175][info ][gc,phases   ] GC(15)   Merge Heap Roots: 0.1ms
[2025-08-22T14:17:26.098+0000][175][info ][gc,phases   ] GC(15)   Evacuate Collection Set: 102.9ms
[2025-08-22T14:17:26.098+0000][175][info ][gc,phases   ] GC(15)   Post Evacuate Collection Set: 2.1ms
[2025-08-22T14:17:26.098+0000][175][info ][gc,phases   ] GC(15)   Other: 0.1ms
[2025-08-22T14:17:26.098+0000][175][trace][gc,age      ] GC(15) Age table with threshold 1 (max threshold 15)
[2025-08-22T14:17:26.098+0000][175][trace][gc,age      ] GC(15) - age   1:    5649216 bytes,    5649216 total
[2025-08-22T14:17:26.098+0000][175][info ][gc,heap     ] GC(15) Eden regions: 93->0(303)
[2025-08-22T14:17:26.098+0000][175][info ][gc,heap     ] GC(15) Survivor regions: 30->4(16)
[2025-08-22T14:17:26.098+0000][175][info ][gc,heap     ] GC(15) Old regions: 15->43
[2025-08-22T14:17:26.098+0000][175][info ][gc,heap     ] GC(15) Humongous regions: 2->2
[2025-08-22T14:17:26.098+0000][175][info ][gc,metaspace] GC(15) Metaspace: 144184K(147840K)->144184K(147840K) NonClass: 124515K(126400K)->124515K(126400K) Class: 19669K(21440K)->19669K(21440K)
[2025-08-22T14:17:26.098+0000][175][info ][gc          ] GC(15) Pause Young (Normal) (G1 Evacuation Pause) 556M->193M(2048M) 106.091ms
[2025-08-22T14:17:26.098+0000][175][info ][gc,cpu      ] GC(15) User=0.21s Sys=0.00s Real=0.11s
[2025-08-22T14:17:26.098+0000][175][info ][safepoint   ] Safepoint "G1CollectForAllocation", Time since last: 179502754 ns, Reaching safepoint: 36006 ns, Cleanup: 60715 ns, At safepoint: 106194731 ns, Total: 106291452 ns
[2025-08-22T14:17:27.123+0000][175][info ][safepoint   ] Safepoint "Cleanup", Time since last: 1024954059 ns, Reaching safepoint: 22680 ns, Cleanup: 105847 ns, At safepoint: 5271 ns, Total: 133798 ns
[2025-08-22T14:17:28.123+0000][175][info ][safepoint   ] Safepoint "Cleanup", Time since last: 1000097434 ns, Reaching safepoint: 21734 ns, Cleanup: 130843 ns, At safepoint: 11475 ns, Total: 164052 ns
[2025-08-22T14:17:29.123+0000][175][info ][safepoint   ] Safepoint "Cleanup", Time since last: 1000362872 ns, Reaching safepoint: 22660 ns, Cleanup: 38318 ns, At safepoint: 2842 ns, Total: 63820 ns
[2025-08-22T14:17:30.142+0000][175][info ][safepoint   ] Safepoint "Cleanup", Time since last: 1018821987 ns, Reaching safepoint: 11365 ns, Cleanup: 29405 ns, At safepoint: 2086 ns, Total: 42856 ns
[2025-08-22T14:17:31.161+0000][175][info ][safepoint   ] Safepoint "Cleanup", Time since last: 1018962403 ns, Reaching safepoint: 8135 ns, Cleanup: 43850 ns, At safepoint: 1875 ns, Total: 53860 ns
[2025-08-22T14:17:32.176+0000][175][info ][safepoint   ] Safepoint "Cleanup", Time since last: 1015058776 ns, Reaching safepoint: 24177 ns, Cleanup: 23562 ns, At safepoint: 2729 ns, Total: 50468 ns
[2025-08-22T14:17:32.739+0000][175][info ][safepoint   ] Safepoint "ICBufferFull", Time since last: 561937001 ns, Reaching safepoint: 22339 ns, Cleanup: 208169 ns, At safepoint: 4289 ns, Total: 234797 ns
[2025-08-22T14:17:33.739+0000][175][info ][safepoint   ] Safepoint "Cleanup", Time since last: 1000117940 ns, Reaching safepoint: 22791 ns, Cleanup: 33527 ns, At safepoint: 2242 ns, Total: 58560 ns
[2025-08-22T14:17:34.739+0000][175][info ][safepoint   ] Safepoint "Cleanup", Time since last: 1000108349 ns, Reaching safepoint: 23236 ns, Cleanup: 141871 ns, At safepoint: 2564 ns, Total: 167671 ns
[2025-08-22T14:17:35.739+0000][175][info ][safepoint   ] Safepoint "Cleanup", Time since last: 1000110272 ns, Reaching safepoint: 23842 ns, Cleanup: 30559 ns, At safepoint: 2362 ns, Total: 56763 ns
[2025-08-22T14:17:37.205+0000][175][info ][safepoint   ] Safepoint "Cleanup", Time since last: 1465414997 ns, Reaching safepoint: 26985 ns, Cleanup: 29717 ns, At safepoint: 3539 ns, Total: 60241 ns
[2025-08-22T14:17:37.520+0000][175][info ][safepoint   ] Safepoint "ICBufferFull", Time since last: 314671863 ns, Reaching safepoint: 87935 ns, Cleanup: 202297 ns, At safepoint: 11245 ns, Total: 301477 ns
[2025-08-22T14:17:37.527+0000][175][info ][safepoint   ] Safepoint "ICBufferFull", Time since last: 7707904 ns, Reaching safepoint: 19116 ns, Cleanup: 16527 ns, At safepoint: 6480 ns, Total: 42123 ns
[2025-08-22T14:17:37.533+0000][175][info ][safepoint   ] Safepoint "ICBufferFull", Time since last: 3951557 ns, Reaching safepoint: 1172230 ns, Cleanup: 12255 ns, At safepoint: 23053 ns, Total: 1207538 ns
[2025-08-22T14:17:37.534+0000][175][info ][safepoint   ] Safepoint "ICBufferFull", Time since last: 1326890 ns, Reaching safepoint: 447944 ns, Cleanup: 6559 ns, At safepoint: 19989 ns, Total: 474492 ns
[2025-08-22T14:17:38.180+0000][175][info ][safepoint   ] Safepoint "ICBufferFull", Time since last: 645802193 ns, Reaching safepoint: 84836 ns, Cleanup: 199752 ns, At safepoint: 5887 ns, Total: 290475 ns
[2025-08-22T14:17:39.363+0000][175][info ][safepoint   ] Safepoint "Cleanup", Time since last: 1182394996 ns, Reaching safepoint: 23527 ns, Cleanup: 173370 ns, At safepoint: 2540 ns, Total: 199437 ns
[2025-08-22T14:17:39.724+0000][175][info ][safepoint   ] Safepoint "ICBufferFull", Time since last: 360481050 ns, Reaching safepoint: 86200 ns, Cleanup: 160204 ns, At safepoint: 16242 ns, Total: 262646 ns
[2025-08-22T14:17:39.859+0000][175][info ][safepoint   ] Safepoint "ICBufferFull", Time since last: 135310593 ns, Reaching safepoint: 94858 ns, Cleanup: 185549 ns, At safepoint: 11689 ns, Total: 292096 ns
[2025-08-22T14:17:40.058+0000][175][info ][safepoint   ] Safepoint "ICBufferFull", Time since last: 198681757 ns, Reaching safepoint: 17105 ns, Cleanup: 162897 ns, At safepoint: 7071 ns, Total: 187073 ns
[2025-08-22T14:17:41.109+0000][175][info ][safepoint   ] Safepoint "ICBufferFull", Time since last: 1050475299 ns, Reaching safepoint: 86592 ns, Cleanup: 155424 ns, At safepoint: 14838 ns, Total: 256854 ns
[2025-08-22T14:17:42.223+0000][175][info ][safepoint   ] Safepoint "Cleanup", Time since last: 1113900397 ns, Reaching safepoint: 21673 ns, Cleanup: 30492 ns, At safepoint: 2702 ns, Total: 54867 ns
[2025-08-22T14:17:42.884+0000][175][info ][safepoint   ] Safepoint "ICBufferFull", Time since last: 661020520 ns, Reaching safepoint: 9488 ns, Cleanup: 168037 ns, At safepoint: 4289 ns, Total: 181814 ns
[2025-08-22T14:17:43.700+0000][175][info ][safepoint   ] Safepoint "ICBufferFull", Time since last: 815952312 ns, Reaching safepoint: 89883 ns, Cleanup: 172011 ns, At safepoint: 5937 ns, Total: 267831 ns
[2025-08-22T14:17:44.921+0000][175][info ][safepoint   ] Safepoint "Cleanup", Time since last: 1220271753 ns, Reaching safepoint: 22320 ns, Cleanup: 70007 ns, At safepoint: 2800 ns, Total: 95127 ns
[2025-08-22T14:17:45.952+0000][175][info ][safepoint   ] Safepoint "Cleanup", Time since last: 1030707367 ns, Reaching safepoint: 7958 ns, Cleanup: 5535 ns, At safepoint: 4010 ns, Total: 17503 ns
[2025-08-22T14:17:47.234+0000][175][info ][safepoint   ] Safepoint "Cleanup", Time since last: 1282891382 ns, Reaching safepoint: 20576 ns, Cleanup: 48348 ns, At safepoint: 2204 ns, Total: 71128 ns
[2025-08-22T14:17:48.905+0000][175][info ][safepoint   ] Safepoint "Cleanup", Time since last: 1670567396 ns, Reaching safepoint: 23104 ns, Cleanup: 50319 ns, At safepoint: 2223 ns, Total: 75646 ns
[2025-08-22T14:17:49.927+0000][175][info ][safepoint   ] Safepoint "Cleanup", Time since last: 1022183325 ns, Reaching safepoint: 10265 ns, Cleanup: 119447 ns, At safepoint: 3796 ns, Total: 133508 ns
[2025-08-22T14:17:50.931+0000][175][info ][safepoint   ] Safepoint "Cleanup", Time since last: 1003420145 ns, Reaching safepoint: 40475 ns, Cleanup: 29274 ns, At safepoint: 3336 ns, Total: 73085 ns
[2025-08-22T14:17:52.248+0000][175][info ][safepoint   ] Safepoint "Cleanup", Time since last: 1316636824 ns, Reaching safepoint: 30952 ns, Cleanup: 14627 ns, At safepoint: 7360 ns, Total: 52939 ns
[2025-08-22T14:17:53.831+0000][175][info ][safepoint   ] Safepoint "Cleanup", Time since last: 1583269642 ns, Reaching safepoint: 27292 ns, Cleanup: 108166 ns, At safepoint: 2339 ns, Total: 137797 ns
[2025-08-22T14:17:54.831+0000][175][info ][safepoint   ] Safepoint "Cleanup", Time since last: 1000105410 ns, Reaching safepoint: 22988 ns, Cleanup: 16054 ns, At safepoint: 2625 ns, Total: 41667 ns
[2025-08-22T14:17:55.938+0000][175][info ][safepoint   ] Safepoint "Cleanup", Time since last: 1106528741 ns, Reaching safepoint: 7914 ns, Cleanup: 108041 ns, At safepoint: 3696 ns, Total: 119651 ns
[2025-08-22T14:17:56.733+0000][175][info ][safepoint   ] Safepoint "ICBufferFull", Time since last: 794841861 ns, Reaching safepoint: 25175 ns, Cleanup: 151738 ns, At safepoint: 4880 ns, Total: 181793 ns
[2025-08-22T14:17:57.733+0000][175][info ][safepoint   ] Safepoint "Cleanup", Time since last: 1000103076 ns, Reaching safepoint: 20448 ns, Cleanup: 69168 ns, At safepoint: 2618 ns, Total: 92234 ns
[2025-08-22T14:17:58.733+0000][175][info ][safepoint   ] Safepoint "Cleanup", Time since last: 1000098205 ns, Reaching safepoint: 22530 ns, Cleanup: 24671 ns, At safepoint: 2576 ns, Total: 49777 ns
[2025-08-22T14:17:59.733+0000][175][info ][safepoint   ] Safepoint "Cleanup", Time since last: 1000101107 ns, Reaching safepoint: 17640 ns, Cleanup: 13906 ns, At safepoint: 1876 ns, Total: 33422 ns
[2025-08-22T14:18:00.733+0000][175][info ][safepoint   ] Safepoint "Cleanup", Time since last: 1000076800 ns, Reaching safepoint: 20572 ns, Cleanup: 11302 ns, At safepoint: 2561 ns, Total: 34435 ns
[2025-08-22T14:18:01.639+0000][175][info ][gc,start    ] GC(16) Pause Young (Normal) (G1 Evacuation Pause)
[2025-08-22T14:18:01.639+0000][175][info ][gc,task     ] GC(16) Using 8 workers of 8 for evacuation
[2025-08-22T14:18:01.639+0000][175][debug][gc,age      ] GC(16) Desired survivor size 81788928 bytes, new threshold 15 (max threshold 15)
[2025-08-22T14:18:01.658+0000][175][info ][gc,phases   ] GC(16)   Pre Evacuate Collection Set: 1.3ms
[2025-08-22T14:18:01.658+0000][175][info ][gc,phases   ] GC(16)   Merge Heap Roots: 0.6ms
[2025-08-22T14:18:01.658+0000][175][info ][gc,phases   ] GC(16)   Evacuate Collection Set: 15.5ms
[2025-08-22T14:18:01.658+0000][175][info ][gc,phases   ] GC(16)   Post Evacuate Collection Set: 1.6ms
[2025-08-22T14:18:01.658+0000][175][info ][gc,phases   ] GC(16)   Other: 0.1ms
[2025-08-22T14:18:01.658+0000][175][trace][gc,age      ] GC(16) Age table with threshold 15 (max threshold 15)
[2025-08-22T14:18:01.658+0000][175][trace][gc,age      ] GC(16) - age   1:   28081168 bytes,   28081168 total
[2025-08-22T14:18:01.658+0000][175][trace][gc,age      ] GC(16) - age   2:    1462040 bytes,   29543208 total
[2025-08-22T14:18:01.658+0000][175][info ][gc,heap     ] GC(16) Eden regions: 303->0(298)
[2025-08-22T14:18:01.658+0000][175][info ][gc,heap     ] GC(16) Survivor regions: 4->9(39)
[2025-08-22T14:18:01.658+0000][175][info ][gc,heap     ] GC(16) Old regions: 43->43
[2025-08-22T14:18:01.658+0000][175][info ][gc,heap     ] GC(16) Humongous regions: 2->2
[2025-08-22T14:18:01.658+0000][175][info ][gc,metaspace] GC(16) Metaspace: 149562K(153408K)->149562K(153408K) NonClass: 129177K(131200K)->129177K(131200K) Class: 20385K(22208K)->20385K(22208K)
[2025-08-22T14:18:01.658+0000][175][info ][gc          ] GC(16) Pause Young (Normal) (G1 Evacuation Pause) 1405M->211M(2048M) 19.156ms
[2025-08-22T14:18:01.658+0000][175][info ][gc,cpu      ] GC(16) User=0.04s Sys=0.00s Real=0.02s
[2025-08-22T14:18:01.658+0000][175][info ][safepoint   ] Safepoint "G1CollectForAllocation", Time since last: 905449031 ns, Reaching safepoint: 88346 ns, Cleanup: 69842 ns, At safepoint: 19246806 ns, Total: 19404994 ns
[2025-08-22T14:18:02.627+0000][175][info ][safepoint   ] Safepoint "ICBufferFull", Time since last: 968925158 ns, Reaching safepoint: 26741 ns, Cleanup: 213930 ns, At safepoint: 7785 ns, Total: 248456 ns
[2025-08-22T14:18:03.630+0000][175][info ][safepoint   ] Safepoint "Cleanup", Time since last: 1001934567 ns, Reaching safepoint: 24409 ns, Cleanup: 116828 ns, At safepoint: 10001 ns, Total: 151238 ns
[2025-08-22T14:18:04.630+0000][175][info ][safepoint   ] Safepoint "Cleanup", Time since last: 1000132616 ns, Reaching safepoint: 472175 ns, Cleanup: 63715 ns, At safepoint: 16226 ns, Total: 552116 ns
[2025-08-22T14:18:05.630+0000][175][info ][safepoint   ] Safepoint "Cleanup", Time since last: 1000103275 ns, Reaching safepoint: 21377 ns, Cleanup: 107467 ns, At safepoint: 2713 ns, Total: 131557 ns
[2025-08-22T14:18:06.764+0000][175][info ][safepoint   ] Safepoint "Cleanup", Time since last: 1133077675 ns, Reaching safepoint: 8943 ns, Cleanup: 29898 ns, At safepoint: 3300 ns, Total: 42141 ns
[2025-08-22T14:18:07.876+0000][175][info ][safepoint   ] Safepoint "Cleanup", Time since last: 1112600390 ns, Reaching safepoint: 8362 ns, Cleanup: 146277 ns, At safepoint: 4370 ns, Total: 159009 ns
[2025-08-22T14:18:08.996+0000][175][info ][safepoint   ] Safepoint "Cleanup", Time since last: 1119613883 ns, Reaching safepoint: 8389 ns, Cleanup: 66162 ns, At safepoint: 4057 ns, Total: 78608 ns
[2025-08-22T14:18:10.727+0000][175][info ][safepoint   ] Safepoint "Cleanup", Time since last: 1731291118 ns, Reaching safepoint: 18806 ns, Cleanup: 42646 ns, At safepoint: 2302 ns, Total: 63754 ns
[2025-08-22T14:18:12.319+0000][175][info ][safepoint   ] Safepoint "Cleanup", Time since last: 1591612723 ns, Reaching safepoint: 22060 ns, Cleanup: 19539 ns, At safepoint: 2379 ns, Total: 43978 ns
[2025-08-22T14:18:13.584+0000][175][info ][safepoint   ] Safepoint "Cleanup", Time since last: 1264761265 ns, Reaching safepoint: 20776 ns, Cleanup: 71341 ns, At safepoint: 2595 ns, Total: 94712 ns
[2025-08-22T14:18:15.003+0000][175][info ][safepoint   ] Safepoint "Cleanup", Time since last: 1418950693 ns, Reaching safepoint: 22675 ns, Cleanup: 31450 ns, At safepoint: 2977 ns, Total: 57102 ns
[2025-08-22T14:18:16.325+0000][175][info ][safepoint   ] Safepoint "Cleanup", Time since last: 1322565353 ns, Reaching safepoint: 8063 ns, Cleanup: 14919 ns, At safepoint: 3339 ns, Total: 26321 ns
[2025-08-22T14:18:17.329+0000][175][info ][safepoint   ] Safepoint "Cleanup", Time since last: 1003159105 ns, Reaching safepoint: 23151 ns, Cleanup: 18591 ns, At safepoint: 2386 ns, Total: 44128 ns
[2025-08-22T14:18:18.329+0000][175][info ][safepoint   ] Safepoint "Cleanup", Time since last: 1000107264 ns, Reaching safepoint: 22070 ns, Cleanup: 24735 ns, At safepoint: 2826 ns, Total: 49631 ns
[2025-08-22T14:18:19.681+0000][175][info ][safepoint   ] Safepoint "Cleanup", Time since last: 1352304418 ns, Reaching safepoint: 8141 ns, Cleanup: 12418 ns, At safepoint: 3321 ns, Total: 23880 ns
[2025-08-22T14:18:21.012+0000][175][info ][safepoint   ] Safepoint "Cleanup", Time since last: 1330408413 ns, Reaching safepoint: 22211 ns, Cleanup: 24860 ns, At safepoint: 2591 ns, Total: 49662 ns
[2025-08-22T14:18:22.341+0000][175][info ][safepoint   ] Safepoint "Cleanup", Time since last: 1328988176 ns, Reaching safepoint: 39603 ns, Cleanup: 21285 ns, At safepoint: 2707 ns, Total: 63595 ns
[2025-08-22T14:18:23.341+0000][175][info ][safepoint   ] Safepoint "Cleanup", Time since last: 1000102138 ns, Reaching safepoint: 22884 ns, Cleanup: 53402 ns, At safepoint: 2389 ns, Total: 78675 ns
[2025-08-22T14:18:24.341+0000][175][info ][safepoint   ] Safepoint "Cleanup", Time since last: 1000125305 ns, Reaching safepoint: 24523 ns, Cleanup: 16166 ns, At safepoint: 2561 ns, Total: 43250 ns
[2025-08-22T14:18:25.683+0000][175][info ][safepoint   ] Safepoint "Cleanup", Time since last: 1341927389 ns, Reaching safepoint: 7285 ns, Cleanup: 19645 ns, At safepoint: 3195 ns, Total: 30125 ns
[2025-08-22T14:18:27.654+0000][175][info ][safepoint   ] Safepoint "Cleanup", Time since last: 1971102109 ns, Reaching safepoint: 25947 ns, Cleanup: 133526 ns, At safepoint: 3152 ns, Total: 162625 ns
[2025-08-22T14:18:28.655+0000][175][info ][safepoint   ] Safepoint "Cleanup", Time since last: 1000126981 ns, Reaching safepoint: 100878 ns, Cleanup: 35485 ns, At safepoint: 8775 ns, Total: 145138 ns
[2025-08-22T14:18:28.658+0000][175][info ][gc,start    ] GC(17) Pause Young (Concurrent Start) (CodeCache GC Threshold)
[2025-08-22T14:18:28.658+0000][175][info ][gc,task     ] GC(17) Using 8 workers of 8 for evacuation
[2025-08-22T14:18:28.658+0000][175][debug][gc,age      ] GC(17) Desired survivor size 81788928 bytes, new threshold 15 (max threshold 15)
[2025-08-22T14:18:28.674+0000][175][info ][gc,phases   ] GC(17)   Pre Evacuate Collection Set: 0.2ms
[2025-08-22T14:18:28.674+0000][175][info ][gc,phases   ] GC(17)   Merge Heap Roots: 0.1ms
[2025-08-22T14:18:28.674+0000][175][info ][gc,phases   ] GC(17)   Evacuate Collection Set: 14.4ms
[2025-08-22T14:18:28.674+0000][175][info ][gc,phases   ] GC(17)   Post Evacuate Collection Set: 0.9ms
[2025-08-22T14:18:28.674+0000][175][info ][gc,phases   ] GC(17)   Other: 0.1ms
[2025-08-22T14:18:28.674+0000][175][trace][gc,age      ] GC(17) Age table with threshold 15 (max threshold 15)
[2025-08-22T14:18:28.674+0000][175][trace][gc,age      ] GC(17) - age   1:   46023408 bytes,   46023408 total
[2025-08-22T14:18:28.674+0000][175][trace][gc,age      ] GC(17) - age   2:   23632080 bytes,   69655488 total
[2025-08-22T14:18:28.674+0000][175][trace][gc,age      ] GC(17) - age   3:    1447200 bytes,   71102688 total
[2025-08-22T14:18:28.674+0000][175][info ][gc,heap     ] GC(17) Eden regions: 202->0(288)
[2025-08-22T14:18:28.674+0000][175][info ][gc,heap     ] GC(17) Survivor regions: 9->19(39)
[2025-08-22T14:18:28.674+0000][175][info ][gc,heap     ] GC(17) Old regions: 43->43
[2025-08-22T14:18:28.674+0000][175][info ][gc,heap     ] GC(17) Humongous regions: 2->2
[2025-08-22T14:18:28.674+0000][175][info ][gc,metaspace] GC(17) Metaspace: 150376K(154240K)->150376K(154240K) NonClass: 129950K(131968K)->129950K(131968K) Class: 20426K(22272K)->20426K(22272K)
[2025-08-22T14:18:28.674+0000][175][info ][gc          ] GC(17) Pause Young (Concurrent Start) (CodeCache GC Threshold) 1015M->249M(2048M) 15.937ms
[2025-08-22T14:18:28.674+0000][175][info ][gc          ] GC(18) Concurrent Mark Cycle
[2025-08-22T14:18:28.674+0000][175][info ][gc,cpu      ] GC(17) User=0.09s Sys=0.00s Real=0.01s
[2025-08-22T14:18:28.674+0000][175][info ][gc,marking  ] GC(18) Concurrent Scan Root Regions
[2025-08-22T14:18:28.674+0000][175][info ][safepoint   ] Safepoint "G1TryInitiateConcMark", Time since last: 3060571 ns, Reaching safepoint: 86644 ns, Cleanup: 2776 ns, At safepoint: 16056281 ns, Total: 16145701 ns
[2025-08-22T14:18:28.683+0000][175][info ][gc,marking  ] GC(18) Concurrent Scan Root Regions 9.571ms
[2025-08-22T14:18:28.683+0000][175][info ][gc,marking  ] GC(18) Concurrent Mark
[2025-08-22T14:18:28.683+0000][175][info ][gc,marking  ] GC(18) Concurrent Mark From Roots
[2025-08-22T14:18:28.683+0000][175][info ][gc,task     ] GC(18) Using 2 workers of 2 for marking
[2025-08-22T14:18:28.774+0000][175][info ][gc,marking  ] GC(18) Concurrent Mark From Roots 90.143ms
[2025-08-22T14:18:28.774+0000][175][info ][gc,marking  ] GC(18) Concurrent Preclean
[2025-08-22T14:18:28.774+0000][175][info ][gc,marking  ] GC(18) Concurrent Preclean 0.547ms
[2025-08-22T14:18:28.774+0000][175][info ][gc,start    ] GC(18) Pause Remark
[2025-08-22T14:18:28.819+0000][175][info ][gc          ] GC(18) Pause Remark 292M->292M(2048M) 44.380ms
[2025-08-22T14:18:28.819+0000][175][info ][gc,cpu      ] GC(18) User=0.15s Sys=0.00s Real=0.05s
[2025-08-22T14:18:28.819+0000][175][info ][safepoint   ] Safepoint "G1PauseRemark", Time since last: 100386056 ns, Reaching safepoint: 21632 ns, Cleanup: 25269 ns, At safepoint: 44497805 ns, Total: 44544706 ns
[2025-08-22T14:18:28.819+0000][175][info ][gc,marking  ] GC(18) Concurrent Mark 135.379ms
[2025-08-22T14:18:28.819+0000][175][info ][gc,marking  ] GC(18) Concurrent Rebuild Remembered Sets and Scrub Regions
[2025-08-22T14:18:28.865+0000][175][info ][gc,marking  ] GC(18) Concurrent Rebuild Remembered Sets and Scrub Regions 46.612ms
[2025-08-22T14:18:28.866+0000][175][info ][gc,start    ] GC(18) Pause Cleanup
[2025-08-22T14:18:28.866+0000][175][info ][gc          ] GC(18) Pause Cleanup 295M->295M(2048M) 0.120ms
[2025-08-22T14:18:28.866+0000][175][info ][gc,cpu      ] GC(18) User=0.00s Sys=0.00s Real=0.00s
[2025-08-22T14:18:28.866+0000][175][info ][safepoint   ] Safepoint "G1PauseCleanup", Time since last: 46765396 ns, Reaching safepoint: 82739 ns, Cleanup: 49654 ns, At safepoint: 181201 ns, Total: 313594 ns
[2025-08-22T14:18:28.866+0000][175][info ][gc,marking  ] GC(18) Concurrent Clear Claimed Marks
[2025-08-22T14:18:28.866+0000][175][info ][gc,marking  ] GC(18) Concurrent Clear Claimed Marks 0.381ms
[2025-08-22T14:18:28.866+0000][175][info ][gc,marking  ] GC(18) Concurrent Cleanup for Next Mark
[2025-08-22T14:18:28.868+0000][175][info ][gc,marking  ] GC(18) Concurrent Cleanup for Next Mark 1.799ms
[2025-08-22T14:18:28.868+0000][175][info ][gc          ] GC(18) Concurrent Mark Cycle 194.307ms
[2025-08-22T14:18:29.866+0000][175][info ][safepoint   ] Safepoint "Cleanup", Time since last: 1000073869 ns, Reaching safepoint: 19188 ns, Cleanup: 86188 ns, At safepoint: 7050 ns, Total: 112426 ns
[2025-08-22T14:18:30.866+0000][175][info ][safepoint   ] Safepoint "Cleanup", Time since last: 1000101626 ns, Reaching safepoint: 20807 ns, Cleanup: 9137 ns, At safepoint: 5380 ns, Total: 35324 ns
[2025-08-22T14:18:32.026+0000][175][info ][safepoint   ] Safepoint "Cleanup", Time since last: 1160275692 ns, Reaching safepoint: 82135 ns, Cleanup: 55513 ns, At safepoint: 4848 ns, Total: 142496 ns
[2025-08-22T14:18:33.925+0000][175][info ][safepoint   ] Safepoint "Cleanup", Time since last: 1898653549 ns, Reaching safepoint: 23490 ns, Cleanup: 112231 ns, At safepoint: 2316 ns, Total: 138037 ns
[2025-08-22T14:18:34.925+0000][175][info ][safepoint   ] Safepoint "Cleanup", Time since last: 1000110882 ns, Reaching safepoint: 21862 ns, Cleanup: 34445 ns, At safepoint: 2300 ns, Total: 58607 ns
[2025-08-22T14:18:35.928+0000][175][info ][safepoint   ] Safepoint "Cleanup", Time since last: 1002267138 ns, Reaching safepoint: 80884 ns, Cleanup: 93473 ns, At safepoint: 4069 ns, Total: 178426 ns
[2025-08-22T14:18:37.374+0000][175][info ][safepoint   ] Safepoint "Cleanup", Time since last: 1446401019 ns, Reaching safepoint: 18290 ns, Cleanup: 37585 ns, At safepoint: 12977 ns, Total: 68852 ns
[2025-08-22T14:18:39.044+0000][175][info ][safepoint   ] Safepoint "Cleanup", Time since last: 1669946601 ns, Reaching safepoint: 8965 ns, Cleanup: 84910 ns, At safepoint: 5647 ns, Total: 99522 ns
[2025-08-22T14:18:40.047+0000][175][info ][safepoint   ] Safepoint "Cleanup", Time since last: 1002321786 ns, Reaching safepoint: 21172 ns, Cleanup: 40551 ns, At safepoint: 2424 ns, Total: 64147 ns
[2025-08-22T14:18:41.051+0000][175][info ][safepoint   ] Safepoint "Cleanup", Time since last: 1003768553 ns, Reaching safepoint: 8073 ns, Cleanup: 38027 ns, At safepoint: 3652 ns, Total: 49752 ns
[2025-08-22T14:18:42.493+0000][175][info ][safepoint   ] Safepoint "Cleanup", Time since last: 1442610745 ns, Reaching safepoint: 21785 ns, Cleanup: 68151 ns, At safepoint: 2765 ns, Total: 92701 ns
[2025-08-22T14:18:43.494+0000][175][info ][safepoint   ] Safepoint "Cleanup", Time since last: 1000148830 ns, Reaching safepoint: 20072 ns, Cleanup: 60544 ns, At safepoint: 2700 ns, Total: 83316 ns
[2025-08-22T14:18:45.062+0000][175][info ][safepoint   ] Safepoint "Cleanup", Time since last: 1568426455 ns, Reaching safepoint: 21630 ns, Cleanup: 24418 ns, At safepoint: 2950 ns, Total: 48998 ns
[2025-08-22T14:18:46.245+0000][175][info ][safepoint   ] Safepoint "Cleanup", Time since last: 1182525271 ns, Reaching safepoint: 10414 ns, Cleanup: 18208 ns, At safepoint: 3520 ns, Total: 32142 ns
[2025-08-22T14:18:47.538+0000][175][info ][safepoint   ] Safepoint "Cleanup", Time since last: 1292885095 ns, Reaching safepoint: 50912 ns, Cleanup: 137146 ns, At safepoint: 3218 ns, Total: 191276 ns
[2025-08-22T14:18:48.538+0000][175][info ][safepoint   ] Safepoint "Cleanup", Time since last: 1000104734 ns, Reaching safepoint: 21497 ns, Cleanup: 35047 ns, At safepoint: 2597 ns, Total: 59141 ns
[2025-08-22T14:18:49.538+0000][175][info ][safepoint   ] Safepoint "Cleanup", Time since last: 1000118582 ns, Reaching safepoint: 22868 ns, Cleanup: 13519 ns, At safepoint: 2386 ns, Total: 38773 ns
[2025-08-22T14:18:51.071+0000][175][info ][safepoint   ] Safepoint "Cleanup", Time since last: 1532722386 ns, Reaching safepoint: 20484 ns, Cleanup: 45763 ns, At safepoint: 5673 ns, Total: 71920 ns
[2025-08-22T14:18:52.411+0000][175][info ][safepoint   ] Safepoint "Cleanup", Time since last: 1340467180 ns, Reaching safepoint: 19318 ns, Cleanup: 18420 ns, At safepoint: 2319 ns, Total: 40057 ns
[2025-08-22T14:18:53.868+0000][175][info ][safepoint   ] Safepoint "Cleanup", Time since last: 1456240663 ns, Reaching safepoint: 25810 ns, Cleanup: 66309 ns, At safepoint: 2752 ns, Total: 94871 ns
[2025-08-22T14:18:54.868+0000][175][info ][safepoint   ] Safepoint "Cleanup", Time since last: 1000113018 ns, Reaching safepoint: 20336 ns, Cleanup: 9581 ns, At safepoint: 5925 ns, Total: 35842 ns
[2025-08-22T14:18:56.077+0000][175][info ][safepoint   ] Safepoint "Cleanup", Time since last: 1208974953 ns, Reaching safepoint: 12310 ns, Cleanup: 42585 ns, At safepoint: 4815 ns, Total: 59710 ns
[2025-08-22T14:18:57.421+0000][175][info ][safepoint   ] Safepoint "Cleanup", Time since last: 1344456027 ns, Reaching safepoint: 23784 ns, Cleanup: 20854 ns, At safepoint: 3106 ns, Total: 47744 ns
[2025-08-22T14:18:58.421+0000][175][info ][safepoint   ] Safepoint "Cleanup", Time since last: 1000103661 ns, Reaching safepoint: 20916 ns, Cleanup: 27040 ns, At safepoint: 2268 ns, Total: 50224 ns
[2025-08-22T14:18:59.422+0000][175][info ][safepoint   ] Safepoint "Cleanup", Time since last: 1000107478 ns, Reaching safepoint: 23222 ns, Cleanup: 16911 ns, At safepoint: 2732 ns, Total: 42865 ns
[2025-08-22T14:19:00.422+0000][175][info ][safepoint   ] Safepoint "Cleanup", Time since last: 1000115299 ns, Reaching safepoint: 26010 ns, Cleanup: 37069 ns, At safepoint: 2406 ns, Total: 65485 ns
[2025-08-22T14:19:01.442+0000][175][info ][safepoint   ] Safepoint "Cleanup", Time since last: 1016180924 ns, Reaching safepoint: 3401400 ns, Cleanup: 117440 ns, At safepoint: 25810 ns, Total: 3544650 ns
[2025-08-22T14:19:03.335+0000][175][info ][gc,start    ] GC(19) Pause Young (Prepare Mixed) (G1 Evacuation Pause)
[2025-08-22T14:19:03.335+0000][175][info ][gc,task     ] GC(19) Using 8 workers of 8 for evacuation
[2025-08-22T14:19:03.335+0000][175][debug][gc,age      ] GC(19) Desired survivor size 81788928 bytes, new threshold 15 (max threshold 15)
[2025-08-22T14:19:03.374+0000][175][info ][gc,phases   ] GC(19)   Pre Evacuate Collection Set: 0.3ms
[2025-08-22T14:19:03.375+0000][175][info ][gc,phases   ] GC(19)   Merge Heap Roots: 0.2ms
[2025-08-22T14:19:03.375+0000][175][info ][gc,phases   ] GC(19)   Evacuate Collection Set: 36.0ms
[2025-08-22T14:19:03.375+0000][175][info ][gc,phases   ] GC(19)   Post Evacuate Collection Set: 3.4ms
[2025-08-22T14:19:03.375+0000][175][info ][gc,phases   ] GC(19)   Other: 0.1ms
[2025-08-22T14:19:03.375+0000][175][trace][gc,age      ] GC(19) Age table with threshold 15 (max threshold 15)
[2025-08-22T14:19:03.375+0000][175][trace][gc,age      ] GC(19) - age   1:   33477560 bytes,   33477560 total
[2025-08-22T14:19:03.375+0000][175][trace][gc,age      ] GC(19) - age   2:   12854720 bytes,   46332280 total
[2025-08-22T14:19:03.375+0000][175][trace][gc,age      ] GC(19) - age   3:   21289528 bytes,   67621808 total
[2025-08-22T14:19:03.375+0000][175][trace][gc,age      ] GC(19) - age   4:    1446296 bytes,   69068104 total
[2025-08-22T14:19:03.375+0000][175][info ][gc,heap     ] GC(19) Eden regions: 288->0(288)
[2025-08-22T14:19:03.375+0000][175][info ][gc,heap     ] GC(19) Survivor regions: 19->19(39)
[2025-08-22T14:19:03.375+0000][175][info ][gc,heap     ] GC(19) Old regions: 43->43
[2025-08-22T14:19:03.375+0000][175][info ][gc,heap     ] GC(19) Humongous regions: 2->2
[2025-08-22T14:19:03.375+0000][175][info ][gc,metaspace] GC(19) Metaspace: 151450K(155328K)->151450K(155328K) NonClass: 130952K(132992K)->130952K(132992K) Class: 20498K(22336K)->20498K(22336K)
[2025-08-22T14:19:03.375+0000][175][info ][gc          ] GC(19) Pause Young (Prepare Mixed) (G1 Evacuation Pause) 1401M->253M(2048M) 40.122ms
[2025-08-22T14:19:03.375+0000][175][info ][gc,cpu      ] GC(19) User=0.11s Sys=0.00s Real=0.04s
[2025-08-22T14:19:03.375+0000][175][info ][safepoint   ] Safepoint "G1CollectForAllocation", Time since last: 1892712181 ns, Reaching safepoint: 28369 ns, Cleanup: 194991 ns, At safepoint: 40233724 ns, Total: 40457084 ns
[2025-08-22T14:19:04.375+0000][175][info ][safepoint   ] Safepoint "Cleanup", Time since last: 1000091885 ns, Reaching safepoint: 25002 ns, Cleanup: 21523 ns, At safepoint: 3129 ns, Total: 49654 ns
[2025-08-22T14:19:05.885+0000][175][info ][safepoint   ] Safepoint "Cleanup", Time since last: 1510274578 ns, Reaching safepoint: 19898 ns, Cleanup: 27700 ns, At safepoint: 2671 ns, Total: 50269 ns
[2025-08-22T14:19:07.765+0000][175][info ][safepoint   ] Safepoint "Cleanup", Time since last: 1879670843 ns, Reaching safepoint: 9155 ns, Cleanup: 23165 ns, At safepoint: 5397 ns, Total: 37717 ns
[2025-08-22T14:19:09.270+0000][175][info ][safepoint   ] Safepoint "Cleanup", Time since last: 1505165265 ns, Reaching safepoint: 8577 ns, Cleanup: 49733 ns, At safepoint: 3953 ns, Total: 62263 ns
[2025-08-22T14:19:10.793+0000][175][info ][safepoint   ] Safepoint "Cleanup", Time since last: 1522959787 ns, Reaching safepoint: 19298 ns, Cleanup: 16694 ns, At safepoint: 2338 ns, Total: 38330 ns
[2025-08-22T14:19:12.555+0000][175][info ][safepoint   ] Safepoint "Cleanup", Time since last: 1761699938 ns, Reaching safepoint: 91473 ns, Cleanup: 37124 ns, At safepoint: 7236 ns, Total: 135833 ns
[2025-08-22T14:19:13.624+0000][175][info ][safepoint   ] Safepoint "Cleanup", Time since last: 1069453652 ns, Reaching safepoint: 32513 ns, Cleanup: 40400 ns, At safepoint: 8497 ns, Total: 81410 ns
[2025-08-22T14:19:15.276+0000][175][info ][safepoint   ] Safepoint "Cleanup", Time since last: 1651486783 ns, Reaching safepoint: 23682 ns, Cleanup: 43073 ns, At safepoint: 2903 ns, Total: 69658 ns
[2025-08-22T14:19:16.276+0000][175][info ][safepoint   ] Safepoint "Cleanup", Time since last: 1000109860 ns, Reaching safepoint: 23274 ns, Cleanup: 20591 ns, At safepoint: 2672 ns, Total: 46537 ns
[2025-08-22T14:19:17.564+0000][175][info ][safepoint   ] Safepoint "Cleanup", Time since last: 1288206898 ns, Reaching safepoint: 33677 ns, Cleanup: 25767 ns, At safepoint: 3908 ns, Total: 63352 ns
[2025-08-22T14:19:18.565+0000][175][info ][safepoint   ] Safepoint "Cleanup", Time since last: 1000103281 ns, Reaching safepoint: 24564 ns, Cleanup: 19276 ns, At safepoint: 2435 ns, Total: 46275 ns
[2025-08-22T14:19:19.762+0000][175][info ][safepoint   ] Safepoint "Cleanup", Time since last: 1197561196 ns, Reaching safepoint: 8099 ns, Cleanup: 20073 ns, At safepoint: 3420 ns, Total: 31592 ns
[2025-08-22T14:19:21.284+0000][175][info ][safepoint   ] Safepoint "Cleanup", Time since last: 1521629320 ns, Reaching safepoint: 20895 ns, Cleanup: 32370 ns, At safepoint: 2490 ns, Total: 55755 ns
[2025-08-22T14:19:22.576+0000][175][info ][safepoint   ] Safepoint "Cleanup", Time since last: 1292129546 ns, Reaching safepoint: 18563 ns, Cleanup: 52623 ns, At safepoint: 2187 ns, Total: 73373 ns
[2025-08-22T14:19:23.576+0000][175][info ][safepoint   ] Safepoint "Cleanup", Time since last: 1000095861 ns, Reaching safepoint: 23673 ns, Cleanup: 25198 ns, At safepoint: 2745 ns, Total: 51616 ns
[2025-08-22T14:19:24.576+0000][175][info ][safepoint   ] Safepoint "Cleanup", Time since last: 1000116525 ns, Reaching safepoint: 58679 ns, Cleanup: 14504 ns, At safepoint: 3998 ns, Total: 77181 ns
[2025-08-22T14:19:25.577+0000][175][info ][safepoint   ] Safepoint "Cleanup", Time since last: 1000107876 ns, Reaching safepoint: 23036 ns, Cleanup: 15906 ns, At safepoint: 2554 ns, Total: 41496 ns
[2025-08-22T14:19:26.583+0000][175][info ][safepoint   ] Safepoint "Cleanup", Time since last: 1006000539 ns, Reaching safepoint: 8137 ns, Cleanup: 27047 ns, At safepoint: 13149 ns, Total: 48333 ns
[2025-08-22T14:19:27.586+0000][175][info ][safepoint   ] Safepoint "Cleanup", Time since last: 1003000884 ns, Reaching safepoint: 18689 ns, Cleanup: 24141 ns, At safepoint: 2429 ns, Total: 45259 ns
[2025-08-22T14:19:28.586+0000][175][info ][safepoint   ] Safepoint "Cleanup", Time since last: 1000107864 ns, Reaching safepoint: 44257 ns, Cleanup: 23943 ns, At safepoint: 2613 ns, Total: 70813 ns
[2025-08-22T14:19:29.586+0000][175][info ][safepoint   ] Safepoint "Cleanup", Time since last: 1000100540 ns, Reaching safepoint: 24574 ns, Cleanup: 28735 ns, At safepoint: 3343 ns, Total: 56652 ns
[2025-08-22T14:19:30.586+0000][175][info ][safepoint   ] Safepoint "Cleanup", Time since last: 1000108603 ns, Reaching safepoint: 25461 ns, Cleanup: 17958 ns, At safepoint: 3541 ns, Total: 46960 ns
[2025-08-22T14:19:31.586+0000][175][info ][safepoint   ] Safepoint "Cleanup", Time since last: 1000109965 ns, Reaching safepoint: 21563 ns, Cleanup: 16675 ns, At safepoint: 2368 ns, Total: 40606 ns
[2025-08-22T14:19:33.302+0000][175][info ][safepoint   ] Safepoint "Cleanup", Time since last: 1715561640 ns, Reaching safepoint: 22548 ns, Cleanup: 46142 ns, At safepoint: 2702 ns, Total: 71392 ns
[2025-08-22T14:19:34.302+0000][175][info ][safepoint   ] Safepoint "Cleanup", Time since last: 1000103479 ns, Reaching safepoint: 19687 ns, Cleanup: 11131 ns, At safepoint: 2564 ns, Total: 33382 ns
[2025-08-22T14:19:35.302+0000][175][info ][safepoint   ] Safepoint "Cleanup", Time since last: 1000120676 ns, Reaching safepoint: 26506 ns, Cleanup: 13653 ns, At safepoint: 3052 ns, Total: 43211 ns
[2025-08-22T14:19:36.302+0000][175][info ][safepoint   ] Safepoint "Cleanup", Time since last: 1000121244 ns, Reaching safepoint: 53411 ns, Cleanup: 12942 ns, At safepoint: 2893 ns, Total: 69246 ns
[2025-08-22T14:19:37.609+0000][175][info ][safepoint   ] Safepoint "Cleanup", Time since last: 1306236631 ns, Reaching safepoint: 21074 ns, Cleanup: 17235 ns, At safepoint: 2268 ns, Total: 40577 ns
[2025-08-22T14:19:39.316+0000][175][info ][safepoint   ] Safepoint "Cleanup", Time since last: 1707589646 ns, Reaching safepoint: 8756 ns, Cleanup: 52629 ns, At safepoint: 14036 ns, Total: 75421 ns
[2025-08-22T14:19:40.319+0000][175][info ][safepoint   ] Safepoint "Cleanup", Time since last: 1002189039 ns, Reaching safepoint: 33067 ns, Cleanup: 57370 ns, At safepoint: 3054 ns, Total: 93491 ns
[2025-08-22T14:19:41.319+0000][175][info ][safepoint   ] Safepoint "Cleanup", Time since last: 1000109987 ns, Reaching safepoint: 23543 ns, Cleanup: 14274 ns, At safepoint: 2656 ns, Total: 40473 ns
[2025-08-22T14:19:42.621+0000][175][info ][safepoint   ] Safepoint "Cleanup", Time since last: 1302418314 ns, Reaching safepoint: 21020 ns, Cleanup: 27424 ns, At safepoint: 2399 ns, Total: 50843 ns
[2025-08-22T14:19:43.621+0000][175][info ][safepoint   ] Safepoint "Cleanup", Time since last: 1000117547 ns, Reaching safepoint: 26127 ns, Cleanup: 21758 ns, At safepoint: 2712 ns, Total: 50597 ns
[2025-08-22T14:19:45.325+0000][175][info ][safepoint   ] Safepoint "Cleanup", Time since last: 1703857685 ns, Reaching safepoint: 21778 ns, Cleanup: 38056 ns, At safepoint: 15188 ns, Total: 75022 ns
[2025-08-22T14:19:47.630+0000][175][info ][safepoint   ] Safepoint "Cleanup", Time since last: 2305011828 ns, Reaching safepoint: 26720 ns, Cleanup: 14131 ns, At safepoint: 2513 ns, Total: 43364 ns
[2025-08-22T14:19:48.631+0000][175][info ][safepoint   ] Safepoint "Cleanup", Time since last: 1000102801 ns, Reaching safepoint: 38374 ns, Cleanup: 23120 ns, At safepoint: 2599 ns, Total: 64093 ns
[2025-08-22T14:19:49.631+0000][175][info ][safepoint   ] Safepoint "Cleanup", Time since last: 1000106564 ns, Reaching safepoint: 20220 ns, Cleanup: 11260 ns, At safepoint: 2343 ns, Total: 33823 ns
[2025-08-22T14:19:51.333+0000][175][info ][safepoint   ] Safepoint "Cleanup", Time since last: 1702534447 ns, Reaching safepoint: 21722 ns, Cleanup: 18858 ns, At safepoint: 2672 ns, Total: 43252 ns
[2025-08-22T14:19:52.641+0000][175][info ][safepoint   ] Safepoint "Cleanup", Time since last: 1308140382 ns, Reaching safepoint: 19097 ns, Cleanup: 21323 ns, At safepoint: 2155 ns, Total: 42575 ns
[2025-08-22T14:19:53.908+0000][175][info ][safepoint   ] Safepoint "Cleanup", Time since last: 1266782353 ns, Reaching safepoint: 21566 ns, Cleanup: 21754 ns, At safepoint: 2317 ns, Total: 45637 ns
[2025-08-22T14:19:54.908+0000][175][info ][safepoint   ] Safepoint "Cleanup", Time since last: 1000140742 ns, Reaching safepoint: 21258 ns, Cleanup: 9507 ns, At safepoint: 2342 ns, Total: 33107 ns
[2025-08-22T14:19:56.338+0000][175][info ][safepoint   ] Safepoint "Cleanup", Time since last: 1429747636 ns, Reaching safepoint: 7979 ns, Cleanup: 14356 ns, At safepoint: 3943 ns, Total: 26278 ns
[2025-08-22T14:19:57.651+0000][175][info ][safepoint   ] Safepoint "Cleanup", Time since last: 1312279634 ns, Reaching safepoint: 21754 ns, Cleanup: 15256 ns, At safepoint: 2657 ns, Total: 39667 ns
[2025-08-22T14:19:58.651+0000][175][info ][safepoint   ] Safepoint "Cleanup", Time since last: 1000109800 ns, Reaching safepoint: 20913 ns, Cleanup: 15078 ns, At safepoint: 2870 ns, Total: 38861 ns
[2025-08-22T14:20:00.015+0000][175][info ][safepoint   ] Safepoint "Cleanup", Time since last: 1363664820 ns, Reaching safepoint: 20628 ns, Cleanup: 76246 ns, At safepoint: 2330 ns, Total: 99204 ns
[2025-08-22T14:20:01.040+0000][175][info ][safepoint   ] Safepoint "Cleanup", Time since last: 1022077564 ns, Reaching safepoint: 3167741 ns, Cleanup: 33139 ns, At safepoint: 24028 ns, Total: 3224908 ns
[2025-08-22T14:20:01.974+0000][175][info ][gc,start    ] GC(20) Pause Young (Mixed) (G1 Evacuation Pause)
[2025-08-22T14:20:01.974+0000][175][info ][gc,task     ] GC(20) Using 8 workers of 8 for evacuation
[2025-08-22T14:20:01.974+0000][175][debug][gc,age      ] GC(20) Desired survivor size 81788928 bytes, new threshold 15 (max threshold 15)
[2025-08-22T14:20:02.011+0000][175][info ][gc,phases   ] GC(20)   Pre Evacuate Collection Set: 0.2ms
[2025-08-22T14:20:02.011+0000][175][info ][gc,phases   ] GC(20)   Merge Heap Roots: 0.2ms
[2025-08-22T14:20:02.011+0000][175][info ][gc,phases   ] GC(20)   Evacuate Collection Set: 35.6ms
[2025-08-22T14:20:02.011+0000][175][info ][gc,phases   ] GC(20)   Post Evacuate Collection Set: 1.4ms
[2025-08-22T14:20:02.011+0000][175][info ][gc,phases   ] GC(20)   Other: 0.1ms
[2025-08-22T14:20:02.011+0000][175][trace][gc,age      ] GC(20) Age table with threshold 15 (max threshold 15)
[2025-08-22T14:20:02.011+0000][175][trace][gc,age      ] GC(20) - age   1:   32500040 bytes,   32500040 total
[2025-08-22T14:20:02.011+0000][175][trace][gc,age      ] GC(20) - age   2:    6432736 bytes,   38932776 total
[2025-08-22T14:20:02.011+0000][175][trace][gc,age      ] GC(20) - age   3:    9607280 bytes,   48540056 total
[2025-08-22T14:20:02.011+0000][175][trace][gc,age      ] GC(20) - age   4:   20888216 bytes,   69428272 total
[2025-08-22T14:20:02.011+0000][175][trace][gc,age      ] GC(20) - age   5:    1445504 bytes,   70873776 total
[2025-08-22T14:20:02.011+0000][175][info ][gc,heap     ] GC(20) Eden regions: 288->0(288)
[2025-08-22T14:20:02.011+0000][175][info ][gc,heap     ] GC(20) Survivor regions: 19->19(39)
[2025-08-22T14:20:02.011+0000][175][info ][gc,heap     ] GC(20) Old regions: 43->42
[2025-08-22T14:20:02.011+0000][175][info ][gc,heap     ] GC(20) Humongous regions: 2->2
[2025-08-22T14:20:02.011+0000][175][info ][gc,metaspace] GC(20) Metaspace: 151885K(155840K)->151885K(155840K) NonClass: 131383K(133504K)->131383K(133504K) Class: 20501K(22336K)->20501K(22336K)
[2025-08-22T14:20:02.011+0000][175][info ][gc          ] GC(20) Pause Young (Mixed) (G1 Evacuation Pause) 1405M->248M(2048M) 37.585ms
[2025-08-22T14:20:02.011+0000][175][info ][gc,cpu      ] GC(20) User=0.14s Sys=0.00s Real=0.04s
[2025-08-22T14:20:02.011+0000][175][info ][safepoint   ] Safepoint "G1CollectForAllocation", Time since last: 930413449 ns, Reaching safepoint: 3201120 ns, Cleanup: 63488 ns, At safepoint: 37671753 ns, Total: 40936361 ns
[2025-08-22T14:20:03.021+0000][175][info ][safepoint   ] Safepoint "Cleanup", Time since last: 1009257113 ns, Reaching safepoint: 8266 ns, Cleanup: 108477 ns, At safepoint: 6805 ns, Total: 123548 ns
[2025-08-22T14:20:04.788+0000][175][info ][safepoint   ] Safepoint "Cleanup", Time since last: 1767582157 ns, Reaching safepoint: 88235 ns, Cleanup: 27015 ns, At safepoint: 5436 ns, Total: 120686 ns
[2025-08-22T14:20:05.995+0000][175][info ][safepoint   ] Safepoint "Cleanup", Time since last: 1206974421 ns, Reaching safepoint: 7947 ns, Cleanup: 6171 ns, At safepoint: 5273 ns, Total: 19391 ns
[2025-08-22T14:20:07.765+0000][175][info ][safepoint   ] Safepoint "Cleanup", Time since last: 1770083033 ns, Reaching safepoint: 8431 ns, Cleanup: 33219 ns, At safepoint: 18454 ns, Total: 60104 ns
[2025-08-22T14:20:09.380+0000][175][info ][safepoint   ] Safepoint "Cleanup", Time since last: 1614417637 ns, Reaching safepoint: 30715 ns, Cleanup: 52620 ns, At safepoint: 3217 ns, Total: 86552 ns
[2025-08-22T14:20:10.380+0000][175][info ][safepoint   ] Safepoint "Cleanup", Time since last: 1000121387 ns, Reaching safepoint: 26251 ns, Cleanup: 18261 ns, At safepoint: 3062 ns, Total: 47574 ns
[2025-08-22T14:20:11.733+0000][175][info ][safepoint   ] Safepoint "Cleanup", Time since last: 1352402507 ns, Reaching safepoint: 21885 ns, Cleanup: 40012 ns, At safepoint: 2819 ns, Total: 64716 ns
[2025-08-22T14:20:12.733+0000][175][info ][safepoint   ] Safepoint "Cleanup", Time since last: 1000106943 ns, Reaching safepoint: 24049 ns, Cleanup: 33573 ns, At safepoint: 2863 ns, Total: 60485 ns
[2025-08-22T14:20:13.733+0000][175][info ][safepoint   ] Safepoint "Cleanup", Time since last: 1000105713 ns, Reaching safepoint: 24781 ns, Cleanup: 29757 ns, At safepoint: 2753 ns, Total: 57291 ns
[2025-08-22T14:20:15.387+0000][175][info ][safepoint   ] Safepoint "Cleanup", Time since last: 1653689134 ns, Reaching safepoint: 21685 ns, Cleanup: 30091 ns, At safepoint: 3105 ns, Total: 54881 ns
[2025-08-22T14:20:16.733+0000][175][info ][safepoint   ] Safepoint "Cleanup", Time since last: 1346142110 ns, Reaching safepoint: 8385 ns, Cleanup: 54257 ns, At safepoint: 7335 ns, Total: 69977 ns
[2025-08-22T14:20:17.736+0000][175][info ][safepoint   ] Safepoint "Cleanup", Time since last: 1002987613 ns, Reaching safepoint: 22531 ns, Cleanup: 22137 ns, At safepoint: 2673 ns, Total: 47341 ns
[2025-08-22T14:20:18.736+0000][175][info ][safepoint   ] Safepoint "Cleanup", Time since last: 1000125798 ns, Reaching safepoint: 25870 ns, Cleanup: 23215 ns, At safepoint: 2853 ns, Total: 51938 ns
[2025-08-22T14:20:19.765+0000][175][info ][safepoint   ] Safepoint "Cleanup", Time since last: 1029419037 ns, Reaching safepoint: 21112 ns, Cleanup: 8911 ns, At safepoint: 3909 ns, Total: 33932 ns
[2025-08-22T14:20:21.013+0000][175][info ][safepoint   ] Safepoint "Cleanup", Time since last: 1247876620 ns, Reaching safepoint: 12624 ns, Cleanup: 38430 ns, At safepoint: 3957 ns, Total: 55011 ns
[2025-08-22T14:20:22.581+0000][175][info ][safepoint   ] Safepoint "Cleanup", Time since last: 1567462436 ns, Reaching safepoint: 9004 ns, Cleanup: 46649 ns, At safepoint: 4836 ns, Total: 60489 ns
[2025-08-22T14:20:23.607+0000][175][info ][safepoint   ] Safepoint "Cleanup", Time since last: 1026361314 ns, Reaching safepoint: 26900 ns, Cleanup: 43754 ns, At safepoint: 3052 ns, Total: 73706 ns
[2025-08-22T14:20:25.766+0000][175][info ][safepoint   ] Safepoint "Cleanup", Time since last: 2158363976 ns, Reaching safepoint: 7696 ns, Cleanup: 13096 ns, At safepoint: 1827 ns, Total: 22619 ns
[2025-08-22T14:20:26.766+0000][175][info ][safepoint   ] Safepoint "Cleanup", Time since last: 1000039250 ns, Reaching safepoint: 12473 ns, Cleanup: 11224 ns, At safepoint: 3281 ns, Total: 26978 ns
[2025-08-22T14:20:27.766+0000][175][info ][safepoint   ] Safepoint "Cleanup", Time since last: 1000092936 ns, Reaching safepoint: 17365 ns, Cleanup: 10620 ns, At safepoint: 2475 ns, Total: 30460 ns
[2025-08-22T14:20:31.766+0000][175][info ][safepoint   ] Safepoint "Cleanup", Time since last: 4000003853 ns, Reaching safepoint: 7648 ns, Cleanup: 13289 ns, At safepoint: 4354 ns, Total: 25291 ns
[2025-08-22T14:20:33.411+0000][175][info ][safepoint   ] Safepoint "Cleanup", Time since last: 1645242906 ns, Reaching safepoint: 22897 ns, Cleanup: 39693 ns, At safepoint: 2667 ns, Total: 65257 ns
[2025-08-22T14:20:34.411+0000][175][info ][safepoint   ] Safepoint "Cleanup", Time since last: 1000125257 ns, Reaching safepoint: 26489 ns, Cleanup: 15583 ns, At safepoint: 2439 ns, Total: 44511 ns
[2025-08-22T14:20:35.412+0000][175][info ][safepoint   ] Safepoint "Cleanup", Time since last: 1000117842 ns, Reaching safepoint: 23460 ns, Cleanup: 21735 ns, At safepoint: 2571 ns, Total: 47766 ns
[2025-08-22T14:20:37.765+0000][175][info ][safepoint   ] Safepoint "Cleanup", Time since last: 2353073878 ns, Reaching safepoint: 7069 ns, Cleanup: 10595 ns, At safepoint: 6070 ns, Total: 23734 ns
[2025-08-22T14:20:39.424+0000][175][info ][safepoint   ] Safepoint "Cleanup", Time since last: 1659698546 ns, Reaching safepoint: 23966 ns, Cleanup: 33311 ns, At safepoint: 3109 ns, Total: 60386 ns
[2025-08-22T14:20:40.425+0000][175][info ][safepoint   ] Safepoint "Cleanup", Time since last: 1000119288 ns, Reaching safepoint: 21615 ns, Cleanup: 39181 ns, At safepoint: 2416 ns, Total: 63212 ns
[2025-08-22T14:20:41.425+0000][175][info ][safepoint   ] Safepoint "Cleanup", Time since last: 1000112294 ns, Reaching safepoint: 24108 ns, Cleanup: 19418 ns, At safepoint: 2608 ns, Total: 46134 ns
[2025-08-22T14:20:42.794+0000][175][info ][safepoint   ] Safepoint "Cleanup", Time since last: 1369478761 ns, Reaching safepoint: 18331 ns, Cleanup: 37712 ns, At safepoint: 2336 ns, Total: 58379 ns
[2025-08-22T14:20:44.428+0000][175][info ][safepoint   ] Safepoint "Cleanup", Time since last: 1633511555 ns, Reaching safepoint: 8115 ns, Cleanup: 11594 ns, At safepoint: 3293 ns, Total: 23002 ns
[2025-08-22T14:20:45.431+0000][175][info ][safepoint   ] Safepoint "Cleanup", Time since last: 1002620174 ns, Reaching safepoint: 23396 ns, Cleanup: 10276 ns, At safepoint: 2478 ns, Total: 36150 ns
[2025-08-22T14:20:46.773+0000][175][info ][safepoint   ] Safepoint "Cleanup", Time since last: 1342107702 ns, Reaching safepoint: 7934 ns, Cleanup: 15281 ns, At safepoint: 3245 ns, Total: 26460 ns
[2025-08-22T14:20:48.437+0000][175][info ][safepoint   ] Safepoint "Cleanup", Time since last: 1664747719 ns, Reaching safepoint: 22340 ns, Cleanup: 19822 ns, At safepoint: 2314 ns, Total: 44476 ns
[2025-08-22T14:20:49.766+0000][175][info ][safepoint   ] Safepoint "Cleanup", Time since last: 1328015089 ns, Reaching safepoint: 16091 ns, Cleanup: 9803 ns, At safepoint: 3326 ns, Total: 29220 ns
[2025-08-22T14:20:51.445+0000][175][info ][safepoint   ] Safepoint "Cleanup", Time since last: 1679457932 ns, Reaching safepoint: 20800 ns, Cleanup: 19819 ns, At safepoint: 2459 ns, Total: 43078 ns
[2025-08-22T14:20:52.774+0000][175][info ][safepoint   ] Safepoint "Cleanup", Time since last: 1328637775 ns, Reaching safepoint: 8156 ns, Cleanup: 23574 ns, At safepoint: 7781 ns, Total: 39511 ns
[2025-08-22T14:20:54.458+0000][175][info ][safepoint   ] Safepoint "Cleanup", Time since last: 1683865512 ns, Reaching safepoint: 7103 ns, Cleanup: 32871 ns, At safepoint: 3680 ns, Total: 43654 ns
[2025-08-22T14:20:55.465+0000][175][info ][safepoint   ] Safepoint "Cleanup", Time since last: 1006947803 ns, Reaching safepoint: 21370 ns, Cleanup: 9283 ns, At safepoint: 2397 ns, Total: 33050 ns
[2025-08-22T14:20:56.468+0000][175][info ][safepoint   ] Safepoint "Cleanup", Time since last: 1002964237 ns, Reaching safepoint: 7735 ns, Cleanup: 19829 ns, At safepoint: 3302 ns, Total: 30866 ns
[2025-08-22T14:20:57.821+0000][175][info ][safepoint   ] Safepoint "Cleanup", Time since last: 1353743770 ns, Reaching safepoint: 17142 ns, Cleanup: 9962 ns, At safepoint: 2002 ns, Total: 29106 ns
[2025-08-22T14:20:59.055+0000][175][info ][safepoint   ] Safepoint "Cleanup", Time since last: 1233326301 ns, Reaching safepoint: 22714 ns, Cleanup: 11412 ns, At safepoint: 2386 ns, Total: 36512 ns
[2025-08-22T14:21:00.055+0000][175][info ][safepoint   ] Safepoint "Cleanup", Time since last: 1000114481 ns, Reaching safepoint: 21356 ns, Cleanup: 11632 ns, At safepoint: 2656 ns, Total: 35644 ns
[2025-08-22T14:21:01.156+0000][175][info ][gc,start    ] GC(21) Pause Young (Normal) (G1 Evacuation Pause)
[2025-08-22T14:21:01.156+0000][175][info ][gc,task     ] GC(21) Using 8 workers of 8 for evacuation
[2025-08-22T14:21:01.156+0000][175][debug][gc,age      ] GC(21) Desired survivor size 81788928 bytes, new threshold 15 (max threshold 15)
[2025-08-22T14:21:01.182+0000][175][info ][gc,phases   ] GC(21)   Pre Evacuate Collection Set: 0.3ms
[2025-08-22T14:21:01.182+0000][175][info ][gc,phases   ] GC(21)   Merge Heap Roots: 0.2ms
[2025-08-22T14:21:01.182+0000][175][info ][gc,phases   ] GC(21)   Evacuate Collection Set: 24.4ms
[2025-08-22T14:21:01.182+0000][175][info ][gc,phases   ] GC(21)   Post Evacuate Collection Set: 1.2ms
[2025-08-22T14:21:01.182+0000][175][info ][gc,phases   ] GC(21)   Other: 0.1ms
[2025-08-22T14:21:01.182+0000][175][trace][gc,age      ] GC(21) Age table with threshold 15 (max threshold 15)
[2025-08-22T14:21:01.182+0000][175][trace][gc,age      ] GC(21) - age   1:   40349640 bytes,   40349640 total
[2025-08-22T14:21:01.182+0000][175][trace][gc,age      ] GC(21) - age   2:    9741752 bytes,   50091392 total
[2025-08-22T14:21:01.182+0000][175][trace][gc,age      ] GC(21) - age   3:    3021584 bytes,   53112976 total
[2025-08-22T14:21:01.182+0000][175][trace][gc,age      ] GC(21) - age   4:    7576688 bytes,   60689664 total
[2025-08-22T14:21:01.182+0000][175][trace][gc,age      ] GC(21) - age   5:   19385976 bytes,   80075640 total
[2025-08-22T14:21:01.182+0000][175][trace][gc,age      ] GC(21) - age   6:    1240224 bytes,   81315864 total
[2025-08-22T14:21:01.182+0000][175][info ][gc,heap     ] GC(21) Eden regions: 288->0(284)
[2025-08-22T14:21:01.182+0000][175][info ][gc,heap     ] GC(21) Survivor regions: 19->23(39)
[2025-08-22T14:21:01.182+0000][175][info ][gc,heap     ] GC(21) Old regions: 42->42
[2025-08-22T14:21:01.182+0000][175][info ][gc,heap     ] GC(21) Humongous regions: 2->2
[2025-08-22T14:21:01.182+0000][175][info ][gc,metaspace] GC(21) Metaspace: 152305K(156160K)->152305K(156160K) NonClass: 131802K(133824K)->131802K(133824K) Class: 20502K(22336K)->20502K(22336K)
[2025-08-22T14:21:01.182+0000][175][info ][gc          ] GC(21) Pause Young (Normal) (G1 Evacuation Pause) 1400M->262M(2048M) 26.220ms
[2025-08-22T14:21:01.182+0000][175][info ][gc,cpu      ] GC(21) User=0.11s Sys=0.00s Real=0.02s
[2025-08-22T14:21:01.182+0000][175][info ][safepoint   ] Safepoint "G1CollectForAllocation", Time since last: 1101048641 ns, Reaching safepoint: 21118 ns, Cleanup: 45069 ns, At safepoint: 26316829 ns, Total: 26383016 ns
[2025-08-22T14:21:02.475+0000][175][info ][safepoint   ] Safepoint "Cleanup", Time since last: 1292300366 ns, Reaching safepoint: 12014 ns, Cleanup: 83015 ns, At safepoint: 6202 ns, Total: 101231 ns
[2025-08-22T14:21:03.478+0000][175][info ][safepoint   ] Safepoint "Cleanup", Time since last: 1002956989 ns, Reaching safepoint: 22326 ns, Cleanup: 24936 ns, At safepoint: 2923 ns, Total: 50185 ns
[2025-08-22T14:21:04.478+0000][175][info ][safepoint   ] Safepoint "Cleanup", Time since last: 1000116577 ns, Reaching safepoint: 19996 ns, Cleanup: 17898 ns, At safepoint: 2490 ns, Total: 40384 ns
[2025-08-22T14:21:05.478+0000][175][info ][safepoint   ] Safepoint "Cleanup", Time since last: 1000105247 ns, Reaching safepoint: 23107 ns, Cleanup: 23793 ns, At safepoint: 2245 ns, Total: 49145 ns
[2025-08-22T14:21:06.843+0000][175][info ][safepoint   ] Safepoint "Cleanup", Time since last: 1365190039 ns, Reaching safepoint: 8733 ns, Cleanup: 6450 ns, At safepoint: 3579 ns, Total: 18762 ns
[2025-08-22T14:21:07.897+0000][175][info ][safepoint   ] Safepoint "Cleanup", Time since last: 1053332414 ns, Reaching safepoint: 8343 ns, Cleanup: 28146 ns, At safepoint: 1591 ns, Total: 38080 ns
[2025-08-22T14:21:09.484+0000][175][info ][safepoint   ] Safepoint "Cleanup", Time since last: 1587563375 ns, Reaching safepoint: 23047 ns, Cleanup: 18742 ns, At safepoint: 3062 ns, Total: 44851 ns
[2025-08-22T14:21:10.813+0000][175][info ][safepoint   ] Safepoint "Cleanup", Time since last: 1328599073 ns, Reaching safepoint: 21884 ns, Cleanup: 10934 ns, At safepoint: 2770 ns, Total: 35588 ns
[2025-08-22T14:21:11.813+0000][175][info ][safepoint   ] Safepoint "Cleanup", Time since last: 1000102258 ns, Reaching safepoint: 22015 ns, Cleanup: 13345 ns, At safepoint: 2624 ns, Total: 37984 ns
[2025-08-22T14:21:12.858+0000][175][info ][safepoint   ] Safepoint "Cleanup", Time since last: 1044484909 ns, Reaching safepoint: 22545 ns, Cleanup: 25553 ns, At safepoint: 2541 ns, Total: 50639 ns
[2025-08-22T14:21:17.867+0000][175][info ][safepoint   ] Safepoint "Cleanup", Time since last: 5009168726 ns, Reaching safepoint: 20481 ns, Cleanup: 11808 ns, At safepoint: 2616 ns, Total: 34905 ns
[2025-08-22T14:21:19.762+0000][175][info ][safepoint   ] Safepoint "Cleanup", Time since last: 1895000653 ns, Reaching safepoint: 77022 ns, Cleanup: 10584 ns, At safepoint: 3683 ns, Total: 91289 ns
[2025-08-22T14:21:21.496+0000][175][info ][safepoint   ] Safepoint "Cleanup", Time since last: 1734407816 ns, Reaching safepoint: 20556 ns, Cleanup: 13805 ns, At safepoint: 2123 ns, Total: 36484 ns
[2025-08-22T14:21:22.878+0000][175][info ][safepoint   ] Safepoint "Cleanup", Time since last: 1381241871 ns, Reaching safepoint: 20467 ns, Cleanup: 19811 ns, At safepoint: 2147 ns, Total: 42425 ns
[2025-08-22T14:21:25.761+0000][175][info ][safepoint   ] Safepoint "Cleanup", Time since last: 2883847381 ns, Reaching safepoint: 22866 ns, Cleanup: 6944 ns, At safepoint: 4218 ns, Total: 34028 ns
[2025-08-22T14:21:26.883+0000][175][info ][safepoint   ] Safepoint "Cleanup", Time since last: 1122006913 ns, Reaching safepoint: 7679 ns, Cleanup: 13060 ns, At safepoint: 3665 ns, Total: 24404 ns
[2025-08-22T14:21:28.886+0000][175][info ][safepoint   ] Safepoint "Cleanup", Time since last: 2002726163 ns, Reaching safepoint: 21902 ns, Cleanup: 12505 ns, At safepoint: 2489 ns, Total: 36896 ns
[2025-08-22T14:21:30.061+0000][175][info ][safepoint   ] Safepoint "Cleanup", Time since last: 1174401025 ns, Reaching safepoint: 9338 ns, Cleanup: 14482 ns, At safepoint: 4441 ns, Total: 28261 ns
[2025-08-22T14:21:31.062+0000][175][info ][safepoint   ] Safepoint "Cleanup", Time since last: 1001654098 ns, Reaching safepoint: 21008 ns, Cleanup: 21253 ns, At safepoint: 2178 ns, Total: 44439 ns
[2025-08-22T14:21:32.508+0000][175][info ][safepoint   ] Safepoint "Cleanup", Time since last: 1445814032 ns, Reaching safepoint: 7727 ns, Cleanup: 11159 ns, At safepoint: 3345 ns, Total: 22231 ns
[2025-08-22T14:21:34.073+0000][175][info ][safepoint   ] Safepoint "Cleanup", Time since last: 1565226829 ns, Reaching safepoint: 22161 ns, Cleanup: 27852 ns, At safepoint: 2978 ns, Total: 52991 ns
[2025-08-22T14:21:35.074+0000][175][info ][safepoint   ] Safepoint "Cleanup", Time since last: 1000106601 ns, Reaching safepoint: 20378 ns, Cleanup: 34013 ns, At safepoint: 2499 ns, Total: 56890 ns
[2025-08-22T14:21:36.074+0000][175][info ][safepoint   ] Safepoint "Cleanup", Time since last: 1000116377 ns, Reaching safepoint: 22648 ns, Cleanup: 15034 ns, At safepoint: 2962 ns, Total: 40644 ns
[2025-08-22T14:21:37.758+0000][175][info ][safepoint   ] Safepoint "Cleanup", Time since last: 1683996111 ns, Reaching safepoint: 77611 ns, Cleanup: 13478 ns, At safepoint: 6189 ns, Total: 97278 ns
[2025-08-22T14:21:39.524+0000][175][info ][safepoint   ] Safepoint "Cleanup", Time since last: 1765707997 ns, Reaching safepoint: 9360 ns, Cleanup: 23151 ns, At safepoint: 3753 ns, Total: 36264 ns
[2025-08-22T14:21:40.526+0000][175][info ][safepoint   ] Safepoint "Cleanup", Time since last: 1001947091 ns, Reaching safepoint: 22528 ns, Cleanup: 22955 ns, At safepoint: 2481 ns, Total: 47964 ns
[2025-08-22T14:21:41.526+0000][175][info ][safepoint   ] Safepoint "Cleanup", Time since last: 1000112555 ns, Reaching safepoint: 23685 ns, Cleanup: 26075 ns, At safepoint: 3355 ns, Total: 53115 ns
[2025-08-22T14:21:42.915+0000][175][info ][safepoint   ] Safepoint "Cleanup", Time since last: 1389624417 ns, Reaching safepoint: 20955 ns, Cleanup: 24148 ns, At safepoint: 2837 ns, Total: 47940 ns
[2025-08-22T14:21:44.529+0000][175][info ][safepoint   ] Safepoint "Cleanup", Time since last: 1613632584 ns, Reaching safepoint: 9572 ns, Cleanup: 12081 ns, At safepoint: 3621 ns, Total: 25274 ns
[2025-08-22T14:21:46.922+0000][175][info ][safepoint   ] Safepoint "Cleanup", Time since last: 2392940271 ns, Reaching safepoint: 8768 ns, Cleanup: 8945 ns, At safepoint: 4029 ns, Total: 21742 ns
[2025-08-22T14:21:47.925+0000][175][info ][safepoint   ] Safepoint "Cleanup", Time since last: 1002982299 ns, Reaching safepoint: 26253 ns, Cleanup: 12120 ns, At safepoint: 3073 ns, Total: 41446 ns
[2025-08-22T14:21:49.757+0000][175][info ][safepoint   ] Safepoint "Cleanup", Time since last: 1832368421 ns, Reaching safepoint: 8433 ns, Cleanup: 6880 ns, At safepoint: 1941 ns, Total: 17254 ns
[2025-08-22T14:21:51.540+0000][175][info ][safepoint   ] Safepoint "Cleanup", Time since last: 1782410377 ns, Reaching safepoint: 28496 ns, Cleanup: 19241 ns, At safepoint: 3205 ns, Total: 50942 ns
[2025-08-22T14:21:52.937+0000][175][info ][safepoint   ] Safepoint "Cleanup", Time since last: 1397373573 ns, Reaching safepoint: 20411 ns, Cleanup: 23994 ns, At safepoint: 2582 ns, Total: 46987 ns
[2025-08-22T14:21:55.758+0000][175][info ][safepoint   ] Safepoint "Cleanup", Time since last: 2820378592 ns, Reaching safepoint: 7465 ns, Cleanup: 7198 ns, At safepoint: 3388 ns, Total: 18051 ns
[2025-08-22T14:21:56.943+0000][175][info ][gc,start    ] GC(22) Pause Young (Normal) (G1 Evacuation Pause)
[2025-08-22T14:21:56.943+0000][175][info ][gc,task     ] GC(22) Using 8 workers of 8 for evacuation
[2025-08-22T14:21:56.943+0000][175][debug][gc,age      ] GC(22) Desired survivor size 81788928 bytes, new threshold 15 (max threshold 15)
[2025-08-22T14:21:56.966+0000][175][info ][gc,phases   ] GC(22)   Pre Evacuate Collection Set: 0.2ms
[2025-08-22T14:21:56.966+0000][175][info ][gc,phases   ] GC(22)   Merge Heap Roots: 0.1ms
[2025-08-22T14:21:56.966+0000][175][info ][gc,phases   ] GC(22)   Evacuate Collection Set: 22.1ms
[2025-08-22T14:21:56.966+0000][175][info ][gc,phases   ] GC(22)   Post Evacuate Collection Set: 1.1ms
[2025-08-22T14:21:56.966+0000][175][info ][gc,phases   ] GC(22)   Other: 0.1ms
[2025-08-22T14:21:56.966+0000][175][trace][gc,age      ] GC(22) Age table with threshold 15 (max threshold 15)
[2025-08-22T14:21:56.966+0000][175][trace][gc,age      ] GC(22) - age   1:   39686936 bytes,   39686936 total
[2025-08-22T14:21:56.966+0000][175][trace][gc,age      ] GC(22) - age   2:    4259464 bytes,   43946400 total
[2025-08-22T14:21:56.966+0000][175][trace][gc,age      ] GC(22) - age   3:    2695728 bytes,   46642128 total
[2025-08-22T14:21:56.966+0000][175][trace][gc,age      ] GC(22) - age   4:    2917328 bytes,   49559456 total
[2025-08-22T14:21:56.966+0000][175][trace][gc,age      ] GC(22) - age   5:    7562272 bytes,   57121728 total
[2025-08-22T14:21:56.966+0000][175][trace][gc,age      ] GC(22) - age   6:   19278040 bytes,   76399768 total
[2025-08-22T14:21:56.966+0000][175][trace][gc,age      ] GC(22) - age   7:    1238952 bytes,   77638720 total
[2025-08-22T14:21:56.966+0000][175][info ][gc,heap     ] GC(22) Eden regions: 284->0(287)
[2025-08-22T14:21:56.966+0000][175][info ][gc,heap     ] GC(22) Survivor regions: 23->20(39)
[2025-08-22T14:21:56.966+0000][175][info ][gc,heap     ] GC(22) Old regions: 42->42
[2025-08-22T14:21:56.966+0000][175][info ][gc,heap     ] GC(22) Humongous regions: 2->2
[2025-08-22T14:21:56.966+0000][175][info ][gc,metaspace] GC(22) Metaspace: 152589K(156480K)->152589K(156480K) NonClass: 132085K(134144K)->132085K(134144K) Class: 20503K(22336K)->20503K(22336K)
[2025-08-22T14:21:56.966+0000][175][info ][gc          ] GC(22) Pause Young (Normal) (G1 Evacuation Pause) 1398M->252M(2048M) 23.702ms
[2025-08-22T14:21:56.966+0000][175][info ][gc,cpu      ] GC(22) User=0.10s Sys=0.00s Real=0.03s
[2025-08-22T14:21:56.966+0000][175][info ][safepoint   ] Safepoint "G1CollectForAllocation", Time since last: 1184785182 ns, Reaching safepoint: 31858 ns, Cleanup: 13697 ns, At safepoint: 23799774 ns, Total: 23845329 ns
[2025-08-22T14:21:57.970+0000][175][info ][safepoint   ] Safepoint "Cleanup", Time since last: 1003497729 ns, Reaching safepoint: 21179 ns, Cleanup: 26763 ns, At safepoint: 2874 ns, Total: 50816 ns
[2025-08-22T14:22:00.970+0000][175][info ][safepoint   ] Safepoint "Cleanup", Time since last: 3000230935 ns, Reaching safepoint: 22405 ns, Cleanup: 17370 ns, At safepoint: 2729 ns, Total: 42504 ns
[2025-08-22T14:22:01.979+0000][175][info ][safepoint   ] Safepoint "Cleanup", Time since last: 1008301397 ns, Reaching safepoint: 78095 ns, Cleanup: 34675 ns, At safepoint: 9982 ns, Total: 122752 ns
[2025-08-22T14:22:03.555+0000][175][info ][safepoint   ] Safepoint "Cleanup", Time since last: 1575916689 ns, Reaching safepoint: 22373 ns, Cleanup: 19470 ns, At safepoint: 2653 ns, Total: 44496 ns
[2025-08-22T14:22:04.555+0000][175][info ][safepoint   ] Safepoint "Cleanup", Time since last: 1000116601 ns, Reaching safepoint: 15513 ns, Cleanup: 17158 ns, At safepoint: 2012 ns, Total: 34683 ns
[2025-08-22T14:22:05.555+0000][175][info ][safepoint   ] Safepoint "Cleanup", Time since last: 1000100291 ns, Reaching safepoint: 19534 ns, Cleanup: 20276 ns, At safepoint: 2410 ns, Total: 42220 ns
[2025-08-22T14:22:06.948+0000][175][info ][safepoint   ] Safepoint "Cleanup", Time since last: 1392757157 ns, Reaching safepoint: 7711 ns, Cleanup: 12217 ns, At safepoint: 3384 ns, Total: 23312 ns
[2025-08-22T14:22:08.559+0000][175][info ][safepoint   ] Safepoint "Cleanup", Time since last: 1611641942 ns, Reaching safepoint: 7886 ns, Cleanup: 27216 ns, At safepoint: 4150 ns, Total: 39252 ns
[2025-08-22T14:22:10.567+0000][175][info ][safepoint   ] Safepoint "Cleanup", Time since last: 2007429621 ns, Reaching safepoint: 21519 ns, Cleanup: 17053 ns, At safepoint: 2827 ns, Total: 41399 ns
[2025-08-22T14:22:12.001+0000][175][info ][safepoint   ] Safepoint "Cleanup", Time since last: 1434390831 ns, Reaching safepoint: 7662 ns, Cleanup: 18870 ns, At safepoint: 3970 ns, Total: 30502 ns
[2025-08-22T14:22:13.005+0000][175][info ][safepoint   ] Safepoint "Cleanup", Time since last: 1003396842 ns, Reaching safepoint: 20013 ns, Cleanup: 32227 ns, At safepoint: 2087 ns, Total: 54327 ns
[2025-08-22T14:22:14.570+0000][175][info ][safepoint   ] Safepoint "Cleanup", Time since last: 1565368643 ns, Reaching safepoint: 7972 ns, Cleanup: 9292 ns, At safepoint: 3353 ns, Total: 20617 ns
[2025-08-22T14:22:15.577+0000][175][info ][safepoint   ] Safepoint "Cleanup", Time since last: 1006434993 ns, Reaching safepoint: 8040 ns, Cleanup: 10475 ns, At safepoint: 3549 ns, Total: 22064 ns
[2025-08-22T14:22:17.784+0000][175][info ][safepoint   ] Safepoint "Cleanup", Time since last: 2207103190 ns, Reaching safepoint: 23253 ns, Cleanup: 13781 ns, At safepoint: 3030 ns, Total: 40064 ns
[2025-08-22T14:22:19.753+0000][175][info ][safepoint   ] Safepoint "Cleanup", Time since last: 1969337835 ns, Reaching safepoint: 8091 ns, Cleanup: 7455 ns, At safepoint: 5023 ns, Total: 20569 ns
[2025-08-22T14:22:21.582+0000][175][info ][safepoint   ] Safepoint "Cleanup", Time since last: 1829143558 ns, Reaching safepoint: 19420 ns, Cleanup: 16221 ns, At safepoint: 2732 ns, Total: 38373 ns
[2025-08-22T14:22:23.017+0000][175][info ][safepoint   ] Safepoint "Cleanup", Time since last: 1434883107 ns, Reaching safepoint: 19366 ns, Cleanup: 22367 ns, At safepoint: 2507 ns, Total: 44240 ns
[2025-08-22T14:22:25.017+0000][175][info ][safepoint   ] Safepoint "Cleanup", Time since last: 2000173784 ns, Reaching safepoint: 21924 ns, Cleanup: 13794 ns, At safepoint: 2779 ns, Total: 38497 ns
[2025-08-22T14:22:26.587+0000][175][info ][safepoint   ] Safepoint "Cleanup", Time since last: 1569333784 ns, Reaching safepoint: 8545 ns, Cleanup: 11862 ns, At safepoint: 3544 ns, Total: 23951 ns
[2025-08-22T14:22:28.028+0000][175][info ][safepoint   ] Safepoint "Cleanup", Time since last: 1441594914 ns, Reaching safepoint: 38845 ns, Cleanup: 52203 ns, At safepoint: 2717 ns, Total: 93765 ns
[2025-08-22T14:22:30.029+0000][175][info ][safepoint   ] Safepoint "Cleanup", Time since last: 2000171700 ns, Reaching safepoint: 20908 ns, Cleanup: 14921 ns, At safepoint: 2555 ns, Total: 38384 ns
[2025-08-22T14:22:31.754+0000][175][info ][safepoint   ] Safepoint "Cleanup", Time since last: 1725174628 ns, Reaching safepoint: 10795 ns, Cleanup: 13374 ns, At safepoint: 5026 ns, Total: 29195 ns
[2025-08-22T14:22:33.688+0000][175][info ][safepoint   ] Safepoint "Cleanup", Time since last: 1934077100 ns, Reaching safepoint: 21960 ns, Cleanup: 51460 ns, At safepoint: 2411 ns, Total: 75831 ns
[2025-08-22T14:22:34.688+0000][175][info ][safepoint   ] Safepoint "Cleanup", Time since last: 1000110075 ns, Reaching safepoint: 19324 ns, Cleanup: 8492 ns, At safepoint: 2283 ns, Total: 30099 ns
[2025-08-22T14:22:35.688+0000][175][info ][safepoint   ] Safepoint "Cleanup", Time since last: 1000108976 ns, Reaching safepoint: 21952 ns, Cleanup: 17008 ns, At safepoint: 2835 ns, Total: 41795 ns
[2025-08-22T14:22:36.688+0000][175][info ][safepoint   ] Safepoint "Cleanup", Time since last: 1000102339 ns, Reaching safepoint: 34384 ns, Cleanup: 43842 ns, At safepoint: 2996 ns, Total: 81222 ns
[2025-08-22T14:22:37.762+0000][175][info ][safepoint   ] Safepoint "Cleanup", Time since last: 1073369343 ns, Reaching safepoint: 7420 ns, Cleanup: 4683 ns, At safepoint: 3320 ns, Total: 15423 ns
[2025-08-22T14:22:37.826+0000][175][info ][gc,start    ] GC(23) Pause Young (Normal) (G1 Evacuation Pause)
[2025-08-22T14:22:37.826+0000][175][info ][gc,task     ] GC(23) Using 8 workers of 8 for evacuation
[2025-08-22T14:22:37.826+0000][175][debug][gc,age      ] GC(23) Desired survivor size 81788928 bytes, new threshold 15 (max threshold 15)
[2025-08-22T14:22:37.851+0000][175][info ][gc,phases   ] GC(23)   Pre Evacuate Collection Set: 0.2ms
[2025-08-22T14:22:37.851+0000][175][info ][gc,phases   ] GC(23)   Merge Heap Roots: 0.1ms
[2025-08-22T14:22:37.851+0000][175][info ][gc,phases   ] GC(23)   Evacuate Collection Set: 23.2ms
[2025-08-22T14:22:37.851+0000][175][info ][gc,phases   ] GC(23)   Post Evacuate Collection Set: 1.0ms
[2025-08-22T14:22:37.851+0000][175][info ][gc,phases   ] GC(23)   Other: 0.1ms
[2025-08-22T14:22:37.851+0000][175][trace][gc,age      ] GC(23) Age table with threshold 15 (max threshold 15)
[2025-08-22T14:22:37.851+0000][175][trace][gc,age      ] GC(23) - age   1:   40902736 bytes,   40902736 total
[2025-08-22T14:22:37.851+0000][175][trace][gc,age      ] GC(23) - age   2:    6963480 bytes,   47866216 total
[2025-08-22T14:22:37.851+0000][175][trace][gc,age      ] GC(23) - age   3:    3981208 bytes,   51847424 total
[2025-08-22T14:22:37.851+0000][175][trace][gc,age      ] GC(23) - age   4:    2622880 bytes,   54470304 total
[2025-08-22T14:22:37.851+0000][175][trace][gc,age      ] GC(23) - age   5:    2895624 bytes,   57365928 total
[2025-08-22T14:22:37.851+0000][175][trace][gc,age      ] GC(23) - age   6:    7436320 bytes,   64802248 total
[2025-08-22T14:22:37.851+0000][175][trace][gc,age      ] GC(23) - age   7:   19123400 bytes,   83925648 total
[2025-08-22T14:22:37.851+0000][175][trace][gc,age      ] GC(23) - age   8:    1219288 bytes,   85144936 total
[2025-08-22T14:22:37.851+0000][175][info ][gc,heap     ] GC(23) Eden regions: 287->0(284)
[2025-08-22T14:22:37.851+0000][175][info ][gc,heap     ] GC(23) Survivor regions: 20->23(39)
[2025-08-22T14:22:37.851+0000][175][info ][gc,heap     ] GC(23) Old regions: 42->42
[2025-08-22T14:22:37.851+0000][175][info ][gc,heap     ] GC(23) Humongous regions: 2->2
[2025-08-22T14:22:37.851+0000][175][info ][gc,metaspace] GC(23) Metaspace: 152877K(156736K)->152877K(156736K) NonClass: 132347K(134400K)->132347K(134400K) Class: 20530K(22336K)->20530K(22336K)
[2025-08-22T14:22:37.851+0000][175][info ][gc          ] GC(23) Pause Young (Normal) (G1 Evacuation Pause) 1400M->262M(2048M) 24.795ms
[2025-08-22T14:22:37.851+0000][175][info ][gc,cpu      ] GC(23) User=0.10s Sys=0.01s Real=0.02s
[2025-08-22T14:22:37.851+0000][175][info ][safepoint   ] Safepoint "G1CollectForAllocation", Time since last: 64118565 ns, Reaching safepoint: 17398 ns, Cleanup: 12614 ns, At safepoint: 24868557 ns, Total: 24898569 ns
[2025-08-22T14:22:39.605+0000][175][info ][safepoint   ] Safepoint "Cleanup", Time since last: 1753904136 ns, Reaching safepoint: 22195 ns, Cleanup: 18317 ns, At safepoint: 2648 ns, Total: 43160 ns
[2025-08-22T14:22:40.798+0000][175][info ][safepoint   ] Safepoint "Cleanup", Time since last: 1192892466 ns, Reaching safepoint: 20638 ns, Cleanup: 26927 ns, At safepoint: 2827 ns, Total: 50392 ns
[2025-08-22T14:22:43.059+0000][175][info ][safepoint   ] Safepoint "Cleanup", Time since last: 2261614104 ns, Reaching safepoint: 36895 ns, Cleanup: 22873 ns, At safepoint: 2516 ns, Total: 62284 ns
[2025-08-22T14:22:44.610+0000][175][info ][safepoint   ] Safepoint "Cleanup", Time since last: 1550475872 ns, Reaching safepoint: 8646 ns, Cleanup: 32111 ns, At safepoint: 3811 ns, Total: 44568 ns
[2025-08-22T14:22:45.617+0000][175][info ][safepoint   ] Safepoint "Cleanup", Time since last: 1007262136 ns, Reaching safepoint: 77882 ns, Cleanup: 20303 ns, At safepoint: 4608 ns, Total: 102793 ns
[2025-08-22T14:22:46.619+0000][175][info ][safepoint   ] Safepoint "Cleanup", Time since last: 1001967709 ns, Reaching safepoint: 23776 ns, Cleanup: 14202 ns, At safepoint: 2331 ns, Total: 40309 ns
[2025-08-22T14:22:48.068+0000][175][info ][safepoint   ] Safepoint "Cleanup", Time since last: 1448589906 ns, Reaching safepoint: 21560 ns, Cleanup: 16663 ns, At safepoint: 2565 ns, Total: 40788 ns
[2025-08-22T14:22:49.752+0000][175][info ][safepoint   ] Safepoint "Cleanup", Time since last: 1684179355 ns, Reaching safepoint: 7071 ns, Cleanup: 6183 ns, At safepoint: 3489 ns, Total: 16743 ns
[2025-08-22T14:22:51.626+0000][175][info ][safepoint   ] Safepoint "Cleanup", Time since last: 1873481545 ns, Reaching safepoint: 19913 ns, Cleanup: 16443 ns, At safepoint: 2084 ns, Total: 38440 ns
[2025-08-22T14:22:52.764+0000][175][info ][safepoint   ] Safepoint "Cleanup", Time since last: 1138700047 ns, Reaching safepoint: 7097 ns, Cleanup: 10966 ns, At safepoint: 3599 ns, Total: 21662 ns
[2025-08-22T14:22:54.633+0000][175][info ][safepoint   ] Safepoint "Cleanup", Time since last: 1868508190 ns, Reaching safepoint: 21689 ns, Cleanup: 16829 ns, At safepoint: 2907 ns, Total: 41425 ns
[2025-08-22T14:22:55.753+0000][175][info ][safepoint   ] Safepoint "Cleanup", Time since last: 1119695944 ns, Reaching safepoint: 8584 ns, Cleanup: 5788 ns, At safepoint: 3516 ns, Total: 17888 ns
[2025-08-22T14:22:57.167+0000][175][info ][safepoint   ] Safepoint "Cleanup", Time since last: 1414804745 ns, Reaching safepoint: 8899 ns, Cleanup: 14839 ns, At safepoint: 4914 ns, Total: 28652 ns
[2025-08-22T14:23:01.138+0000][175][info ][safepoint   ] Safepoint "Cleanup", Time since last: 3970638622 ns, Reaching safepoint: 335523 ns, Cleanup: 11197 ns, At safepoint: 20058 ns, Total: 366778 ns
[2025-08-22T14:23:02.225+0000][175][info ][gc,start    ] GC(24) Pause Young (Normal) (G1 Evacuation Pause)
[2025-08-22T14:23:02.225+0000][175][info ][gc,task     ] GC(24) Using 8 workers of 8 for evacuation
[2025-08-22T14:23:02.225+0000][175][debug][gc,age      ] GC(24) Desired survivor size 81788928 bytes, new threshold 7 (max threshold 15)
[2025-08-22T14:23:02.248+0000][175][info ][gc,phases   ] GC(24)   Pre Evacuate Collection Set: 0.2ms
[2025-08-22T14:23:02.248+0000][175][info ][gc,phases   ] GC(24)   Merge Heap Roots: 0.1ms
[2025-08-22T14:23:02.248+0000][175][info ][gc,phases   ] GC(24)   Evacuate Collection Set: 21.2ms
[2025-08-22T14:23:02.248+0000][175][info ][gc,phases   ] GC(24)   Post Evacuate Collection Set: 0.9ms
[2025-08-22T14:23:02.248+0000][175][info ][gc,phases   ] GC(24)   Other: 0.1ms
[2025-08-22T14:23:02.248+0000][175][trace][gc,age      ] GC(24) Age table with threshold 7 (max threshold 15)
[2025-08-22T14:23:02.248+0000][175][trace][gc,age      ] GC(24) - age   1:   37592192 bytes,   37592192 total
[2025-08-22T14:23:02.248+0000][175][trace][gc,age      ] GC(24) - age   2:    4625216 bytes,   42217408 total
[2025-08-22T14:23:02.248+0000][175][trace][gc,age      ] GC(24) - age   3:    2698280 bytes,   44915688 total
[2025-08-22T14:23:02.248+0000][175][trace][gc,age      ] GC(24) - age   4:    1798128 bytes,   46713816 total
[2025-08-22T14:23:02.248+0000][175][trace][gc,age      ] GC(24) - age   5:    2622616 bytes,   49336432 total
[2025-08-22T14:23:02.248+0000][175][trace][gc,age      ] GC(24) - age   6:    2820856 bytes,   52157288 total
[2025-08-22T14:23:02.248+0000][175][trace][gc,age      ] GC(24) - age   7:    7394672 bytes,   59551960 total
[2025-08-22T14:23:02.248+0000][175][info ][gc,heap     ] GC(24) Eden regions: 284->0(290)
[2025-08-22T14:23:02.248+0000][175][info ][gc,heap     ] GC(24) Survivor regions: 23->17(39)
[2025-08-22T14:23:02.248+0000][175][info ][gc,heap     ] GC(24) Old regions: 42->46
[2025-08-22T14:23:02.248+0000][175][info ][gc,heap     ] GC(24) Humongous regions: 2->2
[2025-08-22T14:23:02.248+0000][175][info ][gc,metaspace] GC(24) Metaspace: 152993K(156864K)->152993K(156864K) NonClass: 132461K(134528K)->132461K(134528K) Class: 20531K(22336K)->20531K(22336K)
[2025-08-22T14:23:02.248+0000][175][info ][gc          ] GC(24) Pause Young (Normal) (G1 Evacuation Pause) 1398M->257M(2048M) 22.624ms
[2025-08-22T14:23:02.248+0000][175][info ][gc,cpu      ] GC(24) User=0.08s Sys=0.01s Real=0.02s
[2025-08-22T14:23:02.248+0000][175][info ][safepoint   ] Safepoint "G1CollectForAllocation", Time since last: 1086766579 ns, Reaching safepoint: 87552 ns, Cleanup: 52457 ns, At safepoint: 22700097 ns, Total: 22840106 ns
[2025-08-22T14:23:03.649+0000][175][info ][safepoint   ] Safepoint "Cleanup", Time since last: 1400573720 ns, Reaching safepoint: 21065 ns, Cleanup: 27394 ns, At safepoint: 2639 ns, Total: 51098 ns
[2025-08-22T14:23:04.649+0000][175][info ][safepoint   ] Safepoint "Cleanup", Time since last: 1000122053 ns, Reaching safepoint: 22381 ns, Cleanup: 15345 ns, At safepoint: 2298 ns, Total: 40024 ns
[2025-08-22T14:23:05.649+0000][175][info ][safepoint   ] Safepoint "Cleanup", Time since last: 1000104098 ns, Reaching safepoint: 24042 ns, Cleanup: 17043 ns, At safepoint: 2509 ns, Total: 43594 ns
[2025-08-22T14:23:07.761+0000][175][info ][safepoint   ] Safepoint "Cleanup", Time since last: 2111866802 ns, Reaching safepoint: 7357 ns, Cleanup: 7816 ns, At safepoint: 4936 ns, Total: 20109 ns
[2025-08-22T14:23:09.661+0000][175][info ][safepoint   ] Safepoint "Cleanup", Time since last: 1899790828 ns, Reaching safepoint: 18068 ns, Cleanup: 30094 ns, At safepoint: 2505 ns, Total: 50667 ns
[2025-08-22T14:23:12.047+0000][175][info ][safepoint   ] Safepoint "Cleanup", Time since last: 2385838994 ns, Reaching safepoint: 26325 ns, Cleanup: 25416 ns, At safepoint: 2360 ns, Total: 54101 ns
[2025-08-22T14:23:13.127+0000][175][info ][safepoint   ] Safepoint "Cleanup", Time since last: 1080663739 ns, Reaching safepoint: 23082 ns, Cleanup: 17545 ns, At safepoint: 2621 ns, Total: 43248 ns
[2025-08-22T14:23:14.664+0000][175][info ][safepoint   ] Safepoint "Cleanup", Time since last: 1536776951 ns, Reaching safepoint: 77212 ns, Cleanup: 11993 ns, At safepoint: 6073 ns, Total: 95278 ns
[2025-08-22T14:23:17.873+0000][175][info ][safepoint   ] Safepoint "Cleanup", Time since last: 3208477025 ns, Reaching safepoint: 77622 ns, Cleanup: 6271 ns, At safepoint: 3818 ns, Total: 87711 ns
[2025-08-22T14:23:19.753+0000][175][info ][safepoint   ] Safepoint "Cleanup", Time since last: 1879896740 ns, Reaching safepoint: 7383 ns, Cleanup: 6479 ns, At safepoint: 3874 ns, Total: 17736 ns
[2025-08-22T14:23:21.675+0000][175][info ][safepoint   ] Safepoint "Cleanup", Time since last: 1921766564 ns, Reaching safepoint: 19633 ns, Cleanup: 20429 ns, At safepoint: 2035 ns, Total: 42097 ns
[2025-08-22T14:23:23.146+0000][175][info ][safepoint   ] Safepoint "Cleanup", Time since last: 1471881164 ns, Reaching safepoint: 20928 ns, Cleanup: 27435 ns, At safepoint: 2262 ns, Total: 50625 ns
[2025-08-22T14:23:26.679+0000][175][info ][safepoint   ] Safepoint "Cleanup", Time since last: 3532283197 ns, Reaching safepoint: 8574 ns, Cleanup: 9379 ns, At safepoint: 4020 ns, Total: 21973 ns
[2025-08-22T14:23:28.154+0000][175][info ][safepoint   ] Safepoint "Cleanup", Time since last: 1475676720 ns, Reaching safepoint: 21524 ns, Cleanup: 23537 ns, At safepoint: 2915 ns, Total: 47976 ns
[2025-08-22T14:23:30.155+0000][175][info ][safepoint   ] Safepoint "Cleanup", Time since last: 2000172388 ns, Reaching safepoint: 39120 ns, Cleanup: 12496 ns, At safepoint: 2589 ns, Total: 54205 ns
[2025-08-22T14:23:32.686+0000][175][info ][safepoint   ] Safepoint "Cleanup", Time since last: 2531458945 ns, Reaching safepoint: 7423 ns, Cleanup: 16577 ns, At safepoint: 4028 ns, Total: 28028 ns
[2025-08-22T14:23:33.689+0000][175][info ][safepoint   ] Safepoint "Cleanup", Time since last: 1002928810 ns, Reaching safepoint: 19224 ns, Cleanup: 13649 ns, At safepoint: 2762 ns, Total: 35635 ns
[2025-08-22T14:23:36.689+0000][175][info ][safepoint   ] Safepoint "Cleanup", Time since last: 3000240817 ns, Reaching safepoint: 24968 ns, Cleanup: 14142 ns, At safepoint: 2985 ns, Total: 42095 ns
[2025-08-22T14:23:37.755+0000][175][info ][safepoint   ] Safepoint "Cleanup", Time since last: 1065839775 ns, Reaching safepoint: 8203 ns, Cleanup: 9279 ns, At safepoint: 6618 ns, Total: 24100 ns
[2025-08-22T14:23:39.697+0000][175][info ][safepoint   ] Safepoint "Cleanup", Time since last: 1941228581 ns, Reaching safepoint: 17574 ns, Cleanup: 24218 ns, At safepoint: 2388 ns, Total: 44180 ns
[2025-08-22T14:23:42.571+0000][175][info ][safepoint   ] Safepoint "Cleanup", Time since last: 2874055599 ns, Reaching safepoint: 80428 ns, Cleanup: 5911 ns, At safepoint: 4225 ns, Total: 90564 ns
[2025-08-22T14:23:43.595+0000][175][info ][safepoint   ] Safepoint "Cleanup", Time since last: 1023816445 ns, Reaching safepoint: 21186 ns, Cleanup: 18595 ns, At safepoint: 2570 ns, Total: 42351 ns
[2025-08-22T14:23:44.705+0000][175][info ][safepoint   ] Safepoint "Cleanup", Time since last: 1110173490 ns, Reaching safepoint: 8190 ns, Cleanup: 10316 ns, At safepoint: 3414 ns, Total: 21920 ns
[2025-08-22T14:23:45.712+0000][175][info ][safepoint   ] Safepoint "Cleanup", Time since last: 1007538427 ns, Reaching safepoint: 19844 ns, Cleanup: 15149 ns, At safepoint: 3066 ns, Total: 38059 ns
[2025-08-22T14:23:46.713+0000][175][info ][safepoint   ] Safepoint "Cleanup", Time since last: 1000136532 ns, Reaching safepoint: 20898 ns, Cleanup: 14063 ns, At safepoint: 2552 ns, Total: 37513 ns
[2025-08-22T14:23:48.191+0000][175][info ][safepoint   ] Safepoint "Cleanup", Time since last: 1478178116 ns, Reaching safepoint: 20857 ns, Cleanup: 19511 ns, At safepoint: 2495 ns, Total: 42863 ns
[2025-08-22T14:23:49.753+0000][175][info ][safepoint   ] Safepoint "Cleanup", Time since last: 1562023432 ns, Reaching safepoint: 6915 ns, Cleanup: 7059 ns, At safepoint: 3322 ns, Total: 17296 ns
[2025-08-22T14:23:50.797+0000][175][info ][safepoint   ] Safepoint "Cleanup", Time since last: 1044046106 ns, Reaching safepoint: 8028 ns, Cleanup: 23104 ns, At safepoint: 3200 ns, Total: 34332 ns
[2025-08-22T14:23:52.988+0000][175][info ][safepoint   ] Safepoint "Cleanup", Time since last: 2190792782 ns, Reaching safepoint: 12130 ns, Cleanup: 19586 ns, At safepoint: 3961 ns, Total: 35677 ns
[2025-08-22T14:23:54.988+0000][175][info ][safepoint   ] Safepoint "Cleanup", Time since last: 2000206143 ns, Reaching safepoint: 18117 ns, Cleanup: 10975 ns, At safepoint: 2793 ns, Total: 31885 ns
[2025-08-22T14:23:56.724+0000][175][info ][safepoint   ] Safepoint "Cleanup", Time since last: 1735872821 ns, Reaching safepoint: 7898 ns, Cleanup: 10927 ns, At safepoint: 3508 ns, Total: 22333 ns
[2025-08-22T14:23:58.210+0000][175][info ][safepoint   ] Safepoint "Cleanup", Time since last: 1485977019 ns, Reaching safepoint: 20773 ns, Cleanup: 18670 ns, At safepoint: 2763 ns, Total: 42206 ns
[2025-08-22T14:24:00.210+0000][175][info ][safepoint   ] Safepoint "Cleanup", Time since last: 2000167895 ns, Reaching safepoint: 40939 ns, Cleanup: 16167 ns, At safepoint: 2412 ns, Total: 59518 ns
[2025-08-22T14:24:01.219+0000][175][info ][safepoint   ] Safepoint "Cleanup", Time since last: 1008622585 ns, Reaching safepoint: 80828 ns, Cleanup: 24580 ns, At safepoint: 8361 ns, Total: 113769 ns
[2025-08-22T14:24:02.045+0000][175][info ][gc,start    ] GC(25) Pause Young (Normal) (G1 Evacuation Pause)
[2025-08-22T14:24:02.045+0000][175][info ][gc,task     ] GC(25) Using 8 workers of 8 for evacuation
[2025-08-22T14:24:02.045+0000][175][debug][gc,age      ] GC(25) Desired survivor size 81788928 bytes, new threshold 15 (max threshold 15)
[2025-08-22T14:24:02.061+0000][175][info ][gc,phases   ] GC(25)   Pre Evacuate Collection Set: 0.2ms
[2025-08-22T14:24:02.061+0000][175][info ][gc,phases   ] GC(25)   Merge Heap Roots: 0.1ms
[2025-08-22T14:24:02.061+0000][175][info ][gc,phases   ] GC(25)   Evacuate Collection Set: 14.6ms
[2025-08-22T14:24:02.061+0000][175][info ][gc,phases   ] GC(25)   Post Evacuate Collection Set: 0.8ms
[2025-08-22T14:24:02.061+0000][175][info ][gc,phases   ] GC(25)   Other: 0.1ms
[2025-08-22T14:24:02.061+0000][175][trace][gc,age      ] GC(25) Age table with threshold 15 (max threshold 15)
[2025-08-22T14:24:02.061+0000][175][trace][gc,age      ] GC(25) - age   1:   32619120 bytes,   32619120 total
[2025-08-22T14:24:02.061+0000][175][trace][gc,age      ] GC(25) - age   2:    3025936 bytes,   35645056 total
[2025-08-22T14:24:02.061+0000][175][trace][gc,age      ] GC(25) - age   3:    2812472 bytes,   38457528 total
[2025-08-22T14:24:02.061+0000][175][trace][gc,age      ] GC(25) - age   4:    2444032 bytes,   40901560 total
[2025-08-22T14:24:02.061+0000][175][trace][gc,age      ] GC(25) - age   5:    1556720 bytes,   42458280 total
[2025-08-22T14:24:02.061+0000][175][trace][gc,age      ] GC(25) - age   6:    2377968 bytes,   44836248 total
[2025-08-22T14:24:02.061+0000][175][trace][gc,age      ] GC(25) - age   7:    2400256 bytes,   47236504 total
[2025-08-22T14:24:02.061+0000][175][trace][gc,age      ] GC(25) - age   8:    7165296 bytes,   54401800 total
[2025-08-22T14:24:02.061+0000][175][info ][gc,heap     ] GC(25) Eden regions: 290->0(293)
[2025-08-22T14:24:02.061+0000][175][info ][gc,heap     ] GC(25) Survivor regions: 17->14(39)
[2025-08-22T14:24:02.061+0000][175][info ][gc,heap     ] GC(25) Old regions: 46->46
[2025-08-22T14:24:02.061+0000][175][info ][gc,heap     ] GC(25) Humongous regions: 2->2
[2025-08-22T14:24:02.061+0000][175][info ][gc,metaspace] GC(25) Metaspace: 153188K(157056K)->153188K(157056K) NonClass: 132656K(134720K)->132656K(134720K) Class: 20532K(22336K)->20532K(22336K)
[2025-08-22T14:24:02.061+0000][175][info ][gc          ] GC(25) Pause Young (Normal) (G1 Evacuation Pause) 1417M->247M(2048M) 16.039ms
[2025-08-22T14:24:02.061+0000][175][info ][gc,cpu      ] GC(25) User=0.06s Sys=0.00s Real=0.02s
[2025-08-22T14:24:02.061+0000][175][info ][safepoint   ] Safepoint "G1CollectForAllocation", Time since last: 826233755 ns, Reaching safepoint: 89646 ns, Cleanup: 32737 ns, At safepoint: 16118828 ns, Total: 16241211 ns
[2025-08-22T14:24:03.736+0000][175][info ][safepoint   ] Safepoint "Cleanup", Time since last: 1674770592 ns, Reaching safepoint: 20689 ns, Cleanup: 47950 ns, At safepoint: 2346 ns, Total: 70985 ns
[2025-08-22T14:24:03.984+0000][175][info ][gc,start    ] GC(26) Pause Young (Concurrent Start) (CodeCache GC Threshold)
[2025-08-22T14:24:03.984+0000][175][info ][gc,task     ] GC(26) Using 8 workers of 8 for evacuation
[2025-08-22T14:24:03.984+0000][175][debug][gc,age      ] GC(26) Desired survivor size 81788928 bytes, new threshold 15 (max threshold 15)
[2025-08-22T14:24:03.998+0000][175][info ][gc,phases   ] GC(26)   Pre Evacuate Collection Set: 0.2ms
[2025-08-22T14:24:03.998+0000][175][info ][gc,phases   ] GC(26)   Merge Heap Roots: 0.1ms
[2025-08-22T14:24:03.999+0000][175][info ][gc,phases   ] GC(26)   Evacuate Collection Set: 13.7ms
[2025-08-22T14:24:03.999+0000][175][info ][gc,phases   ] GC(26)   Post Evacuate Collection Set: 0.6ms
[2025-08-22T14:24:03.999+0000][175][info ][gc,phases   ] GC(26)   Other: 0.1ms
[2025-08-22T14:24:03.999+0000][175][trace][gc,age      ] GC(26) Age table with threshold 15 (max threshold 15)
[2025-08-22T14:24:03.999+0000][175][trace][gc,age      ] GC(26) - age   1:   15141736 bytes,   15141736 total
[2025-08-22T14:24:03.999+0000][175][trace][gc,age      ] GC(26) - age   2:   25523848 bytes,   40665584 total
[2025-08-22T14:24:03.999+0000][175][trace][gc,age      ] GC(26) - age   3:    3024368 bytes,   43689952 total
[2025-08-22T14:24:03.999+0000][175][trace][gc,age      ] GC(26) - age   4:    2812440 bytes,   46502392 total
[2025-08-22T14:24:03.999+0000][175][trace][gc,age      ] GC(26) - age   5:    2444032 bytes,   48946424 total
[2025-08-22T14:24:03.999+0000][175][trace][gc,age      ] GC(26) - age   6:    1556600 bytes,   50503024 total
[2025-08-22T14:24:03.999+0000][175][trace][gc,age      ] GC(26) - age   7:    2377968 bytes,   52880992 total
[2025-08-22T14:24:03.999+0000][175][trace][gc,age      ] GC(26) - age   8:    2400256 bytes,   55281248 total
[2025-08-22T14:24:03.999+0000][175][trace][gc,age      ] GC(26) - age   9:    7165256 bytes,   62446504 total
[2025-08-22T14:24:03.999+0000][175][info ][gc,heap     ] GC(26) Eden regions: 47->0(290)
[2025-08-22T14:24:03.999+0000][175][info ][gc,heap     ] GC(26) Survivor regions: 14->17(39)
[2025-08-22T14:24:03.999+0000][175][info ][gc,heap     ] GC(26) Old regions: 46->46
[2025-08-22T14:24:03.999+0000][175][info ][gc,heap     ] GC(26) Humongous regions: 2->2
[2025-08-22T14:24:03.999+0000][175][info ][gc,metaspace] GC(26) Metaspace: 153200K(157056K)->153200K(157056K) NonClass: 132667K(134720K)->132667K(134720K) Class: 20532K(22336K)->20532K(22336K)
[2025-08-22T14:24:03.999+0000][175][info ][gc          ] GC(26) Pause Young (Concurrent Start) (CodeCache GC Threshold) 435M->257M(2048M) 14.753ms
[2025-08-22T14:24:03.999+0000][175][info ][gc          ] GC(27) Concurrent Mark Cycle
[2025-08-22T14:24:03.999+0000][175][info ][gc,cpu      ] GC(26) User=0.06s Sys=0.00s Real=0.02s
[2025-08-22T14:24:03.999+0000][175][info ][gc,marking  ] GC(27) Concurrent Scan Root Regions
[2025-08-22T14:24:03.999+0000][175][info ][safepoint   ] Safepoint "G1TryInitiateConcMark", Time since last: 247644228 ns, Reaching safepoint: 17608 ns, Cleanup: 23912 ns, At safepoint: 14856329 ns, Total: 14897849 ns
[2025-08-22T14:24:04.005+0000][175][info ][gc,marking  ] GC(27) Concurrent Scan Root Regions 6.451ms
[2025-08-22T14:24:04.005+0000][175][info ][gc,marking  ] GC(27) Concurrent Mark
[2025-08-22T14:24:04.005+0000][175][info ][gc,marking  ] GC(27) Concurrent Mark From Roots
[2025-08-22T14:24:04.005+0000][175][info ][gc,task     ] GC(27) Using 2 workers of 2 for marking
[2025-08-22T14:24:04.093+0000][175][info ][gc,marking  ] GC(27) Concurrent Mark From Roots 87.772ms
[2025-08-22T14:24:04.093+0000][175][info ][gc,marking  ] GC(27) Concurrent Preclean
[2025-08-22T14:24:04.093+0000][175][info ][gc,marking  ] GC(27) Concurrent Preclean 0.591ms
[2025-08-22T14:24:04.094+0000][175][info ][gc,start    ] GC(27) Pause Remark
[2025-08-22T14:24:04.169+0000][175][info ][gc          ] GC(27) Pause Remark 303M->303M(2048M) 74.990ms
[2025-08-22T14:24:04.169+0000][175][info ][gc,cpu      ] GC(27) User=0.22s Sys=0.00s Real=0.08s
[2025-08-22T14:24:04.169+0000][175][info ][safepoint   ] Safepoint "G1PauseRemark", Time since last: 94871472 ns, Reaching safepoint: 19260 ns, Cleanup: 12978 ns, At safepoint: 75099588 ns, Total: 75131826 ns
[2025-08-22T14:24:04.169+0000][175][info ][gc,marking  ] GC(27) Concurrent Mark 163.592ms
[2025-08-22T14:24:04.169+0000][175][info ][gc,marking  ] GC(27) Concurrent Rebuild Remembered Sets and Scrub Regions
[2025-08-22T14:24:04.216+0000][175][info ][gc,marking  ] GC(27) Concurrent Rebuild Remembered Sets and Scrub Regions 47.688ms
[2025-08-22T14:24:04.217+0000][175][info ][gc,start    ] GC(27) Pause Cleanup
[2025-08-22T14:24:04.217+0000][175][info ][gc          ] GC(27) Pause Cleanup 331M->331M(2048M) 0.114ms
[2025-08-22T14:24:04.217+0000][175][info ][gc,cpu      ] GC(27) User=0.00s Sys=0.00s Real=0.00s
[2025-08-22T14:24:04.217+0000][175][info ][safepoint   ] Safepoint "G1PauseCleanup", Time since last: 47783596 ns, Reaching safepoint: 15565 ns, Cleanup: 78376 ns, At safepoint: 162598 ns, Total: 256539 ns
[2025-08-22T14:24:04.217+0000][175][info ][gc,marking  ] GC(27) Concurrent Clear Claimed Marks
[2025-08-22T14:24:04.217+0000][175][info ][gc,marking  ] GC(27) Concurrent Clear Claimed Marks 0.405ms
[2025-08-22T14:24:04.217+0000][175][info ][gc,marking  ] GC(27) Concurrent Cleanup for Next Mark
[2025-08-22T14:24:04.219+0000][175][info ][gc,marking  ] GC(27) Concurrent Cleanup for Next Mark 1.938ms
[2025-08-22T14:24:04.219+0000][175][info ][gc          ] GC(27) Concurrent Mark Cycle 220.476ms
[2025-08-22T14:24:05.217+0000][175][info ][safepoint   ] Safepoint "Cleanup", Time since last: 1000077577 ns, Reaching safepoint: 20383 ns, Cleanup: 35389 ns, At safepoint: 5837 ns, Total: 61609 ns
[2025-08-22T14:24:06.327+0000][175][info ][safepoint   ] Safepoint "Cleanup", Time since last: 1110136608 ns, Reaching safepoint: 8895 ns, Cleanup: 39858 ns, At safepoint: 5552 ns, Total: 54305 ns
[2025-08-22T14:24:07.756+0000][175][info ][safepoint   ] Safepoint "Cleanup", Time since last: 1429200509 ns, Reaching safepoint: 7534 ns, Cleanup: 61344 ns, At safepoint: 3501 ns, Total: 72379 ns
[2025-08-22T14:24:09.748+0000][175][info ][safepoint   ] Safepoint "Cleanup", Time since last: 1991220466 ns, Reaching safepoint: 8765 ns, Cleanup: 17389 ns, At safepoint: 3502 ns, Total: 29656 ns
[2025-08-22T14:24:10.749+0000][175][info ][safepoint   ] Safepoint "Cleanup", Time since last: 1001757667 ns, Reaching safepoint: 17458 ns, Cleanup: 9264 ns, At safepoint: 4817 ns, Total: 31539 ns
[2025-08-22T14:24:12.236+0000][175][info ][safepoint   ] Safepoint "Cleanup", Time since last: 1486756894 ns, Reaching safepoint: 6956 ns, Cleanup: 17456 ns, At safepoint: 3733 ns, Total: 28145 ns
[2025-08-22T14:24:13.239+0000][175][info ][safepoint   ] Safepoint "Cleanup", Time since last: 1003204589 ns, Reaching safepoint: 20731 ns, Cleanup: 49822 ns, At safepoint: 2965 ns, Total: 73518 ns
[2025-08-22T14:24:14.758+0000][175][info ][safepoint   ] Safepoint "Cleanup", Time since last: 1518763579 ns, Reaching safepoint: 7922 ns, Cleanup: 18175 ns, At safepoint: 3490 ns, Total: 29587 ns
[2025-08-22T14:24:17.064+0000][175][info ][safepoint   ] Safepoint "Cleanup", Time since last: 2305764530 ns, Reaching safepoint: 19206 ns, Cleanup: 11238 ns, At safepoint: 2369 ns, Total: 32813 ns
[2025-08-22T14:24:19.752+0000][175][info ][safepoint   ] Safepoint "Cleanup", Time since last: 2687688963 ns, Reaching safepoint: 7056 ns, Cleanup: 7254 ns, At safepoint: 3512 ns, Total: 17822 ns
[2025-08-22T14:24:20.755+0000][175][info ][safepoint   ] Safepoint "Cleanup", Time since last: 1002939659 ns, Reaching safepoint: 19272 ns, Cleanup: 20773 ns, At safepoint: 2483 ns, Total: 42528 ns
[2025-08-22T14:24:21.764+0000][175][info ][safepoint   ] Safepoint "Cleanup", Time since last: 1008783855 ns, Reaching safepoint: 20385 ns, Cleanup: 13774 ns, At safepoint: 2536 ns, Total: 36695 ns
[2025-08-22T14:24:23.257+0000][175][info ][safepoint   ] Safepoint "Cleanup", Time since last: 1493091866 ns, Reaching safepoint: 27305 ns, Cleanup: 24926 ns, At safepoint: 3071 ns, Total: 55302 ns
[2025-08-22T14:24:26.761+0000][175][info ][safepoint   ] Safepoint "Cleanup", Time since last: 3504261327 ns, Reaching safepoint: 20689 ns, Cleanup: 20438 ns, At safepoint: 2255 ns, Total: 43382 ns
[2025-08-22T14:24:28.265+0000][175][info ][safepoint   ] Safepoint "Cleanup", Time since last: 1504437284 ns, Reaching safepoint: 26637 ns, Cleanup: 16347 ns, At safepoint: 2962 ns, Total: 45946 ns
[2025-08-22T14:24:29.266+0000][175][info ][safepoint   ] Safepoint "Cleanup", Time since last: 1000117723 ns, Reaching safepoint: 21797 ns, Cleanup: 14705 ns, At safepoint: 3081 ns, Total: 39583 ns
[2025-08-22T14:24:31.760+0000][175][info ][gc,start    ] GC(28) Pause Young (Prepare Mixed) (G1 Evacuation Pause)
[2025-08-22T14:24:31.760+0000][175][info ][gc,task     ] GC(28) Using 8 workers of 8 for evacuation
[2025-08-22T14:24:31.760+0000][175][debug][gc,age      ] GC(28) Desired survivor size 81788928 bytes, new threshold 15 (max threshold 15)
[2025-08-22T14:24:31.775+0000][175][info ][gc,phases   ] GC(28)   Pre Evacuate Collection Set: 0.2ms
[2025-08-22T14:24:31.775+0000][175][info ][gc,phases   ] GC(28)   Merge Heap Roots: 0.2ms
[2025-08-22T14:24:31.775+0000][175][info ][gc,phases   ] GC(28)   Evacuate Collection Set: 13.7ms
[2025-08-22T14:24:31.775+0000][175][info ][gc,phases   ] GC(28)   Post Evacuate Collection Set: 0.7ms
[2025-08-22T14:24:31.775+0000][175][info ][gc,phases   ] GC(28)   Other: 0.1ms
[2025-08-22T14:24:31.775+0000][175][trace][gc,age      ] GC(28) Age table with threshold 15 (max threshold 15)
[2025-08-22T14:24:31.775+0000][175][trace][gc,age      ] GC(28) - age   1:    6956624 bytes,    6956624 total
[2025-08-22T14:24:31.775+0000][175][trace][gc,age      ] GC(28) - age   2:   13072904 bytes,   20029528 total
[2025-08-22T14:24:31.775+0000][175][trace][gc,age      ] GC(28) - age   3:   23529896 bytes,   43559424 total
[2025-08-22T14:24:31.775+0000][175][trace][gc,age      ] GC(28) - age   4:    3016920 bytes,   46576344 total
[2025-08-22T14:24:31.775+0000][175][trace][gc,age      ] GC(28) - age   5:    2805768 bytes,   49382112 total
[2025-08-22T14:24:31.775+0000][175][trace][gc,age      ] GC(28) - age   6:    2307088 bytes,   51689200 total
[2025-08-22T14:24:31.775+0000][175][trace][gc,age      ] GC(28) - age   7:    1546920 bytes,   53236120 total
[2025-08-22T14:24:31.775+0000][175][trace][gc,age      ] GC(28) - age   8:    2328136 bytes,   55564256 total
[2025-08-22T14:24:31.775+0000][175][trace][gc,age      ] GC(28) - age   9:    2011656 bytes,   57575912 total
[2025-08-22T14:24:31.775+0000][175][trace][gc,age      ] GC(28) - age  10:    6013456 bytes,   63589368 total
[2025-08-22T14:24:31.775+0000][175][info ][gc,heap     ] GC(28) Eden regions: 290->0(290)
[2025-08-22T14:24:31.775+0000][175][info ][gc,heap     ] GC(28) Survivor regions: 17->17(39)
[2025-08-22T14:24:31.775+0000][175][info ][gc,heap     ] GC(28) Old regions: 46->46
[2025-08-22T14:24:31.775+0000][175][info ][gc,heap     ] GC(28) Humongous regions: 2->2
[2025-08-22T14:24:31.775+0000][175][info ][gc,metaspace] GC(28) Metaspace: 153106K(157056K)->153106K(157056K) NonClass: 132613K(134720K)->132613K(134720K) Class: 20493K(22336K)->20493K(22336K)
[2025-08-22T14:24:31.775+0000][175][info ][gc          ] GC(28) Pause Young (Prepare Mixed) (G1 Evacuation Pause) 1417M->259M(2048M) 15.023ms
[2025-08-22T14:24:31.775+0000][175][info ][gc,cpu      ] GC(28) User=0.06s Sys=0.00s Real=0.01s
[2025-08-22T14:24:31.775+0000][175][info ][safepoint   ] Safepoint "G1CollectForAllocation", Time since last: 2494147279 ns, Reaching safepoint: 8154 ns, Cleanup: 2317 ns, At safepoint: 15106606 ns, Total: 15117077 ns
[2025-08-22T14:24:32.776+0000][175][info ][safepoint   ] Safepoint "Cleanup", Time since last: 1001527574 ns, Reaching safepoint: 7303 ns, Cleanup: 14652 ns, At safepoint: 3503 ns, Total: 25458 ns
[2025-08-22T14:24:34.780+0000][175][info ][safepoint   ] Safepoint "Cleanup", Time since last: 2003085339 ns, Reaching safepoint: 23310 ns, Cleanup: 15658 ns, At safepoint: 2680 ns, Total: 41648 ns
[2025-08-22T14:24:35.780+0000][175][info ][safepoint   ] Safepoint "Cleanup", Time since last: 1000123262 ns, Reaching safepoint: 24503 ns, Cleanup: 17165 ns, At safepoint: 3473 ns, Total: 45141 ns
[2025-08-22T14:24:36.780+0000][175][info ][safepoint   ] Safepoint "Cleanup", Time since last: 1000130625 ns, Reaching safepoint: 29419 ns, Cleanup: 24351 ns, At safepoint: 2968 ns, Total: 56738 ns
[2025-08-22T14:24:38.761+0000][175][info ][safepoint   ] Safepoint "Cleanup", Time since last: 1980743957 ns, Reaching safepoint: 21690 ns, Cleanup: 23859 ns, At safepoint: 3656 ns, Total: 49205 ns
[2025-08-22T14:24:39.787+0000][175][info ][safepoint   ] Safepoint "Cleanup", Time since last: 1025844164 ns, Reaching safepoint: 19370 ns, Cleanup: 18425 ns, At safepoint: 2637 ns, Total: 40432 ns
[2025-08-22T14:24:40.787+0000][175][info ][safepoint   ] Safepoint "Cleanup", Time since last: 1000113269 ns, Reaching safepoint: 17766 ns, Cleanup: 17001 ns, At safepoint: 5312 ns, Total: 40079 ns
[2025-08-22T14:24:42.579+0000][175][info ][safepoint   ] Safepoint "Cleanup", Time since last: 1792612351 ns, Reaching safepoint: 8773 ns, Cleanup: 18813 ns, At safepoint: 4148 ns, Total: 31734 ns
[2025-08-22T14:24:43.609+0000][175][info ][safepoint   ] Safepoint "Cleanup", Time since last: 1029551472 ns, Reaching safepoint: 25105 ns, Cleanup: 28691 ns, At safepoint: 3261 ns, Total: 57057 ns
[2025-08-22T14:24:44.763+0000][175][info ][safepoint   ] Safepoint "Cleanup", Time since last: 1153655509 ns, Reaching safepoint: 19941 ns, Cleanup: 15489 ns, At safepoint: 2496 ns, Total: 37926 ns
[2025-08-22T14:24:45.798+0000][175][info ][safepoint   ] Safepoint "Cleanup", Time since last: 1035606264 ns, Reaching safepoint: 90802 ns, Cleanup: 8489 ns, At safepoint: 4083 ns, Total: 103374 ns
[2025-08-22T14:24:48.302+0000][175][info ][safepoint   ] Safepoint "Cleanup", Time since last: 2503576319 ns, Reaching safepoint: 23256 ns, Cleanup: 15393 ns, At safepoint: 2965 ns, Total: 41614 ns
[2025-08-22T14:24:50.786+0000][175][info ][safepoint   ] Safepoint "Cleanup", Time since last: 2484445664 ns, Reaching safepoint: 23081 ns, Cleanup: 19618 ns, At safepoint: 2730 ns, Total: 45429 ns
[2025-08-22T14:24:51.825+0000][175][info ][safepoint   ] Safepoint "Cleanup", Time since last: 1038338541 ns, Reaching safepoint: 21312 ns, Cleanup: 13556 ns, At safepoint: 3090 ns, Total: 37958 ns
[2025-08-22T14:24:53.004+0000][175][info ][safepoint   ] Safepoint "Cleanup", Time since last: 1179410060 ns, Reaching safepoint: 9476 ns, Cleanup: 27045 ns, At safepoint: 3553 ns, Total: 40074 ns
[2025-08-22T14:24:55.829+0000][175][info ][safepoint   ] Safepoint "Cleanup", Time since last: 2824578982 ns, Reaching safepoint: 7540 ns, Cleanup: 9715 ns, At safepoint: 3484 ns, Total: 20739 ns
[2025-08-22T14:24:56.835+0000][175][info ][safepoint   ] Safepoint "Cleanup", Time since last: 1006034781 ns, Reaching safepoint: 7663 ns, Cleanup: 19440 ns, At safepoint: 3714 ns, Total: 30817 ns
[2025-08-22T14:24:58.321+0000][175][info ][safepoint   ] Safepoint "Cleanup", Time since last: 1486142454 ns, Reaching safepoint: 20294 ns, Cleanup: 12582 ns, At safepoint: 2566 ns, Total: 35442 ns
[2025-08-22T14:24:59.803+0000][175][info ][safepoint   ] Safepoint "Cleanup", Time since last: 1482000413 ns, Reaching safepoint: 18410 ns, Cleanup: 11807 ns, At safepoint: 2543 ns, Total: 32760 ns
[2025-08-22T14:25:01.791+0000][175][info ][safepoint   ] Safepoint "Cleanup", Time since last: 1987638232 ns, Reaching safepoint: 11095 ns, Cleanup: 33358 ns, At safepoint: 5324 ns, Total: 49777 ns
[2025-08-22T14:25:02.849+0000][175][info ][safepoint   ] Safepoint "Cleanup", Time since last: 1058007102 ns, Reaching safepoint: 11124 ns, Cleanup: 26669 ns, At safepoint: 5210 ns, Total: 43003 ns
[2025-08-22T14:25:04.674+0000][175][info ][safepoint   ] Safepoint "Cleanup", Time since last: 1825154421 ns, Reaching safepoint: 20041 ns, Cleanup: 19896 ns, At safepoint: 2827 ns, Total: 42764 ns
[2025-08-22T14:25:06.674+0000][175][info ][safepoint   ] Safepoint "Cleanup", Time since last: 2000177827 ns, Reaching safepoint: 20326 ns, Cleanup: 16665 ns, At safepoint: 2739 ns, Total: 39730 ns
[2025-08-22T14:25:07.869+0000][175][info ][gc,start    ] GC(29) Pause Young (Mixed) (G1 Evacuation Pause)
[2025-08-22T14:25:07.869+0000][175][info ][gc,task     ] GC(29) Using 8 workers of 8 for evacuation
[2025-08-22T14:25:07.869+0000][175][debug][gc,age      ] GC(29) Desired survivor size 81788928 bytes, new threshold 15 (max threshold 15)
[2025-08-22T14:25:07.884+0000][175][info ][gc,phases   ] GC(29)   Pre Evacuate Collection Set: 0.2ms
[2025-08-22T14:25:07.908+0000][175][info ][gc,phases   ] GC(29)   Merge Heap Roots: 0.1ms
[2025-08-22T14:25:07.908+0000][175][info ][gc,phases   ] GC(29)   Evacuate Collection Set: 14.3ms
[2025-08-22T14:25:07.908+0000][175][info ][gc,phases   ] GC(29)   Post Evacuate Collection Set: 0.9ms
[2025-08-22T14:25:07.908+0000][175][info ][gc,phases   ] GC(29)   Other: 0.1ms
[2025-08-22T14:25:07.908+0000][175][trace][gc,age      ] GC(29) Age table with threshold 15 (max threshold 15)
[2025-08-22T14:25:07.908+0000][175][trace][gc,age      ] GC(29) - age   1:   25881696 bytes,   25881696 total
[2025-08-22T14:25:07.908+0000][175][trace][gc,age      ] GC(29) - age   2:    2418576 bytes,   28300272 total
[2025-08-22T14:25:07.908+0000][175][trace][gc,age      ] GC(29) - age   3:     422744 bytes,   28723016 total
[2025-08-22T14:25:07.908+0000][175][trace][gc,age      ] GC(29) - age   4:    4996288 bytes,   33719304 total
[2025-08-22T14:25:07.908+0000][175][trace][gc,age      ] GC(29) - age   5:    2127440 bytes,   35846744 total
[2025-08-22T14:25:07.908+0000][175][trace][gc,age      ] GC(29) - age   6:    2121192 bytes,   37967936 total
[2025-08-22T14:25:07.908+0000][175][trace][gc,age      ] GC(29) - age   7:    1418096 bytes,   39386032 total
[2025-08-22T14:25:07.908+0000][175][trace][gc,age      ] GC(29) - age   8:    1208080 bytes,   40594112 total
[2025-08-22T14:25:07.908+0000][175][trace][gc,age      ] GC(29) - age   9:    1852400 bytes,   42446512 total
[2025-08-22T14:25:07.908+0000][175][trace][gc,age      ] GC(29) - age  10:    1301008 bytes,   43747520 total
[2025-08-22T14:25:07.908+0000][175][trace][gc,age      ] GC(29) - age  11:    5954768 bytes,   49702288 total
[2025-08-22T14:25:07.909+0000][175][info ][gc,heap     ] GC(29) Eden regions: 290->0(293)
[2025-08-22T14:25:07.909+0000][175][info ][gc,heap     ] GC(29) Survivor regions: 17->14(39)
[2025-08-22T14:25:07.909+0000][175][info ][gc,heap     ] GC(29) Old regions: 46->45
[2025-08-22T14:25:07.909+0000][175][info ][gc,heap     ] GC(29) Humongous regions: 2->2
[2025-08-22T14:25:07.909+0000][175][info ][gc,metaspace] GC(29) Metaspace: 153185K(157120K)->153185K(157120K) NonClass: 132692K(134784K)->132692K(134784K) Class: 20493K(22336K)->20493K(22336K)
[2025-08-22T14:25:07.909+0000][175][info ][gc          ] GC(29) Pause Young (Mixed) (G1 Evacuation Pause) 1419M->241M(2048M) 40.039ms
[2025-08-22T14:25:07.909+0000][175][info ][gc,cpu      ] GC(29) User=0.07s Sys=0.00s Real=0.04s
[2025-08-22T14:25:07.909+0000][175][info ][safepoint   ] Safepoint "G1CollectForAllocation", Time since last: 1194111876 ns, Reaching safepoint: 10008 ns, Cleanup: 2770 ns, At safepoint: 40117047 ns, Total: 40129825 ns
[2025-08-22T14:25:09.865+0000][175][info ][safepoint   ] Safepoint "Cleanup", Time since last: 1956701519 ns, Reaching safepoint: 21894 ns, Cleanup: 10907 ns, At safepoint: 2415 ns, Total: 35216 ns
[2025-08-22T14:25:10.937+0000][175][info ][safepoint   ] Safepoint "Cleanup", Time since last: 1071670366 ns, Reaching safepoint: 20812 ns, Cleanup: 18971 ns, At safepoint: 2872 ns, Total: 42655 ns
[2025-08-22T14:25:12.472+0000][175][info ][safepoint   ] Safepoint "Cleanup", Time since last: 1535084878 ns, Reaching safepoint: 8183 ns, Cleanup: 6195 ns, At safepoint: 3335 ns, Total: 17713 ns
[2025-08-22T14:25:13.473+0000][175][info ][safepoint   ] Safepoint "Cleanup", Time since last: 1000737079 ns, Reaching safepoint: 20581 ns, Cleanup: 12753 ns, At safepoint: 2445 ns, Total: 35779 ns
[2025-08-22T14:25:14.875+0000][175][info ][safepoint   ] Safepoint "Cleanup", Time since last: 1401768148 ns, Reaching safepoint: 9539 ns, Cleanup: 20504 ns, At safepoint: 3626 ns, Total: 33669 ns
[2025-08-22T14:25:20.823+0000][175][info ][safepoint   ] Safepoint "Cleanup", Time since last: 5948458844 ns, Reaching safepoint: 7577 ns, Cleanup: 5653 ns, At safepoint: 5123 ns, Total: 18353 ns
[2025-08-22T14:25:22.079+0000][175][info ][safepoint   ] Safepoint "Cleanup", Time since last: 1255519374 ns, Reaching safepoint: 21510 ns, Cleanup: 28604 ns, At safepoint: 2533 ns, Total: 52647 ns
[2025-08-22T14:25:23.490+0000][175][info ][safepoint   ] Safepoint "Cleanup", Time since last: 1411325616 ns, Reaching safepoint: 19900 ns, Cleanup: 17111 ns, At safepoint: 2733 ns, Total: 39744 ns
[2025-08-22T14:25:25.760+0000][175][info ][safepoint   ] Safepoint "Cleanup", Time since last: 2270160876 ns, Reaching safepoint: 8230 ns, Cleanup: 6526 ns, At safepoint: 3526 ns, Total: 18282 ns
[2025-08-22T14:25:26.893+0000][175][info ][safepoint   ] Safepoint "Cleanup", Time since last: 1133096361 ns, Reaching safepoint: 20564 ns, Cleanup: 16667 ns, At safepoint: 22935 ns, Total: 60166 ns
[2025-08-22T14:25:28.495+0000][175][info ][safepoint   ] Safepoint "Cleanup", Time since last: 1601713624 ns, Reaching safepoint: 19910 ns, Cleanup: 14207 ns, At safepoint: 2350 ns, Total: 36467 ns
[2025-08-22T14:25:29.900+0000][175][info ][safepoint   ] Safepoint "Cleanup", Time since last: 1404537473 ns, Reaching safepoint: 19671 ns, Cleanup: 20122 ns, At safepoint: 2500 ns, Total: 42293 ns
[2025-08-22T14:25:31.757+0000][175][info ][safepoint   ] Safepoint "Cleanup", Time since last: 1857542160 ns, Reaching safepoint: 7050 ns, Cleanup: 5840 ns, At safepoint: 1659 ns, Total: 14549 ns
[2025-08-22T14:25:33.505+0000][175][info ][safepoint   ] Safepoint "Cleanup", Time since last: 1747456768 ns, Reaching safepoint: 22070 ns, Cleanup: 27400 ns, At safepoint: 2671 ns, Total: 52141 ns
[2025-08-22T14:25:34.505+0000][175][info ][safepoint   ] Safepoint "Cleanup", Time since last: 1000108752 ns, Reaching safepoint: 19740 ns, Cleanup: 13023 ns, At safepoint: 2870 ns, Total: 35633 ns
[2025-08-22T14:25:37.505+0000][175][info ][safepoint   ] Safepoint "Cleanup", Time since last: 3000251610 ns, Reaching safepoint: 21685 ns, Cleanup: 16836 ns, At safepoint: 2426 ns, Total: 40947 ns
[2025-08-22T14:25:38.918+0000][175][info ][safepoint   ] Safepoint "Cleanup", Time since last: 1412650574 ns, Reaching safepoint: 23722 ns, Cleanup: 29669 ns, At safepoint: 2360 ns, Total: 55751 ns
[2025-08-22T14:25:39.918+0000][175][info ][safepoint   ] Safepoint "Cleanup", Time since last: 1000121352 ns, Reaching safepoint: 20234 ns, Cleanup: 13896 ns, At safepoint: 2258 ns, Total: 36388 ns
[2025-08-22T14:25:42.520+0000][175][info ][safepoint   ] Safepoint "Cleanup", Time since last: 2601763433 ns, Reaching safepoint: 9647 ns, Cleanup: 9849 ns, At safepoint: 6181 ns, Total: 25677 ns
[2025-08-22T14:25:43.525+0000][175][info ][safepoint   ] Safepoint "Cleanup", Time since last: 1004767615 ns, Reaching safepoint: 33169 ns, Cleanup: 24720 ns, At safepoint: 3045 ns, Total: 60934 ns
[2025-08-22T14:25:46.925+0000][175][info ][safepoint   ] Safepoint "Cleanup", Time since last: 3400292743 ns, Reaching safepoint: 58638 ns, Cleanup: 14844 ns, At safepoint: 2650 ns, Total: 76132 ns
[2025-08-22T14:25:49.759+0000][175][info ][safepoint   ] Safepoint "Cleanup", Time since last: 2833730557 ns, Reaching safepoint: 8628 ns, Cleanup: 11201 ns, At safepoint: 4935 ns, Total: 24764 ns
[2025-08-22T14:25:50.932+0000][175][info ][safepoint   ] Safepoint "Cleanup", Time since last: 1172704136 ns, Reaching safepoint: 19990 ns, Cleanup: 14539 ns, At safepoint: 2596 ns, Total: 37125 ns
[2025-08-22T14:25:52.541+0000][175][info ][safepoint   ] Safepoint "Cleanup", Time since last: 1608998821 ns, Reaching safepoint: 7116 ns, Cleanup: 11847 ns, At safepoint: 3420 ns, Total: 22383 ns
[2025-08-22T14:25:54.020+0000][175][info ][safepoint   ] Safepoint "Cleanup", Time since last: 1479426882 ns, Reaching safepoint: 19001 ns, Cleanup: 16973 ns, At safepoint: 2507 ns, Total: 38481 ns
[2025-08-22T14:25:55.936+0000][175][info ][safepoint   ] Safepoint "Cleanup", Time since last: 1915619105 ns, Reaching safepoint: 7993 ns, Cleanup: 18520 ns, At safepoint: 3807 ns, Total: 30320 ns
[2025-08-22T14:25:57.900+0000][175][info ][safepoint   ] Safepoint "Cleanup", Time since last: 1963755152 ns, Reaching safepoint: 8173 ns, Cleanup: 6861 ns, At safepoint: 3338 ns, Total: 18372 ns
[2025-08-22T14:26:00.183+0000][175][info ][safepoint   ] Safepoint "Cleanup", Time since last: 2283510940 ns, Reaching safepoint: 21331 ns, Cleanup: 25530 ns, At safepoint: 2570 ns, Total: 49431 ns
[2025-08-22T14:26:01.183+0000][175][info ][safepoint   ] Safepoint "Cleanup", Time since last: 1000108480 ns, Reaching safepoint: 19401 ns, Cleanup: 37079 ns, At safepoint: 2536 ns, Total: 59016 ns
[2025-08-22T14:26:02.559+0000][175][info ][safepoint   ] Safepoint "Cleanup", Time since last: 1375483922 ns, Reaching safepoint: 87127 ns, Cleanup: 14432 ns, At safepoint: 7677 ns, Total: 109236 ns
[2025-08-22T14:26:03.562+0000][175][info ][safepoint   ] Safepoint "Cleanup", Time since last: 1003530573 ns, Reaching safepoint: 29447 ns, Cleanup: 19593 ns, At safepoint: 3302 ns, Total: 52342 ns
[2025-08-22T14:26:05.563+0000][175][info ][safepoint   ] Safepoint "Cleanup", Time since last: 2000195605 ns, Reaching safepoint: 22711 ns, Cleanup: 12695 ns, At safepoint: 2815 ns, Total: 38221 ns
[2025-08-22T14:26:07.760+0000][175][info ][safepoint   ] Safepoint "Cleanup", Time since last: 2196999360 ns, Reaching safepoint: 10280 ns, Cleanup: 5704 ns, At safepoint: 4757 ns, Total: 20741 ns
[2025-08-22T14:26:08.966+0000][175][info ][safepoint   ] Safepoint "Cleanup", Time since last: 1206559061 ns, Reaching safepoint: 25647 ns, Cleanup: 15953 ns, At safepoint: 3345 ns, Total: 44945 ns
[2025-08-22T14:26:09.799+0000][175][info ][gc,start    ] GC(30) Pause Young (Normal) (G1 Evacuation Pause)
[2025-08-22T14:26:09.799+0000][175][info ][gc,task     ] GC(30) Using 8 workers of 8 for evacuation
[2025-08-22T14:26:09.799+0000][175][debug][gc,age      ] GC(30) Desired survivor size 81788928 bytes, new threshold 15 (max threshold 15)
[2025-08-22T14:26:09.813+0000][175][info ][gc,phases   ] GC(30)   Pre Evacuate Collection Set: 0.2ms
[2025-08-22T14:26:09.813+0000][175][info ][gc,phases   ] GC(30)   Merge Heap Roots: 0.1ms
[2025-08-22T14:26:09.813+0000][175][info ][gc,phases   ] GC(30)   Evacuate Collection Set: 12.6ms
[2025-08-22T14:26:09.813+0000][175][info ][gc,phases   ] GC(30)   Post Evacuate Collection Set: 0.8ms
[2025-08-22T14:26:09.813+0000][175][info ][gc,phases   ] GC(30)   Other: 0.1ms
[2025-08-22T14:26:09.813+0000][175][trace][gc,age      ] GC(30) Age table with threshold 15 (max threshold 15)
[2025-08-22T14:26:09.813+0000][175][trace][gc,age      ] GC(30) - age   1:   52825592 bytes,   52825592 total
[2025-08-22T14:26:09.813+0000][175][trace][gc,age      ] GC(30) - age   2:   12590224 bytes,   65415816 total
[2025-08-22T14:26:09.813+0000][175][trace][gc,age      ] GC(30) - age   3:     449296 bytes,   65865112 total
[2025-08-22T14:26:09.813+0000][175][trace][gc,age      ] GC(30) - age   4:       2104 bytes,   65867216 total
[2025-08-22T14:26:09.813+0000][175][trace][gc,age      ] GC(30) - age   5:    1295240 bytes,   67162456 total
[2025-08-22T14:26:09.813+0000][175][trace][gc,age      ] GC(30) - age   6:    1202744 bytes,   68365200 total
[2025-08-22T14:26:09.813+0000][175][trace][gc,age      ] GC(30) - age   7:    1859000 bytes,   70224200 total
[2025-08-22T14:26:09.813+0000][175][trace][gc,age      ] GC(30) - age   8:    1320216 bytes,   71544416 total
[2025-08-22T14:26:09.813+0000][175][trace][gc,age      ] GC(30) - age   9:    1197440 bytes,   72741856 total
[2025-08-22T14:26:09.813+0000][175][trace][gc,age      ] GC(30) - age  10:    1849096 bytes,   74590952 total
[2025-08-22T14:26:09.813+0000][175][trace][gc,age      ] GC(30) - age  11:    1298872 bytes,   75889824 total
[2025-08-22T14:26:09.813+0000][175][trace][gc,age      ] GC(30) - age  12:    5954704 bytes,   81844528 total
[2025-08-22T14:26:09.813+0000][175][info ][gc,heap     ] GC(30) Eden regions: 293->0(286)
[2025-08-22T14:26:09.813+0000][175][info ][gc,heap     ] GC(30) Survivor regions: 14->21(39)
[2025-08-22T14:26:09.813+0000][175][info ][gc,heap     ] GC(30) Old regions: 45->45
[2025-08-22T14:26:09.813+0000][175][info ][gc,heap     ] GC(30) Humongous regions: 2->2
[2025-08-22T14:26:09.813+0000][175][info ][gc,metaspace] GC(30) Metaspace: 153276K(157184K)->153276K(157184K) NonClass: 132782K(134848K)->132782K(134848K) Class: 20493K(22336K)->20493K(22336K)
[2025-08-22T14:26:09.813+0000][175][info ][gc          ] GC(30) Pause Young (Normal) (G1 Evacuation Pause) 1413M->271M(2048M) 13.990ms
[2025-08-22T14:26:09.813+0000][175][info ][gc,cpu      ] GC(30) User=0.07s Sys=0.00s Real=0.01s
[2025-08-22T14:26:09.813+0000][175][info ][safepoint   ] Safepoint "G1CollectForAllocation", Time since last: 832776585 ns, Reaching safepoint: 23193 ns, Cleanup: 4314 ns, At safepoint: 14063461 ns, Total: 14090968 ns
[2025-08-22T14:26:10.817+0000][175][info ][safepoint   ] Safepoint "Cleanup", Time since last: 1004073814 ns, Reaching safepoint: 18506 ns, Cleanup: 12800 ns, At safepoint: 2479 ns, Total: 33785 ns
[2025-08-22T14:26:12.580+0000][175][info ][safepoint   ] Safepoint "Cleanup", Time since last: 1762351064 ns, Reaching safepoint: 7651 ns, Cleanup: 11249 ns, At safepoint: 3645 ns, Total: 22545 ns
[2025-08-22T14:26:13.971+0000][175][info ][safepoint   ] Safepoint "Cleanup", Time since last: 1390865965 ns, Reaching safepoint: 11324 ns, Cleanup: 8004 ns, At safepoint: 3824 ns, Total: 23152 ns
[2025-08-22T14:26:17.588+0000][175][info ][safepoint   ] Safepoint "Cleanup", Time since last: 3617638287 ns, Reaching safepoint: 7847 ns, Cleanup: 9742 ns, At safepoint: 3322 ns, Total: 20911 ns
[2025-08-22T14:26:22.598+0000][175][info ][safepoint   ] Safepoint "Cleanup", Time since last: 5009354516 ns, Reaching safepoint: 7826 ns, Cleanup: 18547 ns, At safepoint: 3672 ns, Total: 30045 ns
[2025-08-22T14:26:25.988+0000][175][info ][safepoint   ] Safepoint "Cleanup", Time since last: 3390448651 ns, Reaching safepoint: 8152 ns, Cleanup: 9396 ns, At safepoint: 3727 ns, Total: 21275 ns
[2025-08-22T14:26:29.609+0000][175][info ][safepoint   ] Safepoint "Cleanup", Time since last: 3620947907 ns, Reaching safepoint: 22671 ns, Cleanup: 13133 ns, At safepoint: 2509 ns, Total: 38313 ns
[2025-08-22T14:26:31.759+0000][175][info ][safepoint   ] Safepoint "Cleanup", Time since last: 2150048831 ns, Reaching safepoint: 7939 ns, Cleanup: 7767 ns, At safepoint: 3596 ns, Total: 19302 ns
[2025-08-22T14:26:33.619+0000][175][info ][safepoint   ] Safepoint "Cleanup", Time since last: 1859637653 ns, Reaching safepoint: 20064 ns, Cleanup: 19339 ns, At safepoint: 3338 ns, Total: 42741 ns
[2025-08-22T14:26:37.758+0000][175][info ][safepoint   ] Safepoint "Cleanup", Time since last: 4139164511 ns, Reaching safepoint: 7511 ns, Cleanup: 10461 ns, At safepoint: 3394 ns, Total: 21366 ns
[2025-08-22T14:26:40.005+0000][175][info ][safepoint   ] Safepoint "Cleanup", Time since last: 2246474278 ns, Reaching safepoint: 39506 ns, Cleanup: 17199 ns, At safepoint: 2628 ns, Total: 59333 ns
[2025-08-22T14:26:42.634+0000][175][info ][safepoint   ] Safepoint "Cleanup", Time since last: 2629496709 ns, Reaching safepoint: 8100 ns, Cleanup: 7940 ns, At safepoint: 3475 ns, Total: 19515 ns
[2025-08-22T14:26:47.011+0000][175][info ][safepoint   ] Safepoint "Cleanup", Time since last: 4377301775 ns, Reaching safepoint: 52164 ns, Cleanup: 12780 ns, At safepoint: 3441 ns, Total: 68385 ns
[2025-08-22T14:26:48.646+0000][175][info ][safepoint   ] Safepoint "Cleanup", Time since last: 1634477307 ns, Reaching safepoint: 46402 ns, Cleanup: 16407 ns, At safepoint: 5476 ns, Total: 68285 ns
[2025-08-22T14:26:50.016+0000][175][info ][safepoint   ] Safepoint "Cleanup", Time since last: 1369708770 ns, Reaching safepoint: 7163 ns, Cleanup: 7350 ns, At safepoint: 3491 ns, Total: 18004 ns
[2025-08-22T14:26:51.023+0000][175][info ][safepoint   ] Safepoint "Cleanup", Time since last: 1006942219 ns, Reaching safepoint: 7526 ns, Cleanup: 18598 ns, At safepoint: 1847 ns, Total: 27971 ns
[2025-08-22T14:26:52.653+0000][175][info ][safepoint   ] Safepoint "Cleanup", Time since last: 1630024480 ns, Reaching safepoint: 7366 ns, Cleanup: 43269 ns, At safepoint: 4121 ns, Total: 54756 ns
[2025-08-22T14:26:56.028+0000][175][info ][safepoint   ] Safepoint "Cleanup", Time since last: 3375675397 ns, Reaching safepoint: 20028 ns, Cleanup: 13422 ns, At safepoint: 6471 ns, Total: 39921 ns
[2025-08-22T14:26:57.031+0000][175][info ][safepoint   ] Safepoint "Cleanup", Time since last: 1002512469 ns, Reaching safepoint: 19302 ns, Cleanup: 16485 ns, At safepoint: 5591 ns, Total: 41378 ns
[2025-08-22T14:26:58.665+0000][175][info ][safepoint   ] Safepoint "Cleanup", Time since last: 1634149780 ns, Reaching safepoint: 21260 ns, Cleanup: 18092 ns, At safepoint: 2959 ns, Total: 42311 ns
[2025-08-22T14:27:00.327+0000][175][info ][safepoint   ] Safepoint "Cleanup", Time since last: 1661596021 ns, Reaching safepoint: 7723 ns, Cleanup: 8925 ns, At safepoint: 3674 ns, Total: 20322 ns
[2025-08-22T14:27:01.062+0000][175][info ][gc,start    ] GC(31) Pause Young (Normal) (G1 Evacuation Pause)
[2025-08-22T14:27:01.062+0000][175][info ][gc,task     ] GC(31) Using 8 workers of 8 for evacuation
[2025-08-22T14:27:01.062+0000][175][debug][gc,age      ] GC(31) Desired survivor size 81788928 bytes, new threshold 12 (max threshold 15)
[2025-08-22T14:27:01.078+0000][175][info ][gc,phases   ] GC(31)   Pre Evacuate Collection Set: 0.2ms
[2025-08-22T14:27:01.078+0000][175][info ][gc,phases   ] GC(31)   Merge Heap Roots: 0.1ms
[2025-08-22T14:27:01.078+0000][175][info ][gc,phases   ] GC(31)   Evacuate Collection Set: 14.7ms
[2025-08-22T14:27:01.078+0000][175][info ][gc,phases   ] GC(31)   Post Evacuate Collection Set: 0.9ms
[2025-08-22T14:27:01.078+0000][175][info ][gc,phases   ] GC(31)   Other: 0.1ms
[2025-08-22T14:27:01.078+0000][175][trace][gc,age      ] GC(31) Age table with threshold 12 (max threshold 15)
[2025-08-22T14:27:01.078+0000][175][trace][gc,age      ] GC(31) - age   1:   29114496 bytes,   29114496 total
[2025-08-22T14:27:01.078+0000][175][trace][gc,age      ] GC(31) - age   2:    7164224 bytes,   36278720 total
[2025-08-22T14:27:01.078+0000][175][trace][gc,age      ] GC(31) - age   3:    1901336 bytes,   38180056 total
[2025-08-22T14:27:01.078+0000][175][trace][gc,age      ] GC(31) - age   4:     440688 bytes,   38620744 total
[2025-08-22T14:27:01.078+0000][175][trace][gc,age      ] GC(31) - age   5:       1128 bytes,   38621872 total
[2025-08-22T14:27:01.078+0000][175][trace][gc,age      ] GC(31) - age   6:    1193144 bytes,   39815016 total
[2025-08-22T14:27:01.078+0000][175][trace][gc,age      ] GC(31) - age   7:    1200008 bytes,   41015024 total
[2025-08-22T14:27:01.078+0000][175][trace][gc,age      ] GC(31) - age   8:    1858648 bytes,   42873672 total
[2025-08-22T14:27:01.078+0000][175][trace][gc,age      ] GC(31) - age   9:    1316328 bytes,   44190000 total
[2025-08-22T14:27:01.078+0000][175][trace][gc,age      ] GC(31) - age  10:    1194480 bytes,   45384480 total
[2025-08-22T14:27:01.078+0000][175][trace][gc,age      ] GC(31) - age  11:    1846128 bytes,   47230608 total
[2025-08-22T14:27:01.078+0000][175][trace][gc,age      ] GC(31) - age  12:    1259944 bytes,   48490552 total
[2025-08-22T14:27:01.078+0000][175][info ][gc,heap     ] GC(31) Eden regions: 286->0(294)
[2025-08-22T14:27:01.078+0000][175][info ][gc,heap     ] GC(31) Survivor regions: 21->13(39)
[2025-08-22T14:27:01.078+0000][175][info ][gc,heap     ] GC(31) Old regions: 45->47
[2025-08-22T14:27:01.078+0000][175][info ][gc,heap     ] GC(31) Humongous regions: 2->2
[2025-08-22T14:27:01.078+0000][175][info ][gc,metaspace] GC(31) Metaspace: 153354K(157248K)->153354K(157248K) NonClass: 132861K(134912K)->132861K(134912K) Class: 20493K(22336K)->20493K(22336K)
[2025-08-22T14:27:01.078+0000][175][info ][gc          ] GC(31) Pause Young (Normal) (G1 Evacuation Pause) 1415M->246M(2048M) 16.179ms
[2025-08-22T14:27:01.078+0000][175][info ][gc,cpu      ] GC(31) User=0.07s Sys=0.00s Real=0.02s
[2025-08-22T14:27:01.078+0000][175][info ][safepoint   ] Safepoint "G1CollectForAllocation", Time since last: 735379795 ns, Reaching safepoint: 23073 ns, Cleanup: 14194 ns, At safepoint: 16256124 ns, Total: 16293391 ns
[2025-08-22T14:27:02.578+0000][175][info ][safepoint   ] Safepoint "Cleanup", Time since last: 1499977794 ns, Reaching safepoint: 7260 ns, Cleanup: 17858 ns, At safepoint: 3209 ns, Total: 28327 ns
[2025-08-22T14:27:03.675+0000][175][info ][safepoint   ] Safepoint "Cleanup", Time since last: 1096007472 ns, Reaching safepoint: 20116 ns, Cleanup: 20292 ns, At safepoint: 2460 ns, Total: 42868 ns
[2025-08-22T14:27:04.675+0000][175][info ][safepoint   ] Safepoint "Cleanup", Time since last: 1000115785 ns, Reaching safepoint: 17950 ns, Cleanup: 15005 ns, At safepoint: 2672 ns, Total: 35627 ns
[2025-08-22T14:27:06.044+0000][175][info ][safepoint   ] Safepoint "Cleanup", Time since last: 1369039554 ns, Reaching safepoint: 19127 ns, Cleanup: 14727 ns, At safepoint: 2953 ns, Total: 36807 ns
[2025-08-22T14:27:07.044+0000][175][info ][safepoint   ] Safepoint "Cleanup", Time since last: 1000097308 ns, Reaching safepoint: 22166 ns, Cleanup: 13449 ns, At safepoint: 2594 ns, Total: 38209 ns
[2025-08-22T14:27:08.048+0000][175][info ][safepoint   ] Safepoint "Cleanup", Time since last: 1004078512 ns, Reaching safepoint: 8835 ns, Cleanup: 11185 ns, At safepoint: 3671 ns, Total: 23691 ns
[2025-08-22T14:27:10.051+0000][175][info ][safepoint   ] Safepoint "Cleanup", Time since last: 2002661486 ns, Reaching safepoint: 18670 ns, Cleanup: 15127 ns, At safepoint: 2483 ns, Total: 36280 ns
[2025-08-22T14:27:12.690+0000][175][info ][safepoint   ] Safepoint "Cleanup", Time since last: 2639117985 ns, Reaching safepoint: 7142 ns, Cleanup: 32241 ns, At safepoint: 3503 ns, Total: 42886 ns
[2025-08-22T14:27:13.693+0000][175][info ][safepoint   ] Safepoint "Cleanup", Time since last: 1003186054 ns, Reaching safepoint: 22666 ns, Cleanup: 19307 ns, At safepoint: 2696 ns, Total: 44669 ns
[2025-08-22T14:27:15.062+0000][175][info ][safepoint   ] Safepoint "Cleanup", Time since last: 1369027683 ns, Reaching safepoint: 20207 ns, Cleanup: 24274 ns, At safepoint: 2470 ns, Total: 46951 ns
[2025-08-22T14:27:17.062+0000][175][info ][safepoint   ] Safepoint "Cleanup", Time since last: 2000181351 ns, Reaching safepoint: 49922 ns, Cleanup: 14233 ns, At safepoint: 2649 ns, Total: 66804 ns
[2025-08-22T14:27:18.701+0000][175][info ][safepoint   ] Safepoint "Cleanup", Time since last: 1638694125 ns, Reaching safepoint: 21988 ns, Cleanup: 20118 ns, At safepoint: 2443 ns, Total: 44549 ns
[2025-08-22T14:27:19.865+0000][175][info ][safepoint   ] Safepoint "Cleanup", Time since last: 1163328545 ns, Reaching safepoint: 7657 ns, Cleanup: 6095 ns, At safepoint: 3233 ns, Total: 16985 ns
[2025-08-22T14:27:22.708+0000][175][info ][safepoint   ] Safepoint "Cleanup", Time since last: 2843733656 ns, Reaching safepoint: 7863 ns, Cleanup: 23600 ns, At safepoint: 4460 ns, Total: 35923 ns
[2025-08-22T14:27:23.712+0000][175][info ][safepoint   ] Safepoint "Cleanup", Time since last: 1003419177 ns, Reaching safepoint: 21480 ns, Cleanup: 18276 ns, At safepoint: 2969 ns, Total: 42725 ns
[2025-08-22T14:27:31.750+0000][175][info ][safepoint   ] Safepoint "Cleanup", Time since last: 8038214843 ns, Reaching safepoint: 8793 ns, Cleanup: 8611 ns, At safepoint: 4916 ns, Total: 22320 ns
[2025-08-22T14:27:33.724+0000][175][info ][safepoint   ] Safepoint "Cleanup", Time since last: 1973804271 ns, Reaching safepoint: 21767 ns, Cleanup: 48189 ns, At safepoint: 2583 ns, Total: 72539 ns
[2025-08-22T14:27:37.724+0000][175][info ][safepoint   ] Safepoint "Cleanup", Time since last: 4000307862 ns, Reaching safepoint: 21296 ns, Cleanup: 17917 ns, At safepoint: 2201 ns, Total: 41414 ns
[2025-08-22T14:27:39.089+0000][175][info ][safepoint   ] Safepoint "Cleanup", Time since last: 1364622544 ns, Reaching safepoint: 21833 ns, Cleanup: 12872 ns, At safepoint: 2302 ns, Total: 37007 ns
[2025-08-22T14:27:40.089+0000][175][info ][safepoint   ] Safepoint "Cleanup", Time since last: 1000106447 ns, Reaching safepoint: 39640 ns, Cleanup: 15217 ns, At safepoint: 2391 ns, Total: 57248 ns
[2025-08-22T14:27:41.089+0000][175][info ][safepoint   ] Safepoint "Cleanup", Time since last: 1000100696 ns, Reaching safepoint: 21039 ns, Cleanup: 14243 ns, At safepoint: 3444 ns, Total: 38726 ns
[2025-08-22T14:27:43.742+0000][175][info ][safepoint   ] Safepoint "Cleanup", Time since last: 2652706151 ns, Reaching safepoint: 21536 ns, Cleanup: 16356 ns, At safepoint: 2636 ns, Total: 40528 ns
[2025-08-22T14:27:45.096+0000][175][info ][safepoint   ] Safepoint "Cleanup", Time since last: 1353932583 ns, Reaching safepoint: 40257 ns, Cleanup: 14808 ns, At safepoint: 3115 ns, Total: 58180 ns
[2025-08-22T14:27:49.763+0000][175][info ][safepoint   ] Safepoint "Cleanup", Time since last: 4666985994 ns, Reaching safepoint: 10437 ns, Cleanup: 6438 ns, At safepoint: 5884 ns, Total: 22759 ns
[2025-08-22T14:27:51.107+0000][175][info ][safepoint   ] Safepoint "Cleanup", Time since last: 1344003071 ns, Reaching safepoint: 22302 ns, Cleanup: 13899 ns, At safepoint: 2744 ns, Total: 38945 ns
[2025-08-22T14:27:52.757+0000][175][info ][safepoint   ] Safepoint "Cleanup", Time since last: 1650329219 ns, Reaching safepoint: 7684 ns, Cleanup: 19434 ns, At safepoint: 3728 ns, Total: 30846 ns
[2025-08-22T14:28:00.409+0000][175][info ][safepoint   ] Safepoint "Cleanup", Time since last: 7651731865 ns, Reaching safepoint: 79363 ns, Cleanup: 11211 ns, At safepoint: 3875 ns, Total: 94449 ns
[2025-08-22T14:28:00.747+0000][175][info ][gc,start    ] GC(32) Pause Young (Normal) (G1 Evacuation Pause)
[2025-08-22T14:28:00.747+0000][175][info ][gc,task     ] GC(32) Using 8 workers of 8 for evacuation
[2025-08-22T14:28:00.747+0000][175][debug][gc,age      ] GC(32) Desired survivor size 81788928 bytes, new threshold 15 (max threshold 15)
[2025-08-22T14:28:00.764+0000][175][info ][gc,phases   ] GC(32)   Pre Evacuate Collection Set: 0.2ms
[2025-08-22T14:28:00.764+0000][175][info ][gc,phases   ] GC(32)   Merge Heap Roots: 0.1ms
[2025-08-22T14:28:00.764+0000][175][info ][gc,phases   ] GC(32)   Evacuate Collection Set: 15.6ms
[2025-08-22T14:28:00.764+0000][175][info ][gc,phases   ] GC(32)   Post Evacuate Collection Set: 0.8ms
[2025-08-22T14:28:00.764+0000][175][info ][gc,phases   ] GC(32)   Other: 0.1ms
[2025-08-22T14:28:00.764+0000][175][trace][gc,age      ] GC(32) Age table with threshold 15 (max threshold 15)
[2025-08-22T14:28:00.764+0000][175][trace][gc,age      ] GC(32) - age   1:   26112200 bytes,   26112200 total
[2025-08-22T14:28:00.764+0000][175][trace][gc,age      ] GC(32) - age   2:    6227968 bytes,   32340168 total
[2025-08-22T14:28:00.764+0000][175][trace][gc,age      ] GC(32) - age   3:    1739400 bytes,   34079568 total
[2025-08-22T14:28:00.764+0000][175][trace][gc,age      ] GC(32) - age   4:    1898384 bytes,   35977952 total
[2025-08-22T14:28:00.764+0000][175][trace][gc,age      ] GC(32) - age   5:     440384 bytes,   36418336 total
[2025-08-22T14:28:00.764+0000][175][trace][gc,age      ] GC(32) - age   6:       1000 bytes,   36419336 total
[2025-08-22T14:28:00.764+0000][175][trace][gc,age      ] GC(32) - age   7:    1192424 bytes,   37611760 total
[2025-08-22T14:28:00.764+0000][175][trace][gc,age      ] GC(32) - age   8:    1199152 bytes,   38810912 total
[2025-08-22T14:28:00.764+0000][175][trace][gc,age      ] GC(32) - age   9:    1855992 bytes,   40666904 total
[2025-08-22T14:28:00.764+0000][175][trace][gc,age      ] GC(32) - age  10:    1314912 bytes,   41981816 total
[2025-08-22T14:28:00.764+0000][175][trace][gc,age      ] GC(32) - age  11:    1194136 bytes,   43175952 total
[2025-08-22T14:28:00.764+0000][175][trace][gc,age      ] GC(32) - age  12:    1845784 bytes,   45021736 total
[2025-08-22T14:28:00.764+0000][175][trace][gc,age      ] GC(32) - age  13:    1259864 bytes,   46281600 total
[2025-08-22T14:28:00.764+0000][175][info ][gc,heap     ] GC(32) Eden regions: 294->0(294)
[2025-08-22T14:28:00.764+0000][175][info ][gc,heap     ] GC(32) Survivor regions: 13->13(39)
[2025-08-22T14:28:00.764+0000][175][info ][gc,heap     ] GC(32) Old regions: 47->47
[2025-08-22T14:28:00.764+0000][175][info ][gc,heap     ] GC(32) Humongous regions: 2->2
[2025-08-22T14:28:00.764+0000][175][info ][gc,metaspace] GC(32) Metaspace: 153522K(157376K)->153522K(157376K) NonClass: 133016K(135040K)->133016K(135040K) Class: 20506K(22336K)->20506K(22336K)
[2025-08-22T14:28:00.764+0000][175][info ][gc          ] GC(32) Pause Young (Normal) (G1 Evacuation Pause) 1422M->244M(2048M) 17.058ms
[2025-08-22T14:28:00.764+0000][175][info ][gc,cpu      ] GC(32) User=0.06s Sys=0.00s Real=0.01s
[2025-08-22T14:28:00.764+0000][175][info ][safepoint   ] Safepoint "G1CollectForAllocation", Time since last: 337917353 ns, Reaching safepoint: 19065 ns, Cleanup: 3474 ns, At safepoint: 17155915 ns, Total: 17178454 ns
[2025-08-22T14:28:02.120+0000][175][info ][safepoint   ] Safepoint "Cleanup", Time since last: 1355343491 ns, Reaching safepoint: 8392 ns, Cleanup: 28106 ns, At safepoint: 3667 ns, Total: 40165 ns
[2025-08-22T14:28:03.784+0000][175][info ][safepoint   ] Safepoint "Cleanup", Time since last: 1663879680 ns, Reaching safepoint: 19819 ns, Cleanup: 12585 ns, At safepoint: 2617 ns, Total: 35021 ns
[2025-08-22T14:28:05.784+0000][175][info ][safepoint   ] Safepoint "Cleanup", Time since last: 2000142270 ns, Reaching safepoint: 18469 ns, Cleanup: 14035 ns, At safepoint: 2523 ns, Total: 35027 ns
[2025-08-22T14:28:07.159+0000][175][info ][safepoint   ] Safepoint "Cleanup", Time since last: 1375421955 ns, Reaching safepoint: 19994 ns, Cleanup: 14023 ns, At safepoint: 2404 ns, Total: 36421 ns
[2025-08-22T14:28:09.129+0000][175][info ][safepoint   ] Safepoint "Cleanup", Time since last: 1969919398 ns, Reaching safepoint: 24287 ns, Cleanup: 33703 ns, At safepoint: 3133 ns, Total: 61123 ns
[2025-08-22T14:28:12.798+0000][175][info ][safepoint   ] Safepoint "Cleanup", Time since last: 3668500848 ns, Reaching safepoint: 8498 ns, Cleanup: 23065 ns, At safepoint: 3567 ns, Total: 35130 ns
[2025-08-22T14:28:14.145+0000][175][info ][safepoint   ] Safepoint "Cleanup", Time since last: 1347430355 ns, Reaching safepoint: 7375 ns, Cleanup: 18757 ns, At safepoint: 3221 ns, Total: 29353 ns
[2025-08-22T14:28:16.142+0000][175][info ][safepoint   ] Safepoint "Cleanup", Time since last: 1997243857 ns, Reaching safepoint: 44189 ns, Cleanup: 12543 ns, At safepoint: 2822 ns, Total: 59554 ns
[2025-08-22T14:28:22.815+0000][175][info ][safepoint   ] Safepoint "Cleanup", Time since last: 6672739900 ns, Reaching safepoint: 10239 ns, Cleanup: 14551 ns, At safepoint: 4797 ns, Total: 29587 ns
[2025-08-22T14:28:28.873+0000][175][info ][safepoint   ] Safepoint "Cleanup", Time since last: 6057766224 ns, Reaching safepoint: 19012 ns, Cleanup: 13042 ns, At safepoint: 2980 ns, Total: 35034 ns
[2025-08-22T14:28:30.807+0000][175][info ][safepoint   ] Safepoint "Cleanup", Time since last: 1933452454 ns, Reaching safepoint: 18688 ns, Cleanup: 10854 ns, At safepoint: 3193 ns, Total: 32735 ns
[2025-08-22T14:28:32.155+0000][175][info ][safepoint   ] Safepoint "Cleanup", Time since last: 1348931747 ns, Reaching safepoint: 8800 ns, Cleanup: 9596 ns, At safepoint: 4053 ns, Total: 22449 ns
[2025-08-22T14:28:36.836+0000][175][info ][safepoint   ] Safepoint "Cleanup", Time since last: 4680634195 ns, Reaching safepoint: 20764 ns, Cleanup: 13597 ns, At safepoint: 2287 ns, Total: 36648 ns
[2025-08-22T14:28:37.841+0000][175][info ][safepoint   ] Safepoint "Cleanup", Time since last: 1005153066 ns, Reaching safepoint: 8099 ns, Cleanup: 15671 ns, At safepoint: 6910 ns, Total: 30680 ns
[2025-08-22T14:28:39.168+0000][175][info ][safepoint   ] Safepoint "Cleanup", Time since last: 1326477178 ns, Reaching safepoint: 22260 ns, Cleanup: 17383 ns, At safepoint: 2577 ns, Total: 42220 ns
[2025-08-22T14:28:40.168+0000][175][info ][safepoint   ] Safepoint "Cleanup", Time since last: 1000110206 ns, Reaching safepoint: 21416 ns, Cleanup: 17450 ns, At safepoint: 2347 ns, Total: 41213 ns
[2025-08-22T14:28:42.851+0000][175][info ][safepoint   ] Safepoint "Cleanup", Time since last: 2682604637 ns, Reaching safepoint: 77141 ns, Cleanup: 13192 ns, At safepoint: 4145 ns, Total: 94478 ns
[2025-08-22T14:28:44.171+0000][175][info ][safepoint   ] Safepoint "Cleanup", Time since last: 1319835282 ns, Reaching safepoint: 8617 ns, Cleanup: 12731 ns, At safepoint: 3686 ns, Total: 25034 ns
[2025-08-22T14:28:47.860+0000][175][info ][safepoint   ] Safepoint "Cleanup", Time since last: 3689234427 ns, Reaching safepoint: 8678 ns, Cleanup: 9612 ns, At safepoint: 3668 ns, Total: 21958 ns
[2025-08-22T14:28:52.870+0000][175][info ][safepoint   ] Safepoint "Cleanup", Time since last: 5009751753 ns, Reaching safepoint: 8030 ns, Cleanup: 20884 ns, At safepoint: 3571 ns, Total: 32485 ns
[2025-08-22T14:28:55.747+0000][175][info ][safepoint   ] Safepoint "Cleanup", Time since last: 2876939970 ns, Reaching safepoint: 7359 ns, Cleanup: 13377 ns, At safepoint: 4913 ns, Total: 25649 ns
[2025-08-22T14:28:57.879+0000][175][info ][safepoint   ] Safepoint "Cleanup", Time since last: 2132287401 ns, Reaching safepoint: 7666 ns, Cleanup: 8655 ns, At safepoint: 3448 ns, Total: 19769 ns
[2025-08-22T14:29:00.894+0000][175][info ][gc,start    ] GC(33) Pause Young (Normal) (G1 Evacuation Pause)
[2025-08-22T14:29:00.894+0000][175][info ][gc,task     ] GC(33) Using 8 workers of 8 for evacuation
[2025-08-22T14:29:00.894+0000][175][debug][gc,age      ] GC(33) Desired survivor size 81788928 bytes, new threshold 15 (max threshold 15)
[2025-08-22T14:29:00.912+0000][175][info ][gc,phases   ] GC(33)   Pre Evacuate Collection Set: 0.2ms
[2025-08-22T14:29:00.912+0000][175][info ][gc,phases   ] GC(33)   Merge Heap Roots: 0.2ms
[2025-08-22T14:29:00.912+0000][175][info ][gc,phases   ] GC(33)   Evacuate Collection Set: 16.7ms
[2025-08-22T14:29:00.912+0000][175][info ][gc,phases   ] GC(33)   Post Evacuate Collection Set: 1.1ms
[2025-08-22T14:29:00.912+0000][175][info ][gc,phases   ] GC(33)   Other: 0.1ms
[2025-08-22T14:29:00.912+0000][175][trace][gc,age      ] GC(33) Age table with threshold 15 (max threshold 15)
[2025-08-22T14:29:00.912+0000][175][trace][gc,age      ] GC(33) - age   1:   43060296 bytes,   43060296 total
[2025-08-22T14:29:00.912+0000][175][trace][gc,age      ] GC(33) - age   2:    3203816 bytes,   46264112 total
[2025-08-22T14:29:00.912+0000][175][trace][gc,age      ] GC(33) - age   3:    1713768 bytes,   47977880 total
[2025-08-22T14:29:00.912+0000][175][trace][gc,age      ] GC(33) - age   4:    1630848 bytes,   49608728 total
[2025-08-22T14:29:00.912+0000][175][trace][gc,age      ] GC(33) - age   5:    1896320 bytes,   51505048 total
[2025-08-22T14:29:00.912+0000][175][trace][gc,age      ] GC(33) - age   6:     344760 bytes,   51849808 total
[2025-08-22T14:29:00.913+0000][175][trace][gc,age      ] GC(33) - age   7:        896 bytes,   51850704 total
[2025-08-22T14:29:00.913+0000][175][trace][gc,age      ] GC(33) - age   8:    1094904 bytes,   52945608 total
[2025-08-22T14:29:00.913+0000][175][trace][gc,age      ] GC(33) - age   9:    1068000 bytes,   54013608 total
[2025-08-22T14:29:00.913+0000][175][trace][gc,age      ] GC(33) - age  10:    1760544 bytes,   55774152 total
[2025-08-22T14:29:00.913+0000][175][trace][gc,age      ] GC(33) - age  11:    1218880 bytes,   56993032 total
[2025-08-22T14:29:00.913+0000][175][trace][gc,age      ] GC(33) - age  12:    1098560 bytes,   58091592 total
[2025-08-22T14:29:00.913+0000][175][trace][gc,age      ] GC(33) - age  13:    1639792 bytes,   59731384 total
[2025-08-22T14:29:00.913+0000][175][trace][gc,age      ] GC(33) - age  14:    1258768 bytes,   60990152 total
[2025-08-22T14:29:00.913+0000][175][info ][gc,heap     ] GC(33) Eden regions: 294->0(291)
[2025-08-22T14:29:00.913+0000][175][info ][gc,heap     ] GC(33) Survivor regions: 13->16(39)
[2025-08-22T14:29:00.913+0000][175][info ][gc,heap     ] GC(33) Old regions: 47->47
[2025-08-22T14:29:00.913+0000][175][info ][gc,heap     ] GC(33) Humongous regions: 2->2
[2025-08-22T14:29:00.913+0000][175][info ][gc,metaspace] GC(33) Metaspace: 153591K(157440K)->153591K(157440K) NonClass: 133085K(135104K)->133085K(135104K) Class: 20506K(22336K)->20506K(22336K)
[2025-08-22T14:29:00.913+0000][175][info ][gc          ] GC(33) Pause Young (Normal) (G1 Evacuation Pause) 1420M->257M(2048M) 18.314ms
[2025-08-22T14:29:00.913+0000][175][info ][gc,cpu      ] GC(33) User=0.06s Sys=0.01s Real=0.02s
[2025-08-22T14:29:00.913+0000][175][info ][safepoint   ] Safepoint "G1CollectForAllocation", Time since last: 3015282765 ns, Reaching safepoint: 84950 ns, Cleanup: 3131 ns, At safepoint: 18399940 ns, Total: 18488021 ns
[2025-08-22T14:29:02.195+0000][175][info ][safepoint   ] Safepoint "Cleanup", Time since last: 1282077921 ns, Reaching safepoint: 8015 ns, Cleanup: 15328 ns, At safepoint: 3677 ns, Total: 27020 ns
[2025-08-22T14:29:03.891+0000][175][info ][safepoint   ] Safepoint "Cleanup", Time since last: 1696169422 ns, Reaching safepoint: 27979 ns, Cleanup: 37287 ns, At safepoint: 6878 ns, Total: 72144 ns
[2025-08-22T14:29:04.356+0000][175][info ][gc,start    ] GC(34) Pause Young (Normal) (G1 Evacuation Pause)
[2025-08-22T14:29:04.356+0000][175][info ][gc,task     ] GC(34) Using 8 workers of 8 for evacuation
[2025-08-22T14:29:04.356+0000][175][debug][gc,age      ] GC(34) Desired survivor size 81788928 bytes, new threshold 15 (max threshold 15)
[2025-08-22T14:29:04.372+0000][175][info ][gc,phases   ] GC(34)   Pre Evacuate Collection Set: 0.2ms
[2025-08-22T14:29:04.372+0000][175][info ][gc,phases   ] GC(34)   Merge Heap Roots: 0.1ms
[2025-08-22T14:29:04.372+0000][175][info ][gc,phases   ] GC(34)   Evacuate Collection Set: 15.2ms
[2025-08-22T14:29:04.372+0000][175][info ][gc,phases   ] GC(34)   Post Evacuate Collection Set: 0.8ms
[2025-08-22T14:29:04.372+0000][175][info ][gc,phases   ] GC(34)   Other: 0.1ms
[2025-08-22T14:29:04.372+0000][175][trace][gc,age      ] GC(34) Age table with threshold 15 (max threshold 15)
[2025-08-22T14:29:04.372+0000][175][trace][gc,age      ] GC(34) - age   1:   30501904 bytes,   30501904 total
[2025-08-22T14:29:04.372+0000][175][trace][gc,age      ] GC(34) - age   2:   14634424 bytes,   45136328 total
[2025-08-22T14:29:04.372+0000][175][trace][gc,age      ] GC(34) - age   3:    3201480 bytes,   48337808 total
[2025-08-22T14:29:04.372+0000][175][trace][gc,age      ] GC(34) - age   4:    1711776 bytes,   50049584 total
[2025-08-22T14:29:04.372+0000][175][trace][gc,age      ] GC(34) - age   5:    1630640 bytes,   51680224 total
[2025-08-22T14:29:04.372+0000][175][trace][gc,age      ] GC(34) - age   6:    1896256 bytes,   53576480 total
[2025-08-22T14:29:04.372+0000][175][trace][gc,age      ] GC(34) - age   7:     344760 bytes,   53921240 total
[2025-08-22T14:29:04.372+0000][175][trace][gc,age      ] GC(34) - age   8:        896 bytes,   53922136 total
[2025-08-22T14:29:04.372+0000][175][trace][gc,age      ] GC(34) - age   9:    1094784 bytes,   55016920 total
[2025-08-22T14:29:04.372+0000][175][trace][gc,age      ] GC(34) - age  10:    1067920 bytes,   56084840 total
[2025-08-22T14:29:04.372+0000][175][trace][gc,age      ] GC(34) - age  11:    1760504 bytes,   57845344 total
[2025-08-22T14:29:04.372+0000][175][trace][gc,age      ] GC(34) - age  12:    1218880 bytes,   59064224 total
[2025-08-22T14:29:04.372+0000][175][trace][gc,age      ] GC(34) - age  13:    1098560 bytes,   60162784 total
[2025-08-22T14:29:04.372+0000][175][trace][gc,age      ] GC(34) - age  14:    1639792 bytes,   61802576 total
[2025-08-22T14:29:04.372+0000][175][trace][gc,age      ] GC(34) - age  15:    1258768 bytes,   63061344 total
[2025-08-22T14:29:04.372+0000][175][info ][gc,heap     ] GC(34) Eden regions: 291->0(290)
[2025-08-22T14:29:04.372+0000][175][info ][gc,heap     ] GC(34) Survivor regions: 16->17(39)
[2025-08-22T14:29:04.372+0000][175][info ][gc,heap     ] GC(34) Old regions: 47->47
[2025-08-22T14:29:04.372+0000][175][info ][gc,heap     ] GC(34) Humongous regions: 2->2
[2025-08-22T14:29:04.372+0000][175][info ][gc,metaspace] GC(34) Metaspace: 153596K(157440K)->153596K(157440K) NonClass: 133090K(135104K)->133090K(135104K) Class: 20506K(22336K)->20506K(22336K)
[2025-08-22T14:29:04.372+0000][175][info ][gc          ] GC(34) Pause Young (Normal) (G1 Evacuation Pause) 1421M->261M(2048M) 16.503ms
[2025-08-22T14:29:04.372+0000][175][info ][gc,cpu      ] GC(34) User=0.09s Sys=0.00s Real=0.01s
[2025-08-22T14:29:04.372+0000][175][info ][safepoint   ] Safepoint "G1CollectForAllocation", Time since last: 464604848 ns, Reaching safepoint: 16865 ns, Cleanup: 63476 ns, At safepoint: 16582091 ns, Total: 16662432 ns
[2025-08-22T14:29:05.492+0000][175][info ][safepoint   ] Safepoint "Cleanup", Time since last: 1119924612 ns, Reaching safepoint: 23110 ns, Cleanup: 15266 ns, At safepoint: 3042 ns, Total: 41418 ns
[2025-08-22T14:29:07.758+0000][175][info ][safepoint   ] Safepoint "Cleanup", Time since last: 2266166233 ns, Reaching safepoint: 7053 ns, Cleanup: 12084 ns, At safepoint: 20848 ns, Total: 39985 ns
[2025-08-22T14:29:09.209+0000][175][info ][safepoint   ] Safepoint "Cleanup", Time since last: 1450484267 ns, Reaching safepoint: 21816 ns, Cleanup: 16108 ns, At safepoint: 2614 ns, Total: 40538 ns
[2025-08-22T14:29:10.748+0000][175][info ][safepoint   ] Safepoint "Cleanup", Time since last: 1538699131 ns, Reaching safepoint: 11133 ns, Cleanup: 7335 ns, At safepoint: 5116 ns, Total: 23584 ns
[2025-08-22T14:29:13.745+0000][175][info ][safepoint   ] Safepoint "Cleanup", Time since last: 2997680223 ns, Reaching safepoint: 7193 ns, Cleanup: 6657 ns, At safepoint: 3257 ns, Total: 17107 ns
[2025-08-22T14:29:17.239+0000][175][info ][safepoint   ] Safepoint "Cleanup", Time since last: 3493152240 ns, Reaching safepoint: 7886 ns, Cleanup: 7078 ns, At safepoint: 3159 ns, Total: 18123 ns
[2025-08-22T14:29:22.925+0000][175][info ][safepoint   ] Safepoint "Cleanup", Time since last: 5686449436 ns, Reaching safepoint: 8423 ns, Cleanup: 9670 ns, At safepoint: 3898 ns, Total: 21991 ns
[2025-08-22T14:29:28.937+0000][175][info ][safepoint   ] Safepoint "Cleanup", Time since last: 6011885328 ns, Reaching safepoint: 19564 ns, Cleanup: 12091 ns, At safepoint: 2617 ns, Total: 34272 ns
[2025-08-22T14:29:30.728+0000][175][info ][safepoint   ] Safepoint "Cleanup", Time since last: 1791241800 ns, Reaching safepoint: 19152 ns, Cleanup: 9250 ns, At safepoint: 2628 ns, Total: 31030 ns
[2025-08-22T14:29:32.944+0000][175][info ][safepoint   ] Safepoint "Cleanup", Time since last: 2215269919 ns, Reaching safepoint: 76372 ns, Cleanup: 8898 ns, At safepoint: 4253 ns, Total: 89523 ns
[2025-08-22T14:29:36.947+0000][175][info ][safepoint   ] Safepoint "Cleanup", Time since last: 4003385516 ns, Reaching safepoint: 22417 ns, Cleanup: 15158 ns, At safepoint: 2764 ns, Total: 40339 ns
[2025-08-22T14:29:39.805+0000][175][info ][safepoint   ] Safepoint "Cleanup", Time since last: 2858072568 ns, Reaching safepoint: 79081 ns, Cleanup: 8415 ns, At safepoint: 3985 ns, Total: 91481 ns
[2025-08-22T14:29:42.808+0000][175][info ][safepoint   ] Safepoint "Cleanup", Time since last: 3002665356 ns, Reaching safepoint: 36914 ns, Cleanup: 10603 ns, At safepoint: 2468 ns, Total: 49985 ns
[2025-08-22T14:29:44.258+0000][175][info ][safepoint   ] Safepoint "Cleanup", Time since last: 1450078003 ns, Reaching safepoint: 8413 ns, Cleanup: 8877 ns, At safepoint: 3594 ns, Total: 20884 ns
[2025-08-22T14:29:47.261+0000][175][info ][safepoint   ] Safepoint "Cleanup", Time since last: 3002673315 ns, Reaching safepoint: 17964 ns, Cleanup: 12902 ns, At safepoint: 2390 ns, Total: 33256 ns
[2025-08-22T14:29:48.974+0000][175][info ][safepoint   ] Safepoint "Cleanup", Time since last: 1713411674 ns, Reaching safepoint: 20159 ns, Cleanup: 16994 ns, At safepoint: 2497 ns, Total: 39650 ns
[2025-08-22T14:29:50.264+0000][175][info ][safepoint   ] Safepoint "Cleanup", Time since last: 1290334928 ns, Reaching safepoint: 7614 ns, Cleanup: 10085 ns, At safepoint: 3461 ns, Total: 21160 ns
[2025-08-22T14:29:52.981+0000][175][info ][safepoint   ] Safepoint "Cleanup", Time since last: 2716436436 ns, Reaching safepoint: 79571 ns, Cleanup: 12025 ns, At safepoint: 4068 ns, Total: 95664 ns
[2025-08-22T14:29:55.745+0000][175][info ][safepoint   ] Safepoint "Cleanup", Time since last: 2763568229 ns, Reaching safepoint: 7692 ns, Cleanup: 10020 ns, At safepoint: 3605 ns, Total: 21317 ns
[2025-08-22T14:30:00.820+0000][175][info ][safepoint   ] Safepoint "Cleanup", Time since last: 5075480443 ns, Reaching safepoint: 90327 ns, Cleanup: 14280 ns, At safepoint: 13603 ns, Total: 118210 ns
[2025-08-22T14:30:01.576+0000][175][info ][gc,start    ] GC(35) Pause Young (Normal) (G1 Evacuation Pause)
[2025-08-22T14:30:01.576+0000][175][info ][gc,task     ] GC(35) Using 8 workers of 8 for evacuation
[2025-08-22T14:30:01.576+0000][175][debug][gc,age      ] GC(35) Desired survivor size 81788928 bytes, new threshold 15 (max threshold 15)
[2025-08-22T14:30:01.591+0000][175][info ][gc,phases   ] GC(35)   Pre Evacuate Collection Set: 0.2ms
[2025-08-22T14:30:01.591+0000][175][info ][gc,phases   ] GC(35)   Merge Heap Roots: 0.1ms
[2025-08-22T14:30:01.591+0000][175][info ][gc,phases   ] GC(35)   Evacuate Collection Set: 13.8ms
[2025-08-22T14:30:01.591+0000][175][info ][gc,phases   ] GC(35)   Post Evacuate Collection Set: 0.8ms
[2025-08-22T14:30:01.591+0000][175][info ][gc,phases   ] GC(35)   Other: 0.1ms
[2025-08-22T14:30:01.591+0000][175][trace][gc,age      ] GC(35) Age table with threshold 15 (max threshold 15)
[2025-08-22T14:30:01.591+0000][175][trace][gc,age      ] GC(35) - age   1:   37918560 bytes,   37918560 total
[2025-08-22T14:30:01.591+0000][175][trace][gc,age      ] GC(35) - age   2:    2410512 bytes,   40329072 total
[2025-08-22T14:30:01.591+0000][175][trace][gc,age      ] GC(35) - age   3:    6079112 bytes,   46408184 total
[2025-08-22T14:30:01.591+0000][175][trace][gc,age      ] GC(35) - age   4:    2785440 bytes,   49193624 total
[2025-08-22T14:30:01.591+0000][175][trace][gc,age      ] GC(35) - age   5:    1358048 bytes,   50551672 total
[2025-08-22T14:30:01.591+0000][175][trace][gc,age      ] GC(35) - age   6:    1630248 bytes,   52181920 total
[2025-08-22T14:30:01.591+0000][175][trace][gc,age      ] GC(35) - age   7:    1539464 bytes,   53721384 total
[2025-08-22T14:30:01.591+0000][175][trace][gc,age      ] GC(35) - age   8:     343616 bytes,   54065000 total
[2025-08-22T14:30:01.591+0000][175][trace][gc,age      ] GC(35) - age   9:        768 bytes,   54065768 total
[2025-08-22T14:30:01.591+0000][175][trace][gc,age      ] GC(35) - age  10:     744832 bytes,   54810600 total
[2025-08-22T14:30:01.591+0000][175][trace][gc,age      ] GC(35) - age  11:     801664 bytes,   55612264 total
[2025-08-22T14:30:01.591+0000][175][trace][gc,age      ] GC(35) - age  12:    1495968 bytes,   57108232 total
[2025-08-22T14:30:01.591+0000][175][trace][gc,age      ] GC(35) - age  13:     953512 bytes,   58061744 total
[2025-08-22T14:30:01.591+0000][175][trace][gc,age      ] GC(35) - age  14:    1098296 bytes,   59160040 total
[2025-08-22T14:30:01.591+0000][175][trace][gc,age      ] GC(35) - age  15:    1373848 bytes,   60533888 total
[2025-08-22T14:30:01.591+0000][175][info ][gc,heap     ] GC(35) Eden regions: 290->0(291)
[2025-08-22T14:30:01.591+0000][175][info ][gc,heap     ] GC(35) Survivor regions: 17->16(39)
[2025-08-22T14:30:01.591+0000][175][info ][gc,heap     ] GC(35) Old regions: 47->47
[2025-08-22T14:30:01.591+0000][175][info ][gc,heap     ] GC(35) Humongous regions: 2->2
[2025-08-22T14:30:01.591+0000][175][info ][gc,metaspace] GC(35) Metaspace: 153631K(157440K)->153631K(157440K) NonClass: 133125K(135104K)->133125K(135104K) Class: 20506K(22336K)->20506K(22336K)
[2025-08-22T14:30:01.591+0000][175][info ][gc          ] GC(35) Pause Young (Normal) (G1 Evacuation Pause) 1421M->259M(2048M) 15.127ms
[2025-08-22T14:30:01.591+0000][175][info ][gc,cpu      ] GC(35) User=0.07s Sys=0.00s Real=0.01s
[2025-08-22T14:30:01.591+0000][175][info ][safepoint   ] Safepoint "G1CollectForAllocation", Time since last: 755548028 ns, Reaching safepoint: 86167 ns, Cleanup: 20879 ns, At safepoint: 15204513 ns, Total: 15311559 ns
[2025-08-22T14:30:03.000+0000][175][info ][safepoint   ] Safepoint "Cleanup", Time since last: 1408618582 ns, Reaching safepoint: 7664 ns, Cleanup: 18375 ns, At safepoint: 3896 ns, Total: 29935 ns
[2025-08-22T14:30:05.003+0000][175][info ][safepoint   ] Safepoint "Cleanup", Time since last: 2003245326 ns, Reaching safepoint: 19641 ns, Cleanup: 12756 ns, At safepoint: 3019 ns, Total: 35416 ns
[2025-08-22T14:30:07.753+0000][175][info ][safepoint   ] Safepoint "Cleanup", Time since last: 2750391486 ns, Reaching safepoint: 7268 ns, Cleanup: 5112 ns, At safepoint: 6437 ns, Total: 18817 ns
[2025-08-22T14:30:09.293+0000][175][info ][safepoint   ] Safepoint "Cleanup", Time since last: 1539389733 ns, Reaching safepoint: 20067 ns, Cleanup: 26087 ns, At safepoint: 2758 ns, Total: 48912 ns
[2025-08-22T14:30:13.018+0000][175][info ][safepoint   ] Safepoint "Cleanup", Time since last: 3725416116 ns, Reaching safepoint: 23230 ns, Cleanup: 10840 ns, At safepoint: 6240 ns, Total: 40310 ns
[2025-08-22T14:30:14.296+0000][175][info ][safepoint   ] Safepoint "Cleanup", Time since last: 1277667631 ns, Reaching safepoint: 7875 ns, Cleanup: 15742 ns, At safepoint: 6138 ns, Total: 29755 ns
[2025-08-22T14:30:22.576+0000][175][info ][safepoint   ] Safepoint "Cleanup", Time since last: 8280499763 ns, Reaching safepoint: 8530 ns, Cleanup: 7129 ns, At safepoint: 3351 ns, Total: 19010 ns
[2025-08-22T14:30:24.131+0000][175][info ][safepoint   ] Safepoint "Cleanup", Time since last: 1554064028 ns, Reaching safepoint: 20573 ns, Cleanup: 31189 ns, At safepoint: 2834 ns, Total: 54596 ns
[2025-08-22T14:30:25.821+0000][175][info ][safepoint   ] Safepoint "Cleanup", Time since last: 1690160466 ns, Reaching safepoint: 77146 ns, Cleanup: 6285 ns, At safepoint: 3529 ns, Total: 86960 ns
[2025-08-22T14:30:27.313+0000][175][info ][safepoint   ] Safepoint "Cleanup", Time since last: 1491946682 ns, Reaching safepoint: 18492 ns, Cleanup: 21227 ns, At safepoint: 2265 ns, Total: 41984 ns
[2025-08-22T14:30:30.729+0000][175][info ][safepoint   ] Safepoint "Cleanup", Time since last: 3416249261 ns, Reaching safepoint: 6887 ns, Cleanup: 7560 ns, At safepoint: 3379 ns, Total: 17826 ns
[2025-08-22T14:30:31.732+0000][175][info ][safepoint   ] Safepoint "Cleanup", Time since last: 1002972766 ns, Reaching safepoint: 19972 ns, Cleanup: 15284 ns, At safepoint: 2749 ns, Total: 38005 ns
[2025-08-22T14:30:33.317+0000][175][info ][safepoint   ] Safepoint "Cleanup", Time since last: 1584922092 ns, Reaching safepoint: 18140 ns, Cleanup: 11281 ns, At safepoint: 2716 ns, Total: 32137 ns
[2025-08-22T14:30:37.317+0000][175][info ][safepoint   ] Safepoint "Cleanup", Time since last: 4000295490 ns, Reaching safepoint: 17433 ns, Cleanup: 8071 ns, At safepoint: 2905 ns, Total: 28409 ns
[2025-08-22T14:30:38.321+0000][175][info ][safepoint   ] Safepoint "Cleanup", Time since last: 1004046392 ns, Reaching safepoint: 8051 ns, Cleanup: 22050 ns, At safepoint: 4268 ns, Total: 34369 ns
[2025-08-22T14:30:40.327+0000][175][info ][safepoint   ] Safepoint "Cleanup", Time since last: 2005834408 ns, Reaching safepoint: 20695 ns, Cleanup: 51790 ns, At safepoint: 2258 ns, Total: 74743 ns
[2025-08-22T14:30:43.073+0000][175][info ][safepoint   ] Safepoint "Cleanup", Time since last: 2745346783 ns, Reaching safepoint: 10478 ns, Cleanup: 10352 ns, At safepoint: 4254 ns, Total: 25084 ns
[2025-08-22T14:30:44.330+0000][175][info ][safepoint   ] Safepoint "Cleanup", Time since last: 1256849073 ns, Reaching safepoint: 24663 ns, Cleanup: 9289 ns, At safepoint: 4413 ns, Total: 38365 ns
[2025-08-22T14:30:48.082+0000][175][info ][safepoint   ] Safepoint "Cleanup", Time since last: 3752013618 ns, Reaching safepoint: 7549 ns, Cleanup: 9960 ns, At safepoint: 3607 ns, Total: 21116 ns
[2025-08-22T14:30:49.746+0000][175][info ][safepoint   ] Safepoint "Cleanup", Time since last: 1663984478 ns, Reaching safepoint: 8180 ns, Cleanup: 7602 ns, At safepoint: 3314 ns, Total: 19096 ns
[2025-08-22T14:30:51.197+0000][175][info ][safepoint   ] Safepoint "Cleanup", Time since last: 1451127581 ns, Reaching safepoint: 7753 ns, Cleanup: 11240 ns, At safepoint: 3478 ns, Total: 22471 ns
[2025-08-22T14:30:53.090+0000][175][info ][safepoint   ] Safepoint "Cleanup", Time since last: 1893486068 ns, Reaching safepoint: 8055 ns, Cleanup: 8583 ns, At safepoint: 3527 ns, Total: 20165 ns
[2025-08-22T14:30:56.344+0000][175][info ][safepoint   ] Safepoint "Cleanup", Time since last: 3253775956 ns, Reaching safepoint: 7462 ns, Cleanup: 6780 ns, At safepoint: 3537 ns, Total: 17779 ns
[2025-08-22T14:30:58.100+0000][175][info ][safepoint   ] Safepoint "Cleanup", Time since last: 1755747767 ns, Reaching safepoint: 8025 ns, Cleanup: 9125 ns, At safepoint: 3459 ns, Total: 20609 ns
[2025-08-22T14:30:59.351+0000][175][info ][safepoint   ] Safepoint "Cleanup", Time since last: 1250886053 ns, Reaching safepoint: 8002 ns, Cleanup: 20097 ns, At safepoint: 3749 ns, Total: 31848 ns
[2025-08-22T14:31:00.366+0000][175][info ][safepoint   ] Safepoint "Cleanup", Time since last: 1014817335 ns, Reaching safepoint: 10155 ns, Cleanup: 8958 ns, At safepoint: 3289 ns, Total: 22402 ns
[2025-08-22T14:31:01.199+0000][175][info ][gc,start    ] GC(36) Pause Young (Normal) (G1 Evacuation Pause)
[2025-08-22T14:31:01.199+0000][175][info ][gc,task     ] GC(36) Using 8 workers of 8 for evacuation
[2025-08-22T14:31:01.199+0000][175][debug][gc,age      ] GC(36) Desired survivor size 81788928 bytes, new threshold 15 (max threshold 15)
[2025-08-22T14:31:01.216+0000][175][info ][gc,phases   ] GC(36)   Pre Evacuate Collection Set: 0.2ms
[2025-08-22T14:31:01.216+0000][175][info ][gc,phases   ] GC(36)   Merge Heap Roots: 0.1ms
[2025-08-22T14:31:01.216+0000][175][info ][gc,phases   ] GC(36)   Evacuate Collection Set: 15.0ms
[2025-08-22T14:31:01.216+0000][175][info ][gc,phases   ] GC(36)   Post Evacuate Collection Set: 0.9ms
[2025-08-22T14:31:01.216+0000][175][info ][gc,phases   ] GC(36)   Other: 0.1ms
[2025-08-22T14:31:01.216+0000][175][trace][gc,age      ] GC(36) Age table with threshold 15 (max threshold 15)
[2025-08-22T14:31:01.216+0000][175][trace][gc,age      ] GC(36) - age   1:   37241352 bytes,   37241352 total
[2025-08-22T14:31:01.216+0000][175][trace][gc,age      ] GC(36) - age   2:    8601992 bytes,   45843344 total
[2025-08-22T14:31:01.216+0000][175][trace][gc,age      ] GC(36) - age   3:    2003344 bytes,   47846688 total
[2025-08-22T14:31:01.216+0000][175][trace][gc,age      ] GC(36) - age   4:    1919552 bytes,   49766240 total
[2025-08-22T14:31:01.216+0000][175][trace][gc,age      ] GC(36) - age   5:    2422168 bytes,   52188408 total
[2025-08-22T14:31:01.216+0000][175][trace][gc,age      ] GC(36) - age   6:    1150744 bytes,   53339152 total
[2025-08-22T14:31:01.216+0000][175][trace][gc,age      ] GC(36) - age   7:    1551936 bytes,   54891088 total
[2025-08-22T14:31:01.216+0000][175][trace][gc,age      ] GC(36) - age   8:    1539136 bytes,   56430224 total
[2025-08-22T14:31:01.216+0000][175][trace][gc,age      ] GC(36) - age   9:     343616 bytes,   56773840 total
[2025-08-22T14:31:01.216+0000][175][trace][gc,age      ] GC(36) - age  10:        768 bytes,   56774608 total
[2025-08-22T14:31:01.216+0000][175][trace][gc,age      ] GC(36) - age  11:     744792 bytes,   57519400 total
[2025-08-22T14:31:01.216+0000][175][trace][gc,age      ] GC(36) - age  12:     801664 bytes,   58321064 total
[2025-08-22T14:31:01.216+0000][175][trace][gc,age      ] GC(36) - age  13:    1495544 bytes,   59816608 total
[2025-08-22T14:31:01.216+0000][175][trace][gc,age      ] GC(36) - age  14:     952792 bytes,   60769400 total
[2025-08-22T14:31:01.216+0000][175][trace][gc,age      ] GC(36) - age  15:    1098144 bytes,   61867544 total
[2025-08-22T14:31:01.216+0000][175][info ][gc,heap     ] GC(36) Eden regions: 291->0(291)
[2025-08-22T14:31:01.216+0000][175][info ][gc,heap     ] GC(36) Survivor regions: 16->16(39)
[2025-08-22T14:31:01.216+0000][175][info ][gc,heap     ] GC(36) Old regions: 47->48
[2025-08-22T14:31:01.216+0000][175][info ][gc,heap     ] GC(36) Humongous regions: 2->2
[2025-08-22T14:31:01.216+0000][175][info ][gc,metaspace] GC(36) Metaspace: 153722K(157568K)->153722K(157568K) NonClass: 133216K(135232K)->133216K(135232K) Class: 20506K(22336K)->20506K(22336K)
[2025-08-22T14:31:01.216+0000][175][info ][gc          ] GC(36) Pause Young (Normal) (G1 Evacuation Pause) 1423M->261M(2048M) 16.429ms
[2025-08-22T14:31:01.216+0000][175][info ][gc,cpu      ] GC(36) User=0.07s Sys=0.00s Real=0.02s
[2025-08-22T14:31:01.216+0000][175][info ][safepoint   ] Safepoint "G1CollectForAllocation", Time since last: 833541693 ns, Reaching safepoint: 96525 ns, Cleanup: 13423 ns, At safepoint: 16518757 ns, Total: 16628705 ns
[2025-08-22T14:31:02.371+0000][175][info ][safepoint   ] Safepoint "Cleanup", Time since last: 1155596220 ns, Reaching safepoint: 8171 ns, Cleanup: 21173 ns, At safepoint: 3677 ns, Total: 33021 ns
[2025-08-22T14:31:04.287+0000][175][info ][safepoint   ] Safepoint "Cleanup", Time since last: 1915750269 ns, Reaching safepoint: 18509 ns, Cleanup: 19589 ns, At safepoint: 4891 ns, Total: 42989 ns
[2025-08-22T14:31:05.168+0000][175][info ][gc,start    ] GC(37) Pause Young (Normal) (G1 Evacuation Pause)
[2025-08-22T14:31:05.168+0000][175][info ][gc,task     ] GC(37) Using 8 workers of 8 for evacuation
[2025-08-22T14:31:05.168+0000][175][debug][gc,age      ] GC(37) Desired survivor size 81788928 bytes, new threshold 15 (max threshold 15)
[2025-08-22T14:31:05.180+0000][175][info ][gc,phases   ] GC(37)   Pre Evacuate Collection Set: 0.2ms
[2025-08-22T14:31:05.180+0000][175][info ][gc,phases   ] GC(37)   Merge Heap Roots: 0.1ms
[2025-08-22T14:31:05.180+0000][175][info ][gc,phases   ] GC(37)   Evacuate Collection Set: 10.9ms
[2025-08-22T14:31:05.180+0000][175][info ][gc,phases   ] GC(37)   Post Evacuate Collection Set: 0.7ms
[2025-08-22T14:31:05.180+0000][175][info ][gc,phases   ] GC(37)   Other: 0.1ms
[2025-08-22T14:31:05.180+0000][175][trace][gc,age      ] GC(37) Age table with threshold 15 (max threshold 15)
[2025-08-22T14:31:05.180+0000][175][trace][gc,age      ] GC(37) - age   1:   24604672 bytes,   24604672 total
[2025-08-22T14:31:05.180+0000][175][trace][gc,age      ] GC(37) - age   2:   13099752 bytes,   37704424 total
[2025-08-22T14:31:05.180+0000][175][trace][gc,age      ] GC(37) - age   3:    2103536 bytes,   39807960 total
[2025-08-22T14:31:05.180+0000][175][trace][gc,age      ] GC(37) - age   4:    2000920 bytes,   41808880 total
[2025-08-22T14:31:05.180+0000][175][trace][gc,age      ] GC(37) - age   5:    1919304 bytes,   43728184 total
[2025-08-22T14:31:05.180+0000][175][trace][gc,age      ] GC(37) - age   6:    2422168 bytes,   46150352 total
[2025-08-22T14:31:05.180+0000][175][trace][gc,age      ] GC(37) - age   7:    1150744 bytes,   47301096 total
[2025-08-22T14:31:05.180+0000][175][trace][gc,age      ] GC(37) - age   8:    1397024 bytes,   48698120 total
[2025-08-22T14:31:05.180+0000][175][trace][gc,age      ] GC(37) - age   9:    1539104 bytes,   50237224 total
[2025-08-22T14:31:05.180+0000][175][trace][gc,age      ] GC(37) - age  10:     343616 bytes,   50580840 total
[2025-08-22T14:31:05.180+0000][175][trace][gc,age      ] GC(37) - age  11:        768 bytes,   50581608 total
[2025-08-22T14:31:05.180+0000][175][trace][gc,age      ] GC(37) - age  12:     744792 bytes,   51326400 total
[2025-08-22T14:31:05.180+0000][175][trace][gc,age      ] GC(37) - age  13:     801664 bytes,   52128064 total
[2025-08-22T14:31:05.180+0000][175][trace][gc,age      ] GC(37) - age  14:    1495504 bytes,   53623568 total
[2025-08-22T14:31:05.180+0000][175][trace][gc,age      ] GC(37) - age  15:     952768 bytes,   54576336 total
[2025-08-22T14:31:05.180+0000][175][info ][gc,heap     ] GC(37) Eden regions: 291->0(292)
[2025-08-22T14:31:05.180+0000][175][info ][gc,heap     ] GC(37) Survivor regions: 16->15(39)
[2025-08-22T14:31:05.180+0000][175][info ][gc,heap     ] GC(37) Old regions: 48->48
[2025-08-22T14:31:05.180+0000][175][info ][gc,heap     ] GC(37) Humongous regions: 2->2
[2025-08-22T14:31:05.180+0000][175][info ][gc,metaspace] GC(37) Metaspace: 153738K(157568K)->153738K(157568K) NonClass: 133232K(135232K)->133232K(135232K) Class: 20506K(22336K)->20506K(22336K)
[2025-08-22T14:31:05.180+0000][175][info ][gc          ] GC(37) Pause Young (Normal) (G1 Evacuation Pause) 1425M->256M(2048M) 12.114ms
[2025-08-22T14:31:05.180+0000][175][info ][gc,cpu      ] GC(37) User=0.06s Sys=0.01s Real=0.01s
[2025-08-22T14:31:05.180+0000][175][info ][safepoint   ] Safepoint "G1CollectForAllocation", Time since last: 880640938 ns, Reaching safepoint: 19276 ns, Cleanup: 16875 ns, At safepoint: 12186537 ns, Total: 12222688 ns
[2025-08-22T14:31:06.798+0000][175][info ][safepoint   ] Safepoint "Cleanup", Time since last: 1617950475 ns, Reaching safepoint: 20168 ns, Cleanup: 14287 ns, At safepoint: 2307 ns, Total: 36762 ns
[2025-08-22T14:31:08.118+0000][175][info ][safepoint   ] Safepoint "Cleanup", Time since last: 1319805637 ns, Reaching safepoint: 8108 ns, Cleanup: 18657 ns, At safepoint: 3778 ns, Total: 30543 ns
[2025-08-22T14:31:13.127+0000][175][info ][safepoint   ] Safepoint "Cleanup", Time since last: 5009378662 ns, Reaching safepoint: 8652 ns, Cleanup: 7870 ns, At safepoint: 3873 ns, Total: 20395 ns
[2025-08-22T14:31:17.323+0000][175][info ][safepoint   ] Safepoint "Cleanup", Time since last: 4195459640 ns, Reaching safepoint: 7751 ns, Cleanup: 8924 ns, At safepoint: 3120 ns, Total: 19795 ns
[2025-08-22T14:31:19.139+0000][175][info ][safepoint   ] Safepoint "Cleanup", Time since last: 1816428146 ns, Reaching safepoint: 23808 ns, Cleanup: 15921 ns, At safepoint: 2317 ns, Total: 42046 ns
[2025-08-22T14:31:20.398+0000][175][info ][safepoint   ] Safepoint "Cleanup", Time since last: 1259003420 ns, Reaching safepoint: 8478 ns, Cleanup: 25974 ns, At safepoint: 4760 ns, Total: 39212 ns
[2025-08-22T14:31:22.585+0000][175][info ][safepoint   ] Safepoint "Cleanup", Time since last: 2186965315 ns, Reaching safepoint: 7529 ns, Cleanup: 6962 ns, At safepoint: 3391 ns, Total: 17882 ns
[2025-08-22T14:31:24.149+0000][175][info ][safepoint   ] Safepoint "Cleanup", Time since last: 1563496828 ns, Reaching safepoint: 22685 ns, Cleanup: 19448 ns, At safepoint: 2347 ns, Total: 44480 ns
[2025-08-22T14:31:33.164+0000][175][info ][safepoint   ] Safepoint "Cleanup", Time since last: 9014989890 ns, Reaching safepoint: 7931 ns, Cleanup: 10514 ns, At safepoint: 10824 ns, Total: 29269 ns
[2025-08-22T14:31:35.246+0000][175][info ][safepoint   ] Safepoint "Cleanup", Time since last: 2081862054 ns, Reaching safepoint: 27262 ns, Cleanup: 13571 ns, At safepoint: 2935 ns, Total: 43768 ns
[2025-08-22T14:31:36.246+0000][175][info ][safepoint   ] Safepoint "Cleanup", Time since last: 1000121371 ns, Reaching safepoint: 19989 ns, Cleanup: 15107 ns, At safepoint: 2856 ns, Total: 37952 ns
[2025-08-22T14:31:37.246+0000][175][info ][safepoint   ] Safepoint "Cleanup", Time since last: 1000116093 ns, Reaching safepoint: 25247 ns, Cleanup: 13108 ns, At safepoint: 3296 ns, Total: 41651 ns
[2025-08-22T14:31:38.417+0000][175][info ][safepoint   ] Safepoint "Cleanup", Time since last: 1170677632 ns, Reaching safepoint: 7752 ns, Cleanup: 17712 ns, At safepoint: 3483 ns, Total: 28947 ns
[2025-08-22T14:31:40.422+0000][175][info ][safepoint   ] Safepoint "Cleanup", Time since last: 2005500603 ns, Reaching safepoint: 22372 ns, Cleanup: 65717 ns, At safepoint: 2324 ns, Total: 90413 ns
[2025-08-22T14:31:43.185+0000][175][info ][safepoint   ] Safepoint "Cleanup", Time since last: 2762474637 ns, Reaching safepoint: 7635 ns, Cleanup: 8670 ns, At safepoint: 3561 ns, Total: 19866 ns
[2025-08-22T14:31:48.194+0000][175][info ][safepoint   ] Safepoint "Cleanup", Time since last: 5008795742 ns, Reaching safepoint: 8010 ns, Cleanup: 9821 ns, At safepoint: 3919 ns, Total: 21750 ns
[2025-08-22T14:31:50.431+0000][175][info ][safepoint   ] Safepoint "Cleanup", Time since last: 2237363997 ns, Reaching safepoint: 7626 ns, Cleanup: 9077 ns, At safepoint: 3505 ns, Total: 20208 ns
[2025-08-22T14:31:52.434+0000][175][info ][safepoint   ] Safepoint "Cleanup", Time since last: 2002700166 ns, Reaching safepoint: 20570 ns, Cleanup: 15197 ns, At safepoint: 2486 ns, Total: 38253 ns
[2025-08-22T14:31:54.206+0000][175][info ][safepoint   ] Safepoint "Cleanup", Time since last: 1771859172 ns, Reaching safepoint: 21645 ns, Cleanup: 19257 ns, At safepoint: 2533 ns, Total: 43435 ns
[2025-08-22T14:31:55.753+0000][175][info ][safepoint   ] Safepoint "Cleanup", Time since last: 1546889173 ns, Reaching safepoint: 11018 ns, Cleanup: 8310 ns, At safepoint: 3610 ns, Total: 22938 ns
[2025-08-22T14:31:59.214+0000][175][info ][safepoint   ] Safepoint "Cleanup", Time since last: 3461607056 ns, Reaching safepoint: 19609 ns, Cleanup: 13519 ns, At safepoint: 2868 ns, Total: 35996 ns
[2025-08-22T14:32:00.781+0000][175][info ][safepoint   ] Safepoint "Cleanup", Time since last: 1566775482 ns, Reaching safepoint: 8036 ns, Cleanup: 9071 ns, At safepoint: 1739 ns, Total: 18846 ns
[2025-08-22T14:32:01.415+0000][175][info ][gc,start    ] GC(38) Pause Young (Normal) (G1 Evacuation Pause)
[2025-08-22T14:32:01.415+0000][175][info ][gc,task     ] GC(38) Using 8 workers of 8 for evacuation
[2025-08-22T14:32:01.415+0000][175][debug][gc,age      ] GC(38) Desired survivor size 81788928 bytes, new threshold 15 (max threshold 15)
[2025-08-22T14:32:01.437+0000][175][info ][gc,phases   ] GC(38)   Pre Evacuate Collection Set: 0.2ms
[2025-08-22T14:32:01.437+0000][175][info ][gc,phases   ] GC(38)   Merge Heap Roots: 0.1ms
[2025-08-22T14:32:01.437+0000][175][info ][gc,phases   ] GC(38)   Evacuate Collection Set: 20.3ms
[2025-08-22T14:32:01.437+0000][175][info ][gc,phases   ] GC(38)   Post Evacuate Collection Set: 0.8ms
[2025-08-22T14:32:01.437+0000][175][info ][gc,phases   ] GC(38)   Other: 0.1ms
[2025-08-22T14:32:01.437+0000][175][trace][gc,age      ] GC(38) Age table with threshold 15 (max threshold 15)
[2025-08-22T14:32:01.437+0000][175][trace][gc,age      ] GC(38) - age   1:   25550056 bytes,   25550056 total
[2025-08-22T14:32:01.437+0000][175][trace][gc,age      ] GC(38) - age   2:    1280976 bytes,   26831032 total
[2025-08-22T14:32:01.437+0000][175][trace][gc,age      ] GC(38) - age   3:    4086960 bytes,   30917992 total
[2025-08-22T14:32:01.437+0000][175][trace][gc,age      ] GC(38) - age   4:    1250072 bytes,   32168064 total
[2025-08-22T14:32:01.437+0000][175][trace][gc,age      ] GC(38) - age   5:    1169456 bytes,   33337520 total
[2025-08-22T14:32:01.437+0000][175][trace][gc,age      ] GC(38) - age   6:    1097632 bytes,   34435152 total
[2025-08-22T14:32:01.437+0000][175][trace][gc,age      ] GC(38) - age   7:    2418896 bytes,   36854048 total
[2025-08-22T14:32:01.437+0000][175][trace][gc,age      ] GC(38) - age   8:     314776 bytes,   37168824 total
[2025-08-22T14:32:01.437+0000][175][trace][gc,age      ] GC(38) - age   9:    1396040 bytes,   38564864 total
[2025-08-22T14:32:01.437+0000][175][trace][gc,age      ] GC(38) - age  10:     704352 bytes,   39269216 total
[2025-08-22T14:32:01.437+0000][175][trace][gc,age      ] GC(38) - age  11:     343616 bytes,   39612832 total
[2025-08-22T14:32:01.437+0000][175][trace][gc,age      ] GC(38) - age  12:        736 bytes,   39613568 total
[2025-08-22T14:32:01.437+0000][175][trace][gc,age      ] GC(38) - age  13:     606520 bytes,   40220088 total
[2025-08-22T14:32:01.437+0000][175][trace][gc,age      ] GC(38) - age  14:     801576 bytes,   41021664 total
[2025-08-22T14:32:01.437+0000][175][trace][gc,age      ] GC(38) - age  15:    1495320 bytes,   42516984 total
[2025-08-22T14:32:01.437+0000][175][info ][gc,heap     ] GC(38) Eden regions: 292->0(296)
[2025-08-22T14:32:01.437+0000][175][info ][gc,heap     ] GC(38) Survivor regions: 15->11(39)
[2025-08-22T14:32:01.437+0000][175][info ][gc,heap     ] GC(38) Old regions: 48->48
[2025-08-22T14:32:01.437+0000][175][info ][gc,heap     ] GC(38) Humongous regions: 2->2
[2025-08-22T14:32:01.437+0000][175][info ][gc,metaspace] GC(38) Metaspace: 153793K(157632K)->153793K(157632K) NonClass: 133286K(135296K)->133286K(135296K) Class: 20506K(22336K)->20506K(22336K)
[2025-08-22T14:32:01.437+0000][175][info ][gc          ] GC(38) Pause Young (Normal) (G1 Evacuation Pause) 1424M->243M(2048M) 21.707ms
[2025-08-22T14:32:01.437+0000][175][info ][gc,cpu      ] GC(38) User=0.08s Sys=0.00s Real=0.03s
[2025-08-22T14:32:01.437+0000][175][info ][safepoint   ] Safepoint "G1CollectForAllocation", Time since last: 633833401 ns, Reaching safepoint: 20330 ns, Cleanup: 20740 ns, At safepoint: 21783686 ns, Total: 21824756 ns
[2025-08-22T14:32:02.445+0000][175][info ][safepoint   ] Safepoint "Cleanup", Time since last: 1007767903 ns, Reaching safepoint: 8236 ns, Cleanup: 8444 ns, At safepoint: 3284 ns, Total: 19964 ns
[2025-08-22T14:32:04.224+0000][175][info ][safepoint   ] Safepoint "Cleanup", Time since last: 1779125874 ns, Reaching safepoint: 19595 ns, Cleanup: 18819 ns, At safepoint: 3214 ns, Total: 41628 ns
[2025-08-22T14:32:05.978+0000][175][info ][safepoint   ] Safepoint "Cleanup", Time since last: 1753827134 ns, Reaching safepoint: 22482 ns, Cleanup: 23245 ns, At safepoint: 2303 ns, Total: 48030 ns
[2025-08-22T14:32:07.236+0000][175][info ][safepoint   ] Safepoint "Cleanup", Time since last: 1258839510 ns, Reaching safepoint: 19043 ns, Cleanup: 13644 ns, At safepoint: 2242 ns, Total: 34929 ns
[2025-08-22T14:32:08.451+0000][175][info ][safepoint   ] Safepoint "Cleanup", Time since last: 1214922540 ns, Reaching safepoint: 8352 ns, Cleanup: 35609 ns, At safepoint: 4064 ns, Total: 48025 ns
[2025-08-22T14:32:10.458+0000][175][info ][safepoint   ] Safepoint "Cleanup", Time since last: 2006963838 ns, Reaching safepoint: 27850 ns, Cleanup: 25115 ns, At safepoint: 2442 ns, Total: 55407 ns
[2025-08-22T14:32:13.238+0000][175][info ][safepoint   ] Safepoint "Cleanup", Time since last: 2779980663 ns, Reaching safepoint: 7898 ns, Cleanup: 15845 ns, At safepoint: 3490 ns, Total: 27233 ns
[2025-08-22T14:32:16.396+0000][175][info ][safepoint   ] Safepoint "Cleanup", Time since last: 3157898251 ns, Reaching safepoint: 15636 ns, Cleanup: 6932 ns, At safepoint: 3250 ns, Total: 25818 ns
[2025-08-22T14:32:18.238+0000][175][info ][safepoint   ] Safepoint "Cleanup", Time since last: 1841541926 ns, Reaching safepoint: 9344 ns, Cleanup: 12474 ns, At safepoint: 3836 ns, Total: 25654 ns
[2025-08-22T14:32:19.251+0000][175][info ][safepoint   ] Safepoint "Cleanup", Time since last: 1012739529 ns, Reaching safepoint: 18883 ns, Cleanup: 18948 ns, At safepoint: 2348 ns, Total: 40179 ns
[2025-08-22T14:32:20.468+0000][175][info ][safepoint   ] Safepoint "Cleanup", Time since last: 1217344291 ns, Reaching safepoint: 8140 ns, Cleanup: 12768 ns, At safepoint: 3880 ns, Total: 24788 ns
[2025-08-22T14:32:23.257+0000][175][info ][safepoint   ] Safepoint "Cleanup", Time since last: 2788544596 ns, Reaching safepoint: 7720 ns, Cleanup: 12848 ns, At safepoint: 3743 ns, Total: 24311 ns
[2025-08-22T14:32:25.739+0000][175][info ][safepoint   ] Safepoint "Cleanup", Time since last: 2482383626 ns, Reaching safepoint: 75457 ns, Cleanup: 6452 ns, At safepoint: 3524 ns, Total: 85433 ns
[2025-08-22T14:32:27.479+0000][175][info ][safepoint   ] Safepoint "Cleanup", Time since last: 1739351554 ns, Reaching safepoint: 18605 ns, Cleanup: 12772 ns, At safepoint: 2799 ns, Total: 34176 ns
[2025-08-22T14:32:32.484+0000][175][info ][safepoint   ] Safepoint "Cleanup", Time since last: 5005385103 ns, Reaching safepoint: 11848 ns, Cleanup: 11586 ns, At safepoint: 5790 ns, Total: 29224 ns
[2025-08-22T14:32:33.491+0000][175][info ][safepoint   ] Safepoint "Cleanup", Time since last: 1006999923 ns, Reaching safepoint: 9040 ns, Cleanup: 15778 ns, At safepoint: 3821 ns, Total: 28639 ns
[2025-08-22T14:32:34.493+0000][175][info ][safepoint   ] Safepoint "Cleanup", Time since last: 1001846517 ns, Reaching safepoint: 20032 ns, Cleanup: 13509 ns, At safepoint: 2823 ns, Total: 36364 ns
[2025-08-22T14:32:36.321+0000][175][info ][safepoint   ] Safepoint "Cleanup", Time since last: 1828486416 ns, Reaching safepoint: 25071 ns, Cleanup: 22358 ns, At safepoint: 2450 ns, Total: 49879 ns
[2025-08-22T14:32:37.322+0000][175][info ][safepoint   ] Safepoint "Cleanup", Time since last: 1000105700 ns, Reaching safepoint: 19438 ns, Cleanup: 11662 ns, At safepoint: 4893 ns, Total: 35993 ns
[2025-08-22T14:32:38.495+0000][175][info ][safepoint   ] Safepoint "Cleanup", Time since last: 1173299442 ns, Reaching safepoint: 7946 ns, Cleanup: 25088 ns, At safepoint: 3798 ns, Total: 36832 ns
[2025-08-22T14:32:40.500+0000][175][info ][safepoint   ] Safepoint "Cleanup", Time since last: 2005530648 ns, Reaching safepoint: 21916 ns, Cleanup: 18487 ns, At safepoint: 2611 ns, Total: 43014 ns
[2025-08-22T14:32:43.292+0000][175][info ][safepoint   ] Safepoint "Cleanup", Time since last: 2791777263 ns, Reaching safepoint: 8366 ns, Cleanup: 8066 ns, At safepoint: 3584 ns, Total: 20016 ns
[2025-08-22T14:32:44.502+0000][175][info ][safepoint   ] Safepoint "Cleanup", Time since last: 1210107444 ns, Reaching safepoint: 8407 ns, Cleanup: 12086 ns, At safepoint: 15070 ns, Total: 35563 ns
[2025-08-22T14:32:48.314+0000][175][info ][safepoint   ] Safepoint "Cleanup", Time since last: 3811668320 ns, Reaching safepoint: 7311 ns, Cleanup: 9660 ns, At safepoint: 3607 ns, Total: 20578 ns
[2025-08-22T14:32:50.509+0000][175][info ][safepoint   ] Safepoint "Cleanup", Time since last: 2195238941 ns, Reaching safepoint: 8589 ns, Cleanup: 8193 ns, At safepoint: 3546 ns, Total: 20328 ns
[2025-08-22T14:32:53.136+0000][175][info ][safepoint   ] Safepoint "Cleanup", Time since last: 2626724208 ns, Reaching safepoint: 9997 ns, Cleanup: 15708 ns, At safepoint: 3575 ns, Total: 29280 ns
[2025-08-22T14:32:55.323+0000][175][info ][safepoint   ] Safepoint "Cleanup", Time since last: 2187225536 ns, Reaching safepoint: 18789 ns, Cleanup: 11653 ns, At safepoint: 2263 ns, Total: 32705 ns
[2025-08-22T14:33:00.989+0000][175][info ][gc,start    ] GC(39) Pause Young (Normal) (G1 Evacuation Pause)
[2025-08-22T14:33:00.989+0000][175][info ][gc,task     ] GC(39) Using 8 workers of 8 for evacuation
[2025-08-22T14:33:00.989+0000][175][debug][gc,age      ] GC(39) Desired survivor size 81788928 bytes, new threshold 15 (max threshold 15)
[2025-08-22T14:33:01.002+0000][175][info ][gc,phases   ] GC(39)   Pre Evacuate Collection Set: 0.2ms
[2025-08-22T14:33:01.002+0000][175][info ][gc,phases   ] GC(39)   Merge Heap Roots: 0.1ms
[2025-08-22T14:33:01.002+0000][175][info ][gc,phases   ] GC(39)   Evacuate Collection Set: 12.1ms
[2025-08-22T14:33:01.002+0000][175][info ][gc,phases   ] GC(39)   Post Evacuate Collection Set: 0.8ms
[2025-08-22T14:33:01.002+0000][175][info ][gc,phases   ] GC(39)   Other: 0.1ms
[2025-08-22T14:33:01.002+0000][175][trace][gc,age      ] GC(39) Age table with threshold 15 (max threshold 15)
[2025-08-22T14:33:01.002+0000][175][trace][gc,age      ] GC(39) - age   1:   35494288 bytes,   35494288 total
[2025-08-22T14:33:01.002+0000][175][trace][gc,age      ] GC(39) - age   2:    5911168 bytes,   41405456 total
[2025-08-22T14:33:01.002+0000][175][trace][gc,age      ] GC(39) - age   3:     714496 bytes,   42119952 total
[2025-08-22T14:33:01.002+0000][175][trace][gc,age      ] GC(39) - age   4:     810896 bytes,   42930848 total
[2025-08-22T14:33:01.002+0000][175][trace][gc,age      ] GC(39) - age   5:     823392 bytes,   43754240 total
[2025-08-22T14:33:01.002+0000][175][trace][gc,age      ] GC(39) - age   6:    1169288 bytes,   44923528 total
[2025-08-22T14:33:01.002+0000][175][trace][gc,age      ] GC(39) - age   7:     796768 bytes,   45720296 total
[2025-08-22T14:33:01.002+0000][175][trace][gc,age      ] GC(39) - age   8:    2114984 bytes,   47835280 total
[2025-08-22T14:33:01.002+0000][175][trace][gc,age      ] GC(39) - age   9:      83056 bytes,   47918336 total
[2025-08-22T14:33:01.002+0000][175][trace][gc,age      ] GC(39) - age  10:     692096 bytes,   48610432 total
[2025-08-22T14:33:01.002+0000][175][trace][gc,age      ] GC(39) - age  11:     529032 bytes,   49139464 total
[2025-08-22T14:33:01.002+0000][175][trace][gc,age      ] GC(39) - age  12:     110704 bytes,   49250168 total
[2025-08-22T14:33:01.002+0000][175][trace][gc,age      ] GC(39) - age  13:        736 bytes,   49250904 total
[2025-08-22T14:33:01.002+0000][175][trace][gc,age      ] GC(39) - age  14:     303968 bytes,   49554872 total
[2025-08-22T14:33:01.002+0000][175][trace][gc,age      ] GC(39) - age  15:     801552 bytes,   50356424 total
[2025-08-22T14:33:01.002+0000][175][info ][gc,heap     ] GC(39) Eden regions: 296->0(293)
[2025-08-22T14:33:01.002+0000][175][info ][gc,heap     ] GC(39) Survivor regions: 11->14(39)
[2025-08-22T14:33:01.002+0000][175][info ][gc,heap     ] GC(39) Old regions: 48->49
[2025-08-22T14:33:01.002+0000][175][info ][gc,heap     ] GC(39) Humongous regions: 2->2
[2025-08-22T14:33:01.002+0000][175][info ][gc,metaspace] GC(39) Metaspace: 153877K(157696K)->153877K(157696K) NonClass: 133366K(135360K)->133366K(135360K) Class: 20510K(22336K)->20510K(22336K)
[2025-08-22T14:33:01.002+0000][175][info ][gc          ] GC(39) Pause Young (Normal) (G1 Evacuation Pause) 1427M->256M(2048M) 13.430ms
[2025-08-22T14:33:01.003+0000][175][info ][gc,cpu      ] GC(39) User=0.05s Sys=0.00s Real=0.01s
[2025-08-22T14:33:01.003+0000][175][info ][safepoint   ] Safepoint "G1CollectForAllocation", Time since last: 5665604365 ns, Reaching safepoint: 80369 ns, Cleanup: 3255 ns, At safepoint: 13519446 ns, Total: 13603070 ns
[2025-08-22T14:33:02.524+0000][175][info ][safepoint   ] Safepoint "Cleanup", Time since last: 1521031808 ns, Reaching safepoint: 7816 ns, Cleanup: 26304 ns, At safepoint: 3696 ns, Total: 37816 ns
[2025-08-22T14:33:04.339+0000][175][info ][safepoint   ] Safepoint "Cleanup", Time since last: 1815031447 ns, Reaching safepoint: 21245 ns, Cleanup: 14525 ns, At safepoint: 2596 ns, Total: 38366 ns
[2025-08-22T14:33:05.339+0000][175][info ][safepoint   ] Safepoint "Cleanup", Time since last: 1000104452 ns, Reaching safepoint: 17885 ns, Cleanup: 12081 ns, At safepoint: 2703 ns, Total: 32669 ns
[2025-08-22T14:33:07.739+0000][175][info ][safepoint   ] Safepoint "Cleanup", Time since last: 2399713871 ns, Reaching safepoint: 8404 ns, Cleanup: 7426 ns, At safepoint: 3451 ns, Total: 19281 ns
[2025-08-22T14:33:09.540+0000][175][info ][safepoint   ] Safepoint "Cleanup", Time since last: 1801121400 ns, Reaching safepoint: 22019 ns, Cleanup: 22514 ns, At safepoint: 2465 ns, Total: 46998 ns
[2025-08-22T14:33:12.937+0000][175][info ][safepoint   ] Safepoint "Cleanup", Time since last: 3397307603 ns, Reaching safepoint: 22380 ns, Cleanup: 19196 ns, At safepoint: 3370 ns, Total: 44946 ns
[2025-08-22T14:33:14.543+0000][175][info ][safepoint   ] Safepoint "Cleanup", Time since last: 1605836595 ns, Reaching safepoint: 9378 ns, Cleanup: 20097 ns, At safepoint: 3499 ns, Total: 32974 ns
[2025-08-22T14:33:17.403+0000][175][info ][safepoint   ] Safepoint "Cleanup", Time since last: 2859738090 ns, Reaching safepoint: 8096 ns, Cleanup: 6568 ns, At safepoint: 3274 ns, Total: 17938 ns
[2025-08-22T14:33:20.550+0000][175][info ][safepoint   ] Safepoint "Cleanup", Time since last: 3147075054 ns, Reaching safepoint: 8083 ns, Cleanup: 11352 ns, At safepoint: 3660 ns, Total: 23095 ns
[2025-08-22T14:33:22.741+0000][175][info ][safepoint   ] Safepoint "Cleanup", Time since last: 2190853057 ns, Reaching safepoint: 21435 ns, Cleanup: 6612 ns, At safepoint: 6105 ns, Total: 34152 ns
[2025-08-22T14:33:24.560+0000][175][info ][safepoint   ] Safepoint "Cleanup", Time since last: 1818991168 ns, Reaching safepoint: 19732 ns, Cleanup: 18121 ns, At safepoint: 2116 ns, Total: 39969 ns
[2025-08-22T14:33:25.735+0000][175][info ][safepoint   ] Safepoint "Cleanup", Time since last: 1175340201 ns, Reaching safepoint: 7440 ns, Cleanup: 7576 ns, At safepoint: 3529 ns, Total: 18545 ns
[2025-08-22T14:33:27.570+0000][175][info ][safepoint   ] Safepoint "Cleanup", Time since last: 1835285904 ns, Reaching safepoint: 40018 ns, Cleanup: 9289 ns, At safepoint: 3769 ns, Total: 53076 ns
[2025-08-22T14:33:29.386+0000][175][info ][safepoint   ] Safepoint "Cleanup", Time since last: 1815147053 ns, Reaching safepoint: 20212 ns, Cleanup: 18598 ns, At safepoint: 2707 ns, Total: 41517 ns
[2025-08-22T14:33:31.386+0000][175][info ][safepoint   ] Safepoint "Cleanup", Time since last: 2000174403 ns, Reaching safepoint: 85598 ns, Cleanup: 22257 ns, At safepoint: 4841 ns, Total: 112696 ns
[2025-08-22T14:33:32.575+0000][175][info ][safepoint   ] Safepoint "Cleanup", Time since last: 1189512714 ns, Reaching safepoint: 8424 ns, Cleanup: 7171 ns, At safepoint: 3307 ns, Total: 18902 ns
[2025-08-22T14:33:37.734+0000][175][info ][safepoint   ] Safepoint "Cleanup", Time since last: 5158894634 ns, Reaching safepoint: 75423 ns, Cleanup: 22163 ns, At safepoint: 3655 ns, Total: 101241 ns
[2025-08-22T14:33:39.587+0000][175][info ][safepoint   ] Safepoint "Cleanup", Time since last: 1852747452 ns, Reaching safepoint: 20623 ns, Cleanup: 15448 ns, At safepoint: 2751 ns, Total: 38822 ns
[2025-08-22T14:33:40.587+0000][175][info ][safepoint   ] Safepoint "Cleanup", Time since last: 1000108206 ns, Reaching safepoint: 21713 ns, Cleanup: 20743 ns, At safepoint: 2587 ns, Total: 45043 ns
[2025-08-22T14:33:43.741+0000][175][info ][safepoint   ] Safepoint "Cleanup", Time since last: 3154073771 ns, Reaching safepoint: 7282 ns, Cleanup: 6313 ns, At safepoint: 2077 ns, Total: 15672 ns
[2025-08-22T14:33:45.593+0000][175][info ][safepoint   ] Safepoint "Cleanup", Time since last: 1851250579 ns, Reaching safepoint: 20367 ns, Cleanup: 28354 ns, At safepoint: 2689 ns, Total: 51410 ns
[2025-08-22T14:33:48.270+0000][175][info ][safepoint   ] Safepoint "Cleanup", Time since last: 2677313846 ns, Reaching safepoint: 75626 ns, Cleanup: 7596 ns, At safepoint: 5461 ns, Total: 88683 ns
[2025-08-22T14:33:49.272+0000][175][info ][safepoint   ] Safepoint "Cleanup", Time since last: 1001735031 ns, Reaching safepoint: 7986 ns, Cleanup: 9105 ns, At safepoint: 3601 ns, Total: 20692 ns
[2025-08-22T14:33:50.597+0000][175][info ][safepoint   ] Safepoint "Cleanup", Time since last: 1324919616 ns, Reaching safepoint: 8328 ns, Cleanup: 9197 ns, At safepoint: 3503 ns, Total: 21028 ns
[2025-08-22T14:33:55.425+0000][175][info ][safepoint   ] Safepoint "Cleanup", Time since last: 4828360416 ns, Reaching safepoint: 19543 ns, Cleanup: 12274 ns, At safepoint: 2658 ns, Total: 34475 ns
[2025-08-22T14:33:57.607+0000][175][info ][safepoint   ] Safepoint "Cleanup", Time since last: 2181257220 ns, Reaching safepoint: 20668 ns, Cleanup: 15152 ns, At safepoint: 2826 ns, Total: 38646 ns
[2025-08-22T14:34:00.906+0000][175][info ][gc,start    ] GC(40) Pause Young (Normal) (G1 Evacuation Pause)
[2025-08-22T14:34:00.906+0000][175][info ][gc,task     ] GC(40) Using 8 workers of 8 for evacuation
[2025-08-22T14:34:00.906+0000][175][debug][gc,age      ] GC(40) Desired survivor size 81788928 bytes, new threshold 15 (max threshold 15)
[2025-08-22T14:34:00.918+0000][175][info ][gc,phases   ] GC(40)   Pre Evacuate Collection Set: 0.2ms
[2025-08-22T14:34:00.918+0000][175][info ][gc,phases   ] GC(40)   Merge Heap Roots: 0.1ms
[2025-08-22T14:34:00.918+0000][175][info ][gc,phases   ] GC(40)   Evacuate Collection Set: 10.3ms
[2025-08-22T14:34:00.918+0000][175][info ][gc,phases   ] GC(40)   Post Evacuate Collection Set: 0.9ms
[2025-08-22T14:34:00.918+0000][175][info ][gc,phases   ] GC(40)   Other: 0.1ms
[2025-08-22T14:34:00.918+0000][175][trace][gc,age      ] GC(40) Age table with threshold 15 (max threshold 15)
[2025-08-22T14:34:00.918+0000][175][trace][gc,age      ] GC(40) - age   1:   37885136 bytes,   37885136 total
[2025-08-22T14:34:00.918+0000][175][trace][gc,age      ] GC(40) - age   2:    2897152 bytes,   40782288 total
[2025-08-22T14:34:00.918+0000][175][trace][gc,age      ] GC(40) - age   3:    1469456 bytes,   42251744 total
[2025-08-22T14:34:00.918+0000][175][trace][gc,age      ] GC(40) - age   4:     558832 bytes,   42810576 total
[2025-08-22T14:34:00.918+0000][175][trace][gc,age      ] GC(40) - age   5:     560320 bytes,   43370896 total
[2025-08-22T14:34:00.918+0000][175][trace][gc,age      ] GC(40) - age   6:     586264 bytes,   43957160 total
[2025-08-22T14:34:00.918+0000][175][trace][gc,age      ] GC(40) - age   7:    1169056 bytes,   45126216 total
[2025-08-22T14:34:00.918+0000][175][trace][gc,age      ] GC(40) - age   8:     558800 bytes,   45685016 total
[2025-08-22T14:34:00.918+0000][175][trace][gc,age      ] GC(40) - age   9:    1878312 bytes,   47563328 total
[2025-08-22T14:34:00.918+0000][175][trace][gc,age      ] GC(40) - age  10:      80848 bytes,   47644176 total
[2025-08-22T14:34:00.918+0000][175][trace][gc,age      ] GC(40) - age  11:     450664 bytes,   48094840 total
[2025-08-22T14:34:00.918+0000][175][trace][gc,age      ] GC(40) - age  12:     294504 bytes,   48389344 total
[2025-08-22T14:34:00.918+0000][175][trace][gc,age      ] GC(40) - age  13:     108496 bytes,   48497840 total
[2025-08-22T14:34:00.918+0000][175][trace][gc,age      ] GC(40) - age  14:        400 bytes,   48498240 total
[2025-08-22T14:34:00.918+0000][175][trace][gc,age      ] GC(40) - age  15:      67976 bytes,   48566216 total
[2025-08-22T14:34:00.918+0000][175][info ][gc,heap     ] GC(40) Eden regions: 293->0(294)
[2025-08-22T14:34:00.918+0000][175][info ][gc,heap     ] GC(40) Survivor regions: 14->13(39)
[2025-08-22T14:34:00.918+0000][175][info ][gc,heap     ] GC(40) Old regions: 49->49
[2025-08-22T14:34:00.918+0000][175][info ][gc,heap     ] GC(40) Humongous regions: 2->2
[2025-08-22T14:34:00.918+0000][175][info ][gc,metaspace] GC(40) Metaspace: 153941K(157760K)->153941K(157760K) NonClass: 133429K(135424K)->133429K(135424K) Class: 20511K(22336K)->20511K(22336K)
[2025-08-22T14:34:00.918+0000][175][info ][gc          ] GC(40) Pause Young (Normal) (G1 Evacuation Pause) 1428M->253M(2048M) 11.798ms
[2025-08-22T14:34:00.918+0000][175][info ][gc,cpu      ] GC(40) User=0.05s Sys=0.00s Real=0.01s
[2025-08-22T14:34:00.918+0000][175][info ][safepoint   ] Safepoint "G1CollectForAllocation", Time since last: 3299406327 ns, Reaching safepoint: 16990 ns, Cleanup: 5545 ns, At safepoint: 11880123 ns, Total: 11902658 ns
[2025-08-22T14:34:02.611+0000][175][info ][safepoint   ] Safepoint "Cleanup", Time since last: 1693186312 ns, Reaching safepoint: 7835 ns, Cleanup: 15502 ns, At safepoint: 3851 ns, Total: 27188 ns
[2025-08-22T14:34:04.444+0000][175][info ][safepoint   ] Safepoint "Cleanup", Time since last: 1832590456 ns, Reaching safepoint: 18763 ns, Cleanup: 9950 ns, At safepoint: 2310 ns, Total: 31023 ns
[2025-08-22T14:34:07.735+0000][175][info ][safepoint   ] Safepoint "Cleanup", Time since last: 3291182743 ns, Reaching safepoint: 8347 ns, Cleanup: 6958 ns, At safepoint: 1774 ns, Total: 17079 ns
[2025-08-22T14:34:09.627+0000][175][info ][safepoint   ] Safepoint "Cleanup", Time since last: 1891770728 ns, Reaching safepoint: 25588 ns, Cleanup: 20413 ns, At safepoint: 3028 ns, Total: 49029 ns
[2025-08-22T14:34:10.627+0000][175][info ][safepoint   ] Safepoint "Cleanup", Time since last: 1000117408 ns, Reaching safepoint: 23299 ns, Cleanup: 18677 ns, At safepoint: 2849 ns, Total: 44825 ns
[2025-08-22T14:34:12.627+0000][175][info ][safepoint   ] Safepoint "Cleanup", Time since last: 2000195802 ns, Reaching safepoint: 23816 ns, Cleanup: 22943 ns, At safepoint: 3802 ns, Total: 50561 ns
[2025-08-22T14:34:13.736+0000][175][info ][safepoint   ] Safepoint "Cleanup", Time since last: 1108848536 ns, Reaching safepoint: 7558 ns, Cleanup: 8866 ns, At safepoint: 7986 ns, Total: 24410 ns
[2025-08-22T14:34:15.633+0000][175][info ][safepoint   ] Safepoint "Cleanup", Time since last: 1897088370 ns, Reaching safepoint: 24164 ns, Cleanup: 18446 ns, At safepoint: 2609 ns, Total: 45219 ns
[2025-08-22T14:34:17.439+0000][175][info ][safepoint   ] Safepoint "Cleanup", Time since last: 1805745019 ns, Reaching safepoint: 7295 ns, Cleanup: 8487 ns, At safepoint: 3450 ns, Total: 19232 ns
[2025-08-22T14:34:18.442+0000][175][info ][safepoint   ] Safepoint "Cleanup", Time since last: 1002816437 ns, Reaching safepoint: 22828 ns, Cleanup: 19735 ns, At safepoint: 2691 ns, Total: 45254 ns
[2025-08-22T14:34:19.735+0000][175][info ][safepoint   ] Safepoint "Cleanup", Time since last: 1293318536 ns, Reaching safepoint: 7538 ns, Cleanup: 8609 ns, At safepoint: 3586 ns, Total: 19733 ns
[2025-08-22T14:34:22.640+0000][175][info ][safepoint   ] Safepoint "Cleanup", Time since last: 2904972673 ns, Reaching safepoint: 19118 ns, Cleanup: 10203 ns, At safepoint: 2123 ns, Total: 31444 ns
[2025-08-22T14:34:24.481+0000][175][info ][safepoint   ] Safepoint "Cleanup", Time since last: 1840774915 ns, Reaching safepoint: 34266 ns, Cleanup: 12915 ns, At safepoint: 4226 ns, Total: 51407 ns
[2025-08-22T14:34:25.850+0000][175][info ][safepoint   ] Safepoint "Cleanup", Time since last: 1368715368 ns, Reaching safepoint: 8826 ns, Cleanup: 6798 ns, At safepoint: 3576 ns, Total: 19200 ns
[2025-08-22T14:34:29.489+0000][175][info ][safepoint   ] Safepoint "Cleanup", Time since last: 3639753270 ns, Reaching safepoint: 41055 ns, Cleanup: 12398 ns, At safepoint: 4244 ns, Total: 57697 ns
[2025-08-22T14:34:32.651+0000][175][info ][safepoint   ] Safepoint "Cleanup", Time since last: 3161596700 ns, Reaching safepoint: 7740 ns, Cleanup: 9800 ns, At safepoint: 3473 ns, Total: 21013 ns
[2025-08-22T14:34:38.655+0000][175][info ][safepoint   ] Safepoint "Cleanup", Time since last: 6004340158 ns, Reaching safepoint: 9053 ns, Cleanup: 10938 ns, At safepoint: 3718 ns, Total: 23709 ns
[2025-08-22T14:34:39.660+0000][175][info ][safepoint   ] Safepoint "Cleanup", Time since last: 1004950921 ns, Reaching safepoint: 23116 ns, Cleanup: 8362 ns, At safepoint: 2164 ns, Total: 33642 ns
[2025-08-22T14:34:41.727+0000][175][info ][safepoint   ] Safepoint "Cleanup", Time since last: 2066971930 ns, Reaching safepoint: 19396 ns, Cleanup: 16524 ns, At safepoint: 2712 ns, Total: 38632 ns
[2025-08-22T14:34:42.728+0000][175][info ][safepoint   ] Safepoint "Cleanup", Time since last: 1000117746 ns, Reaching safepoint: 20965 ns, Cleanup: 20406 ns, At safepoint: 2389 ns, Total: 43760 ns
[2025-08-22T14:34:43.734+0000][175][info ][safepoint   ] Safepoint "Cleanup", Time since last: 1006186100 ns, Reaching safepoint: 11103 ns, Cleanup: 20703 ns, At safepoint: 4436 ns, Total: 36242 ns
[2025-08-22T14:34:45.665+0000][175][info ][safepoint   ] Safepoint "Cleanup", Time since last: 1931056729 ns, Reaching safepoint: 20899 ns, Cleanup: 14486 ns, At safepoint: 2741 ns, Total: 38126 ns
[2025-08-22T14:34:52.578+0000][175][info ][safepoint   ] Safepoint "Cleanup", Time since last: 6913211546 ns, Reaching safepoint: 8126 ns, Cleanup: 9036 ns, At safepoint: 5467 ns, Total: 22629 ns
[2025-08-22T14:34:54.538+0000][175][info ][safepoint   ] Safepoint "Cleanup", Time since last: 1960057597 ns, Reaching safepoint: 21467 ns, Cleanup: 23062 ns, At safepoint: 2827 ns, Total: 47356 ns
[2025-08-22T14:34:55.734+0000][175][info ][safepoint   ] Safepoint "Cleanup", Time since last: 1196124823 ns, Reaching safepoint: 7045 ns, Cleanup: 6422 ns, At safepoint: 3935 ns, Total: 17402 ns
[2025-08-22T14:34:55.744+0000][175][info ][gc,start    ] GC(41) Pause Young (Normal) (G1 Evacuation Pause)
[2025-08-22T14:34:55.744+0000][175][info ][gc,task     ] GC(41) Using 8 workers of 8 for evacuation
[2025-08-22T14:34:55.744+0000][175][debug][gc,age      ] GC(41) Desired survivor size 81788928 bytes, new threshold 15 (max threshold 15)
[2025-08-22T14:34:55.753+0000][175][info ][gc,phases   ] GC(41)   Pre Evacuate Collection Set: 0.2ms
[2025-08-22T14:34:55.753+0000][175][info ][gc,phases   ] GC(41)   Merge Heap Roots: 0.1ms
[2025-08-22T14:34:55.753+0000][175][info ][gc,phases   ] GC(41)   Evacuate Collection Set: 8.8ms
[2025-08-22T14:34:55.753+0000][175][info ][gc,phases   ] GC(41)   Post Evacuate Collection Set: 0.6ms
[2025-08-22T14:34:55.753+0000][175][info ][gc,phases   ] GC(41)   Other: 0.1ms
[2025-08-22T14:34:55.753+0000][175][trace][gc,age      ] GC(41) Age table with threshold 15 (max threshold 15)
[2025-08-22T14:34:55.753+0000][175][trace][gc,age      ] GC(41) - age   1:   37538072 bytes,   37538072 total
[2025-08-22T14:34:55.753+0000][175][trace][gc,age      ] GC(41) - age   2:    6460712 bytes,   43998784 total
[2025-08-22T14:34:55.753+0000][175][trace][gc,age      ] GC(41) - age   3:    2183568 bytes,   46182352 total
[2025-08-22T14:34:55.753+0000][175][trace][gc,age      ] GC(41) - age   4:    1465216 bytes,   47647568 total
[2025-08-22T14:34:55.753+0000][175][trace][gc,age      ] GC(41) - age   5:     558792 bytes,   48206360 total
[2025-08-22T14:34:55.753+0000][175][trace][gc,age      ] GC(41) - age   6:     559704 bytes,   48766064 total
[2025-08-22T14:34:55.753+0000][175][trace][gc,age      ] GC(41) - age   7:     584144 bytes,   49350208 total
[2025-08-22T14:34:55.753+0000][175][trace][gc,age      ] GC(41) - age   8:    1168952 bytes,   50519160 total
[2025-08-22T14:34:55.753+0000][175][trace][gc,age      ] GC(41) - age   9:     558416 bytes,   51077576 total
[2025-08-22T14:34:55.753+0000][175][trace][gc,age      ] GC(41) - age  10:    1877912 bytes,   52955488 total
[2025-08-22T14:34:55.753+0000][175][trace][gc,age      ] GC(41) - age  11:      80528 bytes,   53036016 total
[2025-08-22T14:34:55.753+0000][175][trace][gc,age      ] GC(41) - age  12:     450392 bytes,   53486408 total
[2025-08-22T14:34:55.753+0000][175][trace][gc,age      ] GC(41) - age  13:     294184 bytes,   53780592 total
[2025-08-22T14:34:55.753+0000][175][trace][gc,age      ] GC(41) - age  14:     108496 bytes,   53889088 total
[2025-08-22T14:34:55.753+0000][175][trace][gc,age      ] GC(41) - age  15:        336 bytes,   53889424 total
[2025-08-22T14:34:55.753+0000][175][info ][gc,heap     ] GC(41) Eden regions: 294->0(292)
[2025-08-22T14:34:55.753+0000][175][info ][gc,heap     ] GC(41) Survivor regions: 13->15(39)
[2025-08-22T14:34:55.753+0000][175][info ][gc,heap     ] GC(41) Old regions: 49->49
[2025-08-22T14:34:55.753+0000][175][info ][gc,heap     ] GC(41) Humongous regions: 2->2
[2025-08-22T14:34:55.753+0000][175][info ][gc,metaspace] GC(41) Metaspace: 153989K(157760K)->153989K(157760K) NonClass: 133477K(135424K)->133477K(135424K) Class: 20511K(22336K)->20511K(22336K)
[2025-08-22T14:34:55.753+0000][175][info ][gc          ] GC(41) Pause Young (Normal) (G1 Evacuation Pause) 1429M->258M(2048M) 9.962ms
[2025-08-22T14:34:55.753+0000][175][info ][gc,cpu      ] GC(41) User=0.05s Sys=0.00s Real=0.01s
[2025-08-22T14:34:55.754+0000][175][info ][safepoint   ] Safepoint "G1CollectForAllocation", Time since last: 9078303 ns, Reaching safepoint: 12155 ns, Cleanup: 1940 ns, At safepoint: 10034889 ns, Total: 10048984 ns
[2025-08-22T14:35:00.910+0000][175][info ][safepoint   ] Safepoint "Cleanup", Time since last: 5156481904 ns, Reaching safepoint: 76728 ns, Cleanup: 9621 ns, At safepoint: 5337 ns, Total: 91686 ns
[2025-08-22T14:35:02.684+0000][175][info ][safepoint   ] Safepoint "Cleanup", Time since last: 1773797933 ns, Reaching safepoint: 7170 ns, Cleanup: 29132 ns, At safepoint: 5208 ns, Total: 41510 ns
[2025-08-22T14:35:04.557+0000][175][info ][safepoint   ] Safepoint "Cleanup", Time since last: 1872779800 ns, Reaching safepoint: 21901 ns, Cleanup: 13505 ns, At safepoint: 2534 ns, Total: 37940 ns
[2025-08-22T14:35:06.557+0000][175][info ][safepoint   ] Safepoint "Cleanup", Time since last: 2000177446 ns, Reaching safepoint: 19140 ns, Cleanup: 11621 ns, At safepoint: 2612 ns, Total: 33373 ns
[2025-08-22T14:35:08.563+0000][175][info ][safepoint   ] Safepoint "Cleanup", Time since last: 2005974393 ns, Reaching safepoint: 7634 ns, Cleanup: 12115 ns, At safepoint: 3895 ns, Total: 23644 ns
[2025-08-22T14:35:14.701+0000][175][info ][safepoint   ] Safepoint "Cleanup", Time since last: 6137810172 ns, Reaching safepoint: 9574 ns, Cleanup: 13345 ns, At safepoint: 3460 ns, Total: 26379 ns
[2025-08-22T14:35:18.475+0000][175][info ][safepoint   ] Safepoint "Cleanup", Time since last: 3773783757 ns, Reaching safepoint: 49847 ns, Cleanup: 14321 ns, At safepoint: 3013 ns, Total: 67181 ns
[2025-08-22T14:35:19.732+0000][175][info ][safepoint   ] Safepoint "Cleanup", Time since last: 1257508571 ns, Reaching safepoint: 76553 ns, Cleanup: 8249 ns, At safepoint: 3987 ns, Total: 88789 ns
[2025-08-22T14:35:22.711+0000][175][info ][safepoint   ] Safepoint "Cleanup", Time since last: 2979202302 ns, Reaching safepoint: 20065 ns, Cleanup: 12412 ns, At safepoint: 2382 ns, Total: 34859 ns
[2025-08-22T14:35:24.693+0000][175][info ][safepoint   ] Safepoint "Cleanup", Time since last: 1981137970 ns, Reaching safepoint: 30248 ns, Cleanup: 38422 ns, At safepoint: 3877 ns, Total: 72547 ns
[2025-08-22T14:35:25.693+0000][175][info ][safepoint   ] Safepoint "Cleanup", Time since last: 1000122570 ns, Reaching safepoint: 36323 ns, Cleanup: 13351 ns, At safepoint: 4049 ns, Total: 53723 ns
[2025-08-22T14:35:26.716+0000][175][info ][safepoint   ] Safepoint "Cleanup", Time since last: 1022762401 ns, Reaching safepoint: 7373 ns, Cleanup: 11075 ns, At safepoint: 3586 ns, Total: 22034 ns
[2025-08-22T14:35:26.725+0000][175][info ][gc,start    ] GC(42) Pause Young (Normal) (G1 Evacuation Pause)
[2025-08-22T14:35:26.725+0000][175][info ][gc,task     ] GC(42) Using 8 workers of 8 for evacuation
[2025-08-22T14:35:26.725+0000][175][debug][gc,age      ] GC(42) Desired survivor size 81788928 bytes, new threshold 15 (max threshold 15)
[2025-08-22T14:35:26.734+0000][175][info ][gc,phases   ] GC(42)   Pre Evacuate Collection Set: 0.1ms
[2025-08-22T14:35:26.734+0000][175][info ][gc,phases   ] GC(42)   Merge Heap Roots: 0.1ms
[2025-08-22T14:35:26.734+0000][175][info ][gc,phases   ] GC(42)   Evacuate Collection Set: 8.3ms
[2025-08-22T14:35:26.734+0000][175][info ][gc,phases   ] GC(42)   Post Evacuate Collection Set: 0.7ms
[2025-08-22T14:35:26.734+0000][175][info ][gc,phases   ] GC(42)   Other: 0.1ms
[2025-08-22T14:35:26.734+0000][175][trace][gc,age      ] GC(42) Age table with threshold 15 (max threshold 15)
[2025-08-22T14:35:26.734+0000][175][trace][gc,age      ] GC(42) - age   1:   37497632 bytes,   37497632 total
[2025-08-22T14:35:26.734+0000][175][trace][gc,age      ] GC(42) - age   2:    6768944 bytes,   44266576 total
[2025-08-22T14:35:26.734+0000][175][trace][gc,age      ] GC(42) - age   3:    6170880 bytes,   50437456 total
[2025-08-22T14:35:26.734+0000][175][trace][gc,age      ] GC(42) - age   4:    2178480 bytes,   52615936 total
[2025-08-22T14:35:26.734+0000][175][trace][gc,age      ] GC(42) - age   5:    1464928 bytes,   54080864 total
[2025-08-22T14:35:26.734+0000][175][trace][gc,age      ] GC(42) - age   6:     556168 bytes,   54637032 total
[2025-08-22T14:35:26.734+0000][175][trace][gc,age      ] GC(42) - age   7:     558984 bytes,   55196016 total
[2025-08-22T14:35:26.734+0000][175][trace][gc,age      ] GC(42) - age   8:     583488 bytes,   55779504 total
[2025-08-22T14:35:26.734+0000][175][trace][gc,age      ] GC(42) - age   9:    1168912 bytes,   56948416 total
[2025-08-22T14:35:26.734+0000][175][trace][gc,age      ] GC(42) - age  10:     558264 bytes,   57506680 total
[2025-08-22T14:35:26.734+0000][175][trace][gc,age      ] GC(42) - age  11:    1877912 bytes,   59384592 total
[2025-08-22T14:35:26.734+0000][175][trace][gc,age      ] GC(42) - age  12:      80488 bytes,   59465080 total
[2025-08-22T14:35:26.734+0000][175][trace][gc,age      ] GC(42) - age  13:     450352 bytes,   59915432 total
[2025-08-22T14:35:26.734+0000][175][trace][gc,age      ] GC(42) - age  14:     294144 bytes,   60209576 total
[2025-08-22T14:35:26.734+0000][175][trace][gc,age      ] GC(42) - age  15:     108496 bytes,   60318072 total
[2025-08-22T14:35:26.734+0000][175][info ][gc,heap     ] GC(42) Eden regions: 292->0(291)
[2025-08-22T14:35:26.734+0000][175][info ][gc,heap     ] GC(42) Survivor regions: 15->16(39)
[2025-08-22T14:35:26.734+0000][175][info ][gc,heap     ] GC(42) Old regions: 49->49
[2025-08-22T14:35:26.734+0000][175][info ][gc,heap     ] GC(42) Humongous regions: 2->2
[2025-08-22T14:35:26.734+0000][175][info ][gc,metaspace] GC(42) Metaspace: 154011K(157824K)->154011K(157824K) NonClass: 133500K(135488K)->133500K(135488K) Class: 20511K(22336K)->20511K(22336K)
[2025-08-22T14:35:26.734+0000][175][info ][gc          ] GC(42) Pause Young (Normal) (G1 Evacuation Pause) 1426M->264M(2048M) 9.485ms
[2025-08-22T14:35:26.734+0000][175][info ][gc,cpu      ] GC(42) User=0.06s Sys=0.00s Real=0.01s
[2025-08-22T14:35:26.734+0000][175][info ][safepoint   ] Safepoint "G1CollectForAllocation", Time since last: 9253259 ns, Reaching safepoint: 5885 ns, Cleanup: 1293 ns, At safepoint: 9558693 ns, Total: 9565871 ns
[2025-08-22T14:35:28.601+0000][175][info ][safepoint   ] Safepoint "Cleanup", Time since last: 1866759843 ns, Reaching safepoint: 8359 ns, Cleanup: 9438 ns, At safepoint: 3269 ns, Total: 21066 ns
[2025-08-22T14:35:29.816+0000][175][info ][safepoint   ] Safepoint "Cleanup", Time since last: 1214914165 ns, Reaching safepoint: 8007 ns, Cleanup: 6067 ns, At safepoint: 3390 ns, Total: 17464 ns
[2025-08-22T14:35:31.733+0000][175][info ][safepoint   ] Safepoint "Cleanup", Time since last: 1916429425 ns, Reaching safepoint: 78067 ns, Cleanup: 6597 ns, At safepoint: 5910 ns, Total: 90574 ns
[2025-08-22T14:35:32.736+0000][175][info ][safepoint   ] Safepoint "Cleanup", Time since last: 1002788412 ns, Reaching safepoint: 24682 ns, Cleanup: 22185 ns, At safepoint: 2568 ns, Total: 49435 ns
[2025-08-22T14:35:34.618+0000][175][info ][safepoint   ] Safepoint "Cleanup", Time since last: 1882705556 ns, Reaching safepoint: 22685 ns, Cleanup: 13864 ns, At safepoint: 2571 ns, Total: 39120 ns
[2025-08-22T14:35:35.618+0000][175][info ][safepoint   ] Safepoint "Cleanup", Time since last: 1000109783 ns, Reaching safepoint: 22623 ns, Cleanup: 15343 ns, At safepoint: 3027 ns, Total: 40993 ns
[2025-08-22T14:35:39.753+0000][175][info ][safepoint   ] Safepoint "Cleanup", Time since last: 4134821692 ns, Reaching safepoint: 8834 ns, Cleanup: 20407 ns, At safepoint: 4044 ns, Total: 33285 ns
[2025-08-22T14:35:41.732+0000][175][info ][safepoint   ] Safepoint "Cleanup", Time since last: 1978642156 ns, Reaching safepoint: 19628 ns, Cleanup: 14466 ns, At safepoint: 2769 ns, Total: 36863 ns
[2025-08-22T14:35:42.732+0000][175][info ][safepoint   ] Safepoint "Cleanup", Time since last: 1000124085 ns, Reaching safepoint: 21925 ns, Cleanup: 18256 ns, At safepoint: 2435 ns, Total: 42616 ns
[2025-08-22T14:35:51.766+0000][175][info ][safepoint   ] Safepoint "Cleanup", Time since last: 9034134670 ns, Reaching safepoint: 20960 ns, Cleanup: 13000 ns, At safepoint: 2445 ns, Total: 36405 ns
[2025-08-22T14:35:53.184+0000][175][info ][safepoint   ] Safepoint "Cleanup", Time since last: 1417676506 ns, Reaching safepoint: 10101 ns, Cleanup: 12594 ns, At safepoint: 3887 ns, Total: 26582 ns
[2025-08-22T14:35:55.648+0000][175][info ][safepoint   ] Safepoint "Cleanup", Time since last: 2463681054 ns, Reaching safepoint: 21421 ns, Cleanup: 15137 ns, At safepoint: 2485 ns, Total: 39043 ns
[2025-08-22T14:35:56.739+0000][175][info ][safepoint   ] Safepoint "Cleanup", Time since last: 1091476735 ns, Reaching safepoint: 21789 ns, Cleanup: 15939 ns, At safepoint: 21532 ns, Total: 59260 ns
[2025-08-22T14:35:57.773+0000][175][info ][safepoint   ] Safepoint "Cleanup", Time since last: 1033689268 ns, Reaching safepoint: 18173 ns, Cleanup: 12177 ns, At safepoint: 2574 ns, Total: 32924 ns
[2025-08-22T14:36:01.367+0000][175][info ][safepoint   ] Safepoint "Cleanup", Time since last: 3593616167 ns, Reaching safepoint: 8535 ns, Cleanup: 8685 ns, At safepoint: 4849 ns, Total: 22069 ns
[2025-08-22T14:36:02.749+0000][175][info ][safepoint   ] Safepoint "Cleanup", Time since last: 1382386489 ns, Reaching safepoint: 15699 ns, Cleanup: 22072 ns, At safepoint: 2493 ns, Total: 40264 ns
[2025-08-22T14:36:03.762+0000][175][info ][safepoint   ] Safepoint "Cleanup", Time since last: 1013123245 ns, Reaching safepoint: 76355 ns, Cleanup: 10548 ns, At safepoint: 4145 ns, Total: 91048 ns
[2025-08-22T14:36:04.014+0000][175][info ][gc,start    ] GC(43) Pause Young (Normal) (G1 Evacuation Pause)
[2025-08-22T14:36:04.014+0000][175][info ][gc,task     ] GC(43) Using 8 workers of 8 for evacuation
[2025-08-22T14:36:04.014+0000][175][debug][gc,age      ] GC(43) Desired survivor size 81788928 bytes, new threshold 15 (max threshold 15)
[2025-08-22T14:36:04.023+0000][175][info ][gc,phases   ] GC(43)   Pre Evacuate Collection Set: 0.2ms
[2025-08-22T14:36:04.023+0000][175][info ][gc,phases   ] GC(43)   Merge Heap Roots: 0.1ms
[2025-08-22T14:36:04.023+0000][175][info ][gc,phases   ] GC(43)   Evacuate Collection Set: 8.0ms
[2025-08-22T14:36:04.023+0000][175][info ][gc,phases   ] GC(43)   Post Evacuate Collection Set: 0.7ms
[2025-08-22T14:36:04.023+0000][175][info ][gc,phases   ] GC(43)   Other: 0.1ms
[2025-08-22T14:36:04.023+0000][175][trace][gc,age      ] GC(43) Age table with threshold 15 (max threshold 15)
[2025-08-22T14:36:04.023+0000][175][trace][gc,age      ] GC(43) - age   1:   39482832 bytes,   39482832 total
[2025-08-22T14:36:04.023+0000][175][trace][gc,age      ] GC(43) - age   2:    2803328 bytes,   42286160 total
[2025-08-22T14:36:04.023+0000][175][trace][gc,age      ] GC(43) - age   3:    1700192 bytes,   43986352 total
[2025-08-22T14:36:04.023+0000][175][trace][gc,age      ] GC(43) - age   4:    2084736 bytes,   46071088 total
[2025-08-22T14:36:04.023+0000][175][trace][gc,age      ] GC(43) - age   5:     998424 bytes,   47069512 total
[2025-08-22T14:36:04.023+0000][175][trace][gc,age      ] GC(43) - age   6:    1406112 bytes,   48475624 total
[2025-08-22T14:36:04.023+0000][175][trace][gc,age      ] GC(43) - age   7:     556088 bytes,   49031712 total
[2025-08-22T14:36:04.023+0000][175][trace][gc,age      ] GC(43) - age   8:     498528 bytes,   49530240 total
[2025-08-22T14:36:04.023+0000][175][trace][gc,age      ] GC(43) - age   9:     524576 bytes,   50054816 total
[2025-08-22T14:36:04.023+0000][175][trace][gc,age      ] GC(43) - age  10:    1168832 bytes,   51223648 total
[2025-08-22T14:36:04.023+0000][175][trace][gc,age      ] GC(43) - age  11:     499376 bytes,   51723024 total
[2025-08-22T14:36:04.023+0000][175][trace][gc,age      ] GC(43) - age  12:    1819064 bytes,   53542088 total
[2025-08-22T14:36:04.023+0000][175][trace][gc,age      ] GC(43) - age  13:      21816 bytes,   53563904 total
[2025-08-22T14:36:04.023+0000][175][trace][gc,age      ] GC(43) - age  14:     449976 bytes,   54013880 total
[2025-08-22T14:36:04.023+0000][175][trace][gc,age      ] GC(43) - age  15:     157600 bytes,   54171480 total
[2025-08-22T14:36:04.023+0000][175][info ][gc,heap     ] GC(43) Eden regions: 291->0(293)
[2025-08-22T14:36:04.023+0000][175][info ][gc,heap     ] GC(43) Survivor regions: 16->14(39)
[2025-08-22T14:36:04.023+0000][175][info ][gc,heap     ] GC(43) Old regions: 49->49
[2025-08-22T14:36:04.023+0000][175][info ][gc,heap     ] GC(43) Humongous regions: 2->2
[2025-08-22T14:36:04.023+0000][175][info ][gc,metaspace] GC(43) Metaspace: 154057K(157824K)->154057K(157824K) NonClass: 133545K(135488K)->133545K(135488K) Class: 20511K(22336K)->20511K(22336K)
[2025-08-22T14:36:04.023+0000][175][info ][gc          ] GC(43) Pause Young (Normal) (G1 Evacuation Pause) 1428M->257M(2048M) 9.233ms
[2025-08-22T14:36:04.023+0000][175][info ][gc,cpu      ] GC(43) User=0.05s Sys=0.00s Real=0.01s
[2025-08-22T14:36:04.023+0000][175][info ][safepoint   ] Safepoint "G1CollectForAllocation", Time since last: 251522047 ns, Reaching safepoint: 20289 ns, Cleanup: 4520 ns, At safepoint: 9305587 ns, Total: 9330396 ns
[2025-08-22T14:36:06.277+0000][175][info ][safepoint   ] Safepoint "Cleanup", Time since last: 2254277206 ns, Reaching safepoint: 8394 ns, Cleanup: 7983 ns, At safepoint: 5075 ns, Total: 21452 ns
[2025-08-22T14:36:08.671+0000][175][info ][safepoint   ] Safepoint "Cleanup", Time since last: 2393659975 ns, Reaching safepoint: 7494 ns, Cleanup: 7997 ns, At safepoint: 3572 ns, Total: 19063 ns
[2025-08-22T14:36:09.791+0000][175][info ][safepoint   ] Safepoint "Cleanup", Time since last: 1119438005 ns, Reaching safepoint: 8273 ns, Cleanup: 10794 ns, At safepoint: 3557 ns, Total: 22624 ns
[2025-08-22T14:36:12.792+0000][175][info ][safepoint   ] Safepoint "Cleanup", Time since last: 3001904333 ns, Reaching safepoint: 17963 ns, Cleanup: 12401 ns, At safepoint: 2535 ns, Total: 32899 ns
[2025-08-22T14:36:17.550+0000][175][info ][safepoint   ] Safepoint "Cleanup", Time since last: 4757357445 ns, Reaching safepoint: 7612 ns, Cleanup: 13787 ns, At safepoint: 3221 ns, Total: 24620 ns
[2025-08-22T14:36:19.802+0000][175][info ][safepoint   ] Safepoint "Cleanup", Time since last: 2252372489 ns, Reaching safepoint: 7175 ns, Cleanup: 10891 ns, At safepoint: 3464 ns, Total: 21530 ns
[2025-08-22T14:36:22.811+0000][175][info ][safepoint   ] Safepoint "Cleanup", Time since last: 3009034514 ns, Reaching safepoint: 18251 ns, Cleanup: 12461 ns, At safepoint: 2428 ns, Total: 33140 ns
[2025-08-22T14:36:32.868+0000][175][info ][safepoint   ] Safepoint "Cleanup", Time since last: 10056491676 ns, Reaching safepoint: 7677 ns, Cleanup: 12307 ns, At safepoint: 3814 ns, Total: 23798 ns
[2025-08-22T14:36:37.843+0000][175][info ][safepoint   ] Safepoint "Cleanup", Time since last: 4974971877 ns, Reaching safepoint: 7704 ns, Cleanup: 7581 ns, At safepoint: 3996 ns, Total: 19281 ns
[2025-08-22T14:36:39.728+0000][175][info ][safepoint   ] Safepoint "Cleanup", Time since last: 1885130287 ns, Reaching safepoint: 18138 ns, Cleanup: 18459 ns, At safepoint: 2469 ns, Total: 39066 ns
[2025-08-22T14:36:40.819+0000][175][info ][safepoint   ] Safepoint "Cleanup", Time since last: 1090543328 ns, Reaching safepoint: 20664 ns, Cleanup: 24874 ns, At safepoint: 4240 ns, Total: 49778 ns
[2025-08-22T14:36:48.243+0000][175][info ][safepoint   ] Safepoint "Cleanup", Time since last: 7424347709 ns, Reaching safepoint: 26833 ns, Cleanup: 17452 ns, At safepoint: 2535 ns, Total: 46820 ns
[2025-08-22T14:36:48.745+0000][175][info ][gc,start    ] GC(44) Pause Young (Normal) (G1 Evacuation Pause)
[2025-08-22T14:36:48.745+0000][175][info ][gc,task     ] GC(44) Using 8 workers of 8 for evacuation
[2025-08-22T14:36:48.745+0000][175][debug][gc,age      ] GC(44) Desired survivor size 81788928 bytes, new threshold 15 (max threshold 15)
[2025-08-22T14:36:48.754+0000][175][info ][gc,phases   ] GC(44)   Pre Evacuate Collection Set: 0.2ms
[2025-08-22T14:36:48.755+0000][175][info ][gc,phases   ] GC(44)   Merge Heap Roots: 0.1ms
[2025-08-22T14:36:48.755+0000][175][info ][gc,phases   ] GC(44)   Evacuate Collection Set: 8.2ms
[2025-08-22T14:36:48.755+0000][175][info ][gc,phases   ] GC(44)   Post Evacuate Collection Set: 0.7ms
[2025-08-22T14:36:48.755+0000][175][info ][gc,phases   ] GC(44)   Other: 0.1ms
[2025-08-22T14:36:48.755+0000][175][trace][gc,age      ] GC(44) Age table with threshold 15 (max threshold 15)
[2025-08-22T14:36:48.755+0000][175][trace][gc,age      ] GC(44) - age   1:    6004840 bytes,    6004840 total
[2025-08-22T14:36:48.755+0000][175][trace][gc,age      ] GC(44) - age   2:   35926120 bytes,   41930960 total
[2025-08-22T14:36:48.755+0000][175][trace][gc,age      ] GC(44) - age   3:    2033456 bytes,   43964416 total
[2025-08-22T14:36:48.755+0000][175][trace][gc,age      ] GC(44) - age   4:    1695976 bytes,   45660392 total
[2025-08-22T14:36:48.755+0000][175][trace][gc,age      ] GC(44) - age   5:    2082392 bytes,   47742784 total
[2025-08-22T14:36:48.755+0000][175][trace][gc,age      ] GC(44) - age   6:     998016 bytes,   48740800 total
[2025-08-22T14:36:48.755+0000][175][trace][gc,age      ] GC(44) - age   7:    1402336 bytes,   50143136 total
[2025-08-22T14:36:48.755+0000][175][trace][gc,age      ] GC(44) - age   8:     554808 bytes,   50697944 total
[2025-08-22T14:36:48.755+0000][175][trace][gc,age      ] GC(44) - age   9:     498208 bytes,   51196152 total
[2025-08-22T14:36:48.755+0000][175][trace][gc,age      ] GC(44) - age  10:     524256 bytes,   51720408 total
[2025-08-22T14:36:48.755+0000][175][trace][gc,age      ] GC(44) - age  11:    1168832 bytes,   52889240 total
[2025-08-22T14:36:48.755+0000][175][trace][gc,age      ] GC(44) - age  12:     499056 bytes,   53388296 total
[2025-08-22T14:36:48.755+0000][175][trace][gc,age      ] GC(44) - age  13:    1818760 bytes,   55207056 total
[2025-08-22T14:36:48.755+0000][175][trace][gc,age      ] GC(44) - age  14:      21816 bytes,   55228872 total
[2025-08-22T14:36:48.755+0000][175][trace][gc,age      ] GC(44) - age  15:     449976 bytes,   55678848 total
[2025-08-22T14:36:48.755+0000][175][info ][gc,heap     ] GC(44) Eden regions: 293->0(292)
[2025-08-22T14:36:48.755+0000][175][info ][gc,heap     ] GC(44) Survivor regions: 14->15(39)
[2025-08-22T14:36:48.755+0000][175][info ][gc,heap     ] GC(44) Old regions: 49->49
[2025-08-22T14:36:48.755+0000][175][info ][gc,heap     ] GC(44) Humongous regions: 2->2
[2025-08-22T14:36:48.755+0000][175][info ][gc,metaspace] GC(44) Metaspace: 154118K(157952K)->154118K(157952K) NonClass: 133606K(135616K)->133606K(135616K) Class: 20512K(22336K)->20512K(22336K)
[2025-08-22T14:36:48.755+0000][175][info ][gc          ] GC(44) Pause Young (Normal) (G1 Evacuation Pause) 1429M->259M(2048M) 9.565ms
[2025-08-22T14:36:48.755+0000][175][info ][gc,cpu      ] GC(44) User=0.05s Sys=0.00s Real=0.01s
[2025-08-22T14:36:48.755+0000][175][info ][safepoint   ] Safepoint "G1CollectForAllocation", Time since last: 502009868 ns, Reaching safepoint: 8765 ns, Cleanup: 9294 ns, At safepoint: 9652433 ns, Total: 9670492 ns
[2025-08-22T14:36:49.887+0000][175][info ][safepoint   ] Safepoint "Cleanup", Time since last: 1132212609 ns, Reaching safepoint: 8403 ns, Cleanup: 14563 ns, At safepoint: 4215 ns, Total: 27181 ns
[2025-08-22T14:36:52.889+0000][175][info ][safepoint   ] Safepoint "Cleanup", Time since last: 3002527240 ns, Reaching safepoint: 19365 ns, Cleanup: 20266 ns, At safepoint: 2640 ns, Total: 42271 ns
[2025-08-22T14:37:01.234+0000][175][info ][safepoint   ] Safepoint "Cleanup", Time since last: 8344576723 ns, Reaching safepoint: 11793 ns, Cleanup: 12911 ns, At safepoint: 1833 ns, Total: 26537 ns
[2025-08-22T14:37:02.584+0000][175][info ][safepoint   ] Safepoint "Cleanup", Time since last: 1349618024 ns, Reaching safepoint: 12322 ns, Cleanup: 8132 ns, At safepoint: 4525 ns, Total: 24979 ns
[2025-08-22T14:37:04.787+0000][175][info ][safepoint   ] Safepoint "Cleanup", Time since last: 2202981537 ns, Reaching safepoint: 18140 ns, Cleanup: 14679 ns, At safepoint: 2663 ns, Total: 35482 ns
[2025-08-22T14:37:12.983+0000][175][info ][safepoint   ] Safepoint "Cleanup", Time since last: 8196058253 ns, Reaching safepoint: 21997 ns, Cleanup: 20153 ns, At safepoint: 2255 ns, Total: 44405 ns
[2025-08-22T14:37:18.567+0000][175][info ][safepoint   ] Safepoint "Cleanup", Time since last: 5584243770 ns, Reaching safepoint: 29244 ns, Cleanup: 17788 ns, At safepoint: 3242 ns, Total: 50274 ns
[2025-08-22T14:37:22.927+0000][175][info ][safepoint   ] Safepoint "Cleanup", Time since last: 4359962724 ns, Reaching safepoint: 34291 ns, Cleanup: 14668 ns, At safepoint: 3832 ns, Total: 52791 ns
[2025-08-22T14:37:28.832+0000][175][info ][safepoint   ] Safepoint "Cleanup", Time since last: 5904760044 ns, Reaching safepoint: 7263 ns, Cleanup: 7868 ns, At safepoint: 3595 ns, Total: 18726 ns
[2025-08-22T14:37:31.937+0000][175][info ][safepoint   ] Safepoint "Cleanup", Time since last: 3105340307 ns, Reaching safepoint: 7611 ns, Cleanup: 8441 ns, At safepoint: 3535 ns, Total: 19587 ns
[2025-08-22T14:37:31.943+0000][175][info ][gc,start    ] GC(45) Pause Young (Normal) (G1 Evacuation Pause)
[2025-08-22T14:37:31.943+0000][175][info ][gc,task     ] GC(45) Using 8 workers of 8 for evacuation
[2025-08-22T14:37:31.943+0000][175][debug][gc,age      ] GC(45) Desired survivor size 81788928 bytes, new threshold 15 (max threshold 15)
[2025-08-22T14:37:31.953+0000][175][info ][gc,phases   ] GC(45)   Pre Evacuate Collection Set: 0.2ms
[2025-08-22T14:37:31.953+0000][175][info ][gc,phases   ] GC(45)   Merge Heap Roots: 0.1ms
[2025-08-22T14:37:31.953+0000][175][info ][gc,phases   ] GC(45)   Evacuate Collection Set: 8.8ms
[2025-08-22T14:37:31.953+0000][175][info ][gc,phases   ] GC(45)   Post Evacuate Collection Set: 0.7ms
[2025-08-22T14:37:31.953+0000][175][info ][gc,phases   ] GC(45)   Other: 0.1ms
[2025-08-22T14:37:31.953+0000][175][trace][gc,age      ] GC(45) Age table with threshold 15 (max threshold 15)
[2025-08-22T14:37:31.953+0000][175][trace][gc,age      ] GC(45) - age   1:   33866808 bytes,   33866808 total
[2025-08-22T14:37:31.953+0000][175][trace][gc,age      ] GC(45) - age   2:    3214872 bytes,   37081680 total
[2025-08-22T14:37:31.953+0000][175][trace][gc,age      ] GC(45) - age   3:    4310440 bytes,   41392120 total
[2025-08-22T14:37:31.953+0000][175][trace][gc,age      ] GC(45) - age   4:    1099848 bytes,   42491968 total
[2025-08-22T14:37:31.953+0000][175][trace][gc,age      ] GC(45) - age   5:     908752 bytes,   43400720 total
[2025-08-22T14:37:31.953+0000][175][trace][gc,age      ] GC(45) - age   6:    1162680 bytes,   44563400 total
[2025-08-22T14:37:31.953+0000][175][trace][gc,age      ] GC(45) - age   7:     894160 bytes,   45457560 total
[2025-08-22T14:37:31.953+0000][175][trace][gc,age      ] GC(45) - age   8:     463504 bytes,   45921064 total
[2025-08-22T14:37:31.953+0000][175][trace][gc,age      ] GC(45) - age   9:       2520 bytes,   45923584 total
[2025-08-22T14:37:31.953+0000][175][trace][gc,age      ] GC(45) - age  10:     395168 bytes,   46318752 total
[2025-08-22T14:37:31.953+0000][175][trace][gc,age      ] GC(45) - age  11:     421304 bytes,   46740056 total
[2025-08-22T14:37:31.953+0000][175][trace][gc,age      ] GC(45) - age  12:    1168832 bytes,   47908888 total
[2025-08-22T14:37:31.953+0000][175][trace][gc,age      ] GC(45) - age  13:     280552 bytes,   48189440 total
[2025-08-22T14:37:31.953+0000][175][trace][gc,age      ] GC(45) - age  14:    1806504 bytes,   49995944 total
[2025-08-22T14:37:31.953+0000][175][trace][gc,age      ] GC(45) - age  15:      21816 bytes,   50017760 total
[2025-08-22T14:37:31.953+0000][175][info ][gc,heap     ] GC(45) Eden regions: 292->0(294)
[2025-08-22T14:37:31.953+0000][175][info ][gc,heap     ] GC(45) Survivor regions: 15->13(39)
[2025-08-22T14:37:31.953+0000][175][info ][gc,heap     ] GC(45) Old regions: 49->49
[2025-08-22T14:37:31.953+0000][175][info ][gc,heap     ] GC(45) Humongous regions: 2->2
[2025-08-22T14:37:31.953+0000][175][info ][gc,metaspace] GC(45) Metaspace: 154165K(157952K)->154165K(157952K) NonClass: 133653K(135616K)->133653K(135616K) Class: 20512K(22336K)->20512K(22336K)
[2025-08-22T14:37:31.953+0000][175][info ][gc          ] GC(45) Pause Young (Normal) (G1 Evacuation Pause) 1427M->254M(2048M) 9.984ms
[2025-08-22T14:37:31.953+0000][175][info ][gc,cpu      ] GC(45) User=0.05s Sys=0.00s Real=0.01s
[2025-08-22T14:37:31.953+0000][175][info ][safepoint   ] Safepoint "G1CollectForAllocation", Time since last: 5348433 ns, Reaching safepoint: 11891 ns, Cleanup: 1872 ns, At safepoint: 10058482 ns, Total: 10072245 ns
[2025-08-22T14:37:34.744+0000][175][info ][safepoint   ] Safepoint "Cleanup", Time since last: 2790969556 ns, Reaching safepoint: 7737 ns, Cleanup: 7161 ns, At safepoint: 3580 ns, Total: 18478 ns
[2025-08-22T14:37:35.961+0000][175][info ][safepoint   ] Safepoint "Cleanup", Time since last: 1217454728 ns, Reaching safepoint: 24782 ns, Cleanup: 12677 ns, At safepoint: 2592 ns, Total: 40051 ns
[2025-08-22T14:37:37.914+0000][175][info ][safepoint   ] Safepoint "Cleanup", Time since last: 1952546203 ns, Reaching safepoint: 8026 ns, Cleanup: 5353 ns, At safepoint: 3161 ns, Total: 16540 ns
[2025-08-22T14:37:39.853+0000][175][info ][safepoint   ] Safepoint "Cleanup", Time since last: 1939103843 ns, Reaching safepoint: 18985 ns, Cleanup: 11338 ns, At safepoint: 2059 ns, Total: 32382 ns
[2025-08-22T14:37:42.853+0000][175][info ][safepoint   ] Safepoint "Cleanup", Time since last: 3000225123 ns, Reaching safepoint: 19080 ns, Cleanup: 12385 ns, At safepoint: 2323 ns, Total: 33788 ns
[2025-08-22T14:37:43.859+0000][175][info ][safepoint   ] Safepoint "Cleanup", Time since last: 1006052605 ns, Reaching safepoint: 8601 ns, Cleanup: 8154 ns, At safepoint: 3487 ns, Total: 20242 ns
[2025-08-22T14:37:48.936+0000][175][info ][safepoint   ] Safepoint "Cleanup", Time since last: 5076456499 ns, Reaching safepoint: 75668 ns, Cleanup: 35736 ns, At safepoint: 4059 ns, Total: 115463 ns
[2025-08-22T14:37:49.973+0000][175][info ][safepoint   ] Safepoint "Cleanup", Time since last: 1037091465 ns, Reaching safepoint: 7750 ns, Cleanup: 9081 ns, At safepoint: 3546 ns, Total: 20377 ns
[2025-08-22T14:37:51.976+0000][175][info ][safepoint   ] Safepoint "Cleanup", Time since last: 2002575909 ns, Reaching safepoint: 24170 ns, Cleanup: 21270 ns, At safepoint: 2829 ns, Total: 48269 ns
[2025-08-22T14:37:55.743+0000][175][info ][safepoint   ] Safepoint "Cleanup", Time since last: 3766919399 ns, Reaching safepoint: 23127 ns, Cleanup: 15254 ns, At safepoint: 4009 ns, Total: 42390 ns
[2025-08-22T14:37:56.982+0000][175][info ][safepoint   ] Safepoint "Cleanup", Time since last: 1239326639 ns, Reaching safepoint: 23049 ns, Cleanup: 16745 ns, At safepoint: 2713 ns, Total: 42507 ns
[2025-08-22T14:37:57.982+0000][175][info ][safepoint   ] Safepoint "Cleanup", Time since last: 1000106131 ns, Reaching safepoint: 20921 ns, Cleanup: 13769 ns, At safepoint: 2671 ns, Total: 37361 ns
[2025-08-22T14:38:01.219+0000][175][info ][safepoint   ] Safepoint "Cleanup", Time since last: 3236612060 ns, Reaching safepoint: 86997 ns, Cleanup: 6318 ns, At safepoint: 11923 ns, Total: 105238 ns
[2025-08-22T14:38:02.989+0000][175][info ][safepoint   ] Safepoint "Cleanup", Time since last: 1769952480 ns, Reaching safepoint: 19106 ns, Cleanup: 26912 ns, At safepoint: 2735 ns, Total: 48753 ns
[2025-08-22T14:38:04.904+0000][175][info ][safepoint   ] Safepoint "Cleanup", Time since last: 1915261354 ns, Reaching safepoint: 17722 ns, Cleanup: 8787 ns, At safepoint: 2577 ns, Total: 29086 ns
[2025-08-22T14:38:05.904+0000][175][info ][safepoint   ] Safepoint "Cleanup", Time since last: 1000109344 ns, Reaching safepoint: 24515 ns, Cleanup: 20842 ns, At safepoint: 3130 ns, Total: 48487 ns
[2025-08-22T14:38:07.738+0000][175][info ][safepoint   ] Safepoint "Cleanup", Time since last: 1833355732 ns, Reaching safepoint: 10874 ns, Cleanup: 11342 ns, At safepoint: 4508 ns, Total: 26724 ns
[2025-08-22T14:38:08.910+0000][175][info ][safepoint   ] Safepoint "Cleanup", Time since last: 1172158593 ns, Reaching safepoint: 8412 ns, Cleanup: 14619 ns, At safepoint: 3665 ns, Total: 26696 ns
[2025-08-22T14:38:12.549+0000][175][info ][gc,start    ] GC(46) Pause Young (Normal) (G1 Evacuation Pause)
[2025-08-22T14:38:12.549+0000][175][info ][gc,task     ] GC(46) Using 8 workers of 8 for evacuation
[2025-08-22T14:38:12.549+0000][175][debug][gc,age      ] GC(46) Desired survivor size 81788928 bytes, new threshold 15 (max threshold 15)
[2025-08-22T14:38:12.560+0000][175][info ][gc,phases   ] GC(46)   Pre Evacuate Collection Set: 0.2ms
[2025-08-22T14:38:12.560+0000][175][info ][gc,phases   ] GC(46)   Merge Heap Roots: 0.1ms
[2025-08-22T14:38:12.560+0000][175][info ][gc,phases   ] GC(46)   Evacuate Collection Set: 9.4ms
[2025-08-22T14:38:12.560+0000][175][info ][gc,phases   ] GC(46)   Post Evacuate Collection Set: 0.8ms
[2025-08-22T14:38:12.560+0000][175][info ][gc,phases   ] GC(46)   Other: 0.1ms
[2025-08-22T14:38:12.560+0000][175][trace][gc,age      ] GC(46) Age table with threshold 15 (max threshold 15)
[2025-08-22T14:38:12.560+0000][175][trace][gc,age      ] GC(46) - age   1:   35424000 bytes,   35424000 total
[2025-08-22T14:38:12.560+0000][175][trace][gc,age      ] GC(46) - age   2:    6123072 bytes,   41547072 total
[2025-08-22T14:38:12.560+0000][175][trace][gc,age      ] GC(46) - age   3:     356072 bytes,   41903144 total
[2025-08-22T14:38:12.560+0000][175][trace][gc,age      ] GC(46) - age   4:    1513752 bytes,   43416896 total
[2025-08-22T14:38:12.560+0000][175][trace][gc,age      ] GC(46) - age   5:     677840 bytes,   44094736 total
[2025-08-22T14:38:12.560+0000][175][trace][gc,age      ] GC(46) - age   6:     908600 bytes,   45003336 total
[2025-08-22T14:38:12.560+0000][175][trace][gc,age      ] GC(46) - age   7:    1162560 bytes,   46165896 total
[2025-08-22T14:38:12.560+0000][175][trace][gc,age      ] GC(46) - age   8:     892000 bytes,   47057896 total
[2025-08-22T14:38:12.560+0000][175][trace][gc,age      ] GC(46) - age   9:     463504 bytes,   47521400 total
[2025-08-22T14:38:12.560+0000][175][trace][gc,age      ] GC(46) - age  10:       2520 bytes,   47523920 total
[2025-08-22T14:38:12.560+0000][175][trace][gc,age      ] GC(46) - age  11:     395048 bytes,   47918968 total
[2025-08-22T14:38:12.560+0000][175][trace][gc,age      ] GC(46) - age  12:     421224 bytes,   48340192 total
[2025-08-22T14:38:12.560+0000][175][trace][gc,age      ] GC(46) - age  13:    1168832 bytes,   49509024 total
[2025-08-22T14:38:12.560+0000][175][trace][gc,age      ] GC(46) - age  14:     280552 bytes,   49789576 total
[2025-08-22T14:38:12.560+0000][175][trace][gc,age      ] GC(46) - age  15:    1806480 bytes,   51596056 total
[2025-08-22T14:38:12.560+0000][175][info ][gc,heap     ] GC(46) Eden regions: 294->0(293)
[2025-08-22T14:38:12.560+0000][175][info ][gc,heap     ] GC(46) Survivor regions: 13->14(39)
[2025-08-22T14:38:12.560+0000][175][info ][gc,heap     ] GC(46) Old regions: 49->49
[2025-08-22T14:38:12.560+0000][175][info ][gc,heap     ] GC(46) Humongous regions: 2->2
[2025-08-22T14:38:12.560+0000][175][info ][gc,metaspace] GC(46) Metaspace: 154239K(158144K)->154239K(158144K) NonClass: 133722K(135808K)->133722K(135808K) Class: 20516K(22336K)->20516K(22336K)
[2025-08-22T14:38:12.560+0000][175][info ][gc          ] GC(46) Pause Young (Normal) (G1 Evacuation Pause) 1430M->257M(2048M) 10.810ms
[2025-08-22T14:38:12.560+0000][175][info ][gc,cpu      ] GC(46) User=0.04s Sys=0.01s Real=0.01s
[2025-08-22T14:38:12.560+0000][175][info ][safepoint   ] Safepoint "G1CollectForAllocation", Time since last: 3639276665 ns, Reaching safepoint: 16981 ns, Cleanup: 3517 ns, At safepoint: 10864204 ns, Total: 10884702 ns
[2025-08-22T14:38:20.012+0000][175][info ][safepoint   ] Safepoint "Cleanup", Time since last: 7452072601 ns, Reaching safepoint: 7509 ns, Cleanup: 12151 ns, At safepoint: 3579 ns, Total: 23239 ns
[2025-08-22T14:38:23.015+0000][175][info ][safepoint   ] Safepoint "Cleanup", Time since last: 3002596355 ns, Reaching safepoint: 29767 ns, Cleanup: 22822 ns, At safepoint: 3728 ns, Total: 56317 ns
[2025-08-22T14:38:24.940+0000][175][info ][safepoint   ] Safepoint "Cleanup", Time since last: 1925388123 ns, Reaching safepoint: 37990 ns, Cleanup: 13679 ns, At safepoint: 4450 ns, Total: 56119 ns
[2025-08-22T14:38:26.019+0000][175][info ][safepoint   ] Safepoint "Cleanup", Time since last: 1078417349 ns, Reaching safepoint: 8442 ns, Cleanup: 11547 ns, At safepoint: 3536 ns, Total: 23525 ns
[2025-08-22T14:38:28.022+0000][175][info ][safepoint   ] Safepoint "Cleanup", Time since last: 2003005098 ns, Reaching safepoint: 28377 ns, Cleanup: 26429 ns, At safepoint: 3333 ns, Total: 58139 ns
[2025-08-22T14:38:33.029+0000][175][info ][safepoint   ] Safepoint "Cleanup", Time since last: 5007144091 ns, Reaching safepoint: 19370 ns, Cleanup: 15965 ns, At safepoint: 2209 ns, Total: 37544 ns
[2025-08-22T14:38:36.959+0000][175][info ][safepoint   ] Safepoint "Cleanup", Time since last: 3930069742 ns, Reaching safepoint: 22071 ns, Cleanup: 13786 ns, At safepoint: 2539 ns, Total: 38396 ns
[2025-08-22T14:38:38.033+0000][175][info ][safepoint   ] Safepoint "Cleanup", Time since last: 1074268585 ns, Reaching safepoint: 8285 ns, Cleanup: 9677 ns, At safepoint: 3508 ns, Total: 21470 ns
[2025-08-22T14:38:48.317+0000][175][info ][safepoint   ] Safepoint "Cleanup", Time since last: 10283516980 ns, Reaching safepoint: 25182 ns, Cleanup: 12178 ns, At safepoint: 3287 ns, Total: 40647 ns
[2025-08-22T14:38:53.054+0000][175][info ][safepoint   ] Safepoint "Cleanup", Time since last: 4737334620 ns, Reaching safepoint: 20785 ns, Cleanup: 13100 ns, At safepoint: 2461 ns, Total: 36346 ns
[2025-08-22T14:38:58.061+0000][175][info ][safepoint   ] Safepoint "Cleanup", Time since last: 5007165020 ns, Reaching safepoint: 22214 ns, Cleanup: 16668 ns, At safepoint: 2742 ns, Total: 41624 ns
[2025-08-22T14:38:59.820+0000][175][info ][safepoint   ] Safepoint "Cleanup", Time since last: 1758627104 ns, Reaching safepoint: 7242 ns, Cleanup: 10685 ns, At safepoint: 3364 ns, Total: 21291 ns
[2025-08-22T14:39:01.380+0000][175][info ][safepoint   ] Safepoint "Cleanup", Time since last: 1559993855 ns, Reaching safepoint: 8768 ns, Cleanup: 6191 ns, At safepoint: 6934 ns, Total: 21893 ns
[2025-08-22T14:39:02.258+0000][175][info ][gc,start    ] GC(47) Pause Young (Normal) (G1 Evacuation Pause)
[2025-08-22T14:39:02.258+0000][175][info ][gc,task     ] GC(47) Using 8 workers of 8 for evacuation
[2025-08-22T14:39:02.258+0000][175][debug][gc,age      ] GC(47) Desired survivor size 81788928 bytes, new threshold 15 (max threshold 15)
[2025-08-22T14:39:02.269+0000][175][info ][gc,phases   ] GC(47)   Pre Evacuate Collection Set: 0.2ms
[2025-08-22T14:39:02.269+0000][175][info ][gc,phases   ] GC(47)   Merge Heap Roots: 0.1ms
[2025-08-22T14:39:02.269+0000][175][info ][gc,phases   ] GC(47)   Evacuate Collection Set: 9.6ms
[2025-08-22T14:39:02.269+0000][175][info ][gc,phases   ] GC(47)   Post Evacuate Collection Set: 0.8ms
[2025-08-22T14:39:02.269+0000][175][info ][gc,phases   ] GC(47)   Other: 0.1ms
[2025-08-22T14:39:02.269+0000][175][trace][gc,age      ] GC(47) Age table with threshold 15 (max threshold 15)
[2025-08-22T14:39:02.269+0000][175][trace][gc,age      ] GC(47) - age   1:   43987264 bytes,   43987264 total
[2025-08-22T14:39:02.269+0000][175][trace][gc,age      ] GC(47) - age   2:    3198632 bytes,   47185896 total
[2025-08-22T14:39:02.269+0000][175][trace][gc,age      ] GC(47) - age   3:    3305096 bytes,   50490992 total
[2025-08-22T14:39:02.269+0000][175][trace][gc,age      ] GC(47) - age   4:     343016 bytes,   50834008 total
[2025-08-22T14:39:02.269+0000][175][trace][gc,age      ] GC(47) - age   5:    1503144 bytes,   52337152 total
[2025-08-22T14:39:02.269+0000][175][trace][gc,age      ] GC(47) - age   6:     676152 bytes,   53013304 total
[2025-08-22T14:39:02.269+0000][175][trace][gc,age      ] GC(47) - age   7:     908328 bytes,   53921632 total
[2025-08-22T14:39:02.269+0000][175][trace][gc,age      ] GC(47) - age   8:    1160448 bytes,   55082080 total
[2025-08-22T14:39:02.269+0000][175][trace][gc,age      ] GC(47) - age   9:     890592 bytes,   55972672 total
[2025-08-22T14:39:02.269+0000][175][trace][gc,age      ] GC(47) - age  10:     463504 bytes,   56436176 total
[2025-08-22T14:39:02.269+0000][175][trace][gc,age      ] GC(47) - age  11:       2520 bytes,   56438696 total
[2025-08-22T14:39:02.269+0000][175][trace][gc,age      ] GC(47) - age  12:     395048 bytes,   56833744 total
[2025-08-22T14:39:02.269+0000][175][trace][gc,age      ] GC(47) - age  13:     421224 bytes,   57254968 total
[2025-08-22T14:39:02.269+0000][175][trace][gc,age      ] GC(47) - age  14:    1168832 bytes,   58423800 total
[2025-08-22T14:39:02.269+0000][175][trace][gc,age      ] GC(47) - age  15:     280552 bytes,   58704352 total
[2025-08-22T14:39:02.269+0000][175][info ][gc,heap     ] GC(47) Eden regions: 293->0(291)
[2025-08-22T14:39:02.269+0000][175][info ][gc,heap     ] GC(47) Survivor regions: 14->16(39)
[2025-08-22T14:39:02.269+0000][175][info ][gc,heap     ] GC(47) Old regions: 49->50
[2025-08-22T14:39:02.269+0000][175][info ][gc,heap     ] GC(47) Humongous regions: 2->2
[2025-08-22T14:39:02.269+0000][175][info ][gc,metaspace] GC(47) Metaspace: 154358K(158208K)->154358K(158208K) NonClass: 133839K(135872K)->133839K(135872K) Class: 20518K(22336K)->20518K(22336K)
[2025-08-22T14:39:02.269+0000][175][info ][gc          ] GC(47) Pause Young (Normal) (G1 Evacuation Pause) 1429M->266M(2048M) 11.041ms
[2025-08-22T14:39:02.269+0000][175][info ][gc,cpu      ] GC(47) User=0.06s Sys=0.00s Real=0.01s
[2025-08-22T14:39:02.269+0000][175][info ][safepoint   ] Safepoint "G1CollectForAllocation", Time since last: 877712701 ns, Reaching safepoint: 23894 ns, Cleanup: 19262 ns, At safepoint: 11119212 ns, Total: 11162368 ns
[2025-08-22T14:39:03.269+0000][175][info ][safepoint   ] Safepoint "Cleanup", Time since last: 1000087408 ns, Reaching safepoint: 22000 ns, Cleanup: 15450 ns, At safepoint: 2784 ns, Total: 40234 ns
[2025-08-22T14:39:07.733+0000][175][info ][safepoint   ] Safepoint "Cleanup", Time since last: 4464407441 ns, Reaching safepoint: 10671 ns, Cleanup: 6079 ns, At safepoint: 4489 ns, Total: 21239 ns
[2025-08-22T14:39:09.017+0000][175][info ][safepoint   ] Safepoint "Cleanup", Time since last: 1283397527 ns, Reaching safepoint: 76014 ns, Cleanup: 9409 ns, At safepoint: 6261 ns, Total: 91684 ns
[2025-08-22T14:39:10.020+0000][175][info ][safepoint   ] Safepoint "Cleanup", Time since last: 1002693916 ns, Reaching safepoint: 19124 ns, Cleanup: 11118 ns, At safepoint: 2404 ns, Total: 32646 ns
[2025-08-22T14:39:11.015+0000][175][info ][gc,start    ] GC(48) Pause Young (Normal) (G1 Evacuation Pause)
[2025-08-22T14:39:11.015+0000][175][info ][gc,task     ] GC(48) Using 8 workers of 8 for evacuation
[2025-08-22T14:39:11.015+0000][175][debug][gc,age      ] GC(48) Desired survivor size 81788928 bytes, new threshold 15 (max threshold 15)
[2025-08-22T14:39:11.024+0000][175][info ][gc,phases   ] GC(48)   Pre Evacuate Collection Set: 0.2ms
[2025-08-22T14:39:11.024+0000][175][info ][gc,phases   ] GC(48)   Merge Heap Roots: 0.1ms
[2025-08-22T14:39:11.024+0000][175][info ][gc,phases   ] GC(48)   Evacuate Collection Set: 7.9ms
[2025-08-22T14:39:11.024+0000][175][info ][gc,phases   ] GC(48)   Post Evacuate Collection Set: 0.7ms
[2025-08-22T14:39:11.024+0000][175][info ][gc,phases   ] GC(48)   Other: 0.1ms
[2025-08-22T14:39:11.024+0000][175][trace][gc,age      ] GC(48) Age table with threshold 15 (max threshold 15)
[2025-08-22T14:39:11.024+0000][175][trace][gc,age      ] GC(48) - age   1:    6421184 bytes,    6421184 total
[2025-08-22T14:39:11.024+0000][175][trace][gc,age      ] GC(48) - age   2:   40655944 bytes,   47077128 total
[2025-08-22T14:39:11.024+0000][175][trace][gc,age      ] GC(48) - age   3:    3196352 bytes,   50273480 total
[2025-08-22T14:39:11.024+0000][175][trace][gc,age      ] GC(48) - age   4:    3304608 bytes,   53578088 total
[2025-08-22T14:39:11.024+0000][175][trace][gc,age      ] GC(48) - age   5:     342464 bytes,   53920552 total
[2025-08-22T14:39:11.024+0000][175][trace][gc,age      ] GC(48) - age   6:    1503144 bytes,   55423696 total
[2025-08-22T14:39:11.024+0000][175][trace][gc,age      ] GC(48) - age   7:     676152 bytes,   56099848 total
[2025-08-22T14:39:11.024+0000][175][trace][gc,age      ] GC(48) - age   8:     908328 bytes,   57008176 total
[2025-08-22T14:39:11.024+0000][175][trace][gc,age      ] GC(48) - age   9:    1159960 bytes,   58168136 total
[2025-08-22T14:39:11.024+0000][175][trace][gc,age      ] GC(48) - age  10:     890592 bytes,   59058728 total
[2025-08-22T14:39:11.024+0000][175][trace][gc,age      ] GC(48) - age  11:     463504 bytes,   59522232 total
[2025-08-22T14:39:11.024+0000][175][trace][gc,age      ] GC(48) - age  12:       2520 bytes,   59524752 total
[2025-08-22T14:39:11.024+0000][175][trace][gc,age      ] GC(48) - age  13:     395048 bytes,   59919800 total
[2025-08-22T14:39:11.024+0000][175][trace][gc,age      ] GC(48) - age  14:     421224 bytes,   60341024 total
[2025-08-22T14:39:11.024+0000][175][trace][gc,age      ] GC(48) - age  15:    1168832 bytes,   61509856 total
[2025-08-22T14:39:11.024+0000][175][info ][gc,heap     ] GC(48) Eden regions: 291->0(290)
[2025-08-22T14:39:11.024+0000][175][info ][gc,heap     ] GC(48) Survivor regions: 16->17(39)
[2025-08-22T14:39:11.024+0000][175][info ][gc,heap     ] GC(48) Old regions: 50->50
[2025-08-22T14:39:11.024+0000][175][info ][gc,heap     ] GC(48) Humongous regions: 2->2
[2025-08-22T14:39:11.024+0000][175][info ][gc,metaspace] GC(48) Metaspace: 154362K(158208K)->154362K(158208K) NonClass: 133844K(135872K)->133844K(135872K) Class: 20518K(22336K)->20518K(22336K)
[2025-08-22T14:39:11.024+0000][175][info ][gc          ] GC(48) Pause Young (Normal) (G1 Evacuation Pause) 1430M->270M(2048M) 9.226ms
[2025-08-22T14:39:11.024+0000][175][info ][gc,cpu      ] GC(48) User=0.05s Sys=0.00s Real=0.01s
[2025-08-22T14:39:11.024+0000][175][info ][safepoint   ] Safepoint "G1CollectForAllocation", Time since last: 995090920 ns, Reaching safepoint: 20346 ns, Cleanup: 6287 ns, At safepoint: 9313741 ns, Total: 9340374 ns
[2025-08-22T14:39:13.331+0000][175][info ][gc,start    ] GC(49) Pause Young (Normal) (G1 Evacuation Pause)
[2025-08-22T14:39:13.331+0000][175][info ][gc,task     ] GC(49) Using 8 workers of 8 for evacuation
[2025-08-22T14:39:13.331+0000][175][debug][gc,age      ] GC(49) Desired survivor size 81788928 bytes, new threshold 15 (max threshold 15)
[2025-08-22T14:39:13.339+0000][175][info ][gc,phases   ] GC(49)   Pre Evacuate Collection Set: 0.2ms
[2025-08-22T14:39:13.339+0000][175][info ][gc,phases   ] GC(49)   Merge Heap Roots: 0.1ms
[2025-08-22T14:39:13.339+0000][175][info ][gc,phases   ] GC(49)   Evacuate Collection Set: 6.8ms
[2025-08-22T14:39:13.339+0000][175][info ][gc,phases   ] GC(49)   Post Evacuate Collection Set: 0.7ms
[2025-08-22T14:39:13.339+0000][175][info ][gc,phases   ] GC(49)   Other: 0.1ms
[2025-08-22T14:39:13.339+0000][175][trace][gc,age      ] GC(49) Age table with threshold 15 (max threshold 15)
[2025-08-22T14:39:13.339+0000][175][trace][gc,age      ] GC(49) - age   1:    1244496 bytes,    1244496 total
[2025-08-22T14:39:13.339+0000][175][trace][gc,age      ] GC(49) - age   2:    5552104 bytes,    6796600 total
[2025-08-22T14:39:13.339+0000][175][trace][gc,age      ] GC(49) - age   3:   40505136 bytes,   47301736 total
[2025-08-22T14:39:13.339+0000][175][trace][gc,age      ] GC(49) - age   4:    3063984 bytes,   50365720 total
[2025-08-22T14:39:13.339+0000][175][trace][gc,age      ] GC(49) - age   5:    3304608 bytes,   53670328 total
[2025-08-22T14:39:13.339+0000][175][trace][gc,age      ] GC(49) - age   6:     342464 bytes,   54012792 total
[2025-08-22T14:39:13.339+0000][175][trace][gc,age      ] GC(49) - age   7:    1503144 bytes,   55515936 total
[2025-08-22T14:39:13.339+0000][175][trace][gc,age      ] GC(49) - age   8:     675880 bytes,   56191816 total
[2025-08-22T14:39:13.339+0000][175][trace][gc,age      ] GC(49) - age   9:     908000 bytes,   57099816 total
[2025-08-22T14:39:13.339+0000][175][trace][gc,age      ] GC(49) - age  10:    1159960 bytes,   58259776 total
[2025-08-22T14:39:13.339+0000][175][trace][gc,age      ] GC(49) - age  11:     890568 bytes,   59150344 total
[2025-08-22T14:39:13.339+0000][175][trace][gc,age      ] GC(49) - age  12:     463504 bytes,   59613848 total
[2025-08-22T14:39:13.339+0000][175][trace][gc,age      ] GC(49) - age  13:       2520 bytes,   59616368 total
[2025-08-22T14:39:13.339+0000][175][trace][gc,age      ] GC(49) - age  14:     395048 bytes,   60011416 total
[2025-08-22T14:39:13.339+0000][175][trace][gc,age      ] GC(49) - age  15:     421224 bytes,   60432640 total
[2025-08-22T14:39:13.339+0000][175][info ][gc,heap     ] GC(49) Eden regions: 290->0(291)
[2025-08-22T14:39:13.339+0000][175][info ][gc,heap     ] GC(49) Survivor regions: 17->16(39)
[2025-08-22T14:39:13.339+0000][175][info ][gc,heap     ] GC(49) Old regions: 50->50
[2025-08-22T14:39:13.339+0000][175][info ][gc,heap     ] GC(49) Humongous regions: 2->2
[2025-08-22T14:39:13.339+0000][175][info ][gc,metaspace] GC(49) Metaspace: 154362K(158208K)->154362K(158208K) NonClass: 133844K(135872K)->133844K(135872K) Class: 20518K(22336K)->20518K(22336K)
[2025-08-22T14:39:13.339+0000][175][info ][gc          ] GC(49) Pause Young (Normal) (G1 Evacuation Pause) 1430M->269M(2048M) 7.939ms
[2025-08-22T14:39:13.339+0000][175][info ][gc,cpu      ] GC(49) User=0.05s Sys=0.00s Real=0.01s
[2025-08-22T14:39:13.339+0000][175][info ][safepoint   ] Safepoint "G1CollectForAllocation", Time since last: 2307099404 ns, Reaching safepoint: 19843 ns, Cleanup: 5582 ns, At safepoint: 8014677 ns, Total: 8040102 ns
[2025-08-22T14:39:14.926+0000][175][info ][safepoint   ] Safepoint "Cleanup", Time since last: 1586757149 ns, Reaching safepoint: 8405 ns, Cleanup: 9057 ns, At safepoint: 3902 ns, Total: 21364 ns
[2025-08-22T14:39:16.854+0000][175][info ][safepoint   ] Safepoint "Cleanup", Time since last: 1928361937 ns, Reaching safepoint: 49672 ns, Cleanup: 50967 ns, At safepoint: 2469 ns, Total: 103108 ns
[2025-08-22T14:39:18.625+0000][175][info ][safepoint   ] Safepoint "Cleanup", Time since last: 1770725516 ns, Reaching safepoint: 22498 ns, Cleanup: 13210 ns, At safepoint: 2379 ns, Total: 38087 ns
[2025-08-22T14:39:19.731+0000][175][info ][safepoint   ] Safepoint "Cleanup", Time since last: 1106102172 ns, Reaching safepoint: 7630 ns, Cleanup: 7113 ns, At safepoint: 3587 ns, Total: 18330 ns
[2025-08-22T14:39:21.096+0000][175][info ][safepoint   ] Safepoint "Cleanup", Time since last: 1364481728 ns, Reaching safepoint: 25652 ns, Cleanup: 15780 ns, At safepoint: 3218 ns, Total: 44650 ns
[2025-08-22T14:39:23.604+0000][175][info ][safepoint   ] Safepoint "Cleanup", Time since last: 2508519820 ns, Reaching safepoint: 25127 ns, Cleanup: 14103 ns, At safepoint: 2757 ns, Total: 41987 ns
[2025-08-22T14:39:25.048+0000][175][info ][safepoint   ] Safepoint "Cleanup", Time since last: 1443298872 ns, Reaching safepoint: 19312 ns, Cleanup: 20330 ns, At safepoint: 2883 ns, Total: 42525 ns
[2025-08-22T14:39:27.103+0000][175][info ][safepoint   ] Safepoint "Cleanup", Time since last: 2055492063 ns, Reaching safepoint: 21351 ns, Cleanup: 12121 ns, At safepoint: 2514 ns, Total: 35986 ns
[2025-08-22T14:39:40.075+0000][175][info ][safepoint   ] Safepoint "Cleanup", Time since last: 12971640656 ns, Reaching safepoint: 23205 ns, Cleanup: 15340 ns, At safepoint: 2822 ns, Total: 41367 ns
[2025-08-22T14:39:41.121+0000][175][info ][safepoint   ] Safepoint "Cleanup", Time since last: 1046409463 ns, Reaching safepoint: 7284 ns, Cleanup: 9988 ns, At safepoint: 3806 ns, Total: 21078 ns
[2025-08-22T14:39:42.128+0000][175][info ][safepoint   ] Safepoint "Cleanup", Time since last: 1006726249 ns, Reaching safepoint: 21468 ns, Cleanup: 14237 ns, At safepoint: 2196 ns, Total: 37901 ns
[2025-08-22T14:39:43.128+0000][175][info ][safepoint   ] Safepoint "Cleanup", Time since last: 1000111569 ns, Reaching safepoint: 22789 ns, Cleanup: 21932 ns, At safepoint: 2776 ns, Total: 47497 ns
[2025-08-22T14:39:45.136+0000][175][info ][safepoint   ] Safepoint "Cleanup", Time since last: 2007588314 ns, Reaching safepoint: 23175 ns, Cleanup: 42370 ns, At safepoint: 5229 ns, Total: 70774 ns
[2025-08-22T14:39:47.832+0000][175][info ][safepoint   ] Safepoint "Cleanup", Time since last: 2696215010 ns, Reaching safepoint: 7918 ns, Cleanup: 9234 ns, At safepoint: 3252 ns, Total: 20404 ns
[2025-08-22T14:39:49.731+0000][175][info ][safepoint   ] Safepoint "Cleanup", Time since last: 1898291186 ns, Reaching safepoint: 10204 ns, Cleanup: 6854 ns, At safepoint: 3572 ns, Total: 20630 ns
[2025-08-22T14:39:51.147+0000][175][info ][safepoint   ] Safepoint "Cleanup", Time since last: 1415950072 ns, Reaching safepoint: 20246 ns, Cleanup: 12742 ns, At safepoint: 2516 ns, Total: 35504 ns
[2025-08-22T14:39:59.109+0000][175][info ][safepoint   ] Safepoint "Cleanup", Time since last: 7962218697 ns, Reaching safepoint: 26800 ns, Cleanup: 9702 ns, At safepoint: 5078 ns, Total: 41580 ns
[2025-08-22T14:40:01.255+0000][175][info ][safepoint   ] Safepoint "Cleanup", Time since last: 2146209398 ns, Reaching safepoint: 78359 ns, Cleanup: 9217 ns, At safepoint: 6255 ns, Total: 93831 ns
[2025-08-22T14:40:01.651+0000][175][info ][gc,start    ] GC(50) Pause Young (Normal) (G1 Evacuation Pause)
[2025-08-22T14:40:01.651+0000][175][info ][gc,task     ] GC(50) Using 8 workers of 8 for evacuation
[2025-08-22T14:40:01.651+0000][175][debug][gc,age      ] GC(50) Desired survivor size 81788928 bytes, new threshold 15 (max threshold 15)
[2025-08-22T14:40:01.665+0000][175][info ][gc,phases   ] GC(50)   Pre Evacuate Collection Set: 0.2ms
[2025-08-22T14:40:01.665+0000][175][info ][gc,phases   ] GC(50)   Merge Heap Roots: 0.1ms
[2025-08-22T14:40:01.665+0000][175][info ][gc,phases   ] GC(50)   Evacuate Collection Set: 13.2ms
[2025-08-22T14:40:01.665+0000][175][info ][gc,phases   ] GC(50)   Post Evacuate Collection Set: 0.8ms
[2025-08-22T14:40:01.665+0000][175][info ][gc,phases   ] GC(50)   Other: 0.1ms
[2025-08-22T14:40:01.665+0000][175][trace][gc,age      ] GC(50) Age table with threshold 15 (max threshold 15)
[2025-08-22T14:40:01.665+0000][175][trace][gc,age      ] GC(50) - age   1:   28518184 bytes,   28518184 total
[2025-08-22T14:40:01.665+0000][175][trace][gc,age      ] GC(50) - age   2:     261720 bytes,   28779904 total
[2025-08-22T14:40:01.665+0000][175][trace][gc,age      ] GC(50) - age   3:    1175552 bytes,   29955456 total
[2025-08-22T14:40:01.665+0000][175][trace][gc,age      ] GC(50) - age   4:   18424080 bytes,   48379536 total
[2025-08-22T14:40:01.665+0000][175][trace][gc,age      ] GC(50) - age   5:    3039080 bytes,   51418616 total
[2025-08-22T14:40:01.665+0000][175][trace][gc,age      ] GC(50) - age   6:    3194056 bytes,   54612672 total
[2025-08-22T14:40:01.665+0000][175][trace][gc,age      ] GC(50) - age   7:     302376 bytes,   54915048 total
[2025-08-22T14:40:01.665+0000][175][trace][gc,age      ] GC(50) - age   8:    1049816 bytes,   55964864 total
[2025-08-22T14:40:01.665+0000][175][trace][gc,age      ] GC(50) - age   9:     299432 bytes,   56264296 total
[2025-08-22T14:40:01.665+0000][175][trace][gc,age      ] GC(50) - age  10:     544936 bytes,   56809232 total
[2025-08-22T14:40:01.665+0000][175][trace][gc,age      ] GC(50) - age  11:     971656 bytes,   57780888 total
[2025-08-22T14:40:01.665+0000][175][trace][gc,age      ] GC(50) - age  12:     708024 bytes,   58488912 total
[2025-08-22T14:40:01.665+0000][175][trace][gc,age      ] GC(50) - age  13:     196416 bytes,   58685328 total
[2025-08-22T14:40:01.665+0000][175][trace][gc,age      ] GC(50) - age  14:       2032 bytes,   58687360 total
[2025-08-22T14:40:01.665+0000][175][trace][gc,age      ] GC(50) - age  15:      35312 bytes,   58722672 total
[2025-08-22T14:40:01.665+0000][175][info ][gc,heap     ] GC(50) Eden regions: 291->0(291)
[2025-08-22T14:40:01.665+0000][175][info ][gc,heap     ] GC(50) Survivor regions: 16->16(39)
[2025-08-22T14:40:01.665+0000][175][info ][gc,heap     ] GC(50) Old regions: 50->50
[2025-08-22T14:40:01.665+0000][175][info ][gc,heap     ] GC(50) Humongous regions: 2->2
[2025-08-22T14:40:01.665+0000][175][info ][gc,metaspace] GC(50) Metaspace: 154414K(158272K)->154414K(158272K) NonClass: 133895K(135936K)->133895K(135936K) Class: 20519K(22336K)->20519K(22336K)
[2025-08-22T14:40:01.665+0000][175][info ][gc          ] GC(50) Pause Young (Normal) (G1 Evacuation Pause) 1433M->269M(2048M) 14.524ms
[2025-08-22T14:40:01.665+0000][175][info ][gc,cpu      ] GC(50) User=0.05s Sys=0.00s Real=0.02s
[2025-08-22T14:40:01.665+0000][175][info ][safepoint   ] Safepoint "G1CollectForAllocation", Time since last: 395679997 ns, Reaching safepoint: 93819 ns, Cleanup: 21143 ns, At safepoint: 14599613 ns, Total: 14714575 ns
[2025-08-22T14:40:03.166+0000][175][info ][safepoint   ] Safepoint "Cleanup", Time since last: 1500041002 ns, Reaching safepoint: 26685 ns, Cleanup: 16304 ns, At safepoint: 2911 ns, Total: 45900 ns
[2025-08-22T14:40:07.739+0000][175][info ][safepoint   ] Safepoint "Cleanup", Time since last: 4573748705 ns, Reaching safepoint: 7404 ns, Cleanup: 5742 ns, At safepoint: 3302 ns, Total: 16448 ns
[2025-08-22T14:40:17.183+0000][175][info ][safepoint   ] Safepoint "Cleanup", Time since last: 9444064907 ns, Reaching safepoint: 19832 ns, Cleanup: 13689 ns, At safepoint: 2624 ns, Total: 36145 ns
[2025-08-22T14:40:19.228+0000][175][info ][safepoint   ] Safepoint "Cleanup", Time since last: 2044618266 ns, Reaching safepoint: 7488 ns, Cleanup: 11967 ns, At safepoint: 8875 ns, Total: 28330 ns
[2025-08-22T14:40:21.190+0000][175][info ][safepoint   ] Safepoint "Cleanup", Time since last: 1961684741 ns, Reaching safepoint: 24607 ns, Cleanup: 19143 ns, At safepoint: 2907 ns, Total: 46657 ns
[2025-08-22T14:40:22.611+0000][175][info ][safepoint   ] Safepoint "Cleanup", Time since last: 1421353096 ns, Reaching safepoint: 6963 ns, Cleanup: 7063 ns, At safepoint: 3530 ns, Total: 17556 ns
[2025-08-22T14:40:24.155+0000][175][info ][safepoint   ] Safepoint "Cleanup", Time since last: 1543671995 ns, Reaching safepoint: 8329 ns, Cleanup: 39424 ns, At safepoint: 3551 ns, Total: 51304 ns
[2025-08-22T14:40:25.205+0000][175][info ][safepoint   ] Safepoint "Cleanup", Time since last: 1050240445 ns, Reaching safepoint: 19974 ns, Cleanup: 11265 ns, At safepoint: 2702 ns, Total: 33941 ns
[2025-08-22T14:40:26.207+0000][175][info ][safepoint   ] Safepoint "Cleanup", Time since last: 1001400943 ns, Reaching safepoint: 8883 ns, Cleanup: 21252 ns, At safepoint: 3730 ns, Total: 33865 ns
[2025-08-22T14:40:28.206+0000][175][info ][safepoint   ] Safepoint "Cleanup", Time since last: 1999808102 ns, Reaching safepoint: 7730 ns, Cleanup: 8919 ns, At safepoint: 3352 ns, Total: 20001 ns
[2025-08-22T14:40:30.171+0000][175][info ][safepoint   ] Safepoint "Cleanup", Time since last: 1964955081 ns, Reaching safepoint: 20998 ns, Cleanup: 12175 ns, At safepoint: 2255 ns, Total: 35428 ns
[2025-08-22T14:40:32.217+0000][175][info ][safepoint   ] Safepoint "Cleanup", Time since last: 2045406523 ns, Reaching safepoint: 8170 ns, Cleanup: 14850 ns, At safepoint: 5910 ns, Total: 28930 ns
[2025-08-22T14:40:33.220+0000][175][info ][safepoint   ] Safepoint "Cleanup", Time since last: 1002724558 ns, Reaching safepoint: 21470 ns, Cleanup: 22195 ns, At safepoint: 2777 ns, Total: 46442 ns
[2025-08-22T14:40:40.189+0000][175][info ][safepoint   ] Safepoint "Cleanup", Time since last: 6969595388 ns, Reaching safepoint: 20610 ns, Cleanup: 12892 ns, At safepoint: 2245 ns, Total: 35747 ns
[2025-08-22T14:40:43.190+0000][175][info ][safepoint   ] Safepoint "Cleanup", Time since last: 3000229072 ns, Reaching safepoint: 34793 ns, Cleanup: 15300 ns, At safepoint: 4061 ns, Total: 54154 ns
[2025-08-22T14:40:44.196+0000][175][info ][safepoint   ] Safepoint "Cleanup", Time since last: 1005918625 ns, Reaching safepoint: 7810 ns, Cleanup: 9777 ns, At safepoint: 4120 ns, Total: 21707 ns
[2025-08-22T14:40:48.232+0000][175][info ][safepoint   ] Safepoint "Cleanup", Time since last: 4036660432 ns, Reaching safepoint: 19556 ns, Cleanup: 17701 ns, At safepoint: 2432 ns, Total: 39689 ns
[2025-08-22T14:40:49.725+0000][175][info ][safepoint   ] Safepoint "Cleanup", Time since last: 1492680298 ns, Reaching safepoint: 10282 ns, Cleanup: 5815 ns, At safepoint: 5519 ns, Total: 21616 ns
[2025-08-22T14:40:53.237+0000][175][info ][safepoint   ] Safepoint "Cleanup", Time since last: 3511631982 ns, Reaching safepoint: 25999 ns, Cleanup: 24770 ns, At safepoint: 2783 ns, Total: 53552 ns
[2025-08-22T14:40:55.730+0000][175][info ][safepoint   ] Safepoint "Cleanup", Time since last: 2493824623 ns, Reaching safepoint: 11874 ns, Cleanup: 8579 ns, At safepoint: 4233 ns, Total: 24686 ns
[2025-08-22T14:40:58.243+0000][175][info ][safepoint   ] Safepoint "Cleanup", Time since last: 2512811947 ns, Reaching safepoint: 21434 ns, Cleanup: 12697 ns, At safepoint: 2670 ns, Total: 36801 ns
[2025-08-22T14:41:01.230+0000][175][info ][gc,start    ] GC(51) Pause Young (Normal) (G1 Evacuation Pause)
[2025-08-22T14:41:01.230+0000][175][info ][gc,task     ] GC(51) Using 8 workers of 8 for evacuation
[2025-08-22T14:41:01.230+0000][175][debug][gc,age      ] GC(51) Desired survivor size 81788928 bytes, new threshold 15 (max threshold 15)
[2025-08-22T14:41:01.241+0000][175][info ][gc,phases   ] GC(51)   Pre Evacuate Collection Set: 0.2ms
[2025-08-22T14:41:01.241+0000][175][info ][gc,phases   ] GC(51)   Merge Heap Roots: 0.1ms
[2025-08-22T14:41:01.241+0000][175][info ][gc,phases   ] GC(51)   Evacuate Collection Set: 9.8ms
[2025-08-22T14:41:01.241+0000][175][info ][gc,phases   ] GC(51)   Post Evacuate Collection Set: 0.9ms
[2025-08-22T14:41:01.241+0000][175][info ][gc,phases   ] GC(51)   Other: 0.1ms
[2025-08-22T14:41:01.241+0000][175][trace][gc,age      ] GC(51) Age table with threshold 15 (max threshold 15)
[2025-08-22T14:41:01.241+0000][175][trace][gc,age      ] GC(51) - age   1:   38120096 bytes,   38120096 total
[2025-08-22T14:41:01.241+0000][175][trace][gc,age      ] GC(51) - age   2:    4844896 bytes,   42964992 total
[2025-08-22T14:41:01.241+0000][175][trace][gc,age      ] GC(51) - age   3:     129104 bytes,   43094096 total
[2025-08-22T14:41:01.241+0000][175][trace][gc,age      ] GC(51) - age   4:     133696 bytes,   43227792 total
[2025-08-22T14:41:01.241+0000][175][trace][gc,age      ] GC(51) - age   5:    1669512 bytes,   44897304 total
[2025-08-22T14:41:01.241+0000][175][trace][gc,age      ] GC(51) - age   6:    1193904 bytes,   46091208 total
[2025-08-22T14:41:01.241+0000][175][trace][gc,age      ] GC(51) - age   7:    3193848 bytes,   49285056 total
[2025-08-22T14:41:01.241+0000][175][trace][gc,age      ] GC(51) - age   8:     302024 bytes,   49587080 total
[2025-08-22T14:41:01.241+0000][175][trace][gc,age      ] GC(51) - age   9:    1048864 bytes,   50635944 total
[2025-08-22T14:41:01.241+0000][175][trace][gc,age      ] GC(51) - age  10:     298184 bytes,   50934128 total
[2025-08-22T14:41:01.241+0000][175][trace][gc,age      ] GC(51) - age  11:     544080 bytes,   51478208 total
[2025-08-22T14:41:01.241+0000][175][trace][gc,age      ] GC(51) - age  12:     970992 bytes,   52449200 total
[2025-08-22T14:41:01.241+0000][175][trace][gc,age      ] GC(51) - age  13:     707904 bytes,   53157104 total
[2025-08-22T14:41:01.241+0000][175][trace][gc,age      ] GC(51) - age  14:     196392 bytes,   53353496 total
[2025-08-22T14:41:01.241+0000][175][trace][gc,age      ] GC(51) - age  15:       2032 bytes,   53355528 total
[2025-08-22T14:41:01.241+0000][175][info ][gc,heap     ] GC(51) Eden regions: 291->0(293)
[2025-08-22T14:41:01.241+0000][175][info ][gc,heap     ] GC(51) Survivor regions: 16->14(39)
[2025-08-22T14:41:01.242+0000][175][info ][gc,heap     ] GC(51) Old regions: 50->50
[2025-08-22T14:41:01.242+0000][175][info ][gc,heap     ] GC(51) Humongous regions: 2->2
[2025-08-22T14:41:01.242+0000][175][info ][gc,metaspace] GC(51) Metaspace: 154453K(158272K)->154453K(158272K) NonClass: 133933K(135936K)->133933K(135936K) Class: 20519K(22336K)->20519K(22336K)
[2025-08-22T14:41:01.242+0000][175][info ][gc          ] GC(51) Pause Young (Normal) (G1 Evacuation Pause) 1433M->261M(2048M) 11.353ms
[2025-08-22T14:41:01.242+0000][175][info ][gc,cpu      ] GC(51) User=0.05s Sys=0.01s Real=0.01s
[2025-08-22T14:41:01.242+0000][175][info ][safepoint   ] Safepoint "G1CollectForAllocation", Time since last: 2986834823 ns, Reaching safepoint: 35634 ns, Cleanup: 4185 ns, At safepoint: 11430998 ns, Total: 11470817 ns
[2025-08-22T14:41:02.247+0000][175][info ][safepoint   ] Safepoint "Cleanup", Time since last: 1005695984 ns, Reaching safepoint: 8300 ns, Cleanup: 14660 ns, At safepoint: 3470 ns, Total: 26430 ns
[2025-08-22T14:41:03.250+0000][175][info ][safepoint   ] Safepoint "Cleanup", Time since last: 1002593334 ns, Reaching safepoint: 20449 ns, Cleanup: 12668 ns, At safepoint: 2569 ns, Total: 35686 ns
[2025-08-22T14:41:07.837+0000][175][info ][safepoint   ] Safepoint "Cleanup", Time since last: 4586834859 ns, Reaching safepoint: 79289 ns, Cleanup: 6917 ns, At safepoint: 3636 ns, Total: 89842 ns
[2025-08-22T14:41:18.692+0000][175][info ][safepoint   ] Safepoint "Cleanup", Time since last: 10855274906 ns, Reaching safepoint: 24276 ns, Cleanup: 20856 ns, At safepoint: 2887 ns, Total: 48019 ns
[2025-08-22T14:41:20.283+0000][175][info ][safepoint   ] Safepoint "Cleanup", Time since last: 1590407037 ns, Reaching safepoint: 9272 ns, Cleanup: 9749 ns, At safepoint: 3634 ns, Total: 22655 ns
[2025-08-22T14:41:21.285+0000][175][info ][safepoint   ] Safepoint "Cleanup", Time since last: 1002531260 ns, Reaching safepoint: 24700 ns, Cleanup: 17066 ns, At safepoint: 3034 ns, Total: 44800 ns
[2025-08-22T14:41:23.285+0000][175][info ][safepoint   ] Safepoint "Cleanup", Time since last: 2000199196 ns, Reaching safepoint: 30307 ns, Cleanup: 20872 ns, At safepoint: 4259 ns, Total: 55438 ns
[2025-08-22T14:41:28.293+0000][175][info ][safepoint   ] Safepoint "Cleanup", Time since last: 5007508568 ns, Reaching safepoint: 23001 ns, Cleanup: 21677 ns, At safepoint: 4260 ns, Total: 48938 ns
[2025-08-22T14:41:32.298+0000][175][info ][safepoint   ] Safepoint "Cleanup", Time since last: 4005053820 ns, Reaching safepoint: 8245 ns, Cleanup: 12795 ns, At safepoint: 3725 ns, Total: 24765 ns
[2025-08-22T14:41:33.613+0000][175][info ][safepoint   ] Safepoint "Cleanup", Time since last: 1314434936 ns, Reaching safepoint: 21617 ns, Cleanup: 18630 ns, At safepoint: 1931 ns, Total: 42178 ns
[2025-08-22T14:41:35.294+0000][175][info ][safepoint   ] Safepoint "Cleanup", Time since last: 1681635697 ns, Reaching safepoint: 20313 ns, Cleanup: 14571 ns, At safepoint: 2587 ns, Total: 37471 ns
[2025-08-22T14:41:37.733+0000][175][info ][safepoint   ] Safepoint "Cleanup", Time since last: 2438642934 ns, Reaching safepoint: 79053 ns, Cleanup: 14794 ns, At safepoint: 3725 ns, Total: 97572 ns
[2025-08-22T14:41:40.303+0000][175][info ][safepoint   ] Safepoint "Cleanup", Time since last: 2570006801 ns, Reaching safepoint: 22839 ns, Cleanup: 13672 ns, At safepoint: 2484 ns, Total: 38995 ns
[2025-08-22T14:41:41.303+0000][175][info ][safepoint   ] Safepoint "Cleanup", Time since last: 1000110545 ns, Reaching safepoint: 21361 ns, Cleanup: 15733 ns, At safepoint: 3077 ns, Total: 40171 ns
[2025-08-22T14:41:43.303+0000][175][info ][safepoint   ] Safepoint "Cleanup", Time since last: 2000172669 ns, Reaching safepoint: 31364 ns, Cleanup: 16811 ns, At safepoint: 2838 ns, Total: 51013 ns
[2025-08-22T14:41:45.317+0000][175][info ][safepoint   ] Safepoint "Cleanup", Time since last: 2013330220 ns, Reaching safepoint: 27692 ns, Cleanup: 7931 ns, At safepoint: 2493 ns, Total: 38116 ns
[2025-08-22T14:41:46.743+0000][175][info ][safepoint   ] Safepoint "Cleanup", Time since last: 1426556512 ns, Reaching safepoint: 79930 ns, Cleanup: 8983 ns, At safepoint: 3450 ns, Total: 92363 ns
[2025-08-22T14:41:48.327+0000][175][info ][safepoint   ] Safepoint "Cleanup", Time since last: 1583882632 ns, Reaching safepoint: 8005 ns, Cleanup: 10915 ns, At safepoint: 3393 ns, Total: 22313 ns
[2025-08-22T14:41:48.694+0000][175][info ][gc,start    ] GC(52) Pause Young (Normal) (G1 Evacuation Pause)
[2025-08-22T14:41:48.694+0000][175][info ][gc,task     ] GC(52) Using 8 workers of 8 for evacuation
[2025-08-22T14:41:48.694+0000][175][debug][gc,age      ] GC(52) Desired survivor size 81788928 bytes, new threshold 15 (max threshold 15)
[2025-08-22T14:41:48.705+0000][175][info ][gc,phases   ] GC(52)   Pre Evacuate Collection Set: 0.3ms
[2025-08-22T14:41:48.705+0000][175][info ][gc,phases   ] GC(52)   Merge Heap Roots: 0.1ms
[2025-08-22T14:41:48.705+0000][175][info ][gc,phases   ] GC(52)   Evacuate Collection Set: 9.1ms
[2025-08-22T14:41:48.705+0000][175][info ][gc,phases   ] GC(52)   Post Evacuate Collection Set: 1.0ms
[2025-08-22T14:41:48.705+0000][175][info ][gc,phases   ] GC(52)   Other: 0.1ms
[2025-08-22T14:41:48.705+0000][175][trace][gc,age      ] GC(52) Age table with threshold 15 (max threshold 15)
[2025-08-22T14:41:48.705+0000][175][trace][gc,age      ] GC(52) - age   1:   41109096 bytes,   41109096 total
[2025-08-22T14:41:48.705+0000][175][trace][gc,age      ] GC(52) - age   2:    5556824 bytes,   46665920 total
[2025-08-22T14:41:48.705+0000][175][trace][gc,age      ] GC(52) - age   3:     949464 bytes,   47615384 total
[2025-08-22T14:41:48.705+0000][175][trace][gc,age      ] GC(52) - age   4:     129104 bytes,   47744488 total
[2025-08-22T14:41:48.705+0000][175][trace][gc,age      ] GC(52) - age   5:       2432 bytes,   47746920 total
[2025-08-22T14:41:48.705+0000][175][trace][gc,age      ] GC(52) - age   6:    1665344 bytes,   49412264 total
[2025-08-22T14:41:48.705+0000][175][trace][gc,age      ] GC(52) - age   7:    1193680 bytes,   50605944 total
[2025-08-22T14:41:48.705+0000][175][trace][gc,age      ] GC(52) - age   8:    3193568 bytes,   53799512 total
[2025-08-22T14:41:48.705+0000][175][trace][gc,age      ] GC(52) - age   9:     300448 bytes,   54099960 total
[2025-08-22T14:41:48.705+0000][175][trace][gc,age      ] GC(52) - age  10:    1045080 bytes,   55145040 total
[2025-08-22T14:41:48.705+0000][175][trace][gc,age      ] GC(52) - age  11:     145024 bytes,   55290064 total
[2025-08-22T14:41:48.705+0000][175][trace][gc,age      ] GC(52) - age  12:     544056 bytes,   55834120 total
[2025-08-22T14:41:48.705+0000][175][trace][gc,age      ] GC(52) - age  13:     874608 bytes,   56708728 total
[2025-08-22T14:41:48.705+0000][175][trace][gc,age      ] GC(52) - age  14:     707856 bytes,   57416584 total
[2025-08-22T14:41:48.705+0000][175][trace][gc,age      ] GC(52) - age  15:     196312 bytes,   57612896 total
[2025-08-22T14:41:48.705+0000][175][info ][gc,heap     ] GC(52) Eden regions: 293->0(291)
[2025-08-22T14:41:48.705+0000][175][info ][gc,heap     ] GC(52) Survivor regions: 14->16(39)
[2025-08-22T14:41:48.705+0000][175][info ][gc,heap     ] GC(52) Old regions: 50->50
[2025-08-22T14:41:48.705+0000][175][info ][gc,heap     ] GC(52) Humongous regions: 2->2
[2025-08-22T14:41:48.705+0000][175][info ][gc,metaspace] GC(52) Metaspace: 154491K(158336K)->154491K(158336K) NonClass: 133971K(136000K)->133971K(136000K) Class: 20519K(22336K)->20519K(22336K)
[2025-08-22T14:41:48.705+0000][175][info ][gc          ] GC(52) Pause Young (Normal) (G1 Evacuation Pause) 1433M->268M(2048M) 10.961ms
[2025-08-22T14:41:48.705+0000][175][info ][gc,cpu      ] GC(52) User=0.06s Sys=0.00s Real=0.01s
[2025-08-22T14:41:48.705+0000][175][info ][safepoint   ] Safepoint "G1CollectForAllocation", Time since last: 366837835 ns, Reaching safepoint: 28836 ns, Cleanup: 6111 ns, At safepoint: 11048530 ns, Total: 11083477 ns
[2025-08-22T14:41:55.735+0000][175][info ][safepoint   ] Safepoint "Cleanup", Time since last: 7029555727 ns, Reaching safepoint: 10834 ns, Cleanup: 10418 ns, At safepoint: 3877 ns, Total: 25129 ns
[2025-08-22T14:42:04.281+0000][175][info ][safepoint   ] Safepoint "Cleanup", Time since last: 8546374186 ns, Reaching safepoint: 8957 ns, Cleanup: 8337 ns, At safepoint: 3551 ns, Total: 20845 ns
[2025-08-22T14:42:05.302+0000][175][info ][gc,start    ] GC(53) Pause Young (Normal) (G1 Evacuation Pause)
[2025-08-22T14:42:05.302+0000][175][info ][gc,task     ] GC(53) Using 8 workers of 8 for evacuation
[2025-08-22T14:42:05.302+0000][175][debug][gc,age      ] GC(53) Desired survivor size 81788928 bytes, new threshold 15 (max threshold 15)
[2025-08-22T14:42:05.313+0000][175][info ][gc,phases   ] GC(53)   Pre Evacuate Collection Set: 0.2ms
[2025-08-22T14:42:05.314+0000][175][info ][gc,phases   ] GC(53)   Merge Heap Roots: 0.1ms
[2025-08-22T14:42:05.314+0000][175][info ][gc,phases   ] GC(53)   Evacuate Collection Set: 10.0ms
[2025-08-22T14:42:05.314+0000][175][info ][gc,phases   ] GC(53)   Post Evacuate Collection Set: 0.8ms
[2025-08-22T14:42:05.314+0000][175][info ][gc,phases   ] GC(53)   Other: 0.1ms
[2025-08-22T14:42:05.314+0000][175][trace][gc,age      ] GC(53) Age table with threshold 15 (max threshold 15)
[2025-08-22T14:42:05.314+0000][175][trace][gc,age      ] GC(53) - age   1:   37622288 bytes,   37622288 total
[2025-08-22T14:42:05.314+0000][175][trace][gc,age      ] GC(53) - age   2:    9319208 bytes,   46941496 total
[2025-08-22T14:42:05.314+0000][175][trace][gc,age      ] GC(53) - age   3:    5449232 bytes,   52390728 total
[2025-08-22T14:42:05.314+0000][175][trace][gc,age      ] GC(53) - age   4:     947840 bytes,   53338568 total
[2025-08-22T14:42:05.314+0000][175][trace][gc,age      ] GC(53) - age   5:     129104 bytes,   53467672 total
[2025-08-22T14:42:05.314+0000][175][trace][gc,age      ] GC(53) - age   6:       2432 bytes,   53470104 total
[2025-08-22T14:42:05.314+0000][175][trace][gc,age      ] GC(53) - age   7:    1664968 bytes,   55135072 total
[2025-08-22T14:42:05.314+0000][175][trace][gc,age      ] GC(53) - age   8:    1193640 bytes,   56328712 total
[2025-08-22T14:42:05.314+0000][175][trace][gc,age      ] GC(53) - age   9:    3192168 bytes,   59520880 total
[2025-08-22T14:42:05.314+0000][175][trace][gc,age      ] GC(53) - age  10:     300448 bytes,   59821328 total
[2025-08-22T14:42:05.314+0000][175][trace][gc,age      ] GC(53) - age  11:    1044824 bytes,   60866152 total
[2025-08-22T14:42:05.314+0000][175][trace][gc,age      ] GC(53) - age  12:     145024 bytes,   61011176 total
[2025-08-22T14:42:05.314+0000][175][trace][gc,age      ] GC(53) - age  13:     544056 bytes,   61555232 total
[2025-08-22T14:42:05.314+0000][175][trace][gc,age      ] GC(53) - age  14:     874608 bytes,   62429840 total
[2025-08-22T14:42:05.314+0000][175][trace][gc,age      ] GC(53) - age  15:     707768 bytes,   63137608 total
[2025-08-22T14:42:05.314+0000][175][info ][gc,heap     ] GC(53) Eden regions: 291->0(290)
[2025-08-22T14:42:05.314+0000][175][info ][gc,heap     ] GC(53) Survivor regions: 16->17(39)
[2025-08-22T14:42:05.314+0000][175][info ][gc,heap     ] GC(53) Old regions: 50->50
[2025-08-22T14:42:05.314+0000][175][info ][gc,heap     ] GC(53) Humongous regions: 2->2
[2025-08-22T14:42:05.314+0000][175][info ][gc,metaspace] GC(53) Metaspace: 154501K(158336K)->154501K(158336K) NonClass: 133981K(136000K)->133981K(136000K) Class: 20519K(22336K)->20519K(22336K)
[2025-08-22T14:42:05.314+0000][175][info ][gc          ] GC(53) Pause Young (Normal) (G1 Evacuation Pause) 1432M->272M(2048M) 11.398ms
[2025-08-22T14:42:05.314+0000][175][info ][gc,cpu      ] GC(53) User=0.06s Sys=0.00s Real=0.01s
[2025-08-22T14:42:05.314+0000][175][info ][safepoint   ] Safepoint "G1CollectForAllocation", Time since last: 1020950668 ns, Reaching safepoint: 19324 ns, Cleanup: 15229 ns, At safepoint: 11474334 ns, Total: 11508887 ns
[2025-08-22T14:42:06.958+0000][175][info ][safepoint   ] Safepoint "Cleanup", Time since last: 1644239208 ns, Reaching safepoint: 16613 ns, Cleanup: 5244 ns, At safepoint: 3373 ns, Total: 25230 ns
[2025-08-22T14:42:10.356+0000][175][info ][safepoint   ] Safepoint "Cleanup", Time since last: 3397660303 ns, Reaching safepoint: 20337 ns, Cleanup: 16164 ns, At safepoint: 2376 ns, Total: 38877 ns
[2025-08-22T14:42:13.363+0000][175][info ][safepoint   ] Safepoint "Cleanup", Time since last: 3006874233 ns, Reaching safepoint: 20995 ns, Cleanup: 13002 ns, At safepoint: 2588 ns, Total: 36585 ns
[2025-08-22T14:42:18.723+0000][175][info ][safepoint   ] Safepoint "Cleanup", Time since last: 5360037098 ns, Reaching safepoint: 20837 ns, Cleanup: 12632 ns, At safepoint: 2546 ns, Total: 36015 ns
[2025-08-22T14:42:23.369+0000][175][info ][safepoint   ] Safepoint "Cleanup", Time since last: 4645919537 ns, Reaching safepoint: 21446 ns, Cleanup: 16850 ns, At safepoint: 2420 ns, Total: 40716 ns
[2025-08-22T14:42:28.379+0000][175][info ][safepoint   ] Safepoint "Cleanup", Time since last: 5010057880 ns, Reaching safepoint: 28371 ns, Cleanup: 16644 ns, At safepoint: 3976 ns, Total: 48991 ns
[2025-08-22T14:42:42.597+0000][175][info ][safepoint   ] Safepoint "Cleanup", Time since last: 14217924022 ns, Reaching safepoint: 7871 ns, Cleanup: 6552 ns, At safepoint: 3432 ns, Total: 17855 ns
[2025-08-22T14:42:43.735+0000][175][info ][safepoint   ] Safepoint "Cleanup", Time since last: 1138269786 ns, Reaching safepoint: 83053 ns, Cleanup: 14556 ns, At safepoint: 5311 ns, Total: 102920 ns
[2025-08-22T14:42:47.423+0000][175][info ][safepoint   ] Safepoint "Cleanup", Time since last: 3688190484 ns, Reaching safepoint: 30662 ns, Cleanup: 14282 ns, At safepoint: 3454 ns, Total: 48398 ns
[2025-08-22T14:42:48.423+0000][175][info ][safepoint   ] Safepoint "Cleanup", Time since last: 1000152110 ns, Reaching safepoint: 21753 ns, Cleanup: 15142 ns, At safepoint: 2879 ns, Total: 39774 ns
[2025-08-22T14:42:50.407+0000][175][info ][safepoint   ] Safepoint "Cleanup", Time since last: 1983274533 ns, Reaching safepoint: 8725 ns, Cleanup: 5147 ns, At safepoint: 3488 ns, Total: 17360 ns
[2025-08-22T14:42:53.299+0000][175][info ][safepoint   ] Safepoint "Cleanup", Time since last: 2891820431 ns, Reaching safepoint: 10383 ns, Cleanup: 40374 ns, At safepoint: 2370 ns, Total: 53127 ns
[2025-08-22T14:42:55.246+0000][175][info ][safepoint   ] Safepoint "Cleanup", Time since last: 1947504018 ns, Reaching safepoint: 22977 ns, Cleanup: 13068 ns, At safepoint: 2751 ns, Total: 38796 ns
[2025-08-22T14:42:56.414+0000][175][info ][safepoint   ] Safepoint "Cleanup", Time since last: 1167781744 ns, Reaching safepoint: 76507 ns, Cleanup: 7120 ns, At safepoint: 3998 ns, Total: 87625 ns
[2025-08-22T14:42:57.417+0000][175][info ][safepoint   ] Safepoint "Cleanup", Time since last: 1002478714 ns, Reaching safepoint: 19164 ns, Cleanup: 9646 ns, At safepoint: 2570 ns, Total: 31380 ns
[2025-08-22T14:43:00.924+0000][175][info ][gc,start    ] GC(54) Pause Young (Normal) (G1 Evacuation Pause)
[2025-08-22T14:43:00.924+0000][175][info ][gc,task     ] GC(54) Using 8 workers of 8 for evacuation
[2025-08-22T14:43:00.924+0000][175][debug][gc,age      ] GC(54) Desired survivor size 81788928 bytes, new threshold 15 (max threshold 15)
[2025-08-22T14:43:00.941+0000][175][info ][gc,phases   ] GC(54)   Pre Evacuate Collection Set: 0.2ms
[2025-08-22T14:43:00.941+0000][175][info ][gc,phases   ] GC(54)   Merge Heap Roots: 0.1ms
[2025-08-22T14:43:00.941+0000][175][info ][gc,phases   ] GC(54)   Evacuate Collection Set: 16.2ms
[2025-08-22T14:43:00.941+0000][175][info ][gc,phases   ] GC(54)   Post Evacuate Collection Set: 0.9ms
[2025-08-22T14:43:00.941+0000][175][info ][gc,phases   ] GC(54)   Other: 0.1ms
[2025-08-22T14:43:00.941+0000][175][trace][gc,age      ] GC(54) Age table with threshold 15 (max threshold 15)
[2025-08-22T14:43:00.941+0000][175][trace][gc,age      ] GC(54) - age   1:   36689752 bytes,   36689752 total
[2025-08-22T14:43:00.941+0000][175][trace][gc,age      ] GC(54) - age   2:   23814152 bytes,   60503904 total
[2025-08-22T14:43:00.941+0000][175][trace][gc,age      ] GC(54) - age   3:    5424160 bytes,   65928064 total
[2025-08-22T14:43:00.941+0000][175][trace][gc,age      ] GC(54) - age   4:    5374024 bytes,   71302088 total
[2025-08-22T14:43:00.941+0000][175][trace][gc,age      ] GC(54) - age   5:     876296 bytes,   72178384 total
[2025-08-22T14:43:00.941+0000][175][trace][gc,age      ] GC(54) - age   6:     129080 bytes,   72307464 total
[2025-08-22T14:43:00.941+0000][175][trace][gc,age      ] GC(54) - age   7:       2432 bytes,   72309896 total
[2025-08-22T14:43:00.941+0000][175][trace][gc,age      ] GC(54) - age   8:    1596040 bytes,   73905936 total
[2025-08-22T14:43:00.941+0000][175][trace][gc,age      ] GC(54) - age   9:    1191432 bytes,   75097368 total
[2025-08-22T14:43:00.941+0000][175][trace][gc,age      ] GC(54) - age  10:    3121696 bytes,   78219064 total
[2025-08-22T14:43:00.941+0000][175][trace][gc,age      ] GC(54) - age  11:     300448 bytes,   78519512 total
[2025-08-22T14:43:00.941+0000][175][trace][gc,age      ] GC(54) - age  12:     977560 bytes,   79497072 total
[2025-08-22T14:43:00.941+0000][175][trace][gc,age      ] GC(54) - age  13:     145000 bytes,   79642072 total
[2025-08-22T14:43:00.941+0000][175][trace][gc,age      ] GC(54) - age  14:     476768 bytes,   80118840 total
[2025-08-22T14:43:00.941+0000][175][trace][gc,age      ] GC(54) - age  15:     873992 bytes,   80992832 total
[2025-08-22T14:43:00.941+0000][175][info ][gc,heap     ] GC(54) Eden regions: 290->0(286)
[2025-08-22T14:43:00.941+0000][175][info ][gc,heap     ] GC(54) Survivor regions: 17->21(39)
[2025-08-22T14:43:00.941+0000][175][info ][gc,heap     ] GC(54) Old regions: 50->50
[2025-08-22T14:43:00.941+0000][175][info ][gc,heap     ] GC(54) Humongous regions: 2->2
[2025-08-22T14:43:00.941+0000][175][info ][gc,metaspace] GC(54) Metaspace: 154536K(158400K)->154536K(158400K) NonClass: 134016K(136064K)->134016K(136064K) Class: 20520K(22336K)->20520K(22336K)
[2025-08-22T14:43:00.941+0000][175][info ][gc          ] GC(54) Pause Young (Normal) (G1 Evacuation Pause) 1432M->290M(2048M) 17.631ms
[2025-08-22T14:43:00.941+0000][175][info ][gc,cpu      ] GC(54) User=0.06s Sys=0.00s Real=0.02s
[2025-08-22T14:43:00.942+0000][175][info ][safepoint   ] Safepoint "G1CollectForAllocation", Time since last: 3507180558 ns, Reaching safepoint: 18526 ns, Cleanup: 18380 ns, At safepoint: 18650023 ns, Total: 18686929 ns
[2025-08-22T14:43:02.420+0000][175][info ][safepoint   ] Safepoint "Cleanup", Time since last: 1477962915 ns, Reaching safepoint: 20233 ns, Cleanup: 12281 ns, At safepoint: 4255 ns, Total: 36769 ns
[2025-08-22T14:43:03.424+0000][175][info ][safepoint   ] Safepoint "Cleanup", Time since last: 1003400408 ns, Reaching safepoint: 22564 ns, Cleanup: 19659 ns, At safepoint: 2704 ns, Total: 44927 ns
[2025-08-22T14:43:04.424+0000][175][info ][safepoint   ] Safepoint "Cleanup", Time since last: 1000113739 ns, Reaching safepoint: 20355 ns, Cleanup: 13052 ns, At safepoint: 2552 ns, Total: 35959 ns
[2025-08-22T14:43:06.912+0000][175][info ][safepoint   ] Safepoint "Cleanup", Time since last: 2487798419 ns, Reaching safepoint: 21662 ns, Cleanup: 13913 ns, At safepoint: 2732 ns, Total: 38307 ns
[2025-08-22T14:43:11.435+0000][175][info ][safepoint   ] Safepoint "Cleanup", Time since last: 4523248843 ns, Reaching safepoint: 7915 ns, Cleanup: 10883 ns, At safepoint: 3392 ns, Total: 22190 ns
[2025-08-22T14:43:13.745+0000][175][info ][safepoint   ] Safepoint "Cleanup", Time since last: 2309333710 ns, Reaching safepoint: 74130 ns, Cleanup: 6303 ns, At safepoint: 3338 ns, Total: 83771 ns
[2025-08-22T14:43:20.448+0000][175][info ][safepoint   ] Safepoint "Cleanup", Time since last: 6703794918 ns, Reaching safepoint: 7507 ns, Cleanup: 15180 ns, At safepoint: 3302 ns, Total: 25989 ns
[2025-08-22T14:43:21.448+0000][175][info ][safepoint   ] Safepoint "Cleanup", Time since last: 1000116575 ns, Reaching safepoint: 7602 ns, Cleanup: 9574 ns, At safepoint: 3523 ns, Total: 20699 ns
[2025-08-22T14:43:23.450+0000][175][info ][safepoint   ] Safepoint "Cleanup", Time since last: 2001731650 ns, Reaching safepoint: 21851 ns, Cleanup: 25260 ns, At safepoint: 2650 ns, Total: 49761 ns
[2025-08-22T14:43:25.733+0000][175][info ][safepoint   ] Safepoint "Cleanup", Time since last: 2282388747 ns, Reaching safepoint: 7911 ns, Cleanup: 6733 ns, At safepoint: 3434 ns, Total: 18078 ns
[2025-08-22T14:43:28.456+0000][175][info ][safepoint   ] Safepoint "Cleanup", Time since last: 2723100412 ns, Reaching safepoint: 44672 ns, Cleanup: 12751 ns, At safepoint: 2608 ns, Total: 60031 ns
[2025-08-22T14:43:39.827+0000][175][info ][safepoint   ] Safepoint "Cleanup", Time since last: 11371587313 ns, Reaching safepoint: 8311 ns, Cleanup: 14452 ns, At safepoint: 3434 ns, Total: 26197 ns
[2025-08-22T14:43:42.830+0000][175][info ][safepoint   ] Safepoint "Cleanup", Time since last: 3002606070 ns, Reaching safepoint: 19310 ns, Cleanup: 11918 ns, At safepoint: 2727 ns, Total: 33955 ns
[2025-08-22T14:43:49.741+0000][175][info ][safepoint   ] Safepoint "Cleanup", Time since last: 6910611963 ns, Reaching safepoint: 72820 ns, Cleanup: 5429 ns, At safepoint: 5398 ns, Total: 83647 ns
[2025-08-22T14:43:51.405+0000][175][info ][safepoint   ] Safepoint "Cleanup", Time since last: 1663930821 ns, Reaching safepoint: 7895 ns, Cleanup: 9629 ns, At safepoint: 3413 ns, Total: 20937 ns
[2025-08-22T14:43:52.585+0000][175][info ][safepoint   ] Safepoint "Cleanup", Time since last: 1180215268 ns, Reaching safepoint: 12105 ns, Cleanup: 6243 ns, At safepoint: 3791 ns, Total: 22139 ns
[2025-08-22T14:43:54.492+0000][175][info ][safepoint   ] Safepoint "Cleanup", Time since last: 1906926351 ns, Reaching safepoint: 19961 ns, Cleanup: 15782 ns, At safepoint: 2450 ns, Total: 38193 ns
[2025-08-22T14:43:58.499+0000][175][info ][safepoint   ] Safepoint "Cleanup", Time since last: 4006869315 ns, Reaching safepoint: 54651 ns, Cleanup: 16918 ns, At safepoint: 4084 ns, Total: 75653 ns
[2025-08-22T14:44:00.664+0000][175][info ][gc,start    ] GC(55) Pause Young (Normal) (G1 Evacuation Pause)
[2025-08-22T14:44:00.664+0000][175][info ][gc,task     ] GC(55) Using 8 workers of 8 for evacuation
[2025-08-22T14:44:00.664+0000][175][debug][gc,age      ] GC(55) Desired survivor size 81788928 bytes, new threshold 15 (max threshold 15)
[2025-08-22T14:44:00.676+0000][175][info ][gc,phases   ] GC(55)   Pre Evacuate Collection Set: 0.2ms
[2025-08-22T14:44:00.676+0000][175][info ][gc,phases   ] GC(55)   Merge Heap Roots: 0.1ms
[2025-08-22T14:44:00.676+0000][175][info ][gc,phases   ] GC(55)   Evacuate Collection Set: 11.0ms
[2025-08-22T14:44:00.676+0000][175][info ][gc,phases   ] GC(55)   Post Evacuate Collection Set: 0.8ms
[2025-08-22T14:44:00.676+0000][175][info ][gc,phases   ] GC(55)   Other: 0.1ms
[2025-08-22T14:44:00.676+0000][175][trace][gc,age      ] GC(55) Age table with threshold 15 (max threshold 15)
[2025-08-22T14:44:00.676+0000][175][trace][gc,age      ] GC(55) - age   1:   44471512 bytes,   44471512 total
[2025-08-22T14:44:00.676+0000][175][trace][gc,age      ] GC(55) - age   2:   10122952 bytes,   54594464 total
[2025-08-22T14:44:00.676+0000][175][trace][gc,age      ] GC(55) - age   3:   18897976 bytes,   73492440 total
[2025-08-22T14:44:00.676+0000][175][trace][gc,age      ] GC(55) - age   4:    1649088 bytes,   75141528 total
[2025-08-22T14:44:00.676+0000][175][trace][gc,age      ] GC(55) - age   5:    1368384 bytes,   76509912 total
[2025-08-22T14:44:00.676+0000][175][trace][gc,age      ] GC(55) - age   6:     536072 bytes,   77045984 total
[2025-08-22T14:44:00.676+0000][175][trace][gc,age      ] GC(55) - age   7:       1192 bytes,   77047176 total
[2025-08-22T14:44:00.676+0000][175][trace][gc,age      ] GC(55) - age   8:       2432 bytes,   77049608 total
[2025-08-22T14:44:00.676+0000][175][trace][gc,age      ] GC(55) - age   9:    1255392 bytes,   78305000 total
[2025-08-22T14:44:00.676+0000][175][trace][gc,age      ] GC(55) - age  10:    1062624 bytes,   79367624 total
[2025-08-22T14:44:00.676+0000][175][trace][gc,age      ] GC(55) - age  11:    2528112 bytes,   81895736 total
[2025-08-22T14:44:00.676+0000][175][trace][gc,age      ] GC(55) - age  12:      67608 bytes,   81963344 total
[2025-08-22T14:44:00.676+0000][175][trace][gc,age      ] GC(55) - age  13:     640064 bytes,   82603408 total
[2025-08-22T14:44:00.676+0000][175][trace][gc,age      ] GC(55) - age  14:      17064 bytes,   82620472 total
[2025-08-22T14:44:00.676+0000][175][trace][gc,age      ] GC(55) - age  15:      10272 bytes,   82630744 total
[2025-08-22T14:44:00.676+0000][175][info ][gc,heap     ] GC(55) Eden regions: 286->0(286)
[2025-08-22T14:44:00.676+0000][175][info ][gc,heap     ] GC(55) Survivor regions: 21->21(39)
[2025-08-22T14:44:00.676+0000][175][info ][gc,heap     ] GC(55) Old regions: 50->50
[2025-08-22T14:44:00.676+0000][175][info ][gc,heap     ] GC(55) Humongous regions: 2->2
[2025-08-22T14:44:00.676+0000][175][info ][gc,metaspace] GC(55) Metaspace: 154544K(158400K)->154544K(158400K) NonClass: 134024K(136064K)->134024K(136064K) Class: 20520K(22336K)->20520K(22336K)
[2025-08-22T14:44:00.676+0000][175][info ][gc          ] GC(55) Pause Young (Normal) (G1 Evacuation Pause) 1434M->290M(2048M) 12.289ms
[2025-08-22T14:44:00.676+0000][175][info ][gc,cpu      ] GC(55) User=0.06s Sys=0.00s Real=0.02s
[2025-08-22T14:44:00.676+0000][175][info ][safepoint   ] Safepoint "G1CollectForAllocation", Time since last: 2164800653 ns, Reaching safepoint: 18811 ns, Cleanup: 3972 ns, At safepoint: 12368216 ns, Total: 12390999 ns
[2025-08-22T14:44:07.741+0000][175][info ][safepoint   ] Safepoint "Cleanup", Time since last: 7065030184 ns, Reaching safepoint: 76578 ns, Cleanup: 6266 ns, At safepoint: 5655 ns, Total: 88499 ns
[2025-08-22T14:44:10.575+0000][175][info ][safepoint   ] Safepoint "Cleanup", Time since last: 2833815019 ns, Reaching safepoint: 21431 ns, Cleanup: 14476 ns, At safepoint: 2359 ns, Total: 38266 ns
[2025-08-22T14:44:23.529+0000][175][info ][safepoint   ] Safepoint "Cleanup", Time since last: 12954356567 ns, Reaching safepoint: 40826 ns, Cleanup: 12583 ns, At safepoint: 3972 ns, Total: 57381 ns
[2025-08-22T14:44:25.731+0000][175][info ][safepoint   ] Safepoint "Cleanup", Time since last: 2201792147 ns, Reaching safepoint: 7179 ns, Cleanup: 6193 ns, At safepoint: 6748 ns, Total: 20120 ns
[2025-08-22T14:44:27.536+0000][175][info ][safepoint   ] Safepoint "Cleanup", Time since last: 1804597167 ns, Reaching safepoint: 20787 ns, Cleanup: 14028 ns, At safepoint: 2528 ns, Total: 37343 ns
[2025-08-22T14:44:29.610+0000][175][info ][gc,start    ] GC(56) Pause Young (Normal) (G1 Evacuation Pause)
[2025-08-22T14:44:29.610+0000][175][info ][gc,task     ] GC(56) Using 8 workers of 8 for evacuation
[2025-08-22T14:44:29.610+0000][175][debug][gc,age      ] GC(56) Desired survivor size 81788928 bytes, new threshold 11 (max threshold 15)
[2025-08-22T14:44:29.617+0000][175][info ][gc,phases   ] GC(56)   Pre Evacuate Collection Set: 0.2ms
[2025-08-22T14:44:29.617+0000][175][info ][gc,phases   ] GC(56)   Merge Heap Roots: 0.1ms
[2025-08-22T14:44:29.617+0000][175][info ][gc,phases   ] GC(56)   Evacuate Collection Set: 6.4ms
[2025-08-22T14:44:29.617+0000][175][info ][gc,phases   ] GC(56)   Post Evacuate Collection Set: 0.7ms
[2025-08-22T14:44:29.617+0000][175][info ][gc,phases   ] GC(56)   Other: 0.1ms
[2025-08-22T14:44:29.617+0000][175][trace][gc,age      ] GC(56) Age table with threshold 11 (max threshold 15)
[2025-08-22T14:44:29.617+0000][175][trace][gc,age      ] GC(56) - age   1:   34223504 bytes,   34223504 total
[2025-08-22T14:44:29.617+0000][175][trace][gc,age      ] GC(56) - age   2:    6776712 bytes,   41000216 total
[2025-08-22T14:44:29.617+0000][175][trace][gc,age      ] GC(56) - age   3:    1344424 bytes,   42344640 total
[2025-08-22T14:44:29.617+0000][175][trace][gc,age      ] GC(56) - age   4:     550616 bytes,   42895256 total
[2025-08-22T14:44:29.617+0000][175][trace][gc,age      ] GC(56) - age   5:     733176 bytes,   43628432 total
[2025-08-22T14:44:29.617+0000][175][trace][gc,age      ] GC(56) - age   6:     541352 bytes,   44169784 total
[2025-08-22T14:44:29.617+0000][175][trace][gc,age      ] GC(56) - age   7:     530528 bytes,   44700312 total
[2025-08-22T14:44:29.617+0000][175][trace][gc,age      ] GC(56) - age   8:        256 bytes,   44700568 total
[2025-08-22T14:44:29.617+0000][175][trace][gc,age      ] GC(56) - age   9:       1608 bytes,   44702176 total
[2025-08-22T14:44:29.617+0000][175][trace][gc,age      ] GC(56) - age  10:     559184 bytes,   45261360 total
[2025-08-22T14:44:29.617+0000][175][trace][gc,age      ] GC(56) - age  11:     360048 bytes,   45621408 total
[2025-08-22T14:44:29.617+0000][175][info ][gc,heap     ] GC(56) Eden regions: 286->0(294)
[2025-08-22T14:44:29.617+0000][175][info ][gc,heap     ] GC(56) Survivor regions: 21->13(39)
[2025-08-22T14:44:29.617+0000][175][info ][gc,heap     ] GC(56) Old regions: 50->51
[2025-08-22T14:44:29.617+0000][175][info ][gc,heap     ] GC(56) Humongous regions: 2->2
[2025-08-22T14:44:29.617+0000][175][info ][gc,metaspace] GC(56) Metaspace: 154548K(158400K)->154548K(158400K) NonClass: 134027K(136064K)->134027K(136064K) Class: 20520K(22336K)->20520K(22336K)
[2025-08-22T14:44:29.617+0000][175][info ][gc          ] GC(56) Pause Young (Normal) (G1 Evacuation Pause) 1434M->259M(2048M) 7.545ms
[2025-08-22T14:44:29.617+0000][175][info ][gc,cpu      ] GC(56) User=0.05s Sys=0.00s Real=0.01s
[2025-08-22T14:44:29.617+0000][175][info ][safepoint   ] Safepoint "G1CollectForAllocation", Time since last: 2073664500 ns, Reaching safepoint: 9503 ns, Cleanup: 3021 ns, At safepoint: 7624143 ns, Total: 7636667 ns
[2025-08-22T14:44:33.543+0000][175][info ][safepoint   ] Safepoint "Cleanup", Time since last: 3925458979 ns, Reaching safepoint: 24057 ns, Cleanup: 18432 ns, At safepoint: 2729 ns, Total: 45218 ns
[2025-08-22T14:44:35.629+0000][175][info ][safepoint   ] Safepoint "Cleanup", Time since last: 2086486979 ns, Reaching safepoint: 21940 ns, Cleanup: 18069 ns, At safepoint: 2815 ns, Total: 42824 ns
[2025-08-22T14:44:38.547+0000][175][info ][safepoint   ] Safepoint "Cleanup", Time since last: 2917719912 ns, Reaching safepoint: 7573 ns, Cleanup: 11468 ns, At safepoint: 3640 ns, Total: 22681 ns
[2025-08-22T14:44:40.638+0000][175][info ][safepoint   ] Safepoint "Cleanup", Time since last: 2090736201 ns, Reaching safepoint: 43994 ns, Cleanup: 27809 ns, At safepoint: 2311 ns, Total: 74114 ns
[2025-08-22T14:44:44.557+0000][175][info ][safepoint   ] Safepoint "Cleanup", Time since last: 3918904995 ns, Reaching safepoint: 29713 ns, Cleanup: 10173 ns, At safepoint: 5633 ns, Total: 45519 ns
[2025-08-22T14:44:48.648+0000][175][info ][safepoint   ] Safepoint "Cleanup", Time since last: 4091310177 ns, Reaching safepoint: 27781 ns, Cleanup: 19592 ns, At safepoint: 2989 ns, Total: 50362 ns
[2025-08-22T14:45:01.013+0000][175][info ][safepoint   ] Safepoint "Cleanup", Time since last: 12364689489 ns, Reaching safepoint: 12376 ns, Cleanup: 11242 ns, At safepoint: 6556 ns, Total: 30174 ns
[2025-08-22T14:45:02.572+0000][175][info ][safepoint   ] Safepoint "Cleanup", Time since last: 1559607595 ns, Reaching safepoint: 10647 ns, Cleanup: 10968 ns, At safepoint: 5908 ns, Total: 27523 ns
[2025-08-22T14:45:05.677+0000][175][info ][safepoint   ] Safepoint "Cleanup", Time since last: 3104852114 ns, Reaching safepoint: 21990 ns, Cleanup: 15476 ns, At safepoint: 2654 ns, Total: 40120 ns
[2025-08-22T14:45:07.678+0000][175][info ][safepoint   ] Safepoint "Cleanup", Time since last: 2000199219 ns, Reaching safepoint: 21354 ns, Cleanup: 13508 ns, At safepoint: 3094 ns, Total: 37956 ns
[2025-08-22T14:45:10.686+0000][175][info ][safepoint   ] Safepoint "Cleanup", Time since last: 3008224363 ns, Reaching safepoint: 26868 ns, Cleanup: 15901 ns, At safepoint: 2301 ns, Total: 45070 ns
[2025-08-22T14:45:13.435+0000][175][info ][safepoint   ] Safepoint "Cleanup", Time since last: 2748916826 ns, Reaching safepoint: 19310 ns, Cleanup: 13221 ns, At safepoint: 2585 ns, Total: 35116 ns
[2025-08-22T14:45:17.845+0000][175][info ][safepoint   ] Safepoint "Cleanup", Time since last: 4409788512 ns, Reaching safepoint: 12871 ns, Cleanup: 7365 ns, At safepoint: 4243 ns, Total: 24479 ns
[2025-08-22T14:45:19.718+0000][175][info ][gc,start    ] GC(57) Pause Young (Normal) (G1 Evacuation Pause)
[2025-08-22T14:45:19.718+0000][175][info ][gc,task     ] GC(57) Using 8 workers of 8 for evacuation
[2025-08-22T14:45:19.718+0000][175][debug][gc,age      ] GC(57) Desired survivor size 81788928 bytes, new threshold 15 (max threshold 15)
[2025-08-22T14:45:19.727+0000][175][info ][gc,phases   ] GC(57)   Pre Evacuate Collection Set: 0.2ms
[2025-08-22T14:45:19.727+0000][175][info ][gc,phases   ] GC(57)   Merge Heap Roots: 0.1ms
[2025-08-22T14:45:19.727+0000][175][info ][gc,phases   ] GC(57)   Evacuate Collection Set: 8.3ms
[2025-08-22T14:45:19.727+0000][175][info ][gc,phases   ] GC(57)   Post Evacuate Collection Set: 0.8ms
[2025-08-22T14:45:19.727+0000][175][info ][gc,phases   ] GC(57)   Other: 0.1ms
[2025-08-22T14:45:19.727+0000][175][trace][gc,age      ] GC(57) Age table with threshold 15 (max threshold 15)
[2025-08-22T14:45:19.727+0000][175][trace][gc,age      ] GC(57) - age   1:   43434536 bytes,   43434536 total
[2025-08-22T14:45:19.727+0000][175][trace][gc,age      ] GC(57) - age   2:    3718776 bytes,   47153312 total
[2025-08-22T14:45:19.727+0000][175][trace][gc,age      ] GC(57) - age   3:    5646784 bytes,   52800096 total
[2025-08-22T14:45:19.727+0000][175][trace][gc,age      ] GC(57) - age   4:    1342792 bytes,   54142888 total
[2025-08-22T14:45:19.727+0000][175][trace][gc,age      ] GC(57) - age   5:     547544 bytes,   54690432 total
[2025-08-22T14:45:19.727+0000][175][trace][gc,age      ] GC(57) - age   6:     724224 bytes,   55414656 total
[2025-08-22T14:45:19.727+0000][175][trace][gc,age      ] GC(57) - age   7:     540584 bytes,   55955240 total
[2025-08-22T14:45:19.727+0000][175][trace][gc,age      ] GC(57) - age   8:     528040 bytes,   56483280 total
[2025-08-22T14:45:19.727+0000][175][trace][gc,age      ] GC(57) - age   9:        256 bytes,   56483536 total
[2025-08-22T14:45:19.727+0000][175][trace][gc,age      ] GC(57) - age  10:       1608 bytes,   56485144 total
[2025-08-22T14:45:19.727+0000][175][trace][gc,age      ] GC(57) - age  11:     558032 bytes,   57043176 total
[2025-08-22T14:45:19.727+0000][175][trace][gc,age      ] GC(57) - age  12:     360024 bytes,   57403200 total
[2025-08-22T14:45:19.727+0000][175][info ][gc,heap     ] GC(57) Eden regions: 294->0(292)
[2025-08-22T14:45:19.727+0000][175][info ][gc,heap     ] GC(57) Survivor regions: 13->15(39)
[2025-08-22T14:45:19.727+0000][175][info ][gc,heap     ] GC(57) Old regions: 51->51
[2025-08-22T14:45:19.727+0000][175][info ][gc,heap     ] GC(57) Humongous regions: 2->2
[2025-08-22T14:45:19.727+0000][175][info ][gc,metaspace] GC(57) Metaspace: 154557K(158400K)->154557K(158400K) NonClass: 134036K(136064K)->134036K(136064K) Class: 20520K(22336K)->20520K(22336K)
[2025-08-22T14:45:19.727+0000][175][info ][gc          ] GC(57) Pause Young (Normal) (G1 Evacuation Pause) 1435M->268M(2048M) 9.643ms
[2025-08-22T14:45:19.727+0000][175][info ][gc,cpu      ] GC(57) User=0.06s Sys=0.00s Real=0.01s
[2025-08-22T14:45:19.727+0000][175][info ][safepoint   ] Safepoint "G1CollectForAllocation", Time since last: 1873137262 ns, Reaching safepoint: 19262 ns, Cleanup: 3666 ns, At safepoint: 9728152 ns, Total: 9751080 ns
[2025-08-22T14:45:21.597+0000][175][info ][safepoint   ] Safepoint "Cleanup", Time since last: 1869225104 ns, Reaching safepoint: 22825 ns, Cleanup: 17883 ns, At safepoint: 2694 ns, Total: 43402 ns
[2025-08-22T14:45:22.597+0000][175][info ][safepoint   ] Safepoint "Cleanup", Time since last: 1000118318 ns, Reaching safepoint: 18098 ns, Cleanup: 13118 ns, At safepoint: 2426 ns, Total: 33642 ns
[2025-08-22T14:45:32.608+0000][175][info ][safepoint   ] Safepoint "Cleanup", Time since last: 10010607815 ns, Reaching safepoint: 7659 ns, Cleanup: 8867 ns, At safepoint: 3809 ns, Total: 20335 ns
[2025-08-22T14:45:40.745+0000][175][info ][safepoint   ] Safepoint "Cleanup", Time since last: 8137332400 ns, Reaching safepoint: 18218 ns, Cleanup: 10789 ns, At safepoint: 2461 ns, Total: 31468 ns
[2025-08-22T14:45:42.444+0000][175][info ][safepoint   ] Safepoint "Cleanup", Time since last: 1698627939 ns, Reaching safepoint: 22987 ns, Cleanup: 15872 ns, At safepoint: 3083 ns, Total: 41942 ns
[2025-08-22T14:45:53.353+0000][175][info ][safepoint   ] Safepoint "Cleanup", Time since last: 10909037710 ns, Reaching safepoint: 8876 ns, Cleanup: 11100 ns, At safepoint: 3735 ns, Total: 23711 ns
[2025-08-22T14:46:00.761+0000][175][info ][safepoint   ] Safepoint "Cleanup", Time since last: 7408555516 ns, Reaching safepoint: 75968 ns, Cleanup: 6525 ns, At safepoint: 6923 ns, Total: 89416 ns
[2025-08-22T14:46:01.523+0000][175][info ][gc,start    ] GC(58) Pause Young (Normal) (G1 Evacuation Pause)
[2025-08-22T14:46:01.523+0000][175][info ][gc,task     ] GC(58) Using 8 workers of 8 for evacuation
[2025-08-22T14:46:01.523+0000][175][debug][gc,age      ] GC(58) Desired survivor size 81788928 bytes, new threshold 15 (max threshold 15)
[2025-08-22T14:46:01.533+0000][175][info ][gc,phases   ] GC(58)   Pre Evacuate Collection Set: 0.2ms
[2025-08-22T14:46:01.533+0000][175][info ][gc,phases   ] GC(58)   Merge Heap Roots: 0.1ms
[2025-08-22T14:46:01.533+0000][175][info ][gc,phases   ] GC(58)   Evacuate Collection Set: 8.2ms
[2025-08-22T14:46:01.533+0000][175][info ][gc,phases   ] GC(58)   Post Evacuate Collection Set: 0.7ms
[2025-08-22T14:46:01.533+0000][175][info ][gc,phases   ] GC(58)   Other: 0.1ms
[2025-08-22T14:46:01.533+0000][175][trace][gc,age      ] GC(58) Age table with threshold 15 (max threshold 15)
[2025-08-22T14:46:01.533+0000][175][trace][gc,age      ] GC(58) - age   1:   36162928 bytes,   36162928 total
[2025-08-22T14:46:01.533+0000][175][trace][gc,age      ] GC(58) - age   2:    4685760 bytes,   40848688 total
[2025-08-22T14:46:01.533+0000][175][trace][gc,age      ] GC(58) - age   3:    1848576 bytes,   42697264 total
[2025-08-22T14:46:01.533+0000][175][trace][gc,age      ] GC(58) - age   4:    1502224 bytes,   44199488 total
[2025-08-22T14:46:01.533+0000][175][trace][gc,age      ] GC(58) - age   5:     386024 bytes,   44585512 total
[2025-08-22T14:46:01.533+0000][175][trace][gc,age      ] GC(58) - age   6:     547400 bytes,   45132912 total
[2025-08-22T14:46:01.533+0000][175][trace][gc,age      ] GC(58) - age   7:     665472 bytes,   45798384 total
[2025-08-22T14:46:01.533+0000][175][trace][gc,age      ] GC(58) - age   8:     420720 bytes,   46219104 total
[2025-08-22T14:46:01.533+0000][175][trace][gc,age      ] GC(58) - age   9:     528000 bytes,   46747104 total
[2025-08-22T14:46:01.533+0000][175][trace][gc,age      ] GC(58) - age  10:        256 bytes,   46747360 total
[2025-08-22T14:46:01.533+0000][175][trace][gc,age      ] GC(58) - age  11:       1536 bytes,   46748896 total
[2025-08-22T14:46:01.533+0000][175][trace][gc,age      ] GC(58) - age  12:     499640 bytes,   47248536 total
[2025-08-22T14:46:01.533+0000][175][trace][gc,age      ] GC(58) - age  13:     302392 bytes,   47550928 total
[2025-08-22T14:46:01.533+0000][175][info ][gc,heap     ] GC(58) Eden regions: 292->0(294)
[2025-08-22T14:46:01.533+0000][175][info ][gc,heap     ] GC(58) Survivor regions: 15->13(39)
[2025-08-22T14:46:01.533+0000][175][info ][gc,heap     ] GC(58) Old regions: 51->51
[2025-08-22T14:46:01.533+0000][175][info ][gc,heap     ] GC(58) Humongous regions: 2->2
[2025-08-22T14:46:01.533+0000][175][info ][gc,metaspace] GC(58) Metaspace: 154583K(158400K)->154583K(158400K) NonClass: 134063K(136064K)->134063K(136064K) Class: 20520K(22336K)->20520K(22336K)
[2025-08-22T14:46:01.533+0000][175][info ][gc          ] GC(58) Pause Young (Normal) (G1 Evacuation Pause) 1436M->260M(2048M) 9.533ms
[2025-08-22T14:46:01.533+0000][175][info ][gc,cpu      ] GC(58) User=0.05s Sys=0.00s Real=0.01s
[2025-08-22T14:46:01.533+0000][175][info ][safepoint   ] Safepoint "G1CollectForAllocation", Time since last: 761922265 ns, Reaching safepoint: 87628 ns, Cleanup: 4553 ns, At safepoint: 9611596 ns, Total: 9703777 ns
[2025-08-22T14:46:02.654+0000][175][info ][safepoint   ] Safepoint "Cleanup", Time since last: 1121103380 ns, Reaching safepoint: 8510 ns, Cleanup: 7264 ns, At safepoint: 3461 ns, Total: 19235 ns
[2025-08-22T14:46:04.657+0000][175][info ][safepoint   ] Safepoint "Cleanup", Time since last: 2002559217 ns, Reaching safepoint: 21343 ns, Cleanup: 15788 ns, At safepoint: 2511 ns, Total: 39642 ns
[2025-08-22T14:46:05.781+0000][175][info ][safepoint   ] Safepoint "Cleanup", Time since last: 1124711054 ns, Reaching safepoint: 43178 ns, Cleanup: 12546 ns, At safepoint: 3133 ns, Total: 58857 ns
[2025-08-22T14:46:17.853+0000][175][info ][safepoint   ] Safepoint "Cleanup", Time since last: 12071989301 ns, Reaching safepoint: 8456 ns, Cleanup: 5767 ns, At safepoint: 3320 ns, Total: 17543 ns
[2025-08-22T14:46:23.685+0000][175][info ][safepoint   ] Safepoint "Cleanup", Time since last: 5831171019 ns, Reaching safepoint: 20813 ns, Cleanup: 14764 ns, At safepoint: 2511 ns, Total: 38088 ns
[2025-08-22T14:46:38.709+0000][175][info ][safepoint   ] Safepoint "Cleanup", Time since last: 15024495488 ns, Reaching safepoint: 9464 ns, Cleanup: 16847 ns, At safepoint: 4792 ns, Total: 31103 ns
[2025-08-22T14:46:39.713+0000][175][info ][safepoint   ] Safepoint "Cleanup", Time since last: 1003524229 ns, Reaching safepoint: 18681 ns, Cleanup: 10969 ns, At safepoint: 2512 ns, Total: 32162 ns
[2025-08-22T14:46:53.372+0000][175][info ][safepoint   ] Safepoint "Cleanup", Time since last: 13659256382 ns, Reaching safepoint: 27437 ns, Cleanup: 13695 ns, At safepoint: 1615 ns, Total: 42747 ns
[2025-08-22T14:46:55.734+0000][175][info ][safepoint   ] Safepoint "Cleanup", Time since last: 2361665192 ns, Reaching safepoint: 7868 ns, Cleanup: 11752 ns, At safepoint: 3686 ns, Total: 23306 ns
[2025-08-22T14:47:00.787+0000][175][info ][safepoint   ] Safepoint "Cleanup", Time since last: 5053782525 ns, Reaching safepoint: 8222 ns, Cleanup: 7885 ns, At safepoint: 6536 ns, Total: 22643 ns
[2025-08-22T14:47:01.388+0000][175][info ][gc,start    ] GC(59) Pause Young (Normal) (G1 Evacuation Pause)
[2025-08-22T14:47:01.388+0000][175][info ][gc,task     ] GC(59) Using 8 workers of 8 for evacuation
[2025-08-22T14:47:01.388+0000][175][debug][gc,age      ] GC(59) Desired survivor size 81788928 bytes, new threshold 15 (max threshold 15)
[2025-08-22T14:47:01.397+0000][175][info ][gc,phases   ] GC(59)   Pre Evacuate Collection Set: 0.2ms
[2025-08-22T14:47:01.397+0000][175][info ][gc,phases   ] GC(59)   Merge Heap Roots: 0.1ms
[2025-08-22T14:47:01.397+0000][175][info ][gc,phases   ] GC(59)   Evacuate Collection Set: 7.2ms
[2025-08-22T14:47:01.397+0000][175][info ][gc,phases   ] GC(59)   Post Evacuate Collection Set: 0.8ms
[2025-08-22T14:47:01.397+0000][175][info ][gc,phases   ] GC(59)   Other: 0.1ms
[2025-08-22T14:47:01.397+0000][175][trace][gc,age      ] GC(59) Age table with threshold 15 (max threshold 15)
[2025-08-22T14:47:01.397+0000][175][trace][gc,age      ] GC(59) - age   1:   27387032 bytes,   27387032 total
[2025-08-22T14:47:01.397+0000][175][trace][gc,age      ] GC(59) - age   2:    4591608 bytes,   31978640 total
[2025-08-22T14:47:01.397+0000][175][trace][gc,age      ] GC(59) - age   3:    1700328 bytes,   33678968 total
[2025-08-22T14:47:01.397+0000][175][trace][gc,age      ] GC(59) - age   4:    1677192 bytes,   35356160 total
[2025-08-22T14:47:01.397+0000][175][trace][gc,age      ] GC(59) - age   5:    1399072 bytes,   36755232 total
[2025-08-22T14:47:01.397+0000][175][trace][gc,age      ] GC(59) - age   6:     283520 bytes,   37038752 total
[2025-08-22T14:47:01.397+0000][175][trace][gc,age      ] GC(59) - age   7:     547216 bytes,   37585968 total
[2025-08-22T14:47:01.397+0000][175][trace][gc,age      ] GC(59) - age   8:     472448 bytes,   38058416 total
[2025-08-22T14:47:01.397+0000][175][trace][gc,age      ] GC(59) - age   9:     317296 bytes,   38375712 total
[2025-08-22T14:47:01.397+0000][175][trace][gc,age      ] GC(59) - age  10:     425208 bytes,   38800920 total
[2025-08-22T14:47:01.397+0000][175][trace][gc,age      ] GC(59) - age  11:        256 bytes,   38801176 total
[2025-08-22T14:47:01.397+0000][175][trace][gc,age      ] GC(59) - age  12:       1536 bytes,   38802712 total
[2025-08-22T14:47:01.397+0000][175][trace][gc,age      ] GC(59) - age  13:     398184 bytes,   39200896 total
[2025-08-22T14:47:01.397+0000][175][trace][gc,age      ] GC(59) - age  14:     302368 bytes,   39503264 total
[2025-08-22T14:47:01.397+0000][175][info ][gc,heap     ] GC(59) Eden regions: 294->0(296)
[2025-08-22T14:47:01.397+0000][175][info ][gc,heap     ] GC(59) Survivor regions: 13->11(39)
[2025-08-22T14:47:01.397+0000][175][info ][gc,heap     ] GC(59) Old regions: 51->51
[2025-08-22T14:47:01.397+0000][175][info ][gc,heap     ] GC(59) Humongous regions: 2->2
[2025-08-22T14:47:01.397+0000][175][info ][gc,metaspace] GC(59) Metaspace: 154612K(158400K)->154612K(158400K) NonClass: 134091K(136064K)->134091K(136064K) Class: 20520K(22336K)->20520K(22336K)
[2025-08-22T14:47:01.397+0000][175][info ][gc          ] GC(59) Pause Young (Normal) (G1 Evacuation Pause) 1436M->252M(2048M) 8.488ms
[2025-08-22T14:47:01.397+0000][175][info ][gc,cpu      ] GC(59) User=0.05s Sys=0.00s Real=0.01s
[2025-08-22T14:47:01.397+0000][175][info ][safepoint   ] Safepoint "G1CollectForAllocation", Time since last: 600753407 ns, Reaching safepoint: 91387 ns, Cleanup: 12154 ns, At safepoint: 8582503 ns, Total: 8686044 ns
[2025-08-22T14:47:04.109+0000][175][info ][safepoint   ] Safepoint "Cleanup", Time since last: 2712057523 ns, Reaching safepoint: 97265 ns, Cleanup: 15120 ns, At safepoint: 5942 ns, Total: 118327 ns
[2025-08-22T14:47:07.742+0000][175][info ][safepoint   ] Safepoint "Cleanup", Time since last: 3632647134 ns, Reaching safepoint: 7464 ns, Cleanup: 8389 ns, At safepoint: 5580 ns, Total: 21433 ns
[2025-08-22T14:47:08.750+0000][175][info ][safepoint   ] Safepoint "Cleanup", Time since last: 1008088047 ns, Reaching safepoint: 20933 ns, Cleanup: 15507 ns, At safepoint: 2590 ns, Total: 39030 ns
[2025-08-22T14:47:12.594+0000][175][info ][safepoint   ] Safepoint "Cleanup", Time since last: 3843895181 ns, Reaching safepoint: 8071 ns, Cleanup: 7714 ns, At safepoint: 3237 ns, Total: 19022 ns
[2025-08-22T14:47:13.620+0000][175][info ][safepoint   ] Safepoint "Cleanup", Time since last: 1025849114 ns, Reaching safepoint: 24660 ns, Cleanup: 15872 ns, At safepoint: 2294 ns, Total: 42826 ns
[2025-08-22T14:47:14.740+0000][175][info ][safepoint   ] Safepoint "Cleanup", Time since last: 1120560929 ns, Reaching safepoint: 22813 ns, Cleanup: 14122 ns, At safepoint: 2740 ns, Total: 39675 ns
[2025-08-22T14:47:17.871+0000][175][info ][safepoint   ] Safepoint "Cleanup", Time since last: 3130928280 ns, Reaching safepoint: 8038 ns, Cleanup: 8556 ns, At safepoint: 3279 ns, Total: 19873 ns
[2025-08-22T14:47:19.731+0000][175][info ][safepoint   ] Safepoint "Cleanup", Time since last: 1859798857 ns, Reaching safepoint: 8833 ns, Cleanup: 9163 ns, At safepoint: 3353 ns, Total: 21349 ns
[2025-08-22T14:47:20.765+0000][175][info ][safepoint   ] Safepoint "Cleanup", Time since last: 1034368265 ns, Reaching safepoint: 7740 ns, Cleanup: 12001 ns, At safepoint: 3693 ns, Total: 23434 ns
[2025-08-22T14:47:23.478+0000][175][info ][safepoint   ] Safepoint "Cleanup", Time since last: 2712650101 ns, Reaching safepoint: 44391 ns, Cleanup: 12810 ns, At safepoint: 2689 ns, Total: 59890 ns
[2025-08-22T14:47:28.775+0000][175][info ][safepoint   ] Safepoint "Cleanup", Time since last: 5296523819 ns, Reaching safepoint: 18278 ns, Cleanup: 10315 ns, At safepoint: 2564 ns, Total: 31157 ns
[2025-08-22T14:47:32.738+0000][175][info ][safepoint   ] Safepoint "Cleanup", Time since last: 3963315838 ns, Reaching safepoint: 20291 ns, Cleanup: 17450 ns, At safepoint: 4806 ns, Total: 42547 ns
[2025-08-22T14:47:37.742+0000][175][info ][safepoint   ] Safepoint "Cleanup", Time since last: 5004211053 ns, Reaching safepoint: 7482 ns, Cleanup: 6648 ns, At safepoint: 5091 ns, Total: 19221 ns
[2025-08-22T14:47:38.787+0000][175][info ][safepoint   ] Safepoint "Cleanup", Time since last: 1044522421 ns, Reaching safepoint: 20390 ns, Cleanup: 20000 ns, At safepoint: 3562 ns, Total: 43952 ns
[2025-08-22T14:47:39.792+0000][175][info ][safepoint   ] Safepoint "Cleanup", Time since last: 1005416375 ns, Reaching safepoint: 19678 ns, Cleanup: 17028 ns, At safepoint: 2656 ns, Total: 39362 ns
[2025-08-22T14:47:42.923+0000][175][info ][safepoint   ] Safepoint "Cleanup", Time since last: 3130594013 ns, Reaching safepoint: 23075 ns, Cleanup: 20685 ns, At safepoint: 2979 ns, Total: 46739 ns
[2025-08-22T14:47:49.733+0000][175][info ][safepoint   ] Safepoint "Cleanup", Time since last: 6809619517 ns, Reaching safepoint: 8084 ns, Cleanup: 7447 ns, At safepoint: 3385 ns, Total: 18916 ns
[2025-08-22T14:47:50.026+0000][175][info ][gc,start    ] GC(60) Pause Young (Normal) (G1 Evacuation Pause)
[2025-08-22T14:47:50.026+0000][175][info ][gc,task     ] GC(60) Using 8 workers of 8 for evacuation
[2025-08-22T14:47:50.026+0000][175][debug][gc,age      ] GC(60) Desired survivor size 81788928 bytes, new threshold 15 (max threshold 15)
[2025-08-22T14:47:50.036+0000][175][info ][gc,phases   ] GC(60)   Pre Evacuate Collection Set: 0.2ms
[2025-08-22T14:47:50.036+0000][175][info ][gc,phases   ] GC(60)   Merge Heap Roots: 0.1ms
[2025-08-22T14:47:50.036+0000][175][info ][gc,phases   ] GC(60)   Evacuate Collection Set: 8.6ms
[2025-08-22T14:47:50.036+0000][175][info ][gc,phases   ] GC(60)   Post Evacuate Collection Set: 0.8ms
[2025-08-22T14:47:50.036+0000][175][info ][gc,phases   ] GC(60)   Other: 0.1ms
[2025-08-22T14:47:50.036+0000][175][trace][gc,age      ] GC(60) Age table with threshold 15 (max threshold 15)
[2025-08-22T14:47:50.036+0000][175][trace][gc,age      ] GC(60) - age   1:   26922200 bytes,   26922200 total
[2025-08-22T14:47:50.036+0000][175][trace][gc,age      ] GC(60) - age   2:   19716376 bytes,   46638576 total
[2025-08-22T14:47:50.036+0000][175][trace][gc,age      ] GC(60) - age   3:    4568032 bytes,   51206608 total
[2025-08-22T14:47:50.036+0000][175][trace][gc,age      ] GC(60) - age   4:    1698576 bytes,   52905184 total
[2025-08-22T14:47:50.036+0000][175][trace][gc,age      ] GC(60) - age   5:    1676104 bytes,   54581288 total
[2025-08-22T14:47:50.036+0000][175][trace][gc,age      ] GC(60) - age   6:    1399024 bytes,   55980312 total
[2025-08-22T14:47:50.036+0000][175][trace][gc,age      ] GC(60) - age   7:     281792 bytes,   56262104 total
[2025-08-22T14:47:50.036+0000][175][trace][gc,age      ] GC(60) - age   8:     545056 bytes,   56807160 total
[2025-08-22T14:47:50.036+0000][175][trace][gc,age      ] GC(60) - age   9:     470848 bytes,   57278008 total
[2025-08-22T14:47:50.036+0000][175][trace][gc,age      ] GC(60) - age  10:     317080 bytes,   57595088 total
[2025-08-22T14:47:50.036+0000][175][trace][gc,age      ] GC(60) - age  11:     423976 bytes,   58019064 total
[2025-08-22T14:47:50.036+0000][175][trace][gc,age      ] GC(60) - age  12:        256 bytes,   58019320 total
[2025-08-22T14:47:50.036+0000][175][trace][gc,age      ] GC(60) - age  13:       1536 bytes,   58020856 total
[2025-08-22T14:47:50.036+0000][175][trace][gc,age      ] GC(60) - age  14:     397224 bytes,   58418080 total
[2025-08-22T14:47:50.036+0000][175][trace][gc,age      ] GC(60) - age  15:     301408 bytes,   58719488 total
[2025-08-22T14:47:50.036+0000][175][info ][gc,heap     ] GC(60) Eden regions: 296->0(292)
[2025-08-22T14:47:50.036+0000][175][info ][gc,heap     ] GC(60) Survivor regions: 11->15(39)
[2025-08-22T14:47:50.036+0000][175][info ][gc,heap     ] GC(60) Old regions: 51->51
[2025-08-22T14:47:50.036+0000][175][info ][gc,heap     ] GC(60) Humongous regions: 2->2
[2025-08-22T14:47:50.036+0000][175][info ][gc,metaspace] GC(60) Metaspace: 154631K(158464K)->154631K(158464K) NonClass: 134110K(136128K)->134110K(136128K) Class: 20520K(22336K)->20520K(22336K)
[2025-08-22T14:47:50.036+0000][175][info ][gc          ] GC(60) Pause Young (Normal) (G1 Evacuation Pause) 1436M->269M(2048M) 10.079ms
[2025-08-22T14:47:50.036+0000][175][info ][gc,cpu      ] GC(60) User=0.06s Sys=0.00s Real=0.01s
[2025-08-22T14:47:50.036+0000][175][info ][safepoint   ] Safepoint "G1CollectForAllocation", Time since last: 293054262 ns, Reaching safepoint: 28264 ns, Cleanup: 5060 ns, At safepoint: 10165858 ns, Total: 10199182 ns
[2025-08-22T14:48:00.865+0000][175][info ][safepoint   ] Safepoint "Cleanup", Time since last: 10829331408 ns, Reaching safepoint: 8260 ns, Cleanup: 5521 ns, At safepoint: 6021 ns, Total: 19802 ns
[2025-08-22T14:48:02.836+0000][175][info ][safepoint   ] Safepoint "Cleanup", Time since last: 1970663775 ns, Reaching safepoint: 23129 ns, Cleanup: 14565 ns, At safepoint: 2591 ns, Total: 40285 ns
[2025-08-22T14:48:04.845+0000][175][info ][safepoint   ] Safepoint "Cleanup", Time since last: 2008569193 ns, Reaching safepoint: 76713 ns, Cleanup: 7021 ns, At safepoint: 3953 ns, Total: 87687 ns
[2025-08-22T14:48:07.730+0000][175][info ][safepoint   ] Safepoint "Cleanup", Time since last: 2885830846 ns, Reaching safepoint: 11040 ns, Cleanup: 8670 ns, At safepoint: 4292 ns, Total: 24002 ns
[2025-08-22T14:48:17.499+0000][175][info ][safepoint   ] Safepoint "Cleanup", Time since last: 9768447494 ns, Reaching safepoint: 18530 ns, Cleanup: 18605 ns, At safepoint: 2656 ns, Total: 39791 ns
[2025-08-22T14:48:22.596+0000][175][info ][safepoint   ] Safepoint "Cleanup", Time since last: 5096900778 ns, Reaching safepoint: 13410 ns, Cleanup: 8355 ns, At safepoint: 5389 ns, Total: 27154 ns
[2025-08-22T14:48:23.620+0000][175][info ][safepoint   ] Safepoint "Cleanup", Time since last: 1024248046 ns, Reaching safepoint: 24996 ns, Cleanup: 16196 ns, At safepoint: 2878 ns, Total: 44070 ns
[2025-08-22T14:48:27.879+0000][175][info ][safepoint   ] Safepoint "Cleanup", Time since last: 4258989500 ns, Reaching safepoint: 18954 ns, Cleanup: 10963 ns, At safepoint: 2871 ns, Total: 32788 ns
[2025-08-22T14:48:31.048+0000][175][info ][safepoint   ] Safepoint "Cleanup", Time since last: 3168919718 ns, Reaching safepoint: 45889 ns, Cleanup: 15829 ns, At safepoint: 2660 ns, Total: 64378 ns
[2025-08-22T14:48:31.738+0000][175][info ][gc,start    ] GC(61) Pause Young (Normal) (G1 Evacuation Pause)
[2025-08-22T14:48:31.739+0000][175][info ][gc,task     ] GC(61) Using 8 workers of 8 for evacuation
[2025-08-22T14:48:31.739+0000][175][debug][gc,age      ] GC(61) Desired survivor size 81788928 bytes, new threshold 15 (max threshold 15)
[2025-08-22T14:48:31.747+0000][175][info ][gc,phases   ] GC(61)   Pre Evacuate Collection Set: 0.2ms
[2025-08-22T14:48:31.747+0000][175][info ][gc,phases   ] GC(61)   Merge Heap Roots: 0.1ms
[2025-08-22T14:48:31.747+0000][175][info ][gc,phases   ] GC(61)   Evacuate Collection Set: 7.7ms
[2025-08-22T14:48:31.747+0000][175][info ][gc,phases   ] GC(61)   Post Evacuate Collection Set: 0.7ms
[2025-08-22T14:48:31.747+0000][175][info ][gc,phases   ] GC(61)   Other: 0.1ms
[2025-08-22T14:48:31.747+0000][175][trace][gc,age      ] GC(61) Age table with threshold 15 (max threshold 15)
[2025-08-22T14:48:31.747+0000][175][trace][gc,age      ] GC(61) - age   1:   41384448 bytes,   41384448 total
[2025-08-22T14:48:31.747+0000][175][trace][gc,age      ] GC(61) - age   2:    1149296 bytes,   42533744 total
[2025-08-22T14:48:31.747+0000][175][trace][gc,age      ] GC(61) - age   3:    2162304 bytes,   44696048 total
[2025-08-22T14:48:31.747+0000][175][trace][gc,age      ] GC(61) - age   4:    1048144 bytes,   45744192 total
[2025-08-22T14:48:31.747+0000][175][trace][gc,age      ] GC(61) - age   5:    1431680 bytes,   47175872 total
[2025-08-22T14:48:31.747+0000][175][trace][gc,age      ] GC(61) - age   6:    1408224 bytes,   48584096 total
[2025-08-22T14:48:31.747+0000][175][trace][gc,age      ] GC(61) - age   7:    1397064 bytes,   49981160 total
[2025-08-22T14:48:31.747+0000][175][trace][gc,age      ] GC(61) - age   8:     280976 bytes,   50262136 total
[2025-08-22T14:48:31.747+0000][175][trace][gc,age      ] GC(61) - age   9:     279712 bytes,   50541848 total
[2025-08-22T14:48:31.747+0000][175][trace][gc,age      ] GC(61) - age  10:     113512 bytes,   50655360 total
[2025-08-22T14:48:31.747+0000][175][trace][gc,age      ] GC(61) - age  11:     316984 bytes,   50972344 total
[2025-08-22T14:48:31.747+0000][175][trace][gc,age      ] GC(61) - age  12:     157112 bytes,   51129456 total
[2025-08-22T14:48:31.747+0000][175][trace][gc,age      ] GC(61) - age  13:        256 bytes,   51129712 total
[2025-08-22T14:48:31.747+0000][175][trace][gc,age      ] GC(61) - age  14:       1408 bytes,   51131120 total
[2025-08-22T14:48:31.747+0000][175][trace][gc,age      ] GC(61) - age  15:      31328 bytes,   51162448 total
[2025-08-22T14:48:31.747+0000][175][info ][gc,heap     ] GC(61) Eden regions: 292->0(294)
[2025-08-22T14:48:31.747+0000][175][info ][gc,heap     ] GC(61) Survivor regions: 15->13(39)
[2025-08-22T14:48:31.747+0000][175][info ][gc,heap     ] GC(61) Old regions: 51->51
[2025-08-22T14:48:31.747+0000][175][info ][gc,heap     ] GC(61) Humongous regions: 2->2
[2025-08-22T14:48:31.747+0000][175][info ][gc,metaspace] GC(61) Metaspace: 154644K(158464K)->154644K(158464K) NonClass: 134124K(136128K)->134124K(136128K) Class: 20520K(22336K)->20520K(22336K)
[2025-08-22T14:48:31.747+0000][175][info ][gc          ] GC(61) Pause Young (Normal) (G1 Evacuation Pause) 1437M->261M(2048M) 8.862ms
[2025-08-22T14:48:31.747+0000][175][info ][gc,cpu      ] GC(61) User=0.04s Sys=0.00s Real=0.01s
[2025-08-22T14:48:31.747+0000][175][info ][safepoint   ] Safepoint "G1CollectForAllocation", Time since last: 690261922 ns, Reaching safepoint: 10418 ns, Cleanup: 3430 ns, At safepoint: 8942169 ns, Total: 8956017 ns
[2025-08-22T14:48:39.900+0000][175][info ][safepoint   ] Safepoint "Cleanup", Time since last: 8152131962 ns, Reaching safepoint: 20908 ns, Cleanup: 14412 ns, At safepoint: 2602 ns, Total: 37922 ns
[2025-08-22T14:48:41.066+0000][175][info ][safepoint   ] Safepoint "Cleanup", Time since last: 1165923925 ns, Reaching safepoint: 20021 ns, Cleanup: 11584 ns, At safepoint: 2500 ns, Total: 34105 ns
[2025-08-22T14:48:43.066+0000][175][info ][safepoint   ] Safepoint "Cleanup", Time since last: 2000179182 ns, Reaching safepoint: 21780 ns, Cleanup: 14973 ns, At safepoint: 2938 ns, Total: 39691 ns
[2025-08-22T14:48:53.084+0000][175][info ][safepoint   ] Safepoint "Cleanup", Time since last: 10018336958 ns, Reaching safepoint: 22791 ns, Cleanup: 19866 ns, At safepoint: 2686 ns, Total: 45343 ns
[2025-08-22T14:49:00.100+0000][175][info ][safepoint   ] Safepoint "Cleanup", Time since last: 7016093618 ns, Reaching safepoint: 11182 ns, Cleanup: 8534 ns, At safepoint: 4785 ns, Total: 24501 ns
[2025-08-22T14:49:01.104+0000][175][info ][safepoint   ] Safepoint "Cleanup", Time since last: 1003819635 ns, Reaching safepoint: 8525 ns, Cleanup: 9550 ns, At safepoint: 6020 ns, Total: 24095 ns
[2025-08-22T14:49:02.939+0000][175][info ][safepoint   ] Safepoint "Cleanup", Time since last: 1834511306 ns, Reaching safepoint: 7454 ns, Cleanup: 23707 ns, At safepoint: 4494 ns, Total: 35655 ns
[2025-08-22T14:49:07.732+0000][175][info ][safepoint   ] Safepoint "Cleanup", Time since last: 4793296391 ns, Reaching safepoint: 7583 ns, Cleanup: 8087 ns, At safepoint: 3446 ns, Total: 19116 ns
[2025-08-22T14:49:13.120+0000][175][info ][safepoint   ] Safepoint "Cleanup", Time since last: 5387936223 ns, Reaching safepoint: 21398 ns, Cleanup: 28433 ns, At safepoint: 3053 ns, Total: 52884 ns
[2025-08-22T14:49:14.951+0000][175][info ][safepoint   ] Safepoint "Cleanup", Time since last: 1831263104 ns, Reaching safepoint: 23514 ns, Cleanup: 37974 ns, At safepoint: 2807 ns, Total: 64295 ns
[2025-08-22T14:49:16.129+0000][175][info ][safepoint   ] Safepoint "Cleanup", Time since last: 1177528548 ns, Reaching safepoint: 18935 ns, Cleanup: 17035 ns, At safepoint: 3053 ns, Total: 39023 ns
[2025-08-22T14:49:22.570+0000][175][info ][gc,start    ] GC(62) Pause Young (Normal) (G1 Evacuation Pause)
[2025-08-22T14:49:22.570+0000][175][info ][gc,task     ] GC(62) Using 8 workers of 8 for evacuation
[2025-08-22T14:49:22.570+0000][175][debug][gc,age      ] GC(62) Desired survivor size 81788928 bytes, new threshold 15 (max threshold 15)
[2025-08-22T14:49:22.580+0000][175][info ][gc,phases   ] GC(62)   Pre Evacuate Collection Set: 0.2ms
[2025-08-22T14:49:22.580+0000][175][info ][gc,phases   ] GC(62)   Merge Heap Roots: 0.1ms
[2025-08-22T14:49:22.580+0000][175][info ][gc,phases   ] GC(62)   Evacuate Collection Set: 8.2ms
[2025-08-22T14:49:22.580+0000][175][info ][gc,phases   ] GC(62)   Post Evacuate Collection Set: 0.8ms
[2025-08-22T14:49:22.580+0000][175][info ][gc,phases   ] GC(62)   Other: 0.1ms
[2025-08-22T14:49:22.580+0000][175][trace][gc,age      ] GC(62) Age table with threshold 15 (max threshold 15)
[2025-08-22T14:49:22.580+0000][175][trace][gc,age      ] GC(62) - age   1:   43435336 bytes,   43435336 total
[2025-08-22T14:49:22.580+0000][175][trace][gc,age      ] GC(62) - age   2:    6132888 bytes,   49568224 total
[2025-08-22T14:49:22.580+0000][175][trace][gc,age      ] GC(62) - age   3:     954360 bytes,   50522584 total
[2025-08-22T14:49:22.580+0000][175][trace][gc,age      ] GC(62) - age   4:    2037336 bytes,   52559920 total
[2025-08-22T14:49:22.580+0000][175][trace][gc,age      ] GC(62) - age   5:    1048024 bytes,   53607944 total
[2025-08-22T14:49:22.580+0000][175][trace][gc,age      ] GC(62) - age   6:    1431456 bytes,   55039400 total
[2025-08-22T14:49:22.580+0000][175][trace][gc,age      ] GC(62) - age   7:    1407496 bytes,   56446896 total
[2025-08-22T14:49:22.580+0000][175][trace][gc,age      ] GC(62) - age   8:    1394976 bytes,   57841872 total
[2025-08-22T14:49:22.580+0000][175][trace][gc,age      ] GC(62) - age   9:     280456 bytes,   58122328 total
[2025-08-22T14:49:22.580+0000][175][trace][gc,age      ] GC(62) - age  10:     279712 bytes,   58402040 total
[2025-08-22T14:49:22.580+0000][175][trace][gc,age      ] GC(62) - age  11:     113328 bytes,   58515368 total
[2025-08-22T14:49:22.580+0000][175][trace][gc,age      ] GC(62) - age  12:     316688 bytes,   58832056 total
[2025-08-22T14:49:22.580+0000][175][trace][gc,age      ] GC(62) - age  13:     156968 bytes,   58989024 total
[2025-08-22T14:49:22.580+0000][175][trace][gc,age      ] GC(62) - age  14:        256 bytes,   58989280 total
[2025-08-22T14:49:22.580+0000][175][trace][gc,age      ] GC(62) - age  15:       1408 bytes,   58990688 total
[2025-08-22T14:49:22.580+0000][175][info ][gc,heap     ] GC(62) Eden regions: 294->0(291)
[2025-08-22T14:49:22.580+0000][175][info ][gc,heap     ] GC(62) Survivor regions: 13->16(39)
[2025-08-22T14:49:22.580+0000][175][info ][gc,heap     ] GC(62) Old regions: 51->51
[2025-08-22T14:49:22.580+0000][175][info ][gc,heap     ] GC(62) Humongous regions: 2->2
[2025-08-22T14:49:22.580+0000][175][info ][gc,metaspace] GC(62) Metaspace: 154720K(158528K)->154720K(158528K) NonClass: 134199K(136192K)->134199K(136192K) Class: 20520K(22336K)->20520K(22336K)
[2025-08-22T14:49:22.580+0000][175][info ][gc          ] GC(62) Pause Young (Normal) (G1 Evacuation Pause) 1437M->269M(2048M) 9.609ms
[2025-08-22T14:49:22.580+0000][175][info ][gc,cpu      ] GC(62) User=0.06s Sys=0.00s Real=0.01s
[2025-08-22T14:49:22.580+0000][175][info ][safepoint   ] Safepoint "G1CollectForAllocation", Time since last: 6441336388 ns, Reaching safepoint: 18140 ns, Cleanup: 3271 ns, At safepoint: 9688908 ns, Total: 9710319 ns
[2025-08-22T14:49:27.965+0000][175][info ][safepoint   ] Safepoint "Cleanup", Time since last: 5384749200 ns, Reaching safepoint: 38399 ns, Cleanup: 18593 ns, At safepoint: 3077 ns, Total: 60069 ns
[2025-08-22T14:49:35.811+0000][175][info ][safepoint   ] Safepoint "Cleanup", Time since last: 7845799272 ns, Reaching safepoint: 147668 ns, Cleanup: 41080 ns, At safepoint: 6148 ns, Total: 194896 ns
[2025-08-22T14:49:37.334+0000][175][info ][safepoint   ] Safepoint "Cleanup", Time since last: 1522767704 ns, Reaching safepoint: 7186 ns, Cleanup: 66849 ns, At safepoint: 2927 ns, Total: 76962 ns
[2025-08-22T14:49:37.814+0000][175][info ][gc,heap,exit] Heap
[2025-08-22T14:49:37.814+0000][175][info ][gc,heap,exit]  garbage-first heap   total 2097152K, used 633790K [0x0000000080000000, 0x0000000100000000)
[2025-08-22T14:49:37.814+0000][175][info ][gc,heap,exit]   region size 4096K, 104 young (425984K), 16 survivors (65536K)
[2025-08-22T14:49:37.814+0000][175][info ][gc,heap,exit]  Metaspace       used 155074K, committed 158848K, reserved 1245184K
[2025-08-22T14:49:37.814+0000][175][info ][gc,heap,exit]   class space    used 20592K, committed 22336K, reserved 1048576K
