[2025-08-22T13:51:55.200+0000][175][info][gc,init] CardTable entry size: 512
[2025-08-22T13:51:55.204+0000][175][info][gc     ] Using G1
[2025-08-22T13:51:55.347+0000][175][info][gc,init] Version: 21.0.1+12-29 (release)
[2025-08-22T13:51:55.347+0000][175][info][gc,init] CPUs: 8 total, 8 available
[2025-08-22T13:51:55.347+0000][175][info][gc,init] Memory: 32281M
[2025-08-22T13:51:55.347+0000][175][info][gc,init] Large Page Support: Disabled
[2025-08-22T13:51:55.347+0000][175][info][gc,init] NUMA Support: Disabled
[2025-08-22T13:51:55.348+0000][175][info][gc,init] Compressed Oops: Enabled (32-bit)
[2025-08-22T13:51:55.348+0000][175][info][gc,init] Heap Region Size: 4M
[2025-08-22T13:51:55.348+0000][175][info][gc,init] Heap Min Capacity: 2G
[2025-08-22T13:51:55.348+0000][175][info][gc,init] Heap Initial Capacity: 2G
[2025-08-22T13:51:55.348+0000][175][info][gc,init] Heap Max Capacity: 2G
[2025-08-22T13:51:55.348+0000][175][info][gc,init] Pre-touch: Enabled
[2025-08-22T13:51:55.348+0000][175][info][gc,init] Parallel Workers: 8
[2025-08-22T13:51:55.348+0000][175][info][gc,init] Concurrent Workers: 2
[2025-08-22T13:51:55.348+0000][175][info][gc,init] Concurrent Refinement Workers: 8
[2025-08-22T13:51:55.348+0000][175][info][gc,init] Periodic GC: Disabled
[2025-08-22T13:51:55.354+0000][175][info][gc,metaspace] CDS archive(s) mapped at: [0x00007c7a8f000000-0x00007c7a8fca5000-0x00007c7a8fca5000), size 13258752, SharedBaseAddress: 0x00007c7a8f000000, ArchiveRelocationMode: 1.
[2025-08-22T13:51:55.354+0000][175][info][gc,metaspace] Compressed class space mapped at: 0x00007c7a90000000-0x00007c7ad0000000, reserved size: 1073741824
[2025-08-22T13:51:55.354+0000][175][info][gc,metaspace] Narrow klass base: 0x00007c7a8f000000, Narrow klass shift: 0, Narrow klass range: 0x100000000
[2025-08-22T13:51:55.506+0000][175][info][safepoint   ] Safepoint "ICBufferFull", Time since last: 146664363 ns, Reaching safepoint: 3271 ns, Cleanup: 90288 ns, At safepoint: 1599 ns, Total: 95158 ns
[2025-08-22T13:51:55.706+0000][175][info][safepoint   ] Safepoint "ICBufferFull", Time since last: 199412165 ns, Reaching safepoint: 69220 ns, Cleanup: 102714 ns, At safepoint: 1232 ns, Total: 173166 ns
[2025-08-22T13:51:55.892+0000][175][info][safepoint   ] Safepoint "ICBufferFull", Time since last: 185955361 ns, Reaching safepoint: 90640 ns, Cleanup: 117121 ns, At safepoint: 5224 ns, Total: 212985 ns
[2025-08-22T13:51:56.296+0000][175][info][safepoint   ] Safepoint "ICBufferFull", Time since last: 404413491 ns, Reaching safepoint: 4150 ns, Cleanup: 131521 ns, At safepoint: 1568 ns, Total: 137239 ns
[2025-08-22T13:51:56.463+0000][175][info][gc,start    ] GC(0) Pause Young (Normal) (G1 Evacuation Pause)
[2025-08-22T13:51:56.463+0000][175][info][gc,task     ] GC(0) Using 8 workers of 8 for evacuation
[2025-08-22T13:51:56.463+0000][175][debug][gc,age      ] GC(0) Desired survivor size 8388608 bytes, new threshold 15 (max threshold 15)
[2025-08-22T13:51:56.467+0000][175][info ][gc,phases   ] GC(0)   Pre Evacuate Collection Set: 0.1ms
[2025-08-22T13:51:56.467+0000][175][info ][gc,phases   ] GC(0)   Merge Heap Roots: 0.0ms
[2025-08-22T13:51:56.467+0000][175][info ][gc,phases   ] GC(0)   Evacuate Collection Set: 3.0ms
[2025-08-22T13:51:56.467+0000][175][info ][gc,phases   ] GC(0)   Post Evacuate Collection Set: 0.7ms
[2025-08-22T13:51:56.467+0000][175][info ][gc,phases   ] GC(0)   Other: 0.1ms
[2025-08-22T13:51:56.467+0000][175][trace][gc,age      ] GC(0) Age table with threshold 15 (max threshold 15)
[2025-08-22T13:51:56.467+0000][175][trace][gc,age      ] GC(0) - age   1:    8564632 bytes,    8564632 total
[2025-08-22T13:51:56.467+0000][175][info ][gc,heap     ] GC(0) Eden regions: 25->0(22)
[2025-08-22T13:51:56.467+0000][175][info ][gc,heap     ] GC(0) Survivor regions: 0->3(4)
[2025-08-22T13:51:56.467+0000][175][info ][gc,heap     ] GC(0) Old regions: 1->1
[2025-08-22T13:51:56.467+0000][175][info ][gc,heap     ] GC(0) Humongous regions: 0->0
[2025-08-22T13:51:56.467+0000][175][info ][gc,metaspace] GC(0) Metaspace: 17952K(18432K)->17952K(18432K) NonClass: 15983K(16256K)->15983K(16256K) Class: 1969K(2176K)->1969K(2176K)
[2025-08-22T13:51:56.467+0000][175][info ][gc          ] GC(0) Pause Young (Normal) (G1 Evacuation Pause) 101M->9M(2048M) 4.113ms
[2025-08-22T13:51:56.468+0000][175][info ][gc,cpu      ] GC(0) User=0.03s Sys=0.00s Real=0.01s
[2025-08-22T13:51:56.468+0000][175][info ][safepoint   ] Safepoint "G1CollectForAllocation", Time since last: 166756435 ns, Reaching safepoint: 5445 ns, Cleanup: 113938 ns, At safepoint: 4172859 ns, Total: 4292242 ns
[2025-08-22T13:51:56.760+0000][175][info ][safepoint   ] Safepoint "ICBufferFull", Time since last: 291909179 ns, Reaching safepoint: 5895 ns, Cleanup: 145420 ns, At safepoint: 4512 ns, Total: 155827 ns
[2025-08-22T13:51:56.878+0000][175][info ][gc,start    ] GC(1) Pause Young (Normal) (G1 Evacuation Pause)
[2025-08-22T13:51:56.878+0000][175][info ][gc,task     ] GC(1) Using 8 workers of 8 for evacuation
[2025-08-22T13:51:56.878+0000][175][debug][gc,age      ] GC(1) Desired survivor size 8388608 bytes, new threshold 1 (max threshold 15)
[2025-08-22T13:51:56.883+0000][175][info ][gc,phases   ] GC(1)   Pre Evacuate Collection Set: 0.1ms
[2025-08-22T13:51:56.883+0000][175][info ][gc,phases   ] GC(1)   Merge Heap Roots: 0.0ms
[2025-08-22T13:51:56.883+0000][175][info ][gc,phases   ] GC(1)   Evacuate Collection Set: 4.2ms
[2025-08-22T13:51:56.883+0000][175][info ][gc,phases   ] GC(1)   Post Evacuate Collection Set: 0.4ms
[2025-08-22T13:51:56.883+0000][175][info ][gc,phases   ] GC(1)   Other: 0.1ms
[2025-08-22T13:51:56.883+0000][175][trace][gc,age      ] GC(1) Age table with threshold 1 (max threshold 15)
[2025-08-22T13:51:56.883+0000][175][trace][gc,age      ] GC(1) - age   1:    3671840 bytes,    3671840 total
[2025-08-22T13:51:56.883+0000][175][info ][gc,heap     ] GC(1) Eden regions: 22->0(55)
[2025-08-22T13:51:56.883+0000][175][info ][gc,heap     ] GC(1) Survivor regions: 3->1(4)
[2025-08-22T13:51:56.883+0000][175][info ][gc,heap     ] GC(1) Old regions: 1->3
[2025-08-22T13:51:56.883+0000][175][info ][gc,heap     ] GC(1) Humongous regions: 0->0
[2025-08-22T13:51:56.883+0000][175][info ][gc,metaspace] GC(1) Metaspace: 19981K(20416K)->19981K(20416K) NonClass: 17814K(18048K)->17814K(18048K) Class: 2166K(2368K)->2166K(2368K)
[2025-08-22T13:51:56.883+0000][175][info ][gc          ] GC(1) Pause Young (Normal) (G1 Evacuation Pause) 97M->12M(2048M) 5.023ms
[2025-08-22T13:51:56.883+0000][175][info ][gc,cpu      ] GC(1) User=0.03s Sys=0.00s Real=0.00s
[2025-08-22T13:51:56.883+0000][175][info ][safepoint   ] Safepoint "G1CollectForAllocation", Time since last: 118412662 ns, Reaching safepoint: 6043 ns, Cleanup: 79325 ns, At safepoint: 5066130 ns, Total: 5151498 ns
[2025-08-22T13:51:57.045+0000][175][info ][gc,start    ] GC(2) Pause Young (Concurrent Start) (Metadata GC Threshold)
[2025-08-22T13:51:57.045+0000][175][info ][gc,task     ] GC(2) Using 8 workers of 8 for evacuation
[2025-08-22T13:51:57.045+0000][175][debug][gc,age      ] GC(2) Desired survivor size 14680064 bytes, new threshold 15 (max threshold 15)
[2025-08-22T13:51:57.046+0000][175][info ][gc,phases   ] GC(2)   Pre Evacuate Collection Set: 0.2ms
[2025-08-22T13:51:57.046+0000][175][info ][gc,phases   ] GC(2)   Merge Heap Roots: 0.0ms
[2025-08-22T13:51:57.046+0000][175][info ][gc,phases   ] GC(2)   Evacuate Collection Set: 1.1ms
[2025-08-22T13:51:57.047+0000][175][info ][gc,phases   ] GC(2)   Post Evacuate Collection Set: 0.3ms
[2025-08-22T13:51:57.047+0000][175][info ][gc,phases   ] GC(2)   Other: 0.1ms
[2025-08-22T13:51:57.047+0000][175][trace][gc,age      ] GC(2) Age table with threshold 15 (max threshold 15)
[2025-08-22T13:51:57.047+0000][175][trace][gc,age      ] GC(2) - age   1:    2172248 bytes,    2172248 total
[2025-08-22T13:51:57.047+0000][175][trace][gc,age      ] GC(2) - age   2:    1532384 bytes,    3704632 total
[2025-08-22T13:51:57.047+0000][175][info ][gc,heap     ] GC(2) Eden regions: 27->0(306)
[2025-08-22T13:51:57.047+0000][175][info ][gc,heap     ] GC(2) Survivor regions: 1->1(7)
[2025-08-22T13:51:57.047+0000][175][info ][gc,heap     ] GC(2) Old regions: 3->3
[2025-08-22T13:51:57.047+0000][175][info ][gc,heap     ] GC(2) Humongous regions: 0->0
[2025-08-22T13:51:57.047+0000][175][info ][gc,metaspace] GC(2) Metaspace: 21006K(21504K)->21006K(21504K) NonClass: 18760K(19008K)->18760K(19008K) Class: 2245K(2496K)->2245K(2496K)
[2025-08-22T13:51:57.047+0000][175][info ][gc          ] GC(2) Pause Young (Concurrent Start) (Metadata GC Threshold) 118M->12M(2048M) 1.866ms
[2025-08-22T13:51:57.047+0000][175][info ][gc,cpu      ] GC(2) User=0.01s Sys=0.00s Real=0.01s
[2025-08-22T13:51:57.047+0000][175][info ][gc          ] GC(3) Concurrent Mark Cycle
[2025-08-22T13:51:57.047+0000][175][info ][gc,marking  ] GC(3) Concurrent Scan Root Regions
[2025-08-22T13:51:57.047+0000][175][info ][safepoint   ] Safepoint "CollectForMetadataAllocation", Time since last: 161425935 ns, Reaching safepoint: 5145 ns, Cleanup: 119802 ns, At safepoint: 1963732 ns, Total: 2088679 ns
[2025-08-22T13:51:57.048+0000][175][info ][gc,marking  ] GC(3) Concurrent Scan Root Regions 1.271ms
[2025-08-22T13:51:57.048+0000][175][info ][gc,marking  ] GC(3) Concurrent Mark
[2025-08-22T13:51:57.048+0000][175][info ][gc,marking  ] GC(3) Concurrent Mark From Roots
[2025-08-22T13:51:57.048+0000][175][info ][gc,task     ] GC(3) Using 2 workers of 2 for marking
[2025-08-22T13:51:57.053+0000][175][info ][gc,marking  ] GC(3) Concurrent Mark From Roots 5.109ms
[2025-08-22T13:51:57.053+0000][175][info ][gc,marking  ] GC(3) Concurrent Preclean
[2025-08-22T13:51:57.053+0000][175][info ][gc,marking  ] GC(3) Concurrent Preclean 0.019ms
[2025-08-22T13:51:57.053+0000][175][info ][gc,start    ] GC(3) Pause Remark
[2025-08-22T13:51:57.056+0000][175][info ][gc          ] GC(3) Pause Remark 15M->15M(2048M) 3.151ms
[2025-08-22T13:51:57.056+0000][175][info ][gc,cpu      ] GC(3) User=0.02s Sys=0.00s Real=0.01s
[2025-08-22T13:51:57.056+0000][175][info ][safepoint   ] Safepoint "G1PauseRemark", Time since last: 6426927 ns, Reaching safepoint: 74901 ns, Cleanup: 2672 ns, At safepoint: 3216510 ns, Total: 3294083 ns
[2025-08-22T13:51:57.056+0000][175][info ][gc,marking  ] GC(3) Concurrent Mark 8.490ms
[2025-08-22T13:51:57.056+0000][175][info ][gc,marking  ] GC(3) Concurrent Rebuild Remembered Sets and Scrub Regions
[2025-08-22T13:51:57.060+0000][175][info ][gc,marking  ] GC(3) Concurrent Rebuild Remembered Sets and Scrub Regions 3.083ms
[2025-08-22T13:51:57.060+0000][175][info ][gc,start    ] GC(3) Pause Cleanup
[2025-08-22T13:51:57.060+0000][175][info ][gc          ] GC(3) Pause Cleanup 15M->15M(2048M) 0.107ms
[2025-08-22T13:51:57.060+0000][175][info ][gc,cpu      ] GC(3) User=0.00s Sys=0.00s Real=0.00s
[2025-08-22T13:51:57.060+0000][175][info ][safepoint   ] Safepoint "G1PauseCleanup", Time since last: 3150212 ns, Reaching safepoint: 78290 ns, Cleanup: 2587 ns, At safepoint: 144011 ns, Total: 224888 ns
[2025-08-22T13:51:57.060+0000][175][info ][gc,marking  ] GC(3) Concurrent Clear Claimed Marks
[2025-08-22T13:51:57.060+0000][175][info ][gc,marking  ] GC(3) Concurrent Clear Claimed Marks 0.017ms
[2025-08-22T13:51:57.060+0000][175][info ][gc,marking  ] GC(3) Concurrent Cleanup for Next Mark
[2025-08-22T13:51:57.062+0000][175][info ][gc,marking  ] GC(3) Concurrent Cleanup for Next Mark 1.885ms
[2025-08-22T13:51:57.062+0000][175][info ][gc          ] GC(3) Concurrent Mark Cycle 15.099ms
[2025-08-22T13:51:57.388+0000][175][info ][safepoint   ] Safepoint "ICBufferFull", Time since last: 328317844 ns, Reaching safepoint: 4189 ns, Cleanup: 156840 ns, At safepoint: 10856 ns, Total: 171885 ns
[2025-08-22T13:51:57.639+0000][175][info ][safepoint   ] Safepoint "ICBufferFull", Time since last: 250266605 ns, Reaching safepoint: 73524 ns, Cleanup: 122311 ns, At safepoint: 4806 ns, Total: 200641 ns
[2025-08-22T13:51:58.193+0000][175][info ][safepoint   ] Safepoint "ICBufferFull", Time since last: 554220603 ns, Reaching safepoint: 4767 ns, Cleanup: 151026 ns, At safepoint: 1764 ns, Total: 157557 ns
[2025-08-22T13:51:58.404+0000][175][info ][gc,start    ] GC(4) Pause Young (Prepare Mixed) (Metadata GC Threshold)
[2025-08-22T13:51:58.405+0000][175][info ][gc,task     ] GC(4) Using 8 workers of 8 for evacuation
[2025-08-22T13:51:58.405+0000][175][debug][gc,age      ] GC(4) Desired survivor size 81788928 bytes, new threshold 15 (max threshold 15)
[2025-08-22T13:51:58.409+0000][175][info ][gc,phases   ] GC(4)   Pre Evacuate Collection Set: 0.1ms
[2025-08-22T13:51:58.409+0000][175][info ][gc,phases   ] GC(4)   Merge Heap Roots: 0.1ms
[2025-08-22T13:51:58.409+0000][175][info ][gc,phases   ] GC(4)   Evacuate Collection Set: 3.5ms
[2025-08-22T13:51:58.409+0000][175][info ][gc,phases   ] GC(4)   Post Evacuate Collection Set: 0.6ms
[2025-08-22T13:51:58.409+0000][175][info ][gc,phases   ] GC(4)   Other: 0.1ms
[2025-08-22T13:51:58.409+0000][175][trace][gc,age      ] GC(4) Age table with threshold 15 (max threshold 15)
[2025-08-22T13:51:58.409+0000][175][trace][gc,age      ] GC(4) - age   1:   16681856 bytes,   16681856 total
[2025-08-22T13:51:58.409+0000][175][trace][gc,age      ] GC(4) - age   2:    2008528 bytes,   18690384 total
[2025-08-22T13:51:58.409+0000][175][trace][gc,age      ] GC(4) - age   3:    1531472 bytes,   20221856 total
[2025-08-22T13:51:58.409+0000][175][info ][gc,heap     ] GC(4) Eden regions: 216->0(189)
[2025-08-22T13:51:58.409+0000][175][info ][gc,heap     ] GC(4) Survivor regions: 1->6(39)
[2025-08-22T13:51:58.409+0000][175][info ][gc,heap     ] GC(4) Old regions: 3->3
[2025-08-22T13:51:58.409+0000][175][info ][gc,heap     ] GC(4) Humongous regions: 0->0
[2025-08-22T13:51:58.409+0000][175][info ][gc,metaspace] GC(4) Metaspace: 35476K(36160K)->35476K(36160K) NonClass: 31479K(31872K)->31479K(31872K) Class: 3996K(4288K)->3996K(4288K)
[2025-08-22T13:51:58.409+0000][175][info ][gc          ] GC(4) Pause Young (Prepare Mixed) (Metadata GC Threshold) 876M->28M(2048M) 4.623ms
[2025-08-22T13:51:58.409+0000][175][info ][gc,cpu      ] GC(4) User=0.03s Sys=0.00s Real=0.01s
[2025-08-22T13:51:58.409+0000][175][info ][safepoint   ] Safepoint "CollectForMetadataAllocation", Time since last: 211279729 ns, Reaching safepoint: 5035 ns, Cleanup: 64771 ns, At safepoint: 4763527 ns, Total: 4833333 ns
[2025-08-22T13:51:58.511+0000][175][info ][gc,start    ] GC(5) Pause Young (Mixed) (Metadata GC Threshold)
[2025-08-22T13:51:58.511+0000][175][info ][gc,task     ] GC(5) Using 8 workers of 8 for evacuation
[2025-08-22T13:51:58.511+0000][175][debug][gc,age      ] GC(5) Desired survivor size 52428800 bytes, new threshold 15 (max threshold 15)
[2025-08-22T13:51:58.516+0000][175][info ][gc,phases   ] GC(5)   Pre Evacuate Collection Set: 0.1ms
[2025-08-22T13:51:58.516+0000][175][info ][gc,phases   ] GC(5)   Merge Heap Roots: 0.1ms
[2025-08-22T13:51:58.516+0000][175][info ][gc,phases   ] GC(5)   Evacuate Collection Set: 4.8ms
[2025-08-22T13:51:58.516+0000][175][info ][gc,phases   ] GC(5)   Post Evacuate Collection Set: 0.5ms
[2025-08-22T13:51:58.516+0000][175][info ][gc,phases   ] GC(5)   Other: 0.0ms
[2025-08-22T13:51:58.516+0000][175][trace][gc,age      ] GC(5) Age table with threshold 15 (max threshold 15)
[2025-08-22T13:51:58.516+0000][175][trace][gc,age      ] GC(5) - age   1:     728664 bytes,     728664 total
[2025-08-22T13:51:58.516+0000][175][trace][gc,age      ] GC(5) - age   2:   16621216 bytes,   17349880 total
[2025-08-22T13:51:58.516+0000][175][trace][gc,age      ] GC(5) - age   3:    2008528 bytes,   19358408 total
[2025-08-22T13:51:58.516+0000][175][trace][gc,age      ] GC(5) - age   4:    1531472 bytes,   20889880 total
[2025-08-22T13:51:58.516+0000][175][info ][gc,heap     ] GC(5) Eden regions: 30->0(155)
[2025-08-22T13:51:58.516+0000][175][info ][gc,heap     ] GC(5) Survivor regions: 6->6(25)
[2025-08-22T13:51:58.516+0000][175][info ][gc,heap     ] GC(5) Old regions: 3->3
[2025-08-22T13:51:58.516+0000][175][info ][gc,heap     ] GC(5) Humongous regions: 0->0
[2025-08-22T13:51:58.516+0000][175][info ][gc,metaspace] GC(5) Metaspace: 35731K(36480K)->35731K(36480K) NonClass: 31701K(32128K)->31701K(32128K) Class: 4029K(4352K)->4029K(4352K)
[2025-08-22T13:51:58.516+0000][175][info ][gc          ] GC(5) Pause Young (Mixed) (Metadata GC Threshold) 146M->30M(2048M) 5.704ms
[2025-08-22T13:51:58.516+0000][175][info ][gc,cpu      ] GC(5) User=0.04s Sys=0.00s Real=0.01s
[2025-08-22T13:51:58.516+0000][175][info ][safepoint   ] Safepoint "CollectForMetadataAllocation", Time since last: 101282471 ns, Reaching safepoint: 3666 ns, Cleanup: 55165 ns, At safepoint: 5801346 ns, Total: 5860177 ns
[2025-08-22T13:51:58.544+0000][175][info ][gc,start    ] GC(6) Pause Young (Concurrent Start) (Metadata GC Threshold)
[2025-08-22T13:51:58.544+0000][175][info ][gc,task     ] GC(6) Using 8 workers of 8 for evacuation
[2025-08-22T13:51:58.544+0000][175][debug][gc,age      ] GC(6) Desired survivor size 44040192 bytes, new threshold 15 (max threshold 15)
[2025-08-22T13:51:58.548+0000][175][info ][gc,phases   ] GC(6)   Pre Evacuate Collection Set: 0.2ms
[2025-08-22T13:51:58.548+0000][175][info ][gc,phases   ] GC(6)   Merge Heap Roots: 0.0ms
[2025-08-22T13:51:58.548+0000][175][info ][gc,phases   ] GC(6)   Evacuate Collection Set: 3.5ms
[2025-08-22T13:51:58.548+0000][175][info ][gc,phases   ] GC(6)   Post Evacuate Collection Set: 0.4ms
[2025-08-22T13:51:58.548+0000][175][info ][gc,phases   ] GC(6)   Other: 0.1ms
[2025-08-22T13:51:58.548+0000][175][trace][gc,age      ] GC(6) Age table with threshold 15 (max threshold 15)
[2025-08-22T13:51:58.548+0000][175][trace][gc,age      ] GC(6) - age   1:     118400 bytes,     118400 total
[2025-08-22T13:51:58.548+0000][175][trace][gc,age      ] GC(6) - age   2:     698976 bytes,     817376 total
[2025-08-22T13:51:58.548+0000][175][trace][gc,age      ] GC(6) - age   3:   16621184 bytes,   17438560 total
[2025-08-22T13:51:58.548+0000][175][trace][gc,age      ] GC(6) - age   4:    2008528 bytes,   19447088 total
[2025-08-22T13:51:58.548+0000][175][trace][gc,age      ] GC(6) - age   5:    1531472 bytes,   20978560 total
[2025-08-22T13:51:58.548+0000][175][info ][gc,heap     ] GC(6) Eden regions: 6->0(301)
[2025-08-22T13:51:58.548+0000][175][info ][gc,heap     ] GC(6) Survivor regions: 6->6(21)
[2025-08-22T13:51:58.548+0000][175][info ][gc,heap     ] GC(6) Old regions: 3->3
[2025-08-22T13:51:58.548+0000][175][info ][gc,heap     ] GC(6) Humongous regions: 0->0
[2025-08-22T13:51:58.548+0000][175][info ][gc,metaspace] GC(6) Metaspace: 36015K(36800K)->36015K(36800K) NonClass: 31945K(32384K)->31945K(32384K) Class: 4069K(4416K)->4069K(4416K)
[2025-08-22T13:51:58.548+0000][175][info ][gc          ] GC(6) Pause Young (Concurrent Start) (Metadata GC Threshold) 52M->30M(2048M) 4.276ms
[2025-08-22T13:51:58.548+0000][175][info ][gc,cpu      ] GC(6) User=0.03s Sys=0.00s Real=0.01s
[2025-08-22T13:51:58.548+0000][175][info ][gc          ] GC(7) Concurrent Mark Cycle
[2025-08-22T13:51:58.548+0000][175][info ][gc,marking  ] GC(7) Concurrent Scan Root Regions
[2025-08-22T13:51:58.548+0000][175][info ][safepoint   ] Safepoint "CollectForMetadataAllocation", Time since last: 27358497 ns, Reaching safepoint: 3208 ns, Cleanup: 2930 ns, At safepoint: 4366846 ns, Total: 4372984 ns
[2025-08-22T13:51:58.551+0000][175][info ][gc,marking  ] GC(7) Concurrent Scan Root Regions 2.982ms
[2025-08-22T13:51:58.551+0000][175][info ][gc,marking  ] GC(7) Concurrent Mark
[2025-08-22T13:51:58.551+0000][175][info ][gc,marking  ] GC(7) Concurrent Mark From Roots
[2025-08-22T13:51:58.551+0000][175][info ][gc,task     ] GC(7) Using 2 workers of 2 for marking
[2025-08-22T13:51:58.555+0000][175][info ][gc,marking  ] GC(7) Concurrent Mark From Roots 4.375ms
[2025-08-22T13:51:58.555+0000][175][info ][gc,marking  ] GC(7) Concurrent Preclean
[2025-08-22T13:51:58.555+0000][175][info ][gc,marking  ] GC(7) Concurrent Preclean 0.027ms
[2025-08-22T13:51:58.556+0000][175][info ][gc,start    ] GC(7) Pause Remark
[2025-08-22T13:51:58.558+0000][175][info ][gc          ] GC(7) Pause Remark 40M->40M(2048M) 2.779ms
[2025-08-22T13:51:58.558+0000][175][info ][gc,cpu      ] GC(7) User=0.01s Sys=0.00s Real=0.00s
[2025-08-22T13:51:58.558+0000][175][info ][safepoint   ] Safepoint "G1PauseRemark", Time since last: 7394050 ns, Reaching safepoint: 69725 ns, Cleanup: 2622 ns, At safepoint: 2827731 ns, Total: 2900078 ns
[2025-08-22T13:51:58.558+0000][175][info ][gc,marking  ] GC(7) Concurrent Mark 7.362ms
[2025-08-22T13:51:58.558+0000][175][info ][gc,marking  ] GC(7) Concurrent Rebuild Remembered Sets and Scrub Regions
[2025-08-22T13:51:58.560+0000][175][info ][gc,marking  ] GC(7) Concurrent Rebuild Remembered Sets and Scrub Regions 1.671ms
[2025-08-22T13:51:58.560+0000][175][info ][gc,start    ] GC(7) Pause Cleanup
[2025-08-22T13:51:58.560+0000][175][info ][gc          ] GC(7) Pause Cleanup 44M->44M(2048M) 0.078ms
[2025-08-22T13:51:58.560+0000][175][info ][gc,cpu      ] GC(7) User=0.00s Sys=0.00s Real=0.00s
[2025-08-22T13:51:58.560+0000][175][info ][safepoint   ] Safepoint "G1PauseCleanup", Time since last: 1745545 ns, Reaching safepoint: 71117 ns, Cleanup: 6529 ns, At safepoint: 120626 ns, Total: 198272 ns
[2025-08-22T13:51:58.560+0000][175][info ][gc,marking  ] GC(7) Concurrent Clear Claimed Marks
[2025-08-22T13:51:58.560+0000][175][info ][gc,marking  ] GC(7) Concurrent Clear Claimed Marks 0.037ms
[2025-08-22T13:51:58.560+0000][175][info ][gc,marking  ] GC(7) Concurrent Cleanup for Next Mark
[2025-08-22T13:51:58.562+0000][175][info ][gc,marking  ] GC(7) Concurrent Cleanup for Next Mark 1.888ms
[2025-08-22T13:51:58.562+0000][175][info ][gc          ] GC(7) Concurrent Mark Cycle 14.261ms
[2025-08-22T13:51:59.123+0000][175][info ][safepoint   ] Safepoint "ICBufferFull", Time since last: 562747908 ns, Reaching safepoint: 5505 ns, Cleanup: 153443 ns, At safepoint: 1950 ns, Total: 160898 ns
[2025-08-22T13:51:59.635+0000][175][info ][safepoint   ] Safepoint "ICBufferFull", Time since last: 511628898 ns, Reaching safepoint: 4454 ns, Cleanup: 153265 ns, At safepoint: 2065 ns, Total: 159784 ns
[2025-08-22T13:52:00.565+0000][175][info ][safepoint   ] Safepoint "ICBufferFull", Time since last: 929626122 ns, Reaching safepoint: 5561 ns, Cleanup: 162022 ns, At safepoint: 8377 ns, Total: 175960 ns
[2025-08-22T13:52:00.702+0000][175][info ][safepoint   ] Safepoint "ICBufferFull", Time since last: 136966988 ns, Reaching safepoint: 5685 ns, Cleanup: 142913 ns, At safepoint: 2699 ns, Total: 151297 ns
[2025-08-22T13:52:00.962+0000][175][info ][gc,start    ] GC(8) Pause Young (Concurrent Start) (Metadata GC Threshold)
[2025-08-22T13:52:00.962+0000][175][info ][gc,task     ] GC(8) Using 8 workers of 8 for evacuation
[2025-08-22T13:52:00.962+0000][175][debug][gc,age      ] GC(8) Desired survivor size 81788928 bytes, new threshold 15 (max threshold 15)
[2025-08-22T13:52:00.975+0000][175][info ][gc,phases   ] GC(8)   Pre Evacuate Collection Set: 0.2ms
[2025-08-22T13:52:00.975+0000][175][info ][gc,phases   ] GC(8)   Merge Heap Roots: 0.1ms
[2025-08-22T13:52:00.975+0000][175][info ][gc,phases   ] GC(8)   Evacuate Collection Set: 11.0ms
[2025-08-22T13:52:00.975+0000][175][info ][gc,phases   ] GC(8)   Post Evacuate Collection Set: 1.2ms
[2025-08-22T13:52:00.975+0000][175][info ][gc,phases   ] GC(8)   Other: 0.1ms
[2025-08-22T13:52:00.975+0000][175][trace][gc,age      ] GC(8) Age table with threshold 15 (max threshold 15)
[2025-08-22T13:52:00.975+0000][175][trace][gc,age      ] GC(8) - age   1:   28765624 bytes,   28765624 total
[2025-08-22T13:52:00.975+0000][175][trace][gc,age      ] GC(8) - age   2:     106248 bytes,   28871872 total
[2025-08-22T13:52:00.975+0000][175][trace][gc,age      ] GC(8) - age   3:     690152 bytes,   29562024 total
[2025-08-22T13:52:00.975+0000][175][trace][gc,age      ] GC(8) - age   4:   16505288 bytes,   46067312 total
[2025-08-22T13:52:00.975+0000][175][trace][gc,age      ] GC(8) - age   5:    1999656 bytes,   48066968 total
[2025-08-22T13:52:00.975+0000][175][trace][gc,age      ] GC(8) - age   6:    1371624 bytes,   49438592 total
[2025-08-22T13:52:00.975+0000][175][info ][gc,heap     ] GC(8) Eden regions: 206->0(294)
[2025-08-22T13:52:00.975+0000][175][info ][gc,heap     ] GC(8) Survivor regions: 6->13(39)
[2025-08-22T13:52:00.975+0000][175][info ][gc,heap     ] GC(8) Old regions: 3->3
[2025-08-22T13:52:00.975+0000][175][info ][gc,heap     ] GC(8) Humongous regions: 0->0
[2025-08-22T13:52:00.975+0000][175][info ][gc,metaspace] GC(8) Metaspace: 60050K(61440K)->60050K(61440K) NonClass: 52670K(53504K)->52670K(53504K) Class: 7379K(7936K)->7379K(7936K)
[2025-08-22T13:52:00.975+0000][175][info ][gc          ] GC(8) Pause Young (Concurrent Start) (Metadata GC Threshold) 854M->59M(2048M) 12.698ms
[2025-08-22T13:52:00.975+0000][175][info ][gc,cpu      ] GC(8) User=0.09s Sys=0.00s Real=0.01s
[2025-08-22T13:52:00.975+0000][175][info ][gc          ] GC(9) Concurrent Mark Cycle
[2025-08-22T13:52:00.975+0000][175][info ][gc,marking  ] GC(9) Concurrent Scan Root Regions
[2025-08-22T13:52:00.975+0000][175][info ][safepoint   ] Safepoint "CollectForMetadataAllocation", Time since last: 260281208 ns, Reaching safepoint: 4575 ns, Cleanup: 70520 ns, At safepoint: 12796787 ns, Total: 12871882 ns
[2025-08-22T13:52:00.986+0000][175][info ][gc,marking  ] GC(9) Concurrent Scan Root Regions 11.209ms
[2025-08-22T13:52:00.986+0000][175][info ][gc,marking  ] GC(9) Concurrent Mark
[2025-08-22T13:52:00.986+0000][175][info ][gc,marking  ] GC(9) Concurrent Mark From Roots
[2025-08-22T13:52:00.986+0000][175][info ][gc,task     ] GC(9) Using 2 workers of 2 for marking
[2025-08-22T13:52:00.989+0000][175][info ][safepoint   ] Safepoint "CollectForMetadataAllocation", Time since last: 13624980 ns, Reaching safepoint: 35006 ns, Cleanup: 2552 ns, At safepoint: 50537 ns, Total: 88095 ns
[2025-08-22T13:52:00.991+0000][175][info ][gc,marking  ] GC(9) Concurrent Mark From Roots 4.388ms
[2025-08-22T13:52:00.991+0000][175][info ][gc,marking  ] GC(9) Concurrent Preclean
[2025-08-22T13:52:00.991+0000][175][info ][gc,marking  ] GC(9) Concurrent Preclean 0.035ms
[2025-08-22T13:52:00.991+0000][175][info ][gc,start    ] GC(9) Pause Remark
[2025-08-22T13:52:00.994+0000][175][info ][gc          ] GC(9) Pause Remark 65M->65M(2048M) 3.570ms
[2025-08-22T13:52:00.994+0000][175][info ][gc,cpu      ] GC(9) User=0.02s Sys=0.00s Real=0.00s
[2025-08-22T13:52:00.994+0000][175][info ][safepoint   ] Safepoint "G1PauseRemark", Time since last: 1948763 ns, Reaching safepoint: 2599 ns, Cleanup: 1575 ns, At safepoint: 3618191 ns, Total: 3622365 ns
[2025-08-22T13:52:00.994+0000][175][info ][gc,marking  ] GC(9) Concurrent Mark 8.098ms
[2025-08-22T13:52:00.994+0000][175][info ][gc,marking  ] GC(9) Concurrent Rebuild Remembered Sets and Scrub Regions
[2025-08-22T13:52:00.996+0000][175][info ][gc,marking  ] GC(9) Concurrent Rebuild Remembered Sets and Scrub Regions 1.748ms
[2025-08-22T13:52:00.996+0000][175][info ][gc,start    ] GC(9) Pause Cleanup
[2025-08-22T13:52:00.996+0000][175][info ][gc          ] GC(9) Pause Cleanup 65M->65M(2048M) 0.093ms
[2025-08-22T13:52:00.996+0000][175][info ][gc,cpu      ] GC(9) User=0.00s Sys=0.00s Real=0.00s
[2025-08-22T13:52:00.996+0000][175][info ][safepoint   ] Safepoint "G1PauseCleanup", Time since last: 1813525 ns, Reaching safepoint: 2445 ns, Cleanup: 7642 ns, At safepoint: 132791 ns, Total: 142878 ns
[2025-08-22T13:52:00.996+0000][175][info ][gc,marking  ] GC(9) Concurrent Clear Claimed Marks
[2025-08-22T13:52:00.996+0000][175][info ][gc,marking  ] GC(9) Concurrent Clear Claimed Marks 0.066ms
[2025-08-22T13:52:00.996+0000][175][info ][gc,marking  ] GC(9) Concurrent Cleanup for Next Mark
[2025-08-22T13:52:00.998+0000][175][info ][gc,marking  ] GC(9) Concurrent Cleanup for Next Mark 1.781ms
[2025-08-22T13:52:00.998+0000][175][info ][gc          ] GC(9) Concurrent Mark Cycle 23.187ms
[2025-08-22T13:52:01.997+0000][175][info ][safepoint   ] Safepoint "Cleanup", Time since last: 1000050394 ns, Reaching safepoint: 75246 ns, Cleanup: 112483 ns, At safepoint: 4421 ns, Total: 192150 ns
[2025-08-22T13:52:02.770+0000][175][info ][safepoint   ] Safepoint "ICBufferFull", Time since last: 772857647 ns, Reaching safepoint: 4755 ns, Cleanup: 149804 ns, At safepoint: 1968 ns, Total: 156527 ns
[2025-08-22T13:52:03.820+0000][175][info ][safepoint   ] Safepoint "ICBufferFull", Time since last: 1050414471 ns, Reaching safepoint: 5495 ns, Cleanup: 174930 ns, At safepoint: 1990 ns, Total: 182415 ns
[2025-08-22T13:52:03.930+0000][175][info ][gc,start    ] GC(10) Pause Young (Concurrent Start) (Metadata GC Threshold)
[2025-08-22T13:52:03.930+0000][175][info ][gc,task     ] GC(10) Using 8 workers of 8 for evacuation
[2025-08-22T13:52:03.930+0000][175][debug][gc,age      ] GC(10) Desired survivor size 81788928 bytes, new threshold 15 (max threshold 15)
[2025-08-22T13:52:03.946+0000][175][info ][gc,phases   ] GC(10)   Pre Evacuate Collection Set: 0.1ms
[2025-08-22T13:52:03.946+0000][175][info ][gc,phases   ] GC(10)   Merge Heap Roots: 0.1ms
[2025-08-22T13:52:03.946+0000][175][info ][gc,phases   ] GC(10)   Evacuate Collection Set: 14.6ms
[2025-08-22T13:52:03.946+0000][175][info ][gc,phases   ] GC(10)   Post Evacuate Collection Set: 1.5ms
[2025-08-22T13:52:03.946+0000][175][info ][gc,phases   ] GC(10)   Other: 0.1ms
[2025-08-22T13:52:03.946+0000][175][trace][gc,age      ] GC(10) Age table with threshold 15 (max threshold 15)
[2025-08-22T13:52:03.946+0000][175][trace][gc,age      ] GC(10) - age   1:   16271736 bytes,   16271736 total
[2025-08-22T13:52:03.946+0000][175][trace][gc,age      ] GC(10) - age   2:   28133608 bytes,   44405344 total
[2025-08-22T13:52:03.946+0000][175][trace][gc,age      ] GC(10) - age   3:     105032 bytes,   44510376 total
[2025-08-22T13:52:03.946+0000][175][trace][gc,age      ] GC(10) - age   4:     686624 bytes,   45197000 total
[2025-08-22T13:52:03.946+0000][175][trace][gc,age      ] GC(10) - age   5:   16453632 bytes,   61650632 total
[2025-08-22T13:52:03.946+0000][175][trace][gc,age      ] GC(10) - age   6:    1997560 bytes,   63648192 total
[2025-08-22T13:52:03.946+0000][175][trace][gc,age      ] GC(10) - age   7:    1362408 bytes,   65010600 total
[2025-08-22T13:52:03.946+0000][175][info ][gc,heap     ] GC(10) Eden regions: 164->0(289)
[2025-08-22T13:52:03.946+0000][175][info ][gc,heap     ] GC(10) Survivor regions: 13->18(39)
[2025-08-22T13:52:03.946+0000][175][info ][gc,heap     ] GC(10) Old regions: 3->3
[2025-08-22T13:52:03.946+0000][175][info ][gc,heap     ] GC(10) Humongous regions: 0->0
[2025-08-22T13:52:03.946+0000][175][info ][gc,metaspace] GC(10) Metaspace: 101289K(103040K)->101289K(103040K) NonClass: 88043K(89088K)->88043K(89088K) Class: 13245K(13952K)->13245K(13952K)
[2025-08-22T13:52:03.946+0000][175][info ][gc          ] GC(10) Pause Young (Concurrent Start) (Metadata GC Threshold) 715M->80M(2048M) 16.554ms
[2025-08-22T13:52:03.946+0000][175][info ][gc,cpu      ] GC(10) User=0.10s Sys=0.00s Real=0.02s
[2025-08-22T13:52:03.946+0000][175][info ][gc          ] GC(11) Concurrent Mark Cycle
[2025-08-22T13:52:03.946+0000][175][info ][gc,marking  ] GC(11) Concurrent Scan Root Regions
[2025-08-22T13:52:03.946+0000][175][info ][safepoint   ] Safepoint "CollectForMetadataAllocation", Time since last: 109389242 ns, Reaching safepoint: 3709 ns, Cleanup: 63978 ns, At safepoint: 16660356 ns, Total: 16728043 ns
[2025-08-22T13:52:03.962+0000][175][info ][gc,marking  ] GC(11) Concurrent Scan Root Regions 16.059ms
[2025-08-22T13:52:03.962+0000][175][info ][gc,marking  ] GC(11) Concurrent Mark
[2025-08-22T13:52:03.962+0000][175][info ][gc,marking  ] GC(11) Concurrent Mark From Roots
[2025-08-22T13:52:03.962+0000][175][info ][gc,task     ] GC(11) Using 2 workers of 2 for marking
[2025-08-22T13:52:03.967+0000][175][info ][gc,marking  ] GC(11) Concurrent Mark From Roots 4.590ms
[2025-08-22T13:52:03.967+0000][175][info ][gc,marking  ] GC(11) Concurrent Preclean
[2025-08-22T13:52:03.967+0000][175][info ][gc,marking  ] GC(11) Concurrent Preclean 0.035ms
[2025-08-22T13:52:03.967+0000][175][info ][gc,start    ] GC(11) Pause Remark
[2025-08-22T13:52:03.971+0000][175][info ][gc          ] GC(11) Pause Remark 88M->88M(2048M) 4.334ms
[2025-08-22T13:52:03.971+0000][175][info ][gc,cpu      ] GC(11) User=0.02s Sys=0.00s Real=0.00s
[2025-08-22T13:52:03.972+0000][175][info ][safepoint   ] Safepoint "G1PauseRemark", Time since last: 20726917 ns, Reaching safepoint: 72072 ns, Cleanup: 20020 ns, At safepoint: 4381857 ns, Total: 4473949 ns
[2025-08-22T13:52:03.972+0000][175][info ][gc,marking  ] GC(11) Concurrent Mark 9.177ms
[2025-08-22T13:52:03.972+0000][175][info ][gc,marking  ] GC(11) Concurrent Rebuild Remembered Sets and Scrub Regions
[2025-08-22T13:52:03.974+0000][175][info ][gc,marking  ] GC(11) Concurrent Rebuild Remembered Sets and Scrub Regions 1.994ms
[2025-08-22T13:52:03.974+0000][175][info ][gc,start    ] GC(11) Pause Cleanup
[2025-08-22T13:52:03.974+0000][175][info ][gc          ] GC(11) Pause Cleanup 90M->90M(2048M) 0.075ms
[2025-08-22T13:52:03.974+0000][175][info ][gc,cpu      ] GC(11) User=0.00s Sys=0.00s Real=0.00s
[2025-08-22T13:52:03.974+0000][175][info ][safepoint   ] Safepoint "G1PauseCleanup", Time since last: 2063800 ns, Reaching safepoint: 3169 ns, Cleanup: 14606 ns, At safepoint: 119431 ns, Total: 137206 ns
[2025-08-22T13:52:03.974+0000][175][info ][gc,marking  ] GC(11) Concurrent Clear Claimed Marks
[2025-08-22T13:52:03.974+0000][175][info ][gc,marking  ] GC(11) Concurrent Clear Claimed Marks 0.052ms
[2025-08-22T13:52:03.974+0000][175][info ][gc,marking  ] GC(11) Concurrent Cleanup for Next Mark
[2025-08-22T13:52:03.976+0000][175][info ][gc,marking  ] GC(11) Concurrent Cleanup for Next Mark 1.866ms
[2025-08-22T13:52:03.976+0000][175][info ][gc          ] GC(11) Concurrent Mark Cycle 29.427ms
[2025-08-22T13:52:04.711+0000][175][info ][safepoint   ] Safepoint "ICBufferFull", Time since last: 737274040 ns, Reaching safepoint: 3857 ns, Cleanup: 122238 ns, At safepoint: 6550 ns, Total: 132645 ns
[2025-08-22T13:52:04.945+0000][175][info ][safepoint   ] Safepoint "ICBufferFull", Time since last: 234023322 ns, Reaching safepoint: 75864 ns, Cleanup: 136170 ns, At safepoint: 6249 ns, Total: 218283 ns
[2025-08-22T13:52:05.016+0000][175][info ][safepoint   ] Safepoint "ICBufferFull", Time since last: 70168828 ns, Reaching safepoint: 71663 ns, Cleanup: 96519 ns, At safepoint: 5845 ns, Total: 174027 ns
[2025-08-22T13:52:05.182+0000][175][info ][safepoint   ] Safepoint "ICBufferFull", Time since last: 166043447 ns, Reaching safepoint: 72662 ns, Cleanup: 108448 ns, At safepoint: 4685 ns, Total: 185795 ns
[2025-08-22T13:52:05.286+0000][175][info ][safepoint   ] Safepoint "ICBufferFull", Time since last: 103424381 ns, Reaching safepoint: 82068 ns, Cleanup: 135774 ns, At safepoint: 6233 ns, Total: 224075 ns
[2025-08-22T13:52:05.556+0000][175][info ][safepoint   ] Safepoint "ICBufferFull", Time since last: 270063741 ns, Reaching safepoint: 5898 ns, Cleanup: 135686 ns, At safepoint: 8776 ns, Total: 150360 ns
[2025-08-22T13:52:05.788+0000][175][info ][safepoint   ] Safepoint "ICBufferFull", Time since last: 232075216 ns, Reaching safepoint: 8873 ns, Cleanup: 145154 ns, At safepoint: 6799 ns, Total: 160826 ns
[2025-08-22T13:52:06.038+0000][175][info ][safepoint   ] Safepoint "ICBufferFull", Time since last: 250214440 ns, Reaching safepoint: 84816 ns, Cleanup: 150430 ns, At safepoint: 8322 ns, Total: 243568 ns
[2025-08-22T13:52:06.039+0000][175][info ][safepoint   ] Safepoint "ICBufferFull", Time since last: 49314 ns, Reaching safepoint: 66345 ns, Cleanup: 2477 ns, At safepoint: 4922 ns, Total: 73744 ns
[2025-08-22T13:52:06.162+0000][175][info ][safepoint   ] Safepoint "ICBufferFull", Time since last: 123175543 ns, Reaching safepoint: 10531 ns, Cleanup: 129197 ns, At safepoint: 6344 ns, Total: 146072 ns
[2025-08-22T13:52:06.272+0000][175][info ][safepoint   ] Safepoint "ICBufferFull", Time since last: 109564665 ns, Reaching safepoint: 9776 ns, Cleanup: 117727 ns, At safepoint: 9144 ns, Total: 136647 ns
[2025-08-22T13:52:06.416+0000][175][info ][safepoint   ] Safepoint "ICBufferFull", Time since last: 143359252 ns, Reaching safepoint: 705877 ns, Cleanup: 140059 ns, At safepoint: 9993 ns, Total: 855929 ns
[2025-08-22T13:52:06.416+0000][175][info ][safepoint   ] Safepoint "ICBufferFull", Time since last: 61606 ns, Reaching safepoint: 67661 ns, Cleanup: 542 ns, At safepoint: 10752 ns, Total: 78955 ns
[2025-08-22T13:52:06.416+0000][175][info ][safepoint   ] Safepoint "ICBufferFull", Time since last: 85668 ns, Reaching safepoint: 66415 ns, Cleanup: 3475 ns, At safepoint: 11777 ns, Total: 81667 ns
[2025-08-22T13:52:06.417+0000][175][info ][safepoint   ] Safepoint "ICBufferFull", Time since last: 690002 ns, Reaching safepoint: 73038 ns, Cleanup: 6214 ns, At safepoint: 5240 ns, Total: 84492 ns
[2025-08-22T13:52:06.417+0000][175][info ][safepoint   ] Safepoint "ICBufferFull", Time since last: 423361 ns, Reaching safepoint: 83398 ns, Cleanup: 1060 ns, At safepoint: 9032 ns, Total: 93490 ns
[2025-08-22T13:52:06.418+0000][175][info ][safepoint   ] Safepoint "ICBufferFull", Time since last: 113573 ns, Reaching safepoint: 69409 ns, Cleanup: 782 ns, At safepoint: 11983 ns, Total: 82174 ns
[2025-08-22T13:52:06.527+0000][175][info ][safepoint   ] Safepoint "ICBufferFull", Time since last: 109227733 ns, Reaching safepoint: 12803 ns, Cleanup: 153303 ns, At safepoint: 5364 ns, Total: 171470 ns
[2025-08-22T13:52:06.667+0000][175][info ][safepoint   ] Safepoint "ICBufferFull", Time since last: 139469414 ns, Reaching safepoint: 80324 ns, Cleanup: 155642 ns, At safepoint: 9927 ns, Total: 245893 ns
[2025-08-22T13:52:06.835+0000][175][info ][safepoint   ] Safepoint "ICBufferFull", Time since last: 167799449 ns, Reaching safepoint: 357202 ns, Cleanup: 139715 ns, At safepoint: 11172 ns, Total: 508089 ns
[2025-08-22T13:52:06.836+0000][175][info ][safepoint   ] Safepoint "ICBufferFull", Time since last: 515333 ns, Reaching safepoint: 198296 ns, Cleanup: 6321 ns, At safepoint: 17732 ns, Total: 222349 ns
[2025-08-22T13:52:06.921+0000][175][info ][safepoint   ] Safepoint "ICBufferFull", Time since last: 85014370 ns, Reaching safepoint: 215525 ns, Cleanup: 280800 ns, At safepoint: 9946 ns, Total: 506271 ns
[2025-08-22T13:52:07.054+0000][175][info ][safepoint   ] Safepoint "ICBufferFull", Time since last: 132449536 ns, Reaching safepoint: 15768 ns, Cleanup: 149941 ns, At safepoint: 2410 ns, Total: 168119 ns
[2025-08-22T13:52:07.398+0000][175][info ][safepoint   ] Safepoint "ICBufferFull", Time since last: 343267169 ns, Reaching safepoint: 134287 ns, Cleanup: 160715 ns, At safepoint: 9848 ns, Total: 304850 ns
[2025-08-22T13:52:07.398+0000][175][info ][safepoint   ] Safepoint "ICBufferFull", Time since last: 190898 ns, Reaching safepoint: 133048 ns, Cleanup: 1544 ns, At safepoint: 11391 ns, Total: 145983 ns
[2025-08-22T13:52:07.400+0000][175][info ][safepoint   ] Safepoint "ICBufferFull", Time since last: 553033 ns, Reaching safepoint: 74880 ns, Cleanup: 6689 ns, At safepoint: 1074097 ns, Total: 1155666 ns
[2025-08-22T13:52:07.400+0000][175][info ][safepoint   ] Safepoint "ICBufferFull", Time since last: 37986 ns, Reaching safepoint: 72910 ns, Cleanup: 4090 ns, At safepoint: 567435 ns, Total: 644435 ns
[2025-08-22T13:52:08.339+0000][175][info ][safepoint   ] Safepoint "ICBufferFull", Time since last: 938745170 ns, Reaching safepoint: 22023 ns, Cleanup: 162347 ns, At safepoint: 2177 ns, Total: 186547 ns
[2025-08-22T13:52:09.486+0000][175][info ][safepoint   ] Safepoint "Cleanup", Time since last: 1146446466 ns, Reaching safepoint: 20049 ns, Cleanup: 163393 ns, At safepoint: 3090 ns, Total: 186532 ns
[2025-08-22T13:52:10.486+0000][175][info ][safepoint   ] Safepoint "Cleanup", Time since last: 1000112222 ns, Reaching safepoint: 19706 ns, Cleanup: 15731 ns, At safepoint: 3147 ns, Total: 38584 ns
[2025-08-22T13:52:11.490+0000][175][info ][safepoint   ] Safepoint "Cleanup", Time since last: 1003445443 ns, Reaching safepoint: 17944 ns, Cleanup: 99348 ns, At safepoint: 7320 ns, Total: 124612 ns
[2025-08-22T13:52:12.514+0000][175][info ][safepoint   ] Safepoint "Cleanup", Time since last: 1024270173 ns, Reaching safepoint: 21543 ns, Cleanup: 63894 ns, At safepoint: 2473 ns, Total: 87910 ns
[2025-08-22T13:52:13.514+0000][175][info ][safepoint   ] Safepoint "Cleanup", Time since last: 1000117344 ns, Reaching safepoint: 21521 ns, Cleanup: 17852 ns, At safepoint: 2575 ns, Total: 41948 ns
[2025-08-22T13:52:14.514+0000][175][info ][safepoint   ] Safepoint "Cleanup", Time since last: 1000111289 ns, Reaching safepoint: 21920 ns, Cleanup: 31453 ns, At safepoint: 2298 ns, Total: 55671 ns
[2025-08-22T13:52:15.166+0000][175][info ][safepoint   ] Safepoint "ICBufferFull", Time since last: 651790597 ns, Reaching safepoint: 85019 ns, Cleanup: 157596 ns, At safepoint: 14815 ns, Total: 257430 ns
[2025-08-22T13:52:15.380+0000][175][info ][safepoint   ] Safepoint "ICBufferFull", Time since last: 213537077 ns, Reaching safepoint: 19170 ns, Cleanup: 162411 ns, At safepoint: 4653 ns, Total: 186234 ns
[2025-08-22T13:52:16.548+0000][175][info ][safepoint   ] Safepoint "Cleanup", Time since last: 1167512953 ns, Reaching safepoint: 12480 ns, Cleanup: 124309 ns, At safepoint: 6856 ns, Total: 143645 ns
[2025-08-22T13:52:17.563+0000][175][info ][safepoint   ] Safepoint "Cleanup", Time since last: 1015391557 ns, Reaching safepoint: 24197 ns, Cleanup: 73907 ns, At safepoint: 2323 ns, Total: 100427 ns
[2025-08-22T13:52:18.566+0000][175][info ][safepoint   ] Safepoint "Cleanup", Time since last: 1003253404 ns, Reaching safepoint: 41228 ns, Cleanup: 24038 ns, At safepoint: 2643 ns, Total: 67909 ns
[2025-08-22T13:52:20.567+0000][175][info ][safepoint   ] Safepoint "Cleanup", Time since last: 2000169751 ns, Reaching safepoint: 22248 ns, Cleanup: 43624 ns, At safepoint: 2221 ns, Total: 68093 ns
[2025-08-22T13:52:21.567+0000][175][info ][safepoint   ] Safepoint "Cleanup", Time since last: 1000118007 ns, Reaching safepoint: 22302 ns, Cleanup: 60830 ns, At safepoint: 2618 ns, Total: 85750 ns
[2025-08-22T13:52:22.597+0000][175][info ][safepoint   ] Safepoint "Cleanup", Time since last: 1030395141 ns, Reaching safepoint: 23651 ns, Cleanup: 88959 ns, At safepoint: 2989 ns, Total: 115599 ns
[2025-08-22T13:52:24.337+0000][175][info ][safepoint   ] Safepoint "ICBufferFull", Time since last: 1739359568 ns, Reaching safepoint: 16316 ns, Cleanup: 136675 ns, At safepoint: 15161 ns, Total: 168152 ns
[2025-08-22T13:52:24.337+0000][175][info ][safepoint   ] Safepoint "ICBufferFull", Time since last: 48752 ns, Reaching safepoint: 71936 ns, Cleanup: 2501 ns, At safepoint: 10144 ns, Total: 84581 ns
[2025-08-22T13:52:24.347+0000][175][info ][gc,start    ] GC(12) Pause Young (Normal) (G1 Evacuation Pause)
[2025-08-22T13:52:24.347+0000][175][info ][gc,task     ] GC(12) Using 8 workers of 8 for evacuation
[2025-08-22T13:52:24.347+0000][175][debug][gc,age      ] GC(12) Desired survivor size 81788928 bytes, new threshold 15 (max threshold 15)
[2025-08-22T13:52:24.393+0000][175][info ][gc,phases   ] GC(12)   Pre Evacuate Collection Set: 0.2ms
[2025-08-22T13:52:24.393+0000][175][info ][gc,phases   ] GC(12)   Merge Heap Roots: 0.1ms
[2025-08-22T13:52:24.393+0000][175][info ][gc,phases   ] GC(12)   Evacuate Collection Set: 41.3ms
[2025-08-22T13:52:24.393+0000][175][info ][gc,phases   ] GC(12)   Post Evacuate Collection Set: 4.1ms
[2025-08-22T13:52:24.393+0000][175][info ][gc,phases   ] GC(12)   Other: 0.1ms
[2025-08-22T13:52:24.393+0000][175][trace][gc,age      ] GC(12) Age table with threshold 15 (max threshold 15)
[2025-08-22T13:52:24.393+0000][175][trace][gc,age      ] GC(12) - age   1:   79136960 bytes,   79136960 total
[2025-08-22T13:52:24.393+0000][175][trace][gc,age      ] GC(12) - age   2:   15212144 bytes,   94349104 total
[2025-08-22T13:52:24.393+0000][175][trace][gc,age      ] GC(12) - age   3:   27992936 bytes,  122342040 total
[2025-08-22T13:52:24.393+0000][175][trace][gc,age      ] GC(12) - age   4:     104808 bytes,  122446848 total
[2025-08-22T13:52:24.393+0000][175][trace][gc,age      ] GC(12) - age   5:     685840 bytes,  123132688 total
[2025-08-22T13:52:24.393+0000][175][trace][gc,age      ] GC(12) - age   6:   16437840 bytes,  139570528 total
[2025-08-22T13:52:24.393+0000][175][trace][gc,age      ] GC(12) - age   7:    1995600 bytes,  141566128 total
[2025-08-22T13:52:24.393+0000][175][trace][gc,age      ] GC(12) - age   8:    1361704 bytes,  142927832 total
[2025-08-22T13:52:24.393+0000][175][info ][gc,heap     ] GC(12) Eden regions: 289->0(163)
[2025-08-22T13:52:24.393+0000][175][info ][gc,heap     ] GC(12) Survivor regions: 18->36(39)
[2025-08-22T13:52:24.393+0000][175][info ][gc,heap     ] GC(12) Old regions: 3->3
[2025-08-22T13:52:24.393+0000][175][info ][gc,heap     ] GC(12) Humongous regions: 2->2
[2025-08-22T13:52:24.393+0000][175][info ][gc,metaspace] GC(12) Metaspace: 142245K(145984K)->142245K(145984K) NonClass: 122604K(124608K)->122604K(124608K) Class: 19640K(21376K)->19640K(21376K)
[2025-08-22T13:52:24.393+0000][175][info ][gc          ] GC(12) Pause Young (Normal) (G1 Evacuation Pause) 1244M->160M(2048M) 45.970ms
[2025-08-22T13:52:24.393+0000][175][info ][gc,cpu      ] GC(12) User=0.22s Sys=0.00s Real=0.04s
[2025-08-22T13:52:24.393+0000][175][info ][safepoint   ] Safepoint "G1CollectForAllocation", Time since last: 9893034 ns, Reaching safepoint: 86063 ns, Cleanup: 19375 ns, At safepoint: 46079947 ns, Total: 46185385 ns
[2025-08-22T13:52:24.699+0000][175][info ][safepoint   ] Safepoint "ICBufferFull", Time since last: 305930583 ns, Reaching safepoint: 88332 ns, Cleanup: 153588 ns, At safepoint: 9792 ns, Total: 251712 ns
[2025-08-22T13:52:25.043+0000][175][info ][safepoint   ] Safepoint "ICBufferFull", Time since last: 343461717 ns, Reaching safepoint: 82462 ns, Cleanup: 158130 ns, At safepoint: 10944 ns, Total: 251536 ns
[2025-08-22T13:52:25.158+0000][175][info ][safepoint   ] Safepoint "ICBufferFull", Time since last: 114446975 ns, Reaching safepoint: 16575 ns, Cleanup: 163862 ns, At safepoint: 6767 ns, Total: 187204 ns
[2025-08-22T13:52:25.882+0000][175][info ][safepoint   ] Safepoint "ICBufferFull", Time since last: 724103590 ns, Reaching safepoint: 81377 ns, Cleanup: 175847 ns, At safepoint: 4555 ns, Total: 261779 ns
[2025-08-22T13:52:26.577+0000][175][info ][safepoint   ] Safepoint "ICBufferFull", Time since last: 694307510 ns, Reaching safepoint: 99153 ns, Cleanup: 107320 ns, At safepoint: 11039 ns, Total: 217512 ns
[2025-08-22T13:52:26.577+0000][175][info ][safepoint   ] Safepoint "ICBufferFull", Time since last: 111884 ns, Reaching safepoint: 272449 ns, Cleanup: 2792 ns, At safepoint: 13220 ns, Total: 288461 ns
[2025-08-22T13:52:26.579+0000][175][info ][safepoint   ] Safepoint "ICBufferFull", Time since last: 1785189 ns, Reaching safepoint: 83982 ns, Cleanup: 22712 ns, At safepoint: 10885 ns, Total: 117579 ns
[2025-08-22T13:52:26.580+0000][175][info ][safepoint   ] Safepoint "ICBufferFull", Time since last: 1307221 ns, Reaching safepoint: 215513 ns, Cleanup: 6366 ns, At safepoint: 18218 ns, Total: 240097 ns
[2025-08-22T13:52:26.582+0000][175][info ][safepoint   ] Safepoint "ICBufferFull", Time since last: 1551915 ns, Reaching safepoint: 76640 ns, Cleanup: 7900 ns, At safepoint: 17839 ns, Total: 102379 ns
[2025-08-22T13:52:26.586+0000][175][info ][safepoint   ] Safepoint "ICBufferFull", Time since last: 3123933 ns, Reaching safepoint: 78175 ns, Cleanup: 11759 ns, At safepoint: 684697 ns, Total: 774631 ns
[2025-08-22T13:52:26.588+0000][175][info ][safepoint   ] Safepoint "ICBufferFull", Time since last: 1515751 ns, Reaching safepoint: 77280 ns, Cleanup: 21192 ns, At safepoint: 14975 ns, Total: 113447 ns
[2025-08-22T13:52:26.588+0000][175][info ][safepoint   ] Safepoint "ICBufferFull", Time since last: 394022 ns, Reaching safepoint: 139517 ns, Cleanup: 4066 ns, At safepoint: 11197 ns, Total: 154780 ns
[2025-08-22T13:52:26.686+0000][175][info ][safepoint   ] Safepoint "ICBufferFull", Time since last: 97100399 ns, Reaching safepoint: 86597 ns, Cleanup: 179957 ns, At safepoint: 304354 ns, Total: 570908 ns
[2025-08-22T13:52:26.724+0000][175][info ][safepoint   ] Safepoint "ICBufferFull", Time since last: 38359501 ns, Reaching safepoint: 93441 ns, Cleanup: 140590 ns, At safepoint: 17670 ns, Total: 251701 ns
[2025-08-22T13:52:26.844+0000][175][info ][safepoint   ] Safepoint "ICBufferFull", Time since last: 118800282 ns, Reaching safepoint: 98612 ns, Cleanup: 210152 ns, At safepoint: 20669 ns, Total: 329433 ns
[2025-08-22T13:52:26.970+0000][175][info ][safepoint   ] Safepoint "ICBufferFull", Time since last: 126718795 ns, Reaching safepoint: 19679 ns, Cleanup: 174490 ns, At safepoint: 6081 ns, Total: 200250 ns
[2025-08-22T13:52:26.984+0000][175][info ][gc,start    ] GC(13) Pause Young (Concurrent Start) (CodeCache GC Threshold)
[2025-08-22T13:52:26.984+0000][175][info ][gc,task     ] GC(13) Using 8 workers of 8 for evacuation
[2025-08-22T13:52:26.984+0000][175][debug][gc,age      ] GC(13) Desired survivor size 52428800 bytes, new threshold 1 (max threshold 15)
[2025-08-22T13:52:27.025+0000][175][info ][gc,phases   ] GC(13)   Pre Evacuate Collection Set: 0.3ms
[2025-08-22T13:52:27.025+0000][175][info ][gc,phases   ] GC(13)   Merge Heap Roots: 0.1ms
[2025-08-22T13:52:27.025+0000][175][info ][gc,phases   ] GC(13)   Evacuate Collection Set: 38.9ms
[2025-08-22T13:52:27.025+0000][175][info ][gc,phases   ] GC(13)   Post Evacuate Collection Set: 1.8ms
[2025-08-22T13:52:27.025+0000][175][info ][gc,phases   ] GC(13)   Other: 0.1ms
[2025-08-22T13:52:27.026+0000][175][trace][gc,age      ] GC(13) Age table with threshold 1 (max threshold 15)
[2025-08-22T13:52:27.026+0000][175][trace][gc,age      ] GC(13) - age   1:   11946640 bytes,   11946640 total
[2025-08-22T13:52:27.026+0000][175][info ][gc,heap     ] GC(13) Eden regions: 119->0(301)
[2025-08-22T13:52:27.026+0000][175][info ][gc,heap     ] GC(13) Survivor regions: 36->6(25)
[2025-08-22T13:52:27.026+0000][175][info ][gc,heap     ] GC(13) Old regions: 3->38
[2025-08-22T13:52:27.026+0000][175][info ][gc,heap     ] GC(13) Humongous regions: 2->2
[2025-08-22T13:52:27.026+0000][175][info ][gc,metaspace] GC(13) Metaspace: 145989K(149824K)->145989K(149824K) NonClass: 125857K(127936K)->125857K(127936K) Class: 20132K(21888K)->20132K(21888K)
[2025-08-22T13:52:27.026+0000][175][info ][gc          ] GC(13) Pause Young (Concurrent Start) (CodeCache GC Threshold) 635M->180M(2048M) 41.321ms
[2025-08-22T13:52:27.026+0000][175][info ][gc          ] GC(14) Concurrent Mark Cycle
[2025-08-22T13:52:27.026+0000][175][info ][gc,marking  ] GC(14) Concurrent Scan Root Regions
[2025-08-22T13:52:27.026+0000][175][info ][gc,cpu      ] GC(13) User=0.20s Sys=0.01s Real=0.05s
[2025-08-22T13:52:27.026+0000][175][info ][safepoint   ] Safepoint "G1TryInitiateConcMark", Time since last: 13698003 ns, Reaching safepoint: 19143 ns, Cleanup: 8812 ns, At safepoint: 41450845 ns, Total: 41478800 ns
[2025-08-22T13:52:27.056+0000][175][info ][gc,marking  ] GC(14) Concurrent Scan Root Regions 30.613ms
[2025-08-22T13:52:27.056+0000][175][info ][gc,marking  ] GC(14) Concurrent Mark
[2025-08-22T13:52:27.056+0000][175][info ][gc,marking  ] GC(14) Concurrent Mark From Roots
[2025-08-22T13:52:27.056+0000][175][info ][gc,task     ] GC(14) Using 2 workers of 2 for marking
[2025-08-22T13:52:27.061+0000][175][info ][gc,marking  ] GC(14) Concurrent Mark From Roots 4.471ms
[2025-08-22T13:52:27.061+0000][175][info ][gc,marking  ] GC(14) Concurrent Preclean
[2025-08-22T13:52:27.061+0000][175][info ][gc,marking  ] GC(14) Concurrent Preclean 0.037ms
[2025-08-22T13:52:27.061+0000][175][info ][gc,start    ] GC(14) Pause Remark
[2025-08-22T13:52:27.073+0000][175][info ][gc          ] GC(14) Pause Remark 198M->198M(2048M) 12.330ms
[2025-08-22T13:52:27.073+0000][175][info ][gc,cpu      ] GC(14) User=0.05s Sys=0.00s Real=0.01s
[2025-08-22T13:52:27.073+0000][175][info ][safepoint   ] Safepoint "G1PauseRemark", Time since last: 35160430 ns, Reaching safepoint: 17721 ns, Cleanup: 12235 ns, At safepoint: 12429218 ns, Total: 12459174 ns
[2025-08-22T13:52:27.073+0000][175][info ][gc,marking  ] GC(14) Concurrent Mark 17.031ms
[2025-08-22T13:52:27.073+0000][175][info ][gc,marking  ] GC(14) Concurrent Rebuild Remembered Sets and Scrub Regions
[2025-08-22T13:52:27.100+0000][175][info ][gc,marking  ] GC(14) Concurrent Rebuild Remembered Sets and Scrub Regions 26.508ms
[2025-08-22T13:52:27.100+0000][175][info ][gc,start    ] GC(14) Pause Cleanup
[2025-08-22T13:52:27.100+0000][175][info ][gc          ] GC(14) Pause Cleanup 217M->217M(2048M) 0.105ms
[2025-08-22T13:52:27.100+0000][175][info ][gc,cpu      ] GC(14) User=0.00s Sys=0.00s Real=0.00s
[2025-08-22T13:52:27.100+0000][175][info ][safepoint   ] Safepoint "G1PauseCleanup", Time since last: 26595159 ns, Reaching safepoint: 17039 ns, Cleanup: 19765 ns, At safepoint: 161615 ns, Total: 198419 ns
[2025-08-22T13:52:27.100+0000][175][info ][gc,marking  ] GC(14) Concurrent Clear Claimed Marks
[2025-08-22T13:52:27.100+0000][175][info ][gc,marking  ] GC(14) Concurrent Clear Claimed Marks 0.388ms
[2025-08-22T13:52:27.100+0000][175][info ][gc,marking  ] GC(14) Concurrent Cleanup for Next Mark
[2025-08-22T13:52:27.102+0000][175][info ][gc,marking  ] GC(14) Concurrent Cleanup for Next Mark 1.860ms
[2025-08-22T13:52:27.102+0000][175][info ][gc          ] GC(14) Concurrent Mark Cycle 76.795ms
[2025-08-22T13:52:27.569+0000][175][info ][safepoint   ] Safepoint "ICBufferFull", Time since last: 468853315 ns, Reaching safepoint: 20345 ns, Cleanup: 176425 ns, At safepoint: 4449 ns, Total: 201219 ns
[2025-08-22T13:52:28.329+0000][175][info ][safepoint   ] Safepoint "ICBufferFull", Time since last: 759820015 ns, Reaching safepoint: 39388 ns, Cleanup: 187257 ns, At safepoint: 6777 ns, Total: 233422 ns
[2025-08-22T13:52:29.329+0000][175][info ][safepoint   ] Safepoint "Cleanup", Time since last: 1000106318 ns, Reaching safepoint: 19145 ns, Cleanup: 54600 ns, At safepoint: 23112 ns, Total: 96857 ns
[2025-08-22T13:52:30.236+0000][175][info ][safepoint   ] Safepoint "ICBufferFull", Time since last: 906398412 ns, Reaching safepoint: 11540 ns, Cleanup: 168180 ns, At safepoint: 7088 ns, Total: 186808 ns
[2025-08-22T13:52:31.417+0000][175][info ][safepoint   ] Safepoint "Cleanup", Time since last: 1181006372 ns, Reaching safepoint: 8329 ns, Cleanup: 85796 ns, At safepoint: 5705 ns, Total: 99830 ns
[2025-08-22T13:52:32.643+0000][175][info ][safepoint   ] Safepoint "Cleanup", Time since last: 1226267785 ns, Reaching safepoint: 81350 ns, Cleanup: 41019 ns, At safepoint: 2577 ns, Total: 124946 ns
[2025-08-22T13:52:34.429+0000][175][info ][safepoint   ] Safepoint "Cleanup", Time since last: 1785849216 ns, Reaching safepoint: 42209 ns, Cleanup: 112842 ns, At safepoint: 3388 ns, Total: 158439 ns
[2025-08-22T13:52:35.649+0000][175][info ][safepoint   ] Safepoint "Cleanup", Time since last: 1219654715 ns, Reaching safepoint: 11063 ns, Cleanup: 198764 ns, At safepoint: 6542 ns, Total: 216369 ns
[2025-08-22T13:52:36.574+0000][175][info ][safepoint   ] Safepoint "ICBufferFull", Time since last: 924160139 ns, Reaching safepoint: 18839 ns, Cleanup: 148157 ns, At safepoint: 4428 ns, Total: 171424 ns
[2025-08-22T13:52:38.317+0000][175][info ][safepoint   ] Safepoint "ICBufferFull", Time since last: 1743334074 ns, Reaching safepoint: 22846 ns, Cleanup: 174279 ns, At safepoint: 2434 ns, Total: 199559 ns
[2025-08-22T13:52:39.317+0000][175][info ][safepoint   ] Safepoint "Cleanup", Time since last: 1000116436 ns, Reaching safepoint: 92300 ns, Cleanup: 39966 ns, At safepoint: 3376 ns, Total: 135642 ns
[2025-08-22T13:52:40.318+0000][175][info ][safepoint   ] Safepoint "Cleanup", Time since last: 1000112034 ns, Reaching safepoint: 23105 ns, Cleanup: 54955 ns, At safepoint: 2411 ns, Total: 80471 ns
[2025-08-22T13:52:41.318+0000][175][info ][safepoint   ] Safepoint "Cleanup", Time since last: 1000118280 ns, Reaching safepoint: 21016 ns, Cleanup: 12853 ns, At safepoint: 3049 ns, Total: 36918 ns
[2025-08-22T13:52:42.580+0000][175][info ][safepoint   ] Safepoint "Cleanup", Time since last: 1262191717 ns, Reaching safepoint: 7392 ns, Cleanup: 51472 ns, At safepoint: 5176 ns, Total: 64040 ns
[2025-08-22T13:52:44.233+0000][175][info ][safepoint   ] Safepoint "Cleanup", Time since last: 1653123492 ns, Reaching safepoint: 11423 ns, Cleanup: 119517 ns, At safepoint: 4610 ns, Total: 135550 ns
[2025-08-22T13:52:45.236+0000][175][info ][safepoint   ] Safepoint "Cleanup", Time since last: 1002734954 ns, Reaching safepoint: 22345 ns, Cleanup: 89475 ns, At safepoint: 2460 ns, Total: 114280 ns
[2025-08-22T13:52:46.236+0000][175][info ][safepoint   ] Safepoint "Cleanup", Time since last: 1000119807 ns, Reaching safepoint: 23507 ns, Cleanup: 75084 ns, At safepoint: 2604 ns, Total: 101195 ns
[2025-08-22T13:52:47.688+0000][175][info ][safepoint   ] Safepoint "Cleanup", Time since last: 1451597388 ns, Reaching safepoint: 24383 ns, Cleanup: 91961 ns, At safepoint: 4228 ns, Total: 120572 ns
[2025-08-22T13:52:49.241+0000][175][info ][safepoint   ] Safepoint "Cleanup", Time since last: 1552309381 ns, Reaching safepoint: 35650 ns, Cleanup: 84212 ns, At safepoint: 6140 ns, Total: 126002 ns
[2025-08-22T13:52:50.244+0000][175][info ][safepoint   ] Safepoint "Cleanup", Time since last: 1003134583 ns, Reaching safepoint: 24433 ns, Cleanup: 38393 ns, At safepoint: 3362 ns, Total: 66188 ns
[2025-08-22T13:52:51.698+0000][175][info ][safepoint   ] Safepoint "Cleanup", Time since last: 1454106549 ns, Reaching safepoint: 7859 ns, Cleanup: 55823 ns, At safepoint: 3850 ns, Total: 67532 ns
[2025-08-22T13:52:52.704+0000][175][info ][safepoint   ] Safepoint "Cleanup", Time since last: 1005855942 ns, Reaching safepoint: 17739 ns, Cleanup: 22008 ns, At safepoint: 2358 ns, Total: 42105 ns
[2025-08-22T13:52:54.579+0000][175][info ][safepoint   ] Safepoint "Cleanup", Time since last: 1875369781 ns, Reaching safepoint: 14596 ns, Cleanup: 13125 ns, At safepoint: 1658 ns, Total: 29379 ns
[2025-08-22T13:52:56.401+0000][175][info ][safepoint   ] Safepoint "Cleanup", Time since last: 1821758535 ns, Reaching safepoint: 22701 ns, Cleanup: 108148 ns, At safepoint: 2711 ns, Total: 133560 ns
[2025-08-22T13:52:57.716+0000][175][info ][safepoint   ] Safepoint "Cleanup", Time since last: 1314997310 ns, Reaching safepoint: 22117 ns, Cleanup: 36503 ns, At safepoint: 2835 ns, Total: 61455 ns
[2025-08-22T13:52:58.716+0000][175][info ][safepoint   ] Safepoint "Cleanup", Time since last: 1000110555 ns, Reaching safepoint: 21612 ns, Cleanup: 15823 ns, At safepoint: 2679 ns, Total: 40114 ns
[2025-08-22T13:52:59.716+0000][175][info ][safepoint   ] Safepoint "Cleanup", Time since last: 1000107356 ns, Reaching safepoint: 35944 ns, Cleanup: 21473 ns, At safepoint: 2255 ns, Total: 59672 ns
[2025-08-22T13:53:01.258+0000][175][info ][safepoint   ] Safepoint "Cleanup", Time since last: 1541388426 ns, Reaching safepoint: 7585 ns, Cleanup: 59039 ns, At safepoint: 1827 ns, Total: 68451 ns
[2025-08-22T13:53:02.462+0000][175][info ][safepoint   ] Safepoint "ICBufferFull", Time since last: 1204207519 ns, Reaching safepoint: 19864 ns, Cleanup: 161561 ns, At safepoint: 5770 ns, Total: 187195 ns
[2025-08-22T13:53:03.463+0000][175][info ][safepoint   ] Safepoint "Cleanup", Time since last: 1000105724 ns, Reaching safepoint: 18844 ns, Cleanup: 95621 ns, At safepoint: 6780 ns, Total: 121245 ns
[2025-08-22T13:53:04.463+0000][175][info ][safepoint   ] Safepoint "Cleanup", Time since last: 1000114745 ns, Reaching safepoint: 25614 ns, Cleanup: 30524 ns, At safepoint: 2754 ns, Total: 58892 ns
[2025-08-22T13:53:05.340+0000][175][info ][safepoint   ] Safepoint "ICBufferFull", Time since last: 876725340 ns, Reaching safepoint: 74065 ns, Cleanup: 164881 ns, At safepoint: 9431 ns, Total: 248377 ns
[2025-08-22T13:53:06.713+0000][175][info ][safepoint   ] Safepoint "Cleanup", Time since last: 1372685194 ns, Reaching safepoint: 7312 ns, Cleanup: 121601 ns, At safepoint: 2365 ns, Total: 131278 ns
[2025-08-22T13:53:07.283+0000][175][info ][gc,heap,exit] Heap
[2025-08-22T13:53:07.283+0000][175][info ][gc,heap,exit]  garbage-first heap   total 2097152K, used 1009215K [0x0000000080000000, 0x0000000100000000)
[2025-08-22T13:53:07.283+0000][175][info ][gc,heap,exit]   region size 4096K, 208 young (851968K), 6 survivors (24576K)
[2025-08-22T13:53:07.283+0000][175][info ][gc,heap,exit]  Metaspace       used 149065K, committed 153088K, reserved 1245184K
[2025-08-22T13:53:07.283+0000][175][info ][gc,heap,exit]   class space    used 20351K, committed 22208K, reserved 1048576K
