[2025-08-22T14:05:17.723+0000][157][info][gc,init] CardTable entry size: 512
[2025-08-22T14:05:17.727+0000][157][info][gc     ] Using G1
[2025-08-22T14:05:17.739+0000][157][info][gc,init] Version: 21.0.1+12-29 (release)
[2025-08-22T14:05:17.739+0000][157][info][gc,init] CPUs: 8 total, 8 available
[2025-08-22T14:05:17.739+0000][157][info][gc,init] Memory: 32281M
[2025-08-22T14:05:17.739+0000][157][info][gc,init] Large Page Support: Disabled
[2025-08-22T14:05:17.739+0000][157][info][gc,init] NUMA Support: Disabled
[2025-08-22T14:05:17.739+0000][157][info][gc,init] Compressed Oops: Enabled (32-bit)
[2025-08-22T14:05:17.739+0000][157][info][gc,init] Heap Region Size: 1M
[2025-08-22T14:05:17.739+0000][157][info][gc,init] Heap Min Capacity: 2G
[2025-08-22T14:05:17.739+0000][157][info][gc,init] Heap Initial Capacity: 2G
[2025-08-22T14:05:17.739+0000][157][info][gc,init] Heap Max Capacity: 2G
[2025-08-22T14:05:17.739+0000][157][info][gc,init] Pre-touch: Disabled
[2025-08-22T14:05:17.739+0000][157][info][gc,init] Parallel Workers: 8
[2025-08-22T14:05:17.739+0000][157][info][gc,init] Concurrent Workers: 2
[2025-08-22T14:05:17.739+0000][157][info][gc,init] Concurrent Refinement Workers: 8
[2025-08-22T14:05:17.739+0000][157][info][gc,init] Periodic GC: Disabled
[2025-08-22T14:05:17.747+0000][157][info][gc,metaspace] CDS archive(s) mapped at: [0x00007ba43f000000-0x00007ba43fca5000-0x00007ba43fca5000), size 13258752, SharedBaseAddress: 0x00007ba43f000000, ArchiveRelocationMode: 1.
[2025-08-22T14:05:17.747+0000][157][info][gc,metaspace] Compressed class space mapped at: 0x00007ba440000000-0x00007ba480000000, reserved size: 1073741824
[2025-08-22T14:05:17.747+0000][157][info][gc,metaspace] Narrow klass base: 0x00007ba43f000000, Narrow klass shift: 0, Narrow klass range: 0x100000000
[2025-08-22T14:05:17.787+0000][157][info][gc,heap,exit] Heap
[2025-08-22T14:05:17.787+0000][157][info][gc,heap,exit]  garbage-first heap   total 2097152K, used 3103K [0x0000000080000000, 0x0000000100000000)
[2025-08-22T14:05:17.787+0000][157][info][gc,heap,exit]   region size 1024K, 3 young (3072K), 0 survivors (0K)
[2025-08-22T14:05:17.787+0000][157][info][gc,heap,exit]  Metaspace       used 215K, committed 448K, reserved 1114112K
[2025-08-22T14:05:17.787+0000][157][info][gc,heap,exit]   class space    used 5K, committed 128K, reserved 1048576K
