[2025-08-22T13:49:24.738+0000][175][info][gc,init] CardTable entry size: 512
[2025-08-22T13:49:24.742+0000][175][info][gc     ] Using G1
[2025-08-22T13:49:24.877+0000][175][info][gc,init] Version: 21.0.1+12-29 (release)
[2025-08-22T13:49:24.877+0000][175][info][gc,init] CPUs: 8 total, 8 available
[2025-08-22T13:49:24.877+0000][175][info][gc,init] Memory: 32281M
[2025-08-22T13:49:24.877+0000][175][info][gc,init] Large Page Support: Disabled
[2025-08-22T13:49:24.877+0000][175][info][gc,init] NUMA Support: Disabled
[2025-08-22T13:49:24.877+0000][175][info][gc,init] Compressed Oops: Enabled (32-bit)
[2025-08-22T13:49:24.877+0000][175][info][gc,init] Heap Region Size: 4M
[2025-08-22T13:49:24.877+0000][175][info][gc,init] Heap Min Capacity: 2G
[2025-08-22T13:49:24.877+0000][175][info][gc,init] Heap Initial Capacity: 2G
[2025-08-22T13:49:24.877+0000][175][info][gc,init] Heap Max Capacity: 2G
[2025-08-22T13:49:24.877+0000][175][info][gc,init] Pre-touch: Enabled
[2025-08-22T13:49:24.877+0000][175][info][gc,init] Parallel Workers: 8
[2025-08-22T13:49:24.877+0000][175][info][gc,init] Concurrent Workers: 2
[2025-08-22T13:49:24.877+0000][175][info][gc,init] Concurrent Refinement Workers: 8
[2025-08-22T13:49:24.877+0000][175][info][gc,init] Periodic GC: Disabled
[2025-08-22T13:49:24.884+0000][175][info][gc,metaspace] CDS archive(s) mapped at: [0x00007bbe1b000000-0x00007bbe1bca5000-0x00007bbe1bca5000), size 13258752, SharedBaseAddress: 0x00007bbe1b000000, ArchiveRelocationMode: 1.
[2025-08-22T13:49:24.884+0000][175][info][gc,metaspace] Compressed class space mapped at: 0x00007bbe1c000000-0x00007bbe5c000000, reserved size: 1073741824
[2025-08-22T13:49:24.884+0000][175][info][gc,metaspace] Narrow klass base: 0x00007bbe1b000000, Narrow klass shift: 0, Narrow klass range: 0x100000000
[2025-08-22T13:49:25.054+0000][175][info][safepoint   ] Safepoint "ICBufferFull", Time since last: 164258377 ns, Reaching safepoint: 71735 ns, Cleanup: 93158 ns, At safepoint: 6209 ns, Total: 171102 ns
[2025-08-22T13:49:25.279+0000][175][info][safepoint   ] Safepoint "ICBufferFull", Time since last: 225028746 ns, Reaching safepoint: 3436 ns, Cleanup: 111611 ns, At safepoint: 5038 ns, Total: 120085 ns
[2025-08-22T13:49:25.440+0000][175][info][safepoint   ] Safepoint "ICBufferFull", Time since last: 160863657 ns, Reaching safepoint: 3111 ns, Cleanup: 109262 ns, At safepoint: 1588 ns, Total: 113961 ns
[2025-08-22T13:49:25.853+0000][175][info][safepoint   ] Safepoint "ICBufferFull", Time since last: 412741515 ns, Reaching safepoint: 3601 ns, Cleanup: 123069 ns, At safepoint: 5760 ns, Total: 132430 ns
[2025-08-22T13:49:25.969+0000][175][info][gc,start    ] GC(0) Pause Young (Normal) (G1 Evacuation Pause)
[2025-08-22T13:49:25.969+0000][175][info][gc,task     ] GC(0) Using 8 workers of 8 for evacuation
[2025-08-22T13:49:25.969+0000][175][debug][gc,age      ] GC(0) Desired survivor size 8388608 bytes, new threshold 15 (max threshold 15)
[2025-08-22T13:49:25.973+0000][175][info ][gc,phases   ] GC(0)   Pre Evacuate Collection Set: 0.1ms
[2025-08-22T13:49:25.973+0000][175][info ][gc,phases   ] GC(0)   Merge Heap Roots: 0.0ms
[2025-08-22T13:49:25.973+0000][175][info ][gc,phases   ] GC(0)   Evacuate Collection Set: 2.9ms
[2025-08-22T13:49:25.973+0000][175][info ][gc,phases   ] GC(0)   Post Evacuate Collection Set: 0.5ms
[2025-08-22T13:49:25.973+0000][175][info ][gc,phases   ] GC(0)   Other: 0.0ms
[2025-08-22T13:49:25.973+0000][175][trace][gc,age      ] GC(0) Age table with threshold 15 (max threshold 15)
[2025-08-22T13:49:25.973+0000][175][trace][gc,age      ] GC(0) - age   1:    8522344 bytes,    8522344 total
[2025-08-22T13:49:25.973+0000][175][info ][gc,heap     ] GC(0) Eden regions: 25->0(22)
[2025-08-22T13:49:25.973+0000][175][info ][gc,heap     ] GC(0) Survivor regions: 0->3(4)
[2025-08-22T13:49:25.973+0000][175][info ][gc,heap     ] GC(0) Old regions: 1->1
[2025-08-22T13:49:25.973+0000][175][info ][gc,heap     ] GC(0) Humongous regions: 0->0
[2025-08-22T13:49:25.973+0000][175][info ][gc,metaspace] GC(0) Metaspace: 17881K(18304K)->17881K(18304K) NonClass: 15911K(16128K)->15911K(16128K) Class: 1969K(2176K)->1969K(2176K)
[2025-08-22T13:49:25.973+0000][175][info ][gc          ] GC(0) Pause Young (Normal) (G1 Evacuation Pause) 101M->10M(2048M) 3.832ms
[2025-08-22T13:49:25.973+0000][175][info ][gc,cpu      ] GC(0) User=0.02s Sys=0.00s Real=0.00s
[2025-08-22T13:49:25.973+0000][175][info ][safepoint   ] Safepoint "G1CollectForAllocation", Time since last: 116514392 ns, Reaching safepoint: 3830 ns, Cleanup: 59888 ns, At safepoint: 3868333 ns, Total: 3932051 ns
[2025-08-22T13:49:26.307+0000][175][info ][safepoint   ] Safepoint "ICBufferFull", Time since last: 333539872 ns, Reaching safepoint: 3407 ns, Cleanup: 123894 ns, At safepoint: 1632 ns, Total: 128933 ns
[2025-08-22T13:49:26.423+0000][175][info ][gc,start    ] GC(1) Pause Young (Normal) (G1 Evacuation Pause)
[2025-08-22T13:49:26.423+0000][175][info ][gc,task     ] GC(1) Using 8 workers of 8 for evacuation
[2025-08-22T13:49:26.423+0000][175][debug][gc,age      ] GC(1) Desired survivor size 8388608 bytes, new threshold 1 (max threshold 15)
[2025-08-22T13:49:26.428+0000][175][info ][gc,phases   ] GC(1)   Pre Evacuate Collection Set: 0.1ms
[2025-08-22T13:49:26.428+0000][175][info ][gc,phases   ] GC(1)   Merge Heap Roots: 0.0ms
[2025-08-22T13:49:26.428+0000][175][info ][gc,phases   ] GC(1)   Evacuate Collection Set: 4.1ms
[2025-08-22T13:49:26.428+0000][175][info ][gc,phases   ] GC(1)   Post Evacuate Collection Set: 0.5ms
[2025-08-22T13:49:26.428+0000][175][info ][gc,phases   ] GC(1)   Other: 0.0ms
[2025-08-22T13:49:26.428+0000][175][trace][gc,age      ] GC(1) Age table with threshold 1 (max threshold 15)
[2025-08-22T13:49:26.428+0000][175][trace][gc,age      ] GC(1) - age   1:    3631416 bytes,    3631416 total
[2025-08-22T13:49:26.428+0000][175][info ][gc,heap     ] GC(1) Eden regions: 22->0(47)
[2025-08-22T13:49:26.428+0000][175][info ][gc,heap     ] GC(1) Survivor regions: 3->2(4)
[2025-08-22T13:49:26.428+0000][175][info ][gc,heap     ] GC(1) Old regions: 1->3
[2025-08-22T13:49:26.428+0000][175][info ][gc,heap     ] GC(1) Humongous regions: 0->0
[2025-08-22T13:49:26.428+0000][175][info ][gc,metaspace] GC(1) Metaspace: 19959K(20416K)->19959K(20416K) NonClass: 17792K(18048K)->17792K(18048K) Class: 2166K(2368K)->2166K(2368K)
[2025-08-22T13:49:26.428+0000][175][info ][gc          ] GC(1) Pause Young (Normal) (G1 Evacuation Pause) 98M->12M(2048M) 4.870ms
[2025-08-22T13:49:26.428+0000][175][info ][gc,cpu      ] GC(1) User=0.03s Sys=0.01s Real=0.01s
[2025-08-22T13:49:26.428+0000][175][info ][safepoint   ] Safepoint "G1CollectForAllocation", Time since last: 116240564 ns, Reaching safepoint: 4540 ns, Cleanup: 65650 ns, At safepoint: 4919169 ns, Total: 4989359 ns
[2025-08-22T13:49:26.584+0000][175][info ][gc,start    ] GC(2) Pause Young (Concurrent Start) (Metadata GC Threshold)
[2025-08-22T13:49:26.584+0000][175][info ][gc,task     ] GC(2) Using 8 workers of 8 for evacuation
[2025-08-22T13:49:26.584+0000][175][debug][gc,age      ] GC(2) Desired survivor size 14680064 bytes, new threshold 15 (max threshold 15)
[2025-08-22T13:49:26.586+0000][175][info ][gc,phases   ] GC(2)   Pre Evacuate Collection Set: 0.2ms
[2025-08-22T13:49:26.586+0000][175][info ][gc,phases   ] GC(2)   Merge Heap Roots: 0.0ms
[2025-08-22T13:49:26.586+0000][175][info ][gc,phases   ] GC(2)   Evacuate Collection Set: 1.0ms
[2025-08-22T13:49:26.586+0000][175][info ][gc,phases   ] GC(2)   Post Evacuate Collection Set: 0.3ms
[2025-08-22T13:49:26.586+0000][175][info ][gc,phases   ] GC(2)   Other: 0.1ms
[2025-08-22T13:49:26.586+0000][175][trace][gc,age      ] GC(2) Age table with threshold 15 (max threshold 15)
[2025-08-22T13:49:26.586+0000][175][trace][gc,age      ] GC(2) - age   1:    2099128 bytes,    2099128 total
[2025-08-22T13:49:26.586+0000][175][trace][gc,age      ] GC(2) - age   2:    1587072 bytes,    3686200 total
[2025-08-22T13:49:26.586+0000][175][info ][gc,heap     ] GC(2) Eden regions: 27->0(306)
[2025-08-22T13:49:26.586+0000][175][info ][gc,heap     ] GC(2) Survivor regions: 2->1(7)
[2025-08-22T13:49:26.586+0000][175][info ][gc,heap     ] GC(2) Old regions: 3->3
[2025-08-22T13:49:26.586+0000][175][info ][gc,heap     ] GC(2) Humongous regions: 0->0
[2025-08-22T13:49:26.586+0000][175][info ][gc,metaspace] GC(2) Metaspace: 21014K(21504K)->21014K(21504K) NonClass: 18763K(19008K)->18763K(19008K) Class: 2251K(2496K)->2251K(2496K)
[2025-08-22T13:49:26.586+0000][175][info ][gc          ] GC(2) Pause Young (Concurrent Start) (Metadata GC Threshold) 118M->12M(2048M) 1.783ms
[2025-08-22T13:49:26.586+0000][175][info ][gc,cpu      ] GC(2) User=0.01s Sys=0.00s Real=0.01s
[2025-08-22T13:49:26.586+0000][175][info ][gc          ] GC(3) Concurrent Mark Cycle
[2025-08-22T13:49:26.586+0000][175][info ][gc,marking  ] GC(3) Concurrent Scan Root Regions
[2025-08-22T13:49:26.586+0000][175][info ][safepoint   ] Safepoint "CollectForMetadataAllocation", Time since last: 155701937 ns, Reaching safepoint: 3885 ns, Cleanup: 92328 ns, At safepoint: 1879636 ns, Total: 1975849 ns
[2025-08-22T13:49:26.587+0000][175][info ][gc,marking  ] GC(3) Concurrent Scan Root Regions 1.314ms
[2025-08-22T13:49:26.587+0000][175][info ][gc,marking  ] GC(3) Concurrent Mark
[2025-08-22T13:49:26.587+0000][175][info ][gc,marking  ] GC(3) Concurrent Mark From Roots
[2025-08-22T13:49:26.587+0000][175][info ][gc,task     ] GC(3) Using 2 workers of 2 for marking
[2025-08-22T13:49:26.593+0000][175][info ][gc,marking  ] GC(3) Concurrent Mark From Roots 6.025ms
[2025-08-22T13:49:26.593+0000][175][info ][gc,marking  ] GC(3) Concurrent Preclean
[2025-08-22T13:49:26.593+0000][175][info ][gc,marking  ] GC(3) Concurrent Preclean 0.043ms
[2025-08-22T13:49:26.593+0000][175][info ][gc,start    ] GC(3) Pause Remark
[2025-08-22T13:49:26.597+0000][175][info ][gc          ] GC(3) Pause Remark 14M->14M(2048M) 3.593ms
[2025-08-22T13:49:26.597+0000][175][info ][gc,cpu      ] GC(3) User=0.02s Sys=0.00s Real=0.01s
[2025-08-22T13:49:26.597+0000][175][info ][safepoint   ] Safepoint "G1PauseRemark", Time since last: 7419806 ns, Reaching safepoint: 70993 ns, Cleanup: 12148 ns, At safepoint: 4159228 ns, Total: 4242369 ns
[2025-08-22T13:49:26.597+0000][175][info ][gc,marking  ] GC(3) Concurrent Mark 10.405ms
[2025-08-22T13:49:26.597+0000][175][info ][gc,marking  ] GC(3) Concurrent Rebuild Remembered Sets and Scrub Regions
[2025-08-22T13:49:26.600+0000][175][info ][gc,marking  ] GC(3) Concurrent Rebuild Remembered Sets and Scrub Regions 2.839ms
[2025-08-22T13:49:26.600+0000][175][info ][gc,start    ] GC(3) Pause Cleanup
[2025-08-22T13:49:26.600+0000][175][info ][gc          ] GC(3) Pause Cleanup 14M->14M(2048M) 0.100ms
[2025-08-22T13:49:26.600+0000][175][info ][gc,cpu      ] GC(3) User=0.00s Sys=0.00s Real=0.00s
[2025-08-22T13:49:26.600+0000][175][info ][safepoint   ] Safepoint "G1PauseCleanup", Time since last: 2931477 ns, Reaching safepoint: 53662 ns, Cleanup: 3864 ns, At safepoint: 119462 ns, Total: 176988 ns
[2025-08-22T13:49:26.601+0000][175][info ][gc,marking  ] GC(3) Concurrent Clear Claimed Marks
[2025-08-22T13:49:26.601+0000][175][info ][gc,marking  ] GC(3) Concurrent Clear Claimed Marks 0.018ms
[2025-08-22T13:49:26.601+0000][175][info ][gc,marking  ] GC(3) Concurrent Cleanup for Next Mark
[2025-08-22T13:49:26.603+0000][175][info ][gc,marking  ] GC(3) Concurrent Cleanup for Next Mark 2.118ms
[2025-08-22T13:49:26.603+0000][175][info ][gc          ] GC(3) Concurrent Mark Cycle 17.014ms
[2025-08-22T13:49:26.860+0000][175][info ][safepoint   ] Safepoint "ICBufferFull", Time since last: 259753264 ns, Reaching safepoint: 3255 ns, Cleanup: 151696 ns, At safepoint: 1632 ns, Total: 156583 ns
[2025-08-22T13:49:27.161+0000][175][info ][safepoint   ] Safepoint "ICBufferFull", Time since last: 299977546 ns, Reaching safepoint: 3343 ns, Cleanup: 147348 ns, At safepoint: 4071 ns, Total: 154762 ns
[2025-08-22T13:49:27.673+0000][175][info ][safepoint   ] Safepoint "ICBufferFull", Time since last: 512390170 ns, Reaching safepoint: 5382 ns, Cleanup: 143330 ns, At safepoint: 5732 ns, Total: 154444 ns
[2025-08-22T13:49:27.905+0000][175][info ][gc,start    ] GC(4) Pause Young (Prepare Mixed) (Metadata GC Threshold)
[2025-08-22T13:49:27.905+0000][175][info ][gc,task     ] GC(4) Using 8 workers of 8 for evacuation
[2025-08-22T13:49:27.905+0000][175][debug][gc,age      ] GC(4) Desired survivor size 81788928 bytes, new threshold 15 (max threshold 15)
[2025-08-22T13:49:27.909+0000][175][info ][gc,phases   ] GC(4)   Pre Evacuate Collection Set: 0.1ms
[2025-08-22T13:49:27.909+0000][175][info ][gc,phases   ] GC(4)   Merge Heap Roots: 0.1ms
[2025-08-22T13:49:27.909+0000][175][info ][gc,phases   ] GC(4)   Evacuate Collection Set: 3.7ms
[2025-08-22T13:49:27.909+0000][175][info ][gc,phases   ] GC(4)   Post Evacuate Collection Set: 0.6ms
[2025-08-22T13:49:27.909+0000][175][info ][gc,phases   ] GC(4)   Other: 0.1ms
[2025-08-22T13:49:27.909+0000][175][trace][gc,age      ] GC(4) Age table with threshold 15 (max threshold 15)
[2025-08-22T13:49:27.909+0000][175][trace][gc,age      ] GC(4) - age   1:   16768416 bytes,   16768416 total
[2025-08-22T13:49:27.909+0000][175][trace][gc,age      ] GC(4) - age   2:    2010464 bytes,   18778880 total
[2025-08-22T13:49:27.909+0000][175][trace][gc,age      ] GC(4) - age   3:    1586064 bytes,   20364944 total
[2025-08-22T13:49:27.909+0000][175][info ][gc,heap     ] GC(4) Eden regions: 215->0(191)
[2025-08-22T13:49:27.909+0000][175][info ][gc,heap     ] GC(4) Survivor regions: 1->6(39)
[2025-08-22T13:49:27.909+0000][175][info ][gc,heap     ] GC(4) Old regions: 3->3
[2025-08-22T13:49:27.909+0000][175][info ][gc,heap     ] GC(4) Humongous regions: 0->0
[2025-08-22T13:49:27.909+0000][175][info ][gc,metaspace] GC(4) Metaspace: 35524K(36288K)->35524K(36288K) NonClass: 31513K(31936K)->31513K(31936K) Class: 4010K(4352K)->4010K(4352K)
[2025-08-22T13:49:27.909+0000][175][info ][gc          ] GC(4) Pause Young (Prepare Mixed) (Metadata GC Threshold) 872M->28M(2048M) 4.731ms
[2025-08-22T13:49:27.909+0000][175][info ][gc,cpu      ] GC(4) User=0.03s Sys=0.00s Real=0.01s
[2025-08-22T13:49:27.909+0000][175][info ][safepoint   ] Safepoint "CollectForMetadataAllocation", Time since last: 231329681 ns, Reaching safepoint: 4944 ns, Cleanup: 91360 ns, At safepoint: 4817566 ns, Total: 4913870 ns
[2025-08-22T13:49:28.022+0000][175][info ][gc,start    ] GC(5) Pause Young (Mixed) (Metadata GC Threshold)
[2025-08-22T13:49:28.022+0000][175][info ][gc,task     ] GC(5) Using 8 workers of 8 for evacuation
[2025-08-22T13:49:28.022+0000][175][debug][gc,age      ] GC(5) Desired survivor size 52428800 bytes, new threshold 15 (max threshold 15)
[2025-08-22T13:49:28.029+0000][175][info ][gc,phases   ] GC(5)   Pre Evacuate Collection Set: 0.1ms
[2025-08-22T13:49:28.029+0000][175][info ][gc,phases   ] GC(5)   Merge Heap Roots: 0.1ms
[2025-08-22T13:49:28.029+0000][175][info ][gc,phases   ] GC(5)   Evacuate Collection Set: 5.8ms
[2025-08-22T13:49:28.029+0000][175][info ][gc,phases   ] GC(5)   Post Evacuate Collection Set: 0.6ms
[2025-08-22T13:49:28.029+0000][175][info ][gc,phases   ] GC(5)   Other: 0.0ms
[2025-08-22T13:49:28.029+0000][175][trace][gc,age      ] GC(5) Age table with threshold 15 (max threshold 15)
[2025-08-22T13:49:28.029+0000][175][trace][gc,age      ] GC(5) - age   1:     740480 bytes,     740480 total
[2025-08-22T13:49:28.029+0000][175][trace][gc,age      ] GC(5) - age   2:   16698232 bytes,   17438712 total
[2025-08-22T13:49:28.029+0000][175][trace][gc,age      ] GC(5) - age   3:    2010464 bytes,   19449176 total
[2025-08-22T13:49:28.029+0000][175][trace][gc,age      ] GC(5) - age   4:    1586064 bytes,   21035240 total
[2025-08-22T13:49:28.029+0000][175][info ][gc,heap     ] GC(5) Eden regions: 30->0(161)
[2025-08-22T13:49:28.029+0000][175][info ][gc,heap     ] GC(5) Survivor regions: 6->6(25)
[2025-08-22T13:49:28.029+0000][175][info ][gc,heap     ] GC(5) Old regions: 3->3
[2025-08-22T13:49:28.029+0000][175][info ][gc,heap     ] GC(5) Humongous regions: 0->0
[2025-08-22T13:49:28.029+0000][175][info ][gc,metaspace] GC(5) Metaspace: 35846K(36608K)->35846K(36608K) NonClass: 31794K(32256K)->31794K(32256K) Class: 4051K(4352K)->4051K(4352K)
[2025-08-22T13:49:28.029+0000][175][info ][gc          ] GC(5) Pause Young (Mixed) (Metadata GC Threshold) 146M->30M(2048M) 6.698ms
[2025-08-22T13:49:28.029+0000][175][info ][gc,cpu      ] GC(5) User=0.04s Sys=0.00s Real=0.01s
[2025-08-22T13:49:28.029+0000][175][info ][safepoint   ] Safepoint "CollectForMetadataAllocation", Time since last: 112899029 ns, Reaching safepoint: 4489 ns, Cleanup: 50656 ns, At safepoint: 6800148 ns, Total: 6855293 ns
[2025-08-22T13:49:28.066+0000][175][info ][gc,start    ] GC(6) Pause Young (Concurrent Start) (Metadata GC Threshold)
[2025-08-22T13:49:28.066+0000][175][info ][gc,task     ] GC(6) Using 8 workers of 8 for evacuation
[2025-08-22T13:49:28.066+0000][175][debug][gc,age      ] GC(6) Desired survivor size 44040192 bytes, new threshold 15 (max threshold 15)
[2025-08-22T13:49:28.071+0000][175][info ][gc,phases   ] GC(6)   Pre Evacuate Collection Set: 0.2ms
[2025-08-22T13:49:28.071+0000][175][info ][gc,phases   ] GC(6)   Merge Heap Roots: 0.1ms
[2025-08-22T13:49:28.071+0000][175][info ][gc,phases   ] GC(6)   Evacuate Collection Set: 4.2ms
[2025-08-22T13:49:28.071+0000][175][info ][gc,phases   ] GC(6)   Post Evacuate Collection Set: 0.4ms
[2025-08-22T13:49:28.071+0000][175][info ][gc,phases   ] GC(6)   Other: 0.1ms
[2025-08-22T13:49:28.071+0000][175][trace][gc,age      ] GC(6) Age table with threshold 15 (max threshold 15)
[2025-08-22T13:49:28.071+0000][175][trace][gc,age      ] GC(6) - age   1:     146904 bytes,     146904 total
[2025-08-22T13:49:28.071+0000][175][trace][gc,age      ] GC(6) - age   2:     724224 bytes,     871128 total
[2025-08-22T13:49:28.071+0000][175][trace][gc,age      ] GC(6) - age   3:   16698200 bytes,   17569328 total
[2025-08-22T13:49:28.071+0000][175][trace][gc,age      ] GC(6) - age   4:    2010464 bytes,   19579792 total
[2025-08-22T13:49:28.071+0000][175][trace][gc,age      ] GC(6) - age   5:    1586064 bytes,   21165856 total
[2025-08-22T13:49:28.071+0000][175][info ][gc,heap     ] GC(6) Eden regions: 10->0(301)
[2025-08-22T13:49:28.071+0000][175][info ][gc,heap     ] GC(6) Survivor regions: 6->6(21)
[2025-08-22T13:49:28.071+0000][175][info ][gc,heap     ] GC(6) Old regions: 3->3
[2025-08-22T13:49:28.071+0000][175][info ][gc,heap     ] GC(6) Humongous regions: 0->0
[2025-08-22T13:49:28.071+0000][175][info ][gc,metaspace] GC(6) Metaspace: 36150K(36928K)->36150K(36928K) NonClass: 32058K(32512K)->32058K(32512K) Class: 4092K(4416K)->4092K(4416K)
[2025-08-22T13:49:28.071+0000][175][info ][gc          ] GC(6) Pause Young (Concurrent Start) (Metadata GC Threshold) 68M->29M(2048M) 5.049ms
[2025-08-22T13:49:28.071+0000][175][info ][gc,cpu      ] GC(6) User=0.04s Sys=0.00s Real=0.00s
[2025-08-22T13:49:28.071+0000][175][info ][gc          ] GC(7) Concurrent Mark Cycle
[2025-08-22T13:49:28.071+0000][175][info ][gc,marking  ] GC(7) Concurrent Scan Root Regions
[2025-08-22T13:49:28.071+0000][175][info ][safepoint   ] Safepoint "CollectForMetadataAllocation", Time since last: 36620491 ns, Reaching safepoint: 3731 ns, Cleanup: 3030 ns, At safepoint: 5149357 ns, Total: 5156118 ns
[2025-08-22T13:49:28.074+0000][175][info ][gc,marking  ] GC(7) Concurrent Scan Root Regions 2.904ms
[2025-08-22T13:49:28.074+0000][175][info ][gc,marking  ] GC(7) Concurrent Mark
[2025-08-22T13:49:28.074+0000][175][info ][gc,marking  ] GC(7) Concurrent Mark From Roots
[2025-08-22T13:49:28.074+0000][175][info ][gc,task     ] GC(7) Using 2 workers of 2 for marking
[2025-08-22T13:49:28.078+0000][175][info ][gc,marking  ] GC(7) Concurrent Mark From Roots 4.587ms
[2025-08-22T13:49:28.078+0000][175][info ][gc,marking  ] GC(7) Concurrent Preclean
[2025-08-22T13:49:28.078+0000][175][info ][gc,marking  ] GC(7) Concurrent Preclean 0.035ms
[2025-08-22T13:49:28.078+0000][175][info ][gc,start    ] GC(7) Pause Remark
[2025-08-22T13:49:28.082+0000][175][info ][gc          ] GC(7) Pause Remark 35M->35M(2048M) 3.168ms
[2025-08-22T13:49:28.082+0000][175][info ][gc,cpu      ] GC(7) User=0.02s Sys=0.01s Real=0.00s
[2025-08-22T13:49:28.082+0000][175][info ][safepoint   ] Safepoint "G1PauseRemark", Time since last: 7551855 ns, Reaching safepoint: 71087 ns, Cleanup: 8491 ns, At safepoint: 3211913 ns, Total: 3291491 ns
[2025-08-22T13:49:28.082+0000][175][info ][gc,marking  ] GC(7) Concurrent Mark 7.978ms
[2025-08-22T13:49:28.082+0000][175][info ][gc,marking  ] GC(7) Concurrent Rebuild Remembered Sets and Scrub Regions
[2025-08-22T13:49:28.084+0000][175][info ][gc,marking  ] GC(7) Concurrent Rebuild Remembered Sets and Scrub Regions 2.338ms
[2025-08-22T13:49:28.084+0000][175][info ][gc,start    ] GC(7) Pause Cleanup
[2025-08-22T13:49:28.084+0000][175][info ][gc          ] GC(7) Pause Cleanup 39M->39M(2048M) 0.077ms
[2025-08-22T13:49:28.084+0000][175][info ][gc,cpu      ] GC(7) User=0.00s Sys=0.00s Real=0.00s
[2025-08-22T13:49:28.084+0000][175][info ][safepoint   ] Safepoint "G1PauseCleanup", Time since last: 2410074 ns, Reaching safepoint: 70312 ns, Cleanup: 8890 ns, At safepoint: 97917 ns, Total: 177119 ns
[2025-08-22T13:49:28.084+0000][175][info ][gc,marking  ] GC(7) Concurrent Clear Claimed Marks
[2025-08-22T13:49:28.084+0000][175][info ][gc,marking  ] GC(7) Concurrent Clear Claimed Marks 0.025ms
[2025-08-22T13:49:28.084+0000][175][info ][gc,marking  ] GC(7) Concurrent Cleanup for Next Mark
[2025-08-22T13:49:28.086+0000][175][info ][gc,marking  ] GC(7) Concurrent Cleanup for Next Mark 1.968ms
[2025-08-22T13:49:28.086+0000][175][info ][gc          ] GC(7) Concurrent Mark Cycle 15.515ms
[2025-08-22T13:49:28.633+0000][175][info ][safepoint   ] Safepoint "ICBufferFull", Time since last: 548156140 ns, Reaching safepoint: 72634 ns, Cleanup: 147079 ns, At safepoint: 9841 ns, Total: 229554 ns
[2025-08-22T13:49:29.149+0000][175][info ][safepoint   ] Safepoint "ICBufferFull", Time since last: 515753212 ns, Reaching safepoint: 3963 ns, Cleanup: 157998 ns, At safepoint: 4197 ns, Total: 166158 ns
[2025-08-22T13:49:30.010+0000][175][info ][safepoint   ] Safepoint "ICBufferFull", Time since last: 861387373 ns, Reaching safepoint: 3709 ns, Cleanup: 131226 ns, At safepoint: 3666 ns, Total: 138601 ns
[2025-08-22T13:49:30.159+0000][175][info ][safepoint   ] Safepoint "ICBufferFull", Time since last: 148960548 ns, Reaching safepoint: 4118 ns, Cleanup: 141770 ns, At safepoint: 2050 ns, Total: 147938 ns
[2025-08-22T13:49:30.466+0000][175][info ][gc,start    ] GC(8) Pause Young (Concurrent Start) (Metadata GC Threshold)
[2025-08-22T13:49:30.466+0000][175][info ][gc,task     ] GC(8) Using 8 workers of 8 for evacuation
[2025-08-22T13:49:30.466+0000][175][debug][gc,age      ] GC(8) Desired survivor size 81788928 bytes, new threshold 15 (max threshold 15)
[2025-08-22T13:49:30.478+0000][175][info ][gc,phases   ] GC(8)   Pre Evacuate Collection Set: 0.2ms
[2025-08-22T13:49:30.479+0000][175][info ][gc,phases   ] GC(8)   Merge Heap Roots: 0.1ms
[2025-08-22T13:49:30.479+0000][175][info ][gc,phases   ] GC(8)   Evacuate Collection Set: 10.7ms
[2025-08-22T13:49:30.479+0000][175][info ][gc,phases   ] GC(8)   Post Evacuate Collection Set: 1.2ms
[2025-08-22T13:49:30.479+0000][175][info ][gc,phases   ] GC(8)   Other: 0.1ms
[2025-08-22T13:49:30.479+0000][175][trace][gc,age      ] GC(8) Age table with threshold 15 (max threshold 15)
[2025-08-22T13:49:30.479+0000][175][trace][gc,age      ] GC(8) - age   1:   28761008 bytes,   28761008 total
[2025-08-22T13:49:30.479+0000][175][trace][gc,age      ] GC(8) - age   2:     121888 bytes,   28882896 total
[2025-08-22T13:49:30.479+0000][175][trace][gc,age      ] GC(8) - age   3:     714000 bytes,   29596896 total
[2025-08-22T13:49:30.479+0000][175][trace][gc,age      ] GC(8) - age   4:   16582776 bytes,   46179672 total
[2025-08-22T13:49:30.479+0000][175][trace][gc,age      ] GC(8) - age   5:    2001560 bytes,   48181232 total
[2025-08-22T13:49:30.479+0000][175][trace][gc,age      ] GC(8) - age   6:    1426248 bytes,   49607480 total
[2025-08-22T13:49:30.479+0000][175][info ][gc,heap     ] GC(8) Eden regions: 202->0(294)
[2025-08-22T13:49:30.479+0000][175][info ][gc,heap     ] GC(8) Survivor regions: 6->13(39)
[2025-08-22T13:49:30.479+0000][175][info ][gc,heap     ] GC(8) Old regions: 3->3
[2025-08-22T13:49:30.479+0000][175][info ][gc,heap     ] GC(8) Humongous regions: 0->0
[2025-08-22T13:49:30.479+0000][175][info ][gc,metaspace] GC(8) Metaspace: 60296K(61696K)->60296K(61696K) NonClass: 52883K(53696K)->52883K(53696K) Class: 7412K(8000K)->7412K(8000K)
[2025-08-22T13:49:30.479+0000][175][info ][gc          ] GC(8) Pause Young (Concurrent Start) (Metadata GC Threshold) 837M->59M(2048M) 12.401ms
[2025-08-22T13:49:30.479+0000][175][info ][gc,cpu      ] GC(8) User=0.09s Sys=0.00s Real=0.01s
[2025-08-22T13:49:30.479+0000][175][info ][gc          ] GC(9) Concurrent Mark Cycle
[2025-08-22T13:49:30.479+0000][175][info ][gc,marking  ] GC(9) Concurrent Scan Root Regions
[2025-08-22T13:49:30.479+0000][175][info ][safepoint   ] Safepoint "CollectForMetadataAllocation", Time since last: 306865189 ns, Reaching safepoint: 4460 ns, Cleanup: 94919 ns, At safepoint: 12505630 ns, Total: 12605009 ns
[2025-08-22T13:49:30.490+0000][175][info ][gc,marking  ] GC(9) Concurrent Scan Root Regions 11.168ms
[2025-08-22T13:49:30.490+0000][175][info ][gc,marking  ] GC(9) Concurrent Mark
[2025-08-22T13:49:30.490+0000][175][info ][gc,marking  ] GC(9) Concurrent Mark From Roots
[2025-08-22T13:49:30.490+0000][175][info ][gc,task     ] GC(9) Using 2 workers of 2 for marking
[2025-08-22T13:49:30.492+0000][175][info ][safepoint   ] Safepoint "CollectForMetadataAllocation", Time since last: 13463796 ns, Reaching safepoint: 23075 ns, Cleanup: 5917 ns, At safepoint: 54815 ns, Total: 83807 ns
[2025-08-22T13:49:30.494+0000][175][info ][gc,marking  ] GC(9) Concurrent Mark From Roots 4.234ms
[2025-08-22T13:49:30.494+0000][175][info ][gc,marking  ] GC(9) Concurrent Preclean
[2025-08-22T13:49:30.494+0000][175][info ][gc,marking  ] GC(9) Concurrent Preclean 0.047ms
[2025-08-22T13:49:30.494+0000][175][info ][gc,start    ] GC(9) Pause Remark
[2025-08-22T13:49:30.498+0000][175][info ][gc          ] GC(9) Pause Remark 65M->65M(2048M) 3.534ms
[2025-08-22T13:49:30.498+0000][175][info ][gc,cpu      ] GC(9) User=0.01s Sys=0.00s Real=0.01s
[2025-08-22T13:49:30.498+0000][175][info ][safepoint   ] Safepoint "G1PauseRemark", Time since last: 1931036 ns, Reaching safepoint: 72960 ns, Cleanup: 1862 ns, At safepoint: 3577383 ns, Total: 3652205 ns
[2025-08-22T13:49:30.498+0000][175][info ][gc,marking  ] GC(9) Concurrent Mark 7.994ms
[2025-08-22T13:49:30.498+0000][175][info ][gc,marking  ] GC(9) Concurrent Rebuild Remembered Sets and Scrub Regions
[2025-08-22T13:49:30.500+0000][175][info ][gc,marking  ] GC(9) Concurrent Rebuild Remembered Sets and Scrub Regions 1.703ms
[2025-08-22T13:49:30.500+0000][175][info ][gc,start    ] GC(9) Pause Cleanup
[2025-08-22T13:49:30.500+0000][175][info ][gc          ] GC(9) Pause Cleanup 65M->65M(2048M) 0.061ms
[2025-08-22T13:49:30.500+0000][175][info ][gc,cpu      ] GC(9) User=0.00s Sys=0.00s Real=0.00s
[2025-08-22T13:49:30.500+0000][175][info ][safepoint   ] Safepoint "G1PauseCleanup", Time since last: 1763147 ns, Reaching safepoint: 72366 ns, Cleanup: 8058 ns, At safepoint: 75545 ns, Total: 155969 ns
[2025-08-22T13:49:30.500+0000][175][info ][gc,marking  ] GC(9) Concurrent Clear Claimed Marks
[2025-08-22T13:49:30.500+0000][175][info ][gc,marking  ] GC(9) Concurrent Clear Claimed Marks 0.049ms
[2025-08-22T13:49:30.500+0000][175][info ][gc,marking  ] GC(9) Concurrent Cleanup for Next Mark
[2025-08-22T13:49:30.502+0000][175][info ][gc,marking  ] GC(9) Concurrent Cleanup for Next Mark 1.888ms
[2025-08-22T13:49:30.502+0000][175][info ][gc          ] GC(9) Concurrent Mark Cycle 23.082ms
[2025-08-22T13:49:31.500+0000][175][info ][safepoint   ] Safepoint "Cleanup", Time since last: 1000072416 ns, Reaching safepoint: 71895 ns, Cleanup: 116767 ns, At safepoint: 4085 ns, Total: 192747 ns
[2025-08-22T13:49:32.282+0000][175][info ][safepoint   ] Safepoint "ICBufferFull", Time since last: 782003218 ns, Reaching safepoint: 4760 ns, Cleanup: 154380 ns, At safepoint: 1991 ns, Total: 161131 ns
[2025-08-22T13:49:33.255+0000][175][info ][safepoint   ] Safepoint "ICBufferFull", Time since last: 972499287 ns, Reaching safepoint: 3985 ns, Cleanup: 147737 ns, At safepoint: 1889 ns, Total: 153611 ns
[2025-08-22T13:49:33.408+0000][175][info ][gc,start    ] GC(10) Pause Young (Concurrent Start) (Metadata GC Threshold)
[2025-08-22T13:49:33.408+0000][175][info ][gc,task     ] GC(10) Using 8 workers of 8 for evacuation
[2025-08-22T13:49:33.408+0000][175][debug][gc,age      ] GC(10) Desired survivor size 81788928 bytes, new threshold 15 (max threshold 15)
[2025-08-22T13:49:33.427+0000][175][info ][gc,phases   ] GC(10)   Pre Evacuate Collection Set: 0.1ms
[2025-08-22T13:49:33.427+0000][175][info ][gc,phases   ] GC(10)   Merge Heap Roots: 0.1ms
[2025-08-22T13:49:33.427+0000][175][info ][gc,phases   ] GC(10)   Evacuate Collection Set: 17.1ms
[2025-08-22T13:49:33.427+0000][175][info ][gc,phases   ] GC(10)   Post Evacuate Collection Set: 1.4ms
[2025-08-22T13:49:33.427+0000][175][info ][gc,phases   ] GC(10)   Other: 0.1ms
[2025-08-22T13:49:33.427+0000][175][trace][gc,age      ] GC(10) Age table with threshold 15 (max threshold 15)
[2025-08-22T13:49:33.427+0000][175][trace][gc,age      ] GC(10) - age   1:   16402880 bytes,   16402880 total
[2025-08-22T13:49:33.427+0000][175][trace][gc,age      ] GC(10) - age   2:   28132264 bytes,   44535144 total
[2025-08-22T13:49:33.427+0000][175][trace][gc,age      ] GC(10) - age   3:     120152 bytes,   44655296 total
[2025-08-22T13:49:33.427+0000][175][trace][gc,age      ] GC(10) - age   4:     710120 bytes,   45365416 total
[2025-08-22T13:49:33.427+0000][175][trace][gc,age      ] GC(10) - age   5:   16530992 bytes,   61896408 total
[2025-08-22T13:49:33.427+0000][175][trace][gc,age      ] GC(10) - age   6:    1999464 bytes,   63895872 total
[2025-08-22T13:49:33.427+0000][175][trace][gc,age      ] GC(10) - age   7:    1417032 bytes,   65312904 total
[2025-08-22T13:49:33.427+0000][175][info ][gc,heap     ] GC(10) Eden regions: 175->0(290)
[2025-08-22T13:49:33.427+0000][175][info ][gc,heap     ] GC(10) Survivor regions: 13->17(39)
[2025-08-22T13:49:33.427+0000][175][info ][gc,heap     ] GC(10) Old regions: 3->3
[2025-08-22T13:49:33.427+0000][175][info ][gc,heap     ] GC(10) Humongous regions: 0->0
[2025-08-22T13:49:33.427+0000][175][info ][gc,metaspace] GC(10) Metaspace: 101735K(103488K)->101735K(103488K) NonClass: 88427K(89408K)->88427K(89408K) Class: 13308K(14080K)->13308K(14080K)
[2025-08-22T13:49:33.427+0000][175][info ][gc          ] GC(10) Pause Young (Concurrent Start) (Metadata GC Threshold) 757M->75M(2048M) 18.889ms
[2025-08-22T13:49:33.427+0000][175][info ][gc,cpu      ] GC(10) User=0.13s Sys=0.00s Real=0.02s
[2025-08-22T13:49:33.427+0000][175][info ][gc          ] GC(11) Concurrent Mark Cycle
[2025-08-22T13:49:33.427+0000][175][info ][gc,marking  ] GC(11) Concurrent Scan Root Regions
[2025-08-22T13:49:33.427+0000][175][info ][safepoint   ] Safepoint "CollectForMetadataAllocation", Time since last: 153278547 ns, Reaching safepoint: 4375 ns, Cleanup: 73590 ns, At safepoint: 19018488 ns, Total: 19096453 ns
[2025-08-22T13:49:33.444+0000][175][info ][gc,marking  ] GC(11) Concurrent Scan Root Regions 16.403ms
[2025-08-22T13:49:33.444+0000][175][info ][gc,marking  ] GC(11) Concurrent Mark
[2025-08-22T13:49:33.444+0000][175][info ][gc,marking  ] GC(11) Concurrent Mark From Roots
[2025-08-22T13:49:33.444+0000][175][info ][gc,task     ] GC(11) Using 2 workers of 2 for marking
[2025-08-22T13:49:33.447+0000][175][info ][safepoint   ] Safepoint "CollectForMetadataAllocation", Time since last: 19244258 ns, Reaching safepoint: 291907 ns, Cleanup: 7845 ns, At safepoint: 60421 ns, Total: 360173 ns
[2025-08-22T13:49:33.448+0000][175][info ][gc,marking  ] GC(11) Concurrent Mark From Roots 4.361ms
[2025-08-22T13:49:33.448+0000][175][info ][gc,marking  ] GC(11) Concurrent Preclean
[2025-08-22T13:49:33.448+0000][175][info ][gc,marking  ] GC(11) Concurrent Preclean 0.043ms
[2025-08-22T13:49:33.448+0000][175][info ][gc,start    ] GC(11) Pause Remark
[2025-08-22T13:49:33.453+0000][175][info ][gc          ] GC(11) Pause Remark 83M->83M(2048M) 4.588ms
[2025-08-22T13:49:33.453+0000][175][info ][gc,cpu      ] GC(11) User=0.02s Sys=0.00s Real=0.00s
[2025-08-22T13:49:33.453+0000][175][info ][safepoint   ] Safepoint "G1PauseRemark", Time since last: 1209027 ns, Reaching safepoint: 69351 ns, Cleanup: 1023 ns, At safepoint: 4631361 ns, Total: 4701735 ns
[2025-08-22T13:49:33.453+0000][175][info ][gc,marking  ] GC(11) Concurrent Mark 9.168ms
[2025-08-22T13:49:33.453+0000][175][info ][gc,marking  ] GC(11) Concurrent Rebuild Remembered Sets and Scrub Regions
[2025-08-22T13:49:33.454+0000][175][info ][gc,marking  ] GC(11) Concurrent Rebuild Remembered Sets and Scrub Regions 1.740ms
[2025-08-22T13:49:33.455+0000][175][info ][gc,start    ] GC(11) Pause Cleanup
[2025-08-22T13:49:33.455+0000][175][info ][gc          ] GC(11) Pause Cleanup 83M->83M(2048M) 0.061ms
[2025-08-22T13:49:33.455+0000][175][info ][gc,cpu      ] GC(11) User=0.00s Sys=0.00s Real=0.00s
[2025-08-22T13:49:33.455+0000][175][info ][safepoint   ] Safepoint "G1PauseCleanup", Time since last: 1812287 ns, Reaching safepoint: 131402 ns, Cleanup: 8332 ns, At safepoint: 75848 ns, Total: 215582 ns
[2025-08-22T13:49:33.455+0000][175][info ][gc,marking  ] GC(11) Concurrent Clear Claimed Marks
[2025-08-22T13:49:33.455+0000][175][info ][gc,marking  ] GC(11) Concurrent Clear Claimed Marks 0.059ms
[2025-08-22T13:49:33.455+0000][175][info ][gc,marking  ] GC(11) Concurrent Cleanup for Next Mark
[2025-08-22T13:49:33.457+0000][175][info ][gc,marking  ] GC(11) Concurrent Cleanup for Next Mark 1.916ms
[2025-08-22T13:49:33.457+0000][175][info ][gc          ] GC(11) Concurrent Mark Cycle 29.642ms
[2025-08-22T13:49:34.150+0000][175][info ][safepoint   ] Safepoint "ICBufferFull", Time since last: 695208657 ns, Reaching safepoint: 6720 ns, Cleanup: 158263 ns, At safepoint: 2342 ns, Total: 167325 ns
[2025-08-22T13:49:34.451+0000][175][info ][safepoint   ] Safepoint "ICBufferFull", Time since last: 300430682 ns, Reaching safepoint: 5185 ns, Cleanup: 137585 ns, At safepoint: 2088 ns, Total: 144858 ns
[2025-08-22T13:49:34.538+0000][175][info ][safepoint   ] Safepoint "ICBufferFull", Time since last: 86728692 ns, Reaching safepoint: 4743 ns, Cleanup: 108698 ns, At safepoint: 1908 ns, Total: 115349 ns
[2025-08-22T13:49:34.646+0000][175][info ][safepoint   ] Safepoint "ICBufferFull", Time since last: 108566765 ns, Reaching safepoint: 73390 ns, Cleanup: 90880 ns, At safepoint: 4311 ns, Total: 168581 ns
[2025-08-22T13:49:34.731+0000][175][info ][safepoint   ] Safepoint "ICBufferFull", Time since last: 84172537 ns, Reaching safepoint: 3996 ns, Cleanup: 110664 ns, At safepoint: 3712 ns, Total: 118372 ns
[2025-08-22T13:49:34.874+0000][175][info ][safepoint   ] Safepoint "ICBufferFull", Time since last: 143209481 ns, Reaching safepoint: 4565 ns, Cleanup: 162535 ns, At safepoint: 1592 ns, Total: 168692 ns
[2025-08-22T13:49:35.150+0000][175][info ][safepoint   ] Safepoint "ICBufferFull", Time since last: 276063232 ns, Reaching safepoint: 6217 ns, Cleanup: 160776 ns, At safepoint: 6031 ns, Total: 173024 ns
[2025-08-22T13:49:35.332+0000][175][info ][safepoint   ] Safepoint "ICBufferFull", Time since last: 182046329 ns, Reaching safepoint: 80535 ns, Cleanup: 136929 ns, At safepoint: 4414 ns, Total: 221878 ns
[2025-08-22T13:49:35.553+0000][175][info ][safepoint   ] Safepoint "ICBufferFull", Time since last: 220187987 ns, Reaching safepoint: 74726 ns, Cleanup: 127750 ns, At safepoint: 11390 ns, Total: 213866 ns
[2025-08-22T13:49:35.675+0000][175][info ][safepoint   ] Safepoint "ICBufferFull", Time since last: 121683631 ns, Reaching safepoint: 74851 ns, Cleanup: 136603 ns, At safepoint: 7901 ns, Total: 219355 ns
[2025-08-22T13:49:35.787+0000][175][info ][safepoint   ] Safepoint "ICBufferFull", Time since last: 110165337 ns, Reaching safepoint: 2104495 ns, Cleanup: 117285 ns, At safepoint: 5498 ns, Total: 2227278 ns
[2025-08-22T13:49:35.895+0000][175][info ][safepoint   ] Safepoint "ICBufferFull", Time since last: 107428900 ns, Reaching safepoint: 202079 ns, Cleanup: 137177 ns, At safepoint: 12980 ns, Total: 352236 ns
[2025-08-22T13:49:36.066+0000][175][info ][safepoint   ] Safepoint "ICBufferFull", Time since last: 170452032 ns, Reaching safepoint: 89187 ns, Cleanup: 151794 ns, At safepoint: 15603 ns, Total: 256584 ns
[2025-08-22T13:49:36.208+0000][175][info ][safepoint   ] Safepoint "ICBufferFull", Time since last: 141900240 ns, Reaching safepoint: 9338 ns, Cleanup: 148950 ns, At safepoint: 5526 ns, Total: 163814 ns
[2025-08-22T13:49:36.291+0000][175][info ][safepoint   ] Safepoint "ICBufferFull", Time since last: 82555478 ns, Reaching safepoint: 120565 ns, Cleanup: 139555 ns, At safepoint: 10674 ns, Total: 270794 ns
[2025-08-22T13:49:36.359+0000][175][info ][safepoint   ] Safepoint "ICBufferFull", Time since last: 68459226 ns, Reaching safepoint: 8207 ns, Cleanup: 151991 ns, At safepoint: 6396 ns, Total: 166594 ns
[2025-08-22T13:49:36.611+0000][175][info ][safepoint   ] Safepoint "ICBufferFull", Time since last: 251513167 ns, Reaching safepoint: 110752 ns, Cleanup: 133680 ns, At safepoint: 10160 ns, Total: 254592 ns
[2025-08-22T13:49:36.896+0000][175][info ][safepoint   ] Safepoint "ICBufferFull", Time since last: 285228615 ns, Reaching safepoint: 77604 ns, Cleanup: 179139 ns, At safepoint: 9008 ns, Total: 265751 ns
[2025-08-22T13:49:37.424+0000][175][info ][safepoint   ] Safepoint "ICBufferFull", Time since last: 527610944 ns, Reaching safepoint: 10741 ns, Cleanup: 159706 ns, At safepoint: 2142 ns, Total: 172589 ns
[2025-08-22T13:49:38.072+0000][175][info ][safepoint   ] Safepoint "ICBufferFull", Time since last: 646300179 ns, Reaching safepoint: 908632 ns, Cleanup: 175887 ns, At safepoint: 6005 ns, Total: 1090524 ns
[2025-08-22T13:49:39.424+0000][175][info ][safepoint   ] Safepoint "Cleanup", Time since last: 1352219747 ns, Reaching safepoint: 18968 ns, Cleanup: 111127 ns, At safepoint: 2431 ns, Total: 132526 ns
[2025-08-22T13:49:40.424+0000][175][info ][safepoint   ] Safepoint "Cleanup", Time since last: 1000117365 ns, Reaching safepoint: 19647 ns, Cleanup: 18971 ns, At safepoint: 2742 ns, Total: 41360 ns
[2025-08-22T13:49:41.304+0000][175][info ][safepoint   ] Safepoint "ICBufferFull", Time since last: 879659835 ns, Reaching safepoint: 84958 ns, Cleanup: 142367 ns, At safepoint: 10573 ns, Total: 237898 ns
[2025-08-22T13:49:41.455+0000][175][info ][gc,start    ] GC(12) Pause Young (Normal) (G1 Evacuation Pause)
[2025-08-22T13:49:41.456+0000][175][info ][gc,task     ] GC(12) Using 8 workers of 8 for evacuation
[2025-08-22T13:49:41.456+0000][175][debug][gc,age      ] GC(12) Desired survivor size 81788928 bytes, new threshold 15 (max threshold 15)
[2025-08-22T13:49:41.539+0000][175][info ][gc,phases   ] GC(12)   Pre Evacuate Collection Set: 0.2ms
[2025-08-22T13:49:41.540+0000][175][info ][gc,phases   ] GC(12)   Merge Heap Roots: 0.1ms
[2025-08-22T13:49:41.540+0000][175][info ][gc,phases   ] GC(12)   Evacuate Collection Set: 75.5ms
[2025-08-22T13:49:41.540+0000][175][info ][gc,phases   ] GC(12)   Post Evacuate Collection Set: 8.0ms
[2025-08-22T13:49:41.540+0000][175][info ][gc,phases   ] GC(12)   Other: 0.1ms
[2025-08-22T13:49:41.540+0000][175][trace][gc,age      ] GC(12) Age table with threshold 15 (max threshold 15)
[2025-08-22T13:49:41.540+0000][175][trace][gc,age      ] GC(12) - age   1:   73992808 bytes,   73992808 total
[2025-08-22T13:49:41.540+0000][175][trace][gc,age      ] GC(12) - age   2:   15362920 bytes,   89355728 total
[2025-08-22T13:49:41.540+0000][175][trace][gc,age      ] GC(12) - age   3:   27992096 bytes,  117347824 total
[2025-08-22T13:49:41.540+0000][175][trace][gc,age      ] GC(12) - age   4:     119992 bytes,  117467816 total
[2025-08-22T13:49:41.540+0000][175][trace][gc,age      ] GC(12) - age   5:     709240 bytes,  118177056 total
[2025-08-22T13:49:41.540+0000][175][trace][gc,age      ] GC(12) - age   6:   16515664 bytes,  134692720 total
[2025-08-22T13:49:41.540+0000][175][trace][gc,age      ] GC(12) - age   7:    1997504 bytes,  136690224 total
[2025-08-22T13:49:41.540+0000][175][trace][gc,age      ] GC(12) - age   8:    1416360 bytes,  138106584 total
[2025-08-22T13:49:41.540+0000][175][info ][gc,heap     ] GC(12) Eden regions: 290->0(166)
[2025-08-22T13:49:41.540+0000][175][info ][gc,heap     ] GC(12) Survivor regions: 17->35(39)
[2025-08-22T13:49:41.540+0000][175][info ][gc,heap     ] GC(12) Old regions: 3->3
[2025-08-22T13:49:41.540+0000][175][info ][gc,heap     ] GC(12) Humongous regions: 2->2
[2025-08-22T13:49:41.540+0000][175][info ][gc,metaspace] GC(12) Metaspace: 138335K(141888K)->138335K(141888K) NonClass: 119315K(121216K)->119315K(121216K) Class: 19019K(20672K)->19019K(20672K)
[2025-08-22T13:49:41.540+0000][175][info ][gc          ] GC(12) Pause Young (Normal) (G1 Evacuation Pause) 1243M->155M(2048M) 84.133ms
[2025-08-22T13:49:41.540+0000][175][info ][gc,cpu      ] GC(12) User=0.23s Sys=0.00s Real=0.08s
[2025-08-22T13:49:41.540+0000][175][info ][safepoint   ] Safepoint "G1CollectForAllocation", Time since last: 151390922 ns, Reaching safepoint: 17640 ns, Cleanup: 45676 ns, At safepoint: 84221371 ns, Total: 84284687 ns
[2025-08-22T13:49:42.609+0000][175][info ][safepoint   ] Safepoint "Cleanup", Time since last: 1069198640 ns, Reaching safepoint: 22373 ns, Cleanup: 95220 ns, At safepoint: 2792 ns, Total: 120385 ns
[2025-08-22T13:49:43.609+0000][175][info ][safepoint   ] Safepoint "Cleanup", Time since last: 1000111200 ns, Reaching safepoint: 21006 ns, Cleanup: 38348 ns, At safepoint: 2375 ns, Total: 61729 ns
[2025-08-22T13:49:44.671+0000][175][info ][safepoint   ] Safepoint "ICBufferFull", Time since last: 1061614952 ns, Reaching safepoint: 18002 ns, Cleanup: 172438 ns, At safepoint: 1788 ns, Total: 192228 ns
[2025-08-22T13:49:44.912+0000][175][info ][safepoint   ] Safepoint "ICBufferFull", Time since last: 241250483 ns, Reaching safepoint: 20806 ns, Cleanup: 169629 ns, At safepoint: 2720 ns, Total: 193155 ns
[2025-08-22T13:49:45.993+0000][175][info ][safepoint   ] Safepoint "ICBufferFull", Time since last: 1079095500 ns, Reaching safepoint: 1055632 ns, Cleanup: 148336 ns, At safepoint: 14524 ns, Total: 1218492 ns
[2025-08-22T13:49:46.003+0000][175][info ][safepoint   ] Safepoint "ICBufferFull", Time since last: 9682988 ns, Reaching safepoint: 88222 ns, Cleanup: 9141 ns, At safepoint: 7613 ns, Total: 104976 ns
[2025-08-22T13:49:47.065+0000][175][info ][safepoint   ] Safepoint "Cleanup", Time since last: 1062819631 ns, Reaching safepoint: 21889 ns, Cleanup: 117664 ns, At safepoint: 3237 ns, Total: 142790 ns
[2025-08-22T13:49:48.066+0000][175][info ][safepoint   ] Safepoint "Cleanup", Time since last: 1000112161 ns, Reaching safepoint: 40524 ns, Cleanup: 40407 ns, At safepoint: 2637 ns, Total: 83568 ns
[2025-08-22T13:49:50.066+0000][175][info ][safepoint   ] Safepoint "Cleanup", Time since last: 2000168273 ns, Reaching safepoint: 23235 ns, Cleanup: 71145 ns, At safepoint: 2128 ns, Total: 96508 ns
[2025-08-22T13:49:51.066+0000][175][info ][safepoint   ] Safepoint "Cleanup", Time since last: 1000103811 ns, Reaching safepoint: 23503 ns, Cleanup: 36585 ns, At safepoint: 6903 ns, Total: 66991 ns
[2025-08-22T13:49:52.090+0000][175][info ][safepoint   ] Safepoint "Cleanup", Time since last: 1023681998 ns, Reaching safepoint: 23260 ns, Cleanup: 74872 ns, At safepoint: 2310 ns, Total: 100442 ns
[2025-08-22T13:49:53.090+0000][175][info ][safepoint   ] Safepoint "Cleanup", Time since last: 1000105430 ns, Reaching safepoint: 152084 ns, Cleanup: 25450 ns, At safepoint: 9322 ns, Total: 186856 ns
[2025-08-22T13:49:53.831+0000][175][info ][safepoint   ] Safepoint "ICBufferFull", Time since last: 740800870 ns, Reaching safepoint: 17413 ns, Cleanup: 160713 ns, At safepoint: 8514 ns, Total: 186640 ns
[2025-08-22T13:49:53.832+0000][175][info ][safepoint   ] Safepoint "ICBufferFull", Time since last: 597058 ns, Reaching safepoint: 76727 ns, Cleanup: 10860 ns, At safepoint: 8503 ns, Total: 96090 ns
[2025-08-22T13:49:53.834+0000][175][info ][safepoint   ] Safepoint "ICBufferFull", Time since last: 578208 ns, Reaching safepoint: 201479 ns, Cleanup: 8030 ns, At safepoint: 1437736 ns, Total: 1647245 ns
[2025-08-22T13:49:54.170+0000][175][info ][safepoint   ] Safepoint "ICBufferFull", Time since last: 335586328 ns, Reaching safepoint: 16707 ns, Cleanup: 145232 ns, At safepoint: 3549 ns, Total: 165488 ns
[2025-08-22T13:49:54.424+0000][175][info ][safepoint   ] Safepoint "ICBufferFull", Time since last: 253906034 ns, Reaching safepoint: 17346 ns, Cleanup: 149242 ns, At safepoint: 11736 ns, Total: 178324 ns
[2025-08-22T13:49:54.519+0000][175][info ][safepoint   ] Safepoint "ICBufferFull", Time since last: 94523237 ns, Reaching safepoint: 84559 ns, Cleanup: 168926 ns, At safepoint: 8874 ns, Total: 262359 ns
[2025-08-22T13:49:55.778+0000][175][info ][safepoint   ] Safepoint "ICBufferFull", Time since last: 1258161267 ns, Reaching safepoint: 850625 ns, Cleanup: 131189 ns, At safepoint: 17020 ns, Total: 998834 ns
[2025-08-22T13:49:55.779+0000][175][info ][safepoint   ] Safepoint "ICBufferFull", Time since last: 685195 ns, Reaching safepoint: 213393 ns, Cleanup: 9275 ns, At safepoint: 21619 ns, Total: 244287 ns
[2025-08-22T13:49:55.786+0000][175][info ][safepoint   ] Safepoint "ICBufferFull", Time since last: 3943335 ns, Reaching safepoint: 87117 ns, Cleanup: 23516 ns, At safepoint: 2997919 ns, Total: 3108552 ns
[2025-08-22T13:49:55.789+0000][175][info ][safepoint   ] Safepoint "ICBufferFull", Time since last: 1675886 ns, Reaching safepoint: 211724 ns, Cleanup: 18722 ns, At safepoint: 755945 ns, Total: 986391 ns
[2025-08-22T13:49:55.792+0000][175][info ][safepoint   ] Safepoint "ICBufferFull", Time since last: 3209765 ns, Reaching safepoint: 82368 ns, Cleanup: 10581 ns, At safepoint: 14950 ns, Total: 107899 ns
[2025-08-22T13:49:55.796+0000][175][info ][safepoint   ] Safepoint "ICBufferFull", Time since last: 3717341 ns, Reaching safepoint: 85783 ns, Cleanup: 7903 ns, At safepoint: 24861 ns, Total: 118547 ns
[2025-08-22T13:49:55.800+0000][175][info ][safepoint   ] Safepoint "ICBufferFull", Time since last: 3722483 ns, Reaching safepoint: 80962 ns, Cleanup: 7412 ns, At safepoint: 25129 ns, Total: 113503 ns
[2025-08-22T13:49:55.924+0000][175][info ][gc,start    ] GC(13) Pause Young (Concurrent Start) (CodeCache GC Threshold)
[2025-08-22T13:49:55.924+0000][175][info ][gc,task     ] GC(13) Using 8 workers of 8 for evacuation
[2025-08-22T13:49:55.924+0000][175][debug][gc,age      ] GC(13) Desired survivor size 54525952 bytes, new threshold 1 (max threshold 15)
[2025-08-22T13:49:55.964+0000][175][info ][gc,phases   ] GC(13)   Pre Evacuate Collection Set: 0.2ms
[2025-08-22T13:49:55.964+0000][175][info ][gc,phases   ] GC(13)   Merge Heap Roots: 0.1ms
[2025-08-22T13:49:55.964+0000][175][info ][gc,phases   ] GC(13)   Evacuate Collection Set: 37.5ms
[2025-08-22T13:49:55.964+0000][175][info ][gc,phases   ] GC(13)   Post Evacuate Collection Set: 1.9ms
[2025-08-22T13:49:55.964+0000][175][info ][gc,phases   ] GC(13)   Other: 0.1ms
[2025-08-22T13:49:55.964+0000][175][trace][gc,age      ] GC(13) Age table with threshold 1 (max threshold 15)
[2025-08-22T13:49:55.964+0000][175][trace][gc,age      ] GC(13) - age   1:   20533208 bytes,   20533208 total
[2025-08-22T13:49:55.964+0000][175][info ][gc,heap     ] GC(13) Eden regions: 106->0(299)
[2025-08-22T13:49:55.964+0000][175][info ][gc,heap     ] GC(13) Survivor regions: 35->8(26)
[2025-08-22T13:49:55.964+0000][175][info ][gc,heap     ] GC(13) Old regions: 3->34
[2025-08-22T13:49:55.964+0000][175][info ][gc,heap     ] GC(13) Humongous regions: 2->2
[2025-08-22T13:49:55.964+0000][175][info ][gc,metaspace] GC(13) Metaspace: 145403K(149248K)->145403K(149248K) NonClass: 125315K(127360K)->125315K(127360K) Class: 20088K(21888K)->20088K(21888K)
[2025-08-22T13:49:55.964+0000][175][info ][gc          ] GC(13) Pause Young (Concurrent Start) (CodeCache GC Threshold) 576M->174M(2048M) 39.913ms
[2025-08-22T13:49:55.964+0000][175][info ][gc          ] GC(14) Concurrent Mark Cycle
[2025-08-22T13:49:55.964+0000][175][info ][gc,cpu      ] GC(13) User=0.19s Sys=0.00s Real=0.04s
[2025-08-22T13:49:55.964+0000][175][info ][gc,marking  ] GC(14) Concurrent Scan Root Regions
[2025-08-22T13:49:55.964+0000][175][info ][safepoint   ] Safepoint "G1TryInitiateConcMark", Time since last: 124479819 ns, Reaching safepoint: 236080 ns, Cleanup: 136759 ns, At safepoint: 40104395 ns, Total: 40477234 ns
[2025-08-22T13:49:56.004+0000][175][info ][gc,marking  ] GC(14) Concurrent Scan Root Regions 40.041ms
[2025-08-22T13:49:56.004+0000][175][info ][gc,marking  ] GC(14) Concurrent Mark
[2025-08-22T13:49:56.004+0000][175][info ][gc,marking  ] GC(14) Concurrent Mark From Roots
[2025-08-22T13:49:56.004+0000][175][info ][gc,task     ] GC(14) Using 2 workers of 2 for marking
[2025-08-22T13:49:56.011+0000][175][info ][gc,marking  ] GC(14) Concurrent Mark From Roots 6.966ms
[2025-08-22T13:49:56.011+0000][175][info ][gc,marking  ] GC(14) Concurrent Preclean
[2025-08-22T13:49:56.011+0000][175][info ][gc,marking  ] GC(14) Concurrent Preclean 0.061ms
[2025-08-22T13:49:56.012+0000][175][info ][gc,start    ] GC(14) Pause Remark
[2025-08-22T13:49:56.026+0000][175][info ][gc          ] GC(14) Pause Remark 218M->218M(2048M) 14.139ms
[2025-08-22T13:49:56.026+0000][175][info ][gc,cpu      ] GC(14) User=0.06s Sys=0.01s Real=0.02s
[2025-08-22T13:49:56.026+0000][175][info ][safepoint   ] Safepoint "G1PauseRemark", Time since last: 47041612 ns, Reaching safepoint: 85172 ns, Cleanup: 106189 ns, At safepoint: 14270682 ns, Total: 14462043 ns
[2025-08-22T13:49:56.028+0000][175][info ][gc,marking  ] GC(14) Concurrent Mark 23.248ms
[2025-08-22T13:49:56.028+0000][175][info ][gc,marking  ] GC(14) Concurrent Rebuild Remembered Sets and Scrub Regions
[2025-08-22T13:49:56.053+0000][175][info ][gc,marking  ] GC(14) Concurrent Rebuild Remembered Sets and Scrub Regions 24.938ms
[2025-08-22T13:49:56.054+0000][175][info ][gc,start    ] GC(14) Pause Cleanup
[2025-08-22T13:49:56.055+0000][175][info ][gc          ] GC(14) Pause Cleanup 246M->246M(2048M) 0.038ms
[2025-08-22T13:49:56.055+0000][175][info ][gc,cpu      ] GC(14) User=0.00s Sys=0.00s Real=0.00s
[2025-08-22T13:49:56.055+0000][175][info ][safepoint   ] Safepoint "G1PauseCleanup", Time since last: 26780861 ns, Reaching safepoint: 1661046 ns, Cleanup: 40769 ns, At safepoint: 98988 ns, Total: 1800803 ns
[2025-08-22T13:49:56.055+0000][175][info ][gc,marking  ] GC(14) Concurrent Clear Claimed Marks
[2025-08-22T13:49:56.055+0000][175][info ][gc,marking  ] GC(14) Concurrent Clear Claimed Marks 0.393ms
[2025-08-22T13:49:56.055+0000][175][info ][gc,marking  ] GC(14) Concurrent Cleanup for Next Mark
[2025-08-22T13:49:56.059+0000][175][info ][gc,marking  ] GC(14) Concurrent Cleanup for Next Mark 3.655ms
[2025-08-22T13:49:56.059+0000][175][info ][gc          ] GC(14) Concurrent Mark Cycle 94.313ms
[2025-08-22T13:49:56.193+0000][175][info ][safepoint   ] Safepoint "ICBufferFull", Time since last: 138004357 ns, Reaching safepoint: 16637 ns, Cleanup: 162426 ns, At safepoint: 10685 ns, Total: 189748 ns
[2025-08-22T13:49:56.511+0000][175][info ][safepoint   ] Safepoint "ICBufferFull", Time since last: 318337244 ns, Reaching safepoint: 19606 ns, Cleanup: 156501 ns, At safepoint: 6090 ns, Total: 182197 ns
[2025-08-22T13:49:56.560+0000][175][info ][safepoint   ] Safepoint "ICBufferFull", Time since last: 48885188 ns, Reaching safepoint: 16682 ns, Cleanup: 109469 ns, At safepoint: 4334 ns, Total: 130485 ns
[2025-08-22T13:49:56.922+0000][175][info ][safepoint   ] Safepoint "ICBufferFull", Time since last: 361404058 ns, Reaching safepoint: 18905 ns, Cleanup: 161402 ns, At safepoint: 1917 ns, Total: 182224 ns
[2025-08-22T13:49:58.714+0000][175][info ][safepoint   ] Safepoint "ICBufferFull", Time since last: 1792162520 ns, Reaching safepoint: 17022 ns, Cleanup: 152772 ns, At safepoint: 2000 ns, Total: 171794 ns
[2025-08-22T13:49:59.937+0000][175][info ][safepoint   ] Safepoint "Cleanup", Time since last: 1222698889 ns, Reaching safepoint: 7805 ns, Cleanup: 107615 ns, At safepoint: 3544 ns, Total: 118964 ns
[2025-08-22T13:50:01.161+0000][175][info ][safepoint   ] Safepoint "Cleanup", Time since last: 1223851312 ns, Reaching safepoint: 16334 ns, Cleanup: 58386 ns, At safepoint: 5876 ns, Total: 80596 ns
[2025-08-22T13:50:01.785+0000][175][info ][safepoint   ] Safepoint "ICBufferFull", Time since last: 623778894 ns, Reaching safepoint: 11691 ns, Cleanup: 171303 ns, At safepoint: 8864 ns, Total: 191858 ns
[2025-08-22T13:50:01.794+0000][175][info ][safepoint   ] Safepoint "ICBufferFull", Time since last: 8850786 ns, Reaching safepoint: 679055 ns, Cleanup: 13306 ns, At safepoint: 9049 ns, Total: 701410 ns
[2025-08-22T13:50:02.478+0000][175][info ][safepoint   ] Safepoint "ICBufferFull", Time since last: 683398554 ns, Reaching safepoint: 21858 ns, Cleanup: 171078 ns, At safepoint: 2646 ns, Total: 195582 ns
[2025-08-22T13:50:02.959+0000][175][info ][safepoint   ] Safepoint "ICBufferFull", Time since last: 480027995 ns, Reaching safepoint: 17678 ns, Cleanup: 419407 ns, At safepoint: 12286 ns, Total: 449371 ns
[2025-08-22T13:50:03.429+0000][175][info ][safepoint   ] Safepoint "ICBufferFull", Time since last: 469954949 ns, Reaching safepoint: 87033 ns, Cleanup: 165092 ns, At safepoint: 3118 ns, Total: 255243 ns
[2025-08-22T13:50:03.878+0000][175][info ][safepoint   ] Safepoint "ICBufferFull", Time since last: 448776758 ns, Reaching safepoint: 88023 ns, Cleanup: 172442 ns, At safepoint: 15411 ns, Total: 275876 ns
[2025-08-22T13:50:04.250+0000][175][info ][safepoint   ] Safepoint "ICBufferFull", Time since last: 371793042 ns, Reaching safepoint: 88986 ns, Cleanup: 183713 ns, At safepoint: 16441 ns, Total: 289140 ns
[2025-08-22T13:50:05.096+0000][175][info ][safepoint   ] Safepoint "ICBufferFull", Time since last: 845453051 ns, Reaching safepoint: 86684 ns, Cleanup: 185126 ns, At safepoint: 8211 ns, Total: 280021 ns
[2025-08-22T13:50:05.520+0000][175][info ][gc,start    ] GC(15) Pause Young (Normal) (G1 Evacuation Pause)
[2025-08-22T13:50:05.520+0000][175][info ][gc,task     ] GC(15) Using 8 workers of 8 for evacuation
[2025-08-22T13:50:05.520+0000][175][debug][gc,age      ] GC(15) Desired survivor size 81788928 bytes, new threshold 15 (max threshold 15)
[2025-08-22T13:50:05.562+0000][175][info ][gc,phases   ] GC(15)   Pre Evacuate Collection Set: 1.6ms
[2025-08-22T13:50:05.563+0000][175][info ][gc,phases   ] GC(15)   Merge Heap Roots: 0.2ms
[2025-08-22T13:50:05.563+0000][175][info ][gc,phases   ] GC(15)   Evacuate Collection Set: 37.4ms
[2025-08-22T13:50:05.563+0000][175][info ][gc,phases   ] GC(15)   Post Evacuate Collection Set: 3.3ms
[2025-08-22T13:50:05.563+0000][175][info ][gc,phases   ] GC(15)   Other: 0.1ms
[2025-08-22T13:50:05.563+0000][175][trace][gc,age      ] GC(15) Age table with threshold 15 (max threshold 15)
[2025-08-22T13:50:05.563+0000][175][trace][gc,age      ] GC(15) - age   1:   31613128 bytes,   31613128 total
[2025-08-22T13:50:05.563+0000][175][trace][gc,age      ] GC(15) - age   2:   16868136 bytes,   48481264 total
[2025-08-22T13:50:05.563+0000][175][info ][gc,heap     ] GC(15) Eden regions: 299->0(293)
[2025-08-22T13:50:05.563+0000][175][info ][gc,heap     ] GC(15) Survivor regions: 8->14(39)
[2025-08-22T13:50:05.563+0000][175][info ][gc,heap     ] GC(15) Old regions: 34->34
[2025-08-22T13:50:05.563+0000][175][info ][gc,heap     ] GC(15) Humongous regions: 2->2
[2025-08-22T13:50:05.563+0000][175][info ][gc,metaspace] GC(15) Metaspace: 148213K(152256K)->148213K(152256K) NonClass: 127897K(130048K)->127897K(130048K) Class: 20315K(22208K)->20315K(22208K)
[2025-08-22T13:50:05.563+0000][175][info ][gc          ] GC(15) Pause Young (Normal) (G1 Evacuation Pause) 1370M->196M(2048M) 42.621ms
[2025-08-22T13:50:05.563+0000][175][info ][gc,cpu      ] GC(15) User=0.12s Sys=0.00s Real=0.04s
[2025-08-22T13:50:05.563+0000][175][info ][safepoint   ] Safepoint "G1CollectForAllocation", Time since last: 424208624 ns, Reaching safepoint: 22102 ns, Cleanup: 72196 ns, At safepoint: 42709605 ns, Total: 42803903 ns
[2025-08-22T13:50:06.201+0000][175][info ][safepoint   ] Safepoint "ICBufferFull", Time since last: 636995381 ns, Reaching safepoint: 811842 ns, Cleanup: 172074 ns, At safepoint: 11412 ns, Total: 995328 ns
[2025-08-22T13:50:06.840+0000][175][info ][safepoint   ] Safepoint "ICBufferFull", Time since last: 639669667 ns, Reaching safepoint: 18513 ns, Cleanup: 164993 ns, At safepoint: 10780 ns, Total: 194286 ns
[2025-08-22T13:50:08.090+0000][175][info ][safepoint   ] Safepoint "Cleanup", Time since last: 1249230475 ns, Reaching safepoint: 20975 ns, Cleanup: 100985 ns, At safepoint: 2140 ns, Total: 124100 ns
[2025-08-22T13:50:09.090+0000][175][info ][safepoint   ] Safepoint "Cleanup", Time since last: 1000095905 ns, Reaching safepoint: 20427 ns, Cleanup: 61880 ns, At safepoint: 2331 ns, Total: 84638 ns
[2025-08-22T13:50:10.786+0000][175][info ][safepoint   ] Safepoint "Cleanup", Time since last: 1695821872 ns, Reaching safepoint: 18721 ns, Cleanup: 20177 ns, At safepoint: 2163 ns, Total: 41061 ns
[2025-08-22T13:50:11.935+0000][175][info ][safepoint   ] Safepoint "Cleanup", Time since last: 1148528233 ns, Reaching safepoint: 79750 ns, Cleanup: 66260 ns, At safepoint: 5428 ns, Total: 151438 ns
[2025-08-22T13:50:13.722+0000][175][info ][safepoint   ] Safepoint "Cleanup", Time since last: 1787500683 ns, Reaching safepoint: 85768 ns, Cleanup: 129696 ns, At safepoint: 9242 ns, Total: 224706 ns
[2025-08-22T13:50:14.725+0000][175][info ][safepoint   ] Safepoint "Cleanup", Time since last: 1002389863 ns, Reaching safepoint: 19556 ns, Cleanup: 108314 ns, At safepoint: 2270 ns, Total: 130140 ns
[2025-08-22T13:50:15.725+0000][175][info ][safepoint   ] Safepoint "Cleanup", Time since last: 1000110554 ns, Reaching safepoint: 22865 ns, Cleanup: 40805 ns, At safepoint: 2938 ns, Total: 66608 ns
[2025-08-22T13:50:17.250+0000][175][info ][safepoint   ] Safepoint "Cleanup", Time since last: 1524728542 ns, Reaching safepoint: 23644 ns, Cleanup: 70450 ns, At safepoint: 2688 ns, Total: 96782 ns
[2025-08-22T13:50:18.730+0000][175][info ][safepoint   ] Safepoint "Cleanup", Time since last: 1480088031 ns, Reaching safepoint: 20840 ns, Cleanup: 59610 ns, At safepoint: 6895 ns, Total: 87345 ns
[2025-08-22T13:50:19.733+0000][175][info ][safepoint   ] Safepoint "Cleanup", Time since last: 1003022044 ns, Reaching safepoint: 22268 ns, Cleanup: 19952 ns, At safepoint: 2296 ns, Total: 44516 ns
[2025-08-22T13:50:21.259+0000][175][info ][safepoint   ] Safepoint "Cleanup", Time since last: 1525617755 ns, Reaching safepoint: 7995 ns, Cleanup: 33746 ns, At safepoint: 7404 ns, Total: 49145 ns
[2025-08-22T13:50:22.263+0000][175][info ][safepoint   ] Safepoint "Cleanup", Time since last: 1003870722 ns, Reaching safepoint: 19597 ns, Cleanup: 32293 ns, At safepoint: 2651 ns, Total: 54541 ns
[2025-08-22T13:50:23.937+0000][175][info ][safepoint   ] Safepoint "Cleanup", Time since last: 1674417509 ns, Reaching safepoint: 21088 ns, Cleanup: 61477 ns, At safepoint: 8900 ns, Total: 91465 ns
[2025-08-22T13:50:24.958+0000][175][info ][safepoint   ] Safepoint "Cleanup", Time since last: 1020948141 ns, Reaching safepoint: 10190 ns, Cleanup: 112393 ns, At safepoint: 3598 ns, Total: 126181 ns
[2025-08-22T13:50:26.271+0000][175][info ][safepoint   ] Safepoint "Cleanup", Time since last: 1312970650 ns, Reaching safepoint: 7815 ns, Cleanup: 36098 ns, At safepoint: 3615 ns, Total: 47528 ns
[2025-08-22T13:50:27.275+0000][175][info ][safepoint   ] Safepoint "Cleanup", Time since last: 1003823919 ns, Reaching safepoint: 31895 ns, Cleanup: 50606 ns, At safepoint: 2904 ns, Total: 85405 ns
[2025-08-22T13:50:28.275+0000][175][info ][safepoint   ] Safepoint "Cleanup", Time since last: 1000109834 ns, Reaching safepoint: 23471 ns, Cleanup: 17373 ns, At safepoint: 2868 ns, Total: 43712 ns
[2025-08-22T13:50:29.276+0000][175][info ][safepoint   ] Safepoint "Cleanup", Time since last: 1000123848 ns, Reaching safepoint: 24472 ns, Cleanup: 37864 ns, At safepoint: 3237 ns, Total: 65573 ns
[2025-08-22T13:50:30.756+0000][175][info ][safepoint   ] Safepoint "Cleanup", Time since last: 1480886022 ns, Reaching safepoint: 7936 ns, Cleanup: 61966 ns, At safepoint: 3734 ns, Total: 73636 ns
[2025-08-22T13:50:32.286+0000][175][info ][safepoint   ] Safepoint "Cleanup", Time since last: 1529729357 ns, Reaching safepoint: 25853 ns, Cleanup: 39936 ns, At safepoint: 2717 ns, Total: 68506 ns
[2025-08-22T13:50:33.286+0000][175][info ][safepoint   ] Safepoint "Cleanup", Time since last: 1000143660 ns, Reaching safepoint: 23963 ns, Cleanup: 19132 ns, At safepoint: 2539 ns, Total: 45634 ns
[2025-08-22T13:50:34.287+0000][175][info ][safepoint   ] Safepoint "Cleanup", Time since last: 1000122079 ns, Reaching safepoint: 21571 ns, Cleanup: 108688 ns, At safepoint: 4834 ns, Total: 135093 ns
[2025-08-22T13:50:35.936+0000][175][info ][safepoint   ] Safepoint "Cleanup", Time since last: 1649574720 ns, Reaching safepoint: 78185 ns, Cleanup: 29175 ns, At safepoint: 5342 ns, Total: 112702 ns
[2025-08-22T13:50:37.776+0000][175][info ][safepoint   ] Safepoint "Cleanup", Time since last: 1839282596 ns, Reaching safepoint: 8822 ns, Cleanup: 128045 ns, At safepoint: 4626 ns, Total: 141493 ns
[2025-08-22T13:50:38.777+0000][175][info ][safepoint   ] Safepoint "Cleanup", Time since last: 1001258842 ns, Reaching safepoint: 20216 ns, Cleanup: 9096 ns, At safepoint: 2116 ns, Total: 31428 ns
[2025-08-22T13:50:39.777+0000][175][info ][safepoint   ] Safepoint "Cleanup", Time since last: 1000104255 ns, Reaching safepoint: 24274 ns, Cleanup: 40021 ns, At safepoint: 2640 ns, Total: 66935 ns
[2025-08-22T13:50:41.306+0000][175][info ][safepoint   ] Safepoint "Cleanup", Time since last: 1528526859 ns, Reaching safepoint: 10179 ns, Cleanup: 6349 ns, At safepoint: 3283 ns, Total: 19811 ns
[2025-08-22T13:50:42.779+0000][175][info ][safepoint   ] Safepoint "Cleanup", Time since last: 1473569444 ns, Reaching safepoint: 8293 ns, Cleanup: 51900 ns, At safepoint: 3738 ns, Total: 63931 ns
[2025-08-22T13:50:43.782+0000][175][info ][safepoint   ] Safepoint "Cleanup", Time since last: 1002828992 ns, Reaching safepoint: 18052 ns, Cleanup: 14695 ns, At safepoint: 2140 ns, Total: 34887 ns
[2025-08-22T13:50:45.203+0000][175][info ][safepoint   ] Safepoint "Cleanup", Time since last: 1420290681 ns, Reaching safepoint: 18381 ns, Cleanup: 59344 ns, At safepoint: 2306 ns, Total: 80031 ns
[2025-08-22T13:50:46.317+0000][175][info ][safepoint   ] Safepoint "Cleanup", Time since last: 1114179124 ns, Reaching safepoint: 7866 ns, Cleanup: 24441 ns, At safepoint: 5379 ns, Total: 37686 ns
[2025-08-22T13:50:47.320+0000][175][info ][safepoint   ] Safepoint "Cleanup", Time since last: 1003360201 ns, Reaching safepoint: 28329 ns, Cleanup: 16561 ns, At safepoint: 3355 ns, Total: 48245 ns
[2025-08-22T13:50:48.787+0000][175][info ][safepoint   ] Safepoint "Cleanup", Time since last: 1466985432 ns, Reaching safepoint: 7417 ns, Cleanup: 67026 ns, At safepoint: 3851 ns, Total: 78294 ns
[2025-08-22T13:50:49.790+0000][175][info ][safepoint   ] Safepoint "Cleanup", Time since last: 1002968765 ns, Reaching safepoint: 51187 ns, Cleanup: 15000 ns, At safepoint: 2911 ns, Total: 69098 ns
[2025-08-22T13:50:51.328+0000][175][info ][safepoint   ] Safepoint "Cleanup", Time since last: 1537737567 ns, Reaching safepoint: 8049 ns, Cleanup: 13808 ns, At safepoint: 5373 ns, Total: 27230 ns
[2025-08-22T13:50:52.332+0000][175][info ][safepoint   ] Safepoint "Cleanup", Time since last: 1003466392 ns, Reaching safepoint: 20727 ns, Cleanup: 30495 ns, At safepoint: 2290 ns, Total: 53512 ns
[2025-08-22T13:50:53.332+0000][175][info ][safepoint   ] Safepoint "Cleanup", Time since last: 1000102975 ns, Reaching safepoint: 20666 ns, Cleanup: 12604 ns, At safepoint: 2519 ns, Total: 35789 ns
[2025-08-22T13:50:54.796+0000][175][info ][safepoint   ] Safepoint "Cleanup", Time since last: 1463852525 ns, Reaching safepoint: 20887 ns, Cleanup: 82123 ns, At safepoint: 7061 ns, Total: 110071 ns
[2025-08-22T13:50:55.799+0000][175][info ][safepoint   ] Safepoint "Cleanup", Time since last: 1002856313 ns, Reaching safepoint: 16975 ns, Cleanup: 41817 ns, At safepoint: 2384 ns, Total: 61176 ns
[2025-08-22T13:50:56.943+0000][175][info ][safepoint   ] Safepoint "Cleanup", Time since last: 1143921041 ns, Reaching safepoint: 6847 ns, Cleanup: 30540 ns, At safepoint: 3408 ns, Total: 40795 ns
[2025-08-22T13:50:58.807+0000][175][info ][safepoint   ] Safepoint "Cleanup", Time since last: 1864424594 ns, Reaching safepoint: 19004 ns, Cleanup: 31191 ns, At safepoint: 5007 ns, Total: 55202 ns
[2025-08-22T13:50:59.814+0000][175][info ][safepoint   ] Safepoint "Cleanup", Time since last: 1007030380 ns, Reaching safepoint: 34039 ns, Cleanup: 28393 ns, At safepoint: 3975 ns, Total: 66407 ns
[2025-08-22T13:51:00.815+0000][175][info ][safepoint   ] Safepoint "Cleanup", Time since last: 1000320230 ns, Reaching safepoint: 8555 ns, Cleanup: 20015 ns, At safepoint: 9162 ns, Total: 37732 ns
[2025-08-22T13:51:01.278+0000][175][info ][gc,start    ] GC(16) Pause Young (Normal) (G1 Evacuation Pause)
[2025-08-22T13:51:01.278+0000][175][info ][gc,task     ] GC(16) Using 8 workers of 8 for evacuation
[2025-08-22T13:51:01.278+0000][175][debug][gc,age      ] GC(16) Desired survivor size 81788928 bytes, new threshold 15 (max threshold 15)
[2025-08-22T13:51:01.318+0000][175][info ][gc,phases   ] GC(16)   Pre Evacuate Collection Set: 0.3ms
[2025-08-22T13:51:01.318+0000][175][info ][gc,phases   ] GC(16)   Merge Heap Roots: 0.2ms
[2025-08-22T13:51:01.318+0000][175][info ][gc,phases   ] GC(16)   Evacuate Collection Set: 36.8ms
[2025-08-22T13:51:01.318+0000][175][info ][gc,phases   ] GC(16)   Post Evacuate Collection Set: 3.2ms
[2025-08-22T13:51:01.318+0000][175][info ][gc,phases   ] GC(16)   Other: 0.1ms
[2025-08-22T13:51:01.318+0000][175][trace][gc,age      ] GC(16) Age table with threshold 15 (max threshold 15)
[2025-08-22T13:51:01.318+0000][175][trace][gc,age      ] GC(16) - age   1:   26357768 bytes,   26357768 total
[2025-08-22T13:51:01.318+0000][175][trace][gc,age      ] GC(16) - age   2:   10991896 bytes,   37349664 total
[2025-08-22T13:51:01.318+0000][175][trace][gc,age      ] GC(16) - age   3:   16429896 bytes,   53779560 total
[2025-08-22T13:51:01.318+0000][175][info ][gc,heap     ] GC(16) Eden regions: 293->0(292)
[2025-08-22T13:51:01.318+0000][175][info ][gc,heap     ] GC(16) Survivor regions: 14->15(39)
[2025-08-22T13:51:01.318+0000][175][info ][gc,heap     ] GC(16) Old regions: 34->34
[2025-08-22T13:51:01.318+0000][175][info ][gc,heap     ] GC(16) Humongous regions: 2->2
[2025-08-22T13:51:01.318+0000][175][info ][gc,metaspace] GC(16) Metaspace: 149847K(153792K)->149847K(153792K) NonClass: 129524K(131584K)->129524K(131584K) Class: 20322K(22208K)->20322K(22208K)
[2025-08-22T13:51:01.318+0000][175][info ][gc          ] GC(16) Pause Young (Normal) (G1 Evacuation Pause) 1368M->200M(2048M) 40.654ms
[2025-08-22T13:51:01.318+0000][175][info ][gc,cpu      ] GC(16) User=0.07s Sys=0.00s Real=0.04s
[2025-08-22T13:51:01.318+0000][175][info ][safepoint   ] Safepoint "G1CollectForAllocation", Time since last: 462806819 ns, Reaching safepoint: 17712 ns, Cleanup: 149406 ns, At safepoint: 40753509 ns, Total: 40920627 ns
[2025-08-22T13:51:02.857+0000][175][info ][safepoint   ] Safepoint "Cleanup", Time since last: 1531035376 ns, Reaching safepoint: 3996321 ns, Cleanup: 151390 ns, At safepoint: 3911387 ns, Total: 8059098 ns
[2025-08-22T13:51:03.858+0000][175][info ][safepoint   ] Safepoint "Cleanup", Time since last: 1000580270 ns, Reaching safepoint: 76195 ns, Cleanup: 106882 ns, At safepoint: 5569 ns, Total: 188646 ns
[2025-08-22T13:51:03.906+0000][175][info ][gc,start    ] GC(17) Pause Young (Normal) (G1 Evacuation Pause)
[2025-08-22T13:51:03.906+0000][175][info ][gc,task     ] GC(17) Using 8 workers of 8 for evacuation
[2025-08-22T13:51:03.906+0000][175][debug][gc,age      ] GC(17) Desired survivor size 81788928 bytes, new threshold 15 (max threshold 15)
[2025-08-22T13:51:03.927+0000][175][info ][gc,phases   ] GC(17)   Pre Evacuate Collection Set: 0.2ms
[2025-08-22T13:51:03.927+0000][175][info ][gc,phases   ] GC(17)   Merge Heap Roots: 0.1ms
[2025-08-22T13:51:03.927+0000][175][info ][gc,phases   ] GC(17)   Evacuate Collection Set: 18.8ms
[2025-08-22T13:51:03.927+0000][175][info ][gc,phases   ] GC(17)   Post Evacuate Collection Set: 0.9ms
[2025-08-22T13:51:03.927+0000][175][info ][gc,phases   ] GC(17)   Other: 0.1ms
[2025-08-22T13:51:03.927+0000][175][trace][gc,age      ] GC(17) Age table with threshold 15 (max threshold 15)
[2025-08-22T13:51:03.927+0000][175][trace][gc,age      ] GC(17) - age   1:   39910992 bytes,   39910992 total
[2025-08-22T13:51:03.927+0000][175][trace][gc,age      ] GC(17) - age   2:   13324528 bytes,   53235520 total
[2025-08-22T13:51:03.927+0000][175][trace][gc,age      ] GC(17) - age   3:   10982408 bytes,   64217928 total
[2025-08-22T13:51:03.927+0000][175][trace][gc,age      ] GC(17) - age   4:   16429672 bytes,   80647600 total
[2025-08-22T13:51:03.927+0000][175][info ][gc,heap     ] GC(17) Eden regions: 292->0(286)
[2025-08-22T13:51:03.927+0000][175][info ][gc,heap     ] GC(17) Survivor regions: 15->21(39)
[2025-08-22T13:51:03.927+0000][175][info ][gc,heap     ] GC(17) Old regions: 34->34
[2025-08-22T13:51:03.927+0000][175][info ][gc,heap     ] GC(17) Humongous regions: 2->2
[2025-08-22T13:51:03.927+0000][175][info ][gc,metaspace] GC(17) Metaspace: 149944K(153856K)->149944K(153856K) NonClass: 129618K(131648K)->129618K(131648K) Class: 20326K(22208K)->20326K(22208K)
[2025-08-22T13:51:03.927+0000][175][info ][gc          ] GC(17) Pause Young (Normal) (G1 Evacuation Pause) 1368M->227M(2048M) 20.265ms
[2025-08-22T13:51:03.927+0000][175][info ][gc,cpu      ] GC(17) User=0.08s Sys=0.00s Real=0.02s
[2025-08-22T13:51:03.927+0000][175][info ][safepoint   ] Safepoint "G1CollectForAllocation", Time since last: 48084165 ns, Reaching safepoint: 17916 ns, Cleanup: 7314 ns, At safepoint: 20352639 ns, Total: 20377869 ns
[2025-08-22T13:51:05.085+0000][175][info ][safepoint   ] Safepoint "Cleanup", Time since last: 1158243425 ns, Reaching safepoint: 19661 ns, Cleanup: 104716 ns, At safepoint: 2163 ns, Total: 126540 ns
[2025-08-22T13:51:06.085+0000][175][info ][safepoint   ] Safepoint "Cleanup", Time since last: 1000104413 ns, Reaching safepoint: 19809 ns, Cleanup: 26804 ns, At safepoint: 2387 ns, Total: 49000 ns
[2025-08-22T13:51:07.426+0000][175][info ][safepoint   ] Safepoint "Cleanup", Time since last: 1341201886 ns, Reaching safepoint: 21978 ns, Cleanup: 43723 ns, At safepoint: 2398 ns, Total: 68099 ns
[2025-08-22T13:51:08.945+0000][175][info ][safepoint   ] Safepoint "Cleanup", Time since last: 1518741706 ns, Reaching safepoint: 7682 ns, Cleanup: 18371 ns, At safepoint: 3210 ns, Total: 29263 ns
[2025-08-22T13:51:10.870+0000][175][info ][safepoint   ] Safepoint "Cleanup", Time since last: 1925145473 ns, Reaching safepoint: 30253 ns, Cleanup: 33054 ns, At safepoint: 2689 ns, Total: 65996 ns
[2025-08-22T13:51:12.439+0000][175][info ][safepoint   ] Safepoint "Cleanup", Time since last: 1568307891 ns, Reaching safepoint: 21315 ns, Cleanup: 33319 ns, At safepoint: 2852 ns, Total: 57486 ns
[2025-08-22T13:51:14.186+0000][175][info ][gc,start    ] GC(18) Pause Young (Concurrent Start) (CodeCache GC Threshold)
[2025-08-22T13:51:14.186+0000][175][info ][gc,task     ] GC(18) Using 8 workers of 8 for evacuation
[2025-08-22T13:51:14.186+0000][175][debug][gc,age      ] GC(18) Desired survivor size 81788928 bytes, new threshold 15 (max threshold 15)
[2025-08-22T13:51:14.207+0000][175][info ][gc,phases   ] GC(18)   Pre Evacuate Collection Set: 0.2ms
[2025-08-22T13:51:14.207+0000][175][info ][gc,phases   ] GC(18)   Merge Heap Roots: 0.1ms
[2025-08-22T13:51:14.207+0000][175][info ][gc,phases   ] GC(18)   Evacuate Collection Set: 19.7ms
[2025-08-22T13:51:14.207+0000][175][info ][gc,phases   ] GC(18)   Post Evacuate Collection Set: 0.9ms
[2025-08-22T13:51:14.207+0000][175][info ][gc,phases   ] GC(18)   Other: 0.1ms
[2025-08-22T13:51:14.207+0000][175][trace][gc,age      ] GC(18) Age table with threshold 15 (max threshold 15)
[2025-08-22T13:51:14.207+0000][175][trace][gc,age      ] GC(18) - age   1:    1877248 bytes,    1877248 total
[2025-08-22T13:51:14.207+0000][175][trace][gc,age      ] GC(18) - age   2:   36286632 bytes,   38163880 total
[2025-08-22T13:51:14.207+0000][175][trace][gc,age      ] GC(18) - age   3:   12790624 bytes,   50954504 total
[2025-08-22T13:51:14.207+0000][175][trace][gc,age      ] GC(18) - age   4:   10968040 bytes,   61922544 total
[2025-08-22T13:51:14.207+0000][175][trace][gc,age      ] GC(18) - age   5:   16398728 bytes,   78321272 total
[2025-08-22T13:51:14.207+0000][175][info ][gc,heap     ] GC(18) Eden regions: 35->0(286)
[2025-08-22T13:51:14.207+0000][175][info ][gc,heap     ] GC(18) Survivor regions: 21->21(39)
[2025-08-22T13:51:14.207+0000][175][info ][gc,heap     ] GC(18) Old regions: 34->34
[2025-08-22T13:51:14.207+0000][175][info ][gc,heap     ] GC(18) Humongous regions: 2->2
[2025-08-22T13:51:14.207+0000][175][info ][gc,metaspace] GC(18) Metaspace: 150119K(154112K)->150119K(154112K) NonClass: 129792K(131904K)->129792K(131904K) Class: 20327K(22208K)->20327K(22208K)
[2025-08-22T13:51:14.207+0000][175][info ][gc          ] GC(18) Pause Young (Concurrent Start) (CodeCache GC Threshold) 366M->225M(2048M) 21.129ms
[2025-08-22T13:51:14.207+0000][175][info ][gc          ] GC(19) Concurrent Mark Cycle
[2025-08-22T13:51:14.207+0000][175][info ][gc,cpu      ] GC(18) User=0.07s Sys=0.00s Real=0.02s
[2025-08-22T13:51:14.207+0000][175][info ][gc,marking  ] GC(19) Concurrent Scan Root Regions
[2025-08-22T13:51:14.207+0000][175][info ][safepoint   ] Safepoint "G1TryInitiateConcMark", Time since last: 1747093969 ns, Reaching safepoint: 30560 ns, Cleanup: 30744 ns, At safepoint: 21226886 ns, Total: 21288190 ns
[2025-08-22T13:51:14.214+0000][175][info ][gc,marking  ] GC(19) Concurrent Scan Root Regions 7.231ms
[2025-08-22T13:51:14.214+0000][175][info ][gc,marking  ] GC(19) Concurrent Mark
[2025-08-22T13:51:14.214+0000][175][info ][gc,marking  ] GC(19) Concurrent Mark From Roots
[2025-08-22T13:51:14.214+0000][175][info ][gc,task     ] GC(19) Using 2 workers of 2 for marking
[2025-08-22T13:51:14.284+0000][175][info ][gc,marking  ] GC(19) Concurrent Mark From Roots 69.630ms
[2025-08-22T13:51:14.284+0000][175][info ][gc,marking  ] GC(19) Concurrent Preclean
[2025-08-22T13:51:14.285+0000][175][info ][gc,marking  ] GC(19) Concurrent Preclean 0.585ms
[2025-08-22T13:51:14.285+0000][175][info ][gc,start    ] GC(19) Pause Remark
[2025-08-22T13:51:14.333+0000][175][info ][gc          ] GC(19) Pause Remark 225M->225M(2048M) 48.369ms
[2025-08-22T13:51:14.333+0000][175][info ][gc,cpu      ] GC(19) User=0.16s Sys=0.00s Real=0.05s
[2025-08-22T13:51:14.333+0000][175][info ][safepoint   ] Safepoint "G1PauseRemark", Time since last: 77544954 ns, Reaching safepoint: 14600 ns, Cleanup: 3246 ns, At safepoint: 48465380 ns, Total: 48483226 ns
[2025-08-22T13:51:14.333+0000][175][info ][gc,marking  ] GC(19) Concurrent Mark 118.812ms
[2025-08-22T13:51:14.333+0000][175][info ][gc,marking  ] GC(19) Concurrent Rebuild Remembered Sets and Scrub Regions
[2025-08-22T13:51:14.361+0000][175][info ][gc,marking  ] GC(19) Concurrent Rebuild Remembered Sets and Scrub Regions 27.551ms
[2025-08-22T13:51:14.361+0000][175][info ][gc,start    ] GC(19) Pause Cleanup
[2025-08-22T13:51:14.361+0000][175][info ][gc          ] GC(19) Pause Cleanup 225M->225M(2048M) 0.096ms
[2025-08-22T13:51:14.361+0000][175][info ][gc,cpu      ] GC(19) User=0.00s Sys=0.00s Real=0.00s
[2025-08-22T13:51:14.361+0000][175][info ][safepoint   ] Safepoint "G1PauseCleanup", Time since last: 27672982 ns, Reaching safepoint: 83340 ns, Cleanup: 55840 ns, At safepoint: 147041 ns, Total: 286221 ns
[2025-08-22T13:51:14.361+0000][175][info ][gc,marking  ] GC(19) Concurrent Clear Claimed Marks
[2025-08-22T13:51:14.362+0000][175][info ][gc,marking  ] GC(19) Concurrent Clear Claimed Marks 0.398ms
[2025-08-22T13:51:14.362+0000][175][info ][gc,marking  ] GC(19) Concurrent Cleanup for Next Mark
[2025-08-22T13:51:14.364+0000][175][info ][gc,marking  ] GC(19) Concurrent Cleanup for Next Mark 1.906ms
[2025-08-22T13:51:14.364+0000][175][info ][gc          ] GC(19) Concurrent Mark Cycle 156.368ms
[2025-08-22T13:51:15.876+0000][175][info ][safepoint   ] Safepoint "Cleanup", Time since last: 1514748488 ns, Reaching safepoint: 8108 ns, Cleanup: 31679 ns, At safepoint: 3500 ns, Total: 43287 ns
[2025-08-22T13:51:16.879+0000][175][info ][safepoint   ] Safepoint "Cleanup", Time since last: 1003256946 ns, Reaching safepoint: 22447 ns, Cleanup: 20272 ns, At safepoint: 2377 ns, Total: 45096 ns
[2025-08-22T13:51:17.879+0000][175][info ][safepoint   ] Safepoint "Cleanup", Time since last: 1000105460 ns, Reaching safepoint: 22695 ns, Cleanup: 15285 ns, At safepoint: 2673 ns, Total: 40653 ns
[2025-08-22T13:51:18.880+0000][175][info ][safepoint   ] Safepoint "Cleanup", Time since last: 1000104628 ns, Reaching safepoint: 24348 ns, Cleanup: 30423 ns, At safepoint: 2643 ns, Total: 57414 ns
[2025-08-22T13:51:19.880+0000][175][info ][safepoint   ] Safepoint "Cleanup", Time since last: 1000109310 ns, Reaching safepoint: 21752 ns, Cleanup: 22605 ns, At safepoint: 2247 ns, Total: 46604 ns
[2025-08-22T13:51:21.758+0000][175][info ][safepoint   ] Safepoint "Cleanup", Time since last: 1877793920 ns, Reaching safepoint: 7539 ns, Cleanup: 142999 ns, At safepoint: 2191 ns, Total: 152729 ns
[2025-08-22T13:51:22.244+0000][175][info ][gc,heap,exit] Heap
[2025-08-22T13:51:22.244+0000][175][info ][gc,heap,exit]  garbage-first heap   total 2097152K, used 539930K [0x0000000080000000, 0x0000000100000000)
[2025-08-22T13:51:22.244+0000][175][info ][gc,heap,exit]   region size 4096K, 97 young (397312K), 21 survivors (86016K)
[2025-08-22T13:51:22.244+0000][175][info ][gc,heap,exit]  Metaspace       used 150528K, committed 154432K, reserved 1245184K
[2025-08-22T13:51:22.244+0000][175][info ][gc,heap,exit]   class space    used 20387K, committed 22272K, reserved 1048576K
